C51 COMPILER V9.57.0.0   MAIN                                                              06/04/2026 14:52:31 PAGE 1   


C51 COMPILER V9.57.0.0, COMPILATION OF MODULE MAIN
OBJECT MODULE PLACED IN .\Out_Files\main.obj
COMPILER INVOKED BY: D:\Keil\Keil_v5\C51\BIN\C51.EXE ..\source\main.c LARGE OMF2 OPTIMIZE(8,SIZE) BROWSE INCDIR(..\..\..
                    -\..\Driver\inc;..\..\..\..\Driver\src;..\..\..\..\MCU\Common;..\..\..\..\MCU\Device) DEBUG PRINT(.\Out_Files\main.lst) O
                    -BJECT(.\Out_Files\main.obj)

line level    source

   1          /***********************************************************************
   2           * Copyright (c)  2017 - 2021, Unicmicro Co.,Ltd .
   3           * All rights reserved.
   4           * Filename    : main.c
   5           * Description : main source file
   6           * Author(s)   : Will
   7           * version     : V1.0
   8           * Modify date : 2021-04-27
   9           ***********************************************************************/     
  10          #include "system_um800y.h"
  11          #include "app.h"
  12          #include "gtimer.h"
  13          #include "pwm.h"
  14          #include "common.h"
  15          #include "config.h"
  16          #include "gpio.h"
  17          #include "adc.h"
  18          
  19          
  20          volatile uint16_t duty2 = 8000; 
  21          volatile uint16_t cycle2 = 64000;       
  22          uint16_t ADC_Flag = 0;
  23          volatile uint16_t adc_data = 0;
  24          volatile uint16_t adc_data1 = 0;
  25          volatile uint16_t adc_set = 100;
  26          
  27          uint32_t adc_sum = 0;
  28          
  29          uint16_t adc_datap= 0;
  30          uint16_t adc_datan = 0;
  31          
  32          float vol_value = 0.0;
  33          
  34          uint16_t status = 0;
  35          uint16_t adcount =0;
  36          uint16_t adcount1 =0;
  37          
  38          bit adget = 0;
  39          bit state = 0;
  40          
  41          uint16_t adc_value = 0;
  42          uint8_t exitintcount = 0;
  43          
  44          uint8_t adflag=0;
  45          
  46          volatile int get_Delay = 0;
  47          char adstate=0;
  48          
  49          
  50          
  51          
  52          void gtimer0_UECallBack(void);
  53          void gtimer1_UECallBack(void);
C51 COMPILER V9.57.0.0   MAIN                                                              06/04/2026 14:52:31 PAGE 2   

  54          
  55          void GPIO_Init(void);
  56          void ADC_Init(void);
  57          void gpio_int_pro(void);
  58          
  59          void main(void)  
  60          {               
  61   1              system_init();
  62   1              GPIO_Init();
  63   1              uart_init();
  64   1              
  65   1              
  66   1              gtimer0_count_init(3000,16-1);          //gtimer0_count_init(16000,1000-1);             
  67   1                      
  68   1              gtimer0_irq_init(GTIMER_IRQ_ENABLE,GTIMER0_UIE_IRQ,gtimer0_UECallBack);
  69   1      
  70   1              gtimer0_start();        
  71   1              
  72   1              adc_clk_config(ADC_CLKSOURCE_SYSCLK, ADC_VREFSOURCE_AVDD33, 4, ADC_ENABLE);     
  73   1      
  74   1              adc_sample_clk_config(ADC_SAMPCLK_4);                                                                           
  75   1              
  76   1              adc_io_config(ADC_CHANNEL_1|ADC_CHANNEL_2);                                                             
  77   1              
  78   1              adc_scan_mode_config(ADC_MODE_SINGLE);                                                                  
  79   1              
  80   1              adc_power_config(ADC_ENABLE);                                                                                           
  81   1              adc_controller_config(ADC_ENABLE);
  82   1              
  83   1              
  84   1                                                                                      
  85   1                      
  86   1              while(1) 
  87   1              {
  88   2                      
  89   2      
  90   2                      
  91   2              }
  92   1      }
  93          
  94          
  95          
  96          void gtimer0_UECallBack(void)
  97          {
  98   1              gpio_io_set(P1_2, GPIO_LOW);
  99   1              //gpio_io_set(P1_0, GPIO_LOW);
 100   1              gpio_io_set(P1_3, GPIO_LOW);
 101   1              adstate=0;
 102   1      }
 103          
 104          
 105          void GPIO_IRQHandler(void) interrupt 0
 106          {
 107   1                      if(gpio_irq_get(P1_4))                                                                                  
 108   1                      {
 109   2                  gpio_io_set(P1_0, GPIO_HIGH);//常闭  
 110   2                  
 111   2                      adc_convert_start(ADC_CHANNEL_1);                                                                       
 112   2      
 113   2                                      while((ADCGCR1 & 0x04) != 0);
 114   2                                      
 115   2                                      while(!(ADCCSTAT & 0x01))       ;
C51 COMPILER V9.57.0.0   MAIN                                                              06/04/2026 14:52:31 PAGE 3   

 116   2                                      
 117   2                                      ADCCSTAT = 0x1;                                                                                 
 118   2                                      
 119   2                                      adc_data=adc_get_value();       
 120   2                  
 121   2                  
 122   2                  
 123   2                  
 124   2                                      REG_GTIM0_CR0 &= ~(1<<0);                               
 125   2                              
 126   2                                      adc_convert_start(ADC_CHANNEL_2);                                                               
 127   2                                      
 128   2                                      while((ADCGCR1 & 0x04) != 0);
 129   2                                      
 130   2                                      while(!(ADCCSTAT & 0x01))       ;
 131   2                                      
 132   2                                      ADCCSTAT = 0x1;                                                                         
 133   2                                      
 134   2                                      adc_data1=adc_get_value();      
 135   2                              
 136   2                                      //printfS("adj:%d\r\n", adc_data1);     
 137   2                              
 138   2                                      if(adc_data1 >=3500&&adc_data1<4095)                                                                                    
 139   2                                      {
 140   3                                                              
 141   3                                                              adc_set=2500;
 142   3                                      } 
 143   2                                      else if(adc_data1 >=3200&&adc_data1<3500)                                                                                       
 144   2                                      {
 145   3                                                      
 146   3                                                              adc_set=2000;
 147   3                                      } 
 148   2                                      else if(adc_data1 >=3000&&adc_data1<3200)                                                                                       
 149   2                                      {
 150   3                                                      
 151   3                                                              adc_set=1800;
 152   3                                      } 
 153   2                                      else if(adc_data1 >=2700&&adc_data1<3000)                                                                                       
 154   2                                      {
 155   3                                                              
 156   3                                                              adc_set=1600;
 157   3                                      } 
 158   2                                      else if(adc_data1 >=2500&&adc_data1<2700)                                                                                       
 159   2                                      {
 160   3                                                      
 161   3                                                              adc_set=1400;
 162   3                                      } 
 163   2                                      else if(adc_data1 >=2200&&adc_data1<2500)                                                                                       
 164   2                                      {
 165   3                                                      
 166   3                                                              adc_set=1200;
 167   3                                      } 
 168   2                                      else if(adc_data1 >=2000&&adc_data1<2200)                                                                                       
 169   2                                      {
 170   3                                      
 171   3                                                              adc_set=1000;
 172   3                                              
 173   3                                      } 
 174   2      
 175   2      //                              adc_convert_start(ADC_CHANNEL_1);                                                                       
 176   2      
 177   2      //                              while((ADCGCR1 & 0x04) != 0);
C51 COMPILER V9.57.0.0   MAIN                                                              06/04/2026 14:52:31 PAGE 4   

 178   2      //                              
 179   2      //                              while(!(ADCCSTAT & 0x01))       ;
 180   2      //                              
 181   2      //                              ADCCSTAT = 0x1;                                                                         
 182   2      //                              
 183   2      //                              adc_data=adc_get_value();
 184   2                              
 185   2      //                              adc_convert_start(ADC_CHANNEL_1);                                                                       
 186   2      
 187   2      //                              while((ADCGCR1 & 0x04) != 0);
 188   2      //                              
 189   2      //                              while(!(ADCCSTAT & 0x01))       ;
 190   2      //                              
 191   2      //                              ADCCSTAT = 0x1;                                                                         
 192   2      //                              
 193   2      //                              adc_data=adc_get_value();
 194   2                              
 195   2                                      
 196   2                                      
 197   2                                      //printfS("adc:%d\r\n", adc_data);      
 198   2      
 199   2                              if(adc_data >=adc_set&&adc_data<ADC_INVALID-1)                                                                                                  
 200   2                              {
 201   3                                      //printfS("on\r\n");    
 202   3                                      
 203   3                                      switch(adstate)
 204   3                                      {
 205   4                                              case 0:{
 206   5                                                              adcount++;
 207   5                                                              if(adcount==2)
 208   5                                                              {
 209   6                                                                      
 210   6                                                                      REG_GTIM0_CNT0&=0x00;
 211   6                                                                      REG_GTIM0_CNT1&=0x00;
 212   6                                                                      
 213   6                                                                      
 214   6                                                                      gpio_io_set(P1_2, GPIO_HIGH);
 215   6                                                                      //gpio_io_set(P1_0, GPIO_HIGH);
 216   6                                                                      gpio_io_set(P1_3, GPIO_HIGH);
 217   6                                                                      adstate=1;
 218   6                                                                      adcount=0;
 219   6                                                              }
 220   5                                              }break;
 221   4                                              case 1:{
 222   5                                                                      REG_GTIM0_CNT0&=0x00;
 223   5                                                                      REG_GTIM0_CNT1&=0x00;
 224   5                                              }break;
 225   4                                      }
 226   3                                      
 227   3                              }       
 228   2                      }               
 229   1              
 230   1               gpio_io_set(P1_0, GPIO_LOW);//常闭
 231   1              
 232   1                      REG_GTIM0_CR0 |= (1<<0);                                
 233   1                      gpio_irq_clr(P1_4);
 234   1      }
 235          
 236          
 237          void GPIO_Init(void)
 238          {
 239   1          //== 常闭
C51 COMPILER V9.57.0.0   MAIN                                                              06/04/2026 14:52:31 PAGE 5   

 240   1              REG_P10_CFG=0x00;
 241   1              gpio_init(P1_0);
 242   1              gpio_dir_set(P1_0, GPIO_DIR_OUT);
 243   1              gpio_dr_set(P1_0, GPIO_SR_HIGH);
 244   1              gpio_io_set(P1_0, GPIO_HIGH);
 245   1              
 246   1          //== 常开
 247   1              REG_P12_CFG=0x00;
 248   1              gpio_init(P1_2);
 249   1              gpio_dir_set(P1_2, GPIO_DIR_OUT);
 250   1              gpio_dr_set(P1_2, GPIO_SR_HIGH);
 251   1              gpio_io_set(P1_2, GPIO_HIGH);
 252   1              
 253   1          //== 红灯
 254   1              REG_P13_CFG=0x00;
 255   1              gpio_init(P1_3);
 256   1              gpio_dir_set(P1_3, GPIO_DIR_OUT);
 257   1              gpio_dr_set(P1_3, GPIO_SR_HIGH);
 258   1              gpio_io_set(P1_3, GPIO_LOW);
 259   1      //      gpio_in_enable(P1_3, IN_ENABLE);         
 260   1      //      gpio_irq_set(P1_3,GPIO_IRQ_ENABLE,gpio_UECallBack);
 261   1      //      P1AL&=~(0x80);
 262   1      //      P1AL|=(0x01<<6);
 263   1              
 264   1              
 265   1          //== 外部中断
 266   1      //      gpio_init(P1_4);
 267   1      //      gpio_dir_set(P1_4, GPIO_DIR_IN);
 268   1      //      gpio_dr_set(P1_4, GPIO_SR_HIGH);
 269   1      //      gpio_in_enable(P1_4, IN_ENABLE);         
 270   1      //      gpio_irq_set(P1_4,GPIO_IRQ_ENABLE,gpio_UECallBack);
 271   1      //      P1AH&=~(0x02);
 272   1      //      P1AH|=(0x01);
 273   1      //      REG_P14_CFG=0x20;
 274   1      
 275   1          //== adc引脚
 276   1              REG_P15_CFG=0x00;
 277   1              gpio_init(P1_5);                        
 278   1              gpio_dir_set(P1_5, GPIO_DIR_IN);          
 279   1              gpio_in_enable(P1_5, IN_ENABLE);          
 280   1      }


MODULE INFORMATION:   STATIC OVERLAYABLE
   CODE SIZE        =    763    ----
   CONSTANT SIZE    =   ----    ----
   XDATA SIZE       =     37    ----
   PDATA SIZE       =   ----    ----
   DATA SIZE        =   ----    ----
   IDATA SIZE       =   ----    ----
   BIT SIZE         =      2    ----
   EDATA SIZE       =   ----    ----
   HDATA SIZE       =   ----    ----
   XDATA CONST SIZE =   ----    ----
   FAR CONST SIZE   =   ----    ----
END OF MODULE INFORMATION.


C51 COMPILATION COMPLETE.  0 WARNING(S),  0 ERROR(S)
