C51 COMPILER V9.57.0.0   PWM                                                               06/04/2026 14:43:16 PAGE 1   


C51 COMPILER V9.57.0.0, COMPILATION OF MODULE PWM
OBJECT MODULE PLACED IN .\Out_Files\pwm.obj
COMPILER INVOKED BY: D:\Keil\Keil_v5\C51\BIN\C51.EXE ..\..\..\..\Driver\src\pwm.c LARGE OMF2 OPTIMIZE(8,SIZE) BROWSE INC
                    -DIR(..\..\..\..\Driver\inc;..\..\..\..\Driver\src;..\..\..\..\MCU\Common;..\..\..\..\MCU\Device) DEBUG PRINT(.\Out_Files
                    -\pwm.lst) OBJECT(.\Out_Files\pwm.obj)

line level    source

   1          /***********************************************************************
   2           * Copyright (c)  2017 - 2020, Unicmicro Co.,Ltd .
   3           * All rights reserved.
   4           * Filename    : pwm.c
   5           * Description : pwm driver source file
   6           * Author(s)   : yanhaihua
   7           * version     : V1.0
   8           * Modify date : 2021-2-26
   9           ***********************************************************************/
  10          #include "pwm.h"
  11          
  12          void (*pwmfunc_callback[3])(void) = { 0 };
  13          /***********************************************************************
  14           * Function     : PWM_IRQHandler
  15           * Description  : PWM中断处理函数   
  16           * Input        : none
  17           * Output               : none
  18           * Return               : none
  19           ***********************************************************************/
  20          void PWM_IRQHandler(void) interrupt 5
  21          {
  22   1              if((PWM0CON & (1<<1)))
  23   1              {
  24   2                      PWM0CON &= ~(1<<1);                                     // 清除PWM0溢出标志
  25   2                      if(pwmfunc_callback[0] != NULL)
  26   2                      {
  27   3                              pwmfunc_callback[0]();
  28   3                      }
  29   2              }
  30   1      
  31   1              if((PWM1CON & (1<<1)))
  32   1              {
  33   2                      PWM1CON &= ~(1<<1);                                     // 清除PWM1溢出标志     
  34   2                      if(pwmfunc_callback[1] != NULL)
  35   2                      {
  36   3                              pwmfunc_callback[1]();
  37   3                      }
  38   2              }
  39   1      
  40   1              if((PWM2CON & (1<<1)))
  41   1              {
  42   2                      PWM2CON &= ~(1<<1);                                     // 清除PWM2溢出标志
  43   2                      if(pwmfunc_callback[2] != NULL)
  44   2                      {
  45   3                              pwmfunc_callback[2]();
  46   3                      }
  47   2              }
  48   1      }
  49          
  50          /***********************************************************************
  51           * Function     : pwm0_init
  52           * Description  : 初始化PWM0   
  53           * Input        : uint16_t cycle 周期（周期时长计算 = 系统时钟/cycle）
C51 COMPILER V9.57.0.0   PWM                                                               06/04/2026 14:43:16 PAGE 2   

  54           *                uint16_t duty  占空比
  55           *                uint8_t  level HIGH:占空比期间输出高电平；LOW:占空比期间输出低电平
  56           * Output               : none
  57           * Return               : none
  58           ***********************************************************************/
  59          void pwm0_init(uint16_t cycle, uint16_t duty, uint8_t level)  
  60          {
  61   1              REG_P10_CFG = 0x03;
  62   1              if(level == LOW)
  63   1              {
  64   2                  PWM0CON |= (1<<6);          // 占空比期间输出低电平 
  65   2              }
  66   1              else
  67   1              { 
  68   2                  PWM0CON &= ~(1<<6);         // 占空比期间输出高电平 
  69   2              }
  70   1               
  71   1          PWM0DL = duty&0xFF;                         // 占空比低8位 
  72   1          PWM0DH = (duty>>8)&0xFF;            // 占空比高8位 
  73   1              
  74   1          PWM0PL = cycle&0xFF;                        // 周期低8位 
  75   1          PWM0PH = (cycle>>8)&0xFF;           // 周期高8位 
  76   1                      
  77   1          PWM0CON |= (1<<7);                          //使能PWM0模块
  78   1      }       
  79          
  80          /***********************************************************************
  81           * Function     : pwm0_irq_init
  82           * Description  : 初始化PWM0中断   
  83           * Input        : none
  84           * Output               : none
  85           * Return               : none
  86           ***********************************************************************/
  87          void pwm0_irq_init(em_pwm_irq mode,void (*pfunc)())
  88          {
  89   1              if(mode == PWM_IRQ_ENABLE)
  90   1              {
  91   2                      EA = 1;                                                         // 打开总中断 
  92   2                      EPWM = 1;                                                       // 打开PWM中断 
  93   2                      PWM0CON |= (1<<2);                                      // 允许PWM0中断 
  94   2                      pwmfunc_callback[0] = pfunc;
  95   2              }
  96   1              else
  97   1              {
  98   2                      EA = 0;                                                         // 关闭总中断，注意如果存在中断，关闭总中断时需要注意 
  99   2                      EPWM = 0;                                                       // 关闭PWM中断 
 100   2                      PWM0CON &= ~(1<<2);                                     //不允许PWM0中断 
 101   2              }
 102   1      }
 103          
 104          /***********************************************************************
 105           * Function     : pwm0_start
 106           * Description  : 启动PWM0输出   
 107           * Input        : none
 108           * Output               : none
 109           * Return               : none
 110           ***********************************************************************/
 111          void pwm0_start()  
 112          {
 113   1          PWM0CON |= (1<<0);                                                                                                  //PWM0输出允许
 114   1      }
 115          
C51 COMPILER V9.57.0.0   PWM                                                               06/04/2026 14:43:16 PAGE 3   

 116          /***********************************************************************
 117           * Function     : pwm0_stop
 118           * Description  : 停止PWM输出   
 119           * Input        : none
 120           * Output               : none
 121           * Return               : none
 122           ***********************************************************************/
 123          void pwm0_stop()  
 124          {
 125   1          PWM0CON &= ~(1<<0);                                                                                                 //PWM0输出禁止 
 126   1      }
 127          
 128          /***********************************************************************
 129           * Function     : pwm1_init
 130           * Description  : pwm1_init   
 131           * Input        : uint16_t cycle 周期（周期时长计算 = 系统时钟/cycle）
 132           *                uint16_t duty  占空比
 133           *                uint8_t  level HIGH:占空比期间输出高电平；LOW:占空比期间输出低电平
 134           * Output               : none
 135           * Return               : none
 136           ***********************************************************************/
 137          void pwm1_init(uint16_t cycle, uint16_t duty, uint8_t level)  
 138          {
 139   1              REG_P11_CFG = 0x03;
 140   1              if(level == LOW)
 141   1              {
 142   2                  PWM1CON |= (1<<6);          //占空比期间输出低电平
 143   2              }
 144   1              else
 145   1              {
 146   2                      PWM1CON &= ~(1<<6);         // 占空比期间输出高电平 
 147   2              }
 148   1              
 149   1              PWM1DL = duty&0xFF;                     // 占空比低8位 
 150   1          PWM1DH = (duty>>8)&0xFF;            // 占空比高8位 
 151   1         
 152   1          PWM1PL = cycle&0xFF;                        // 周期低8位
 153   1          PWM1PH = (cycle>>8)&0xFF;           // 周期高8位 
 154   1      
 155   1              PWM1CON |= (1<<7);                              // 使能PWM1模块 
 156   1      }
 157          
 158          /***********************************************************************
 159           * Function     : pwm1_irq_init
 160           * Description  : 初始化PWM1中断   
 161           * Input        : none
 162           * Output               : none
 163           * Return               : none
 164           ***********************************************************************/
 165          void pwm1_irq_init(em_pwm_irq mode,void (*pfunc)())
 166          {
 167   1              if(mode == PWM_IRQ_ENABLE)
 168   1              {
 169   2                      EA = 1;                                                         // 打开总中断 
 170   2                      EPWM = 1;                                                       // 打开PWM中断 
 171   2                      PWM1CON |= (1<<2);                                      // 允许PWM1中断 
 172   2                      pwmfunc_callback[1] = pfunc;
 173   2              }
 174   1              else
 175   1              {
 176   2                      EA = 0;                                                         // 关闭总中断，注意如果存在中断，关闭总中断时需要注意 
 177   2                      EPWM = 0;                                                       //关闭PWM中断 
C51 COMPILER V9.57.0.0   PWM                                                               06/04/2026 14:43:16 PAGE 4   

 178   2                      PWM1CON &= ~(1<<2);                                     // 不允许PWM1中断
 179   2              }
 180   1      }
 181          
 182          /***********************************************************************
 183           * Function     : pwm1_start
 184           * Description  : 启动PWM1输出   
 185           * Input        : none
 186           * Output               : none
 187           * Return               : none
 188           ***********************************************************************/
 189          void pwm1_start()  
 190          {        
 191   1          PWM1CON |= (1<<0);                          // PWM1输出允许
 192   1      }
 193          
 194          /***********************************************************************
 195           * Function     : pwm1_stop
 196           * Description  : 停止PWM1输出   
 197           * Input        : none
 198           * Output               : none
 199           * Return               : none
 200           ***********************************************************************/
 201          void pwm1_stop()  
 202          {
 203   1          PWM1CON &= ~(1<<0);                         // PWM1输出禁止 
 204   1      }
 205          
 206          /***********************************************************************
 207           * Function     : pwm2_init
 208           * Description  : pwm2_init   
 209           * Input        : uint16_t 周期（周期时长计算 = 系统时钟/cycle）
 210           *                uint16_t duty  占空比
 211           *                uint8_t  level HIGH:占空比期间输出高电平；LOW:占空比期间输出低电平
 212           * Output               : none
 213           * Return               : none
 214           ***********************************************************************/
 215          void pwm2_init(uint16_t cycle, uint16_t duty, uint8_t level)  
 216          {
 217   1              REG_P14_CFG = 0x02;
 218   1              if(level == LOW)
 219   1              {
 220   2                  PWM2CON |= (1<<6);                  // 占空比期间输出低电平 
 221   2              }
 222   1              else
 223   1              {
 224   2                      PWM2CON &= ~(1<<6);             // 占空比期间输出高电平 
 225   2              }
 226   1               
 227   1          PWM2DL = duty&0xFF;                                 // 占空比低8位 
 228   1          PWM2DH = (duty>>8)&0xFF;                    // 占空比高8位
 229   1         
 230   1          PWM2PL = cycle&0xFF;                                // 周期低8位
 231   1          PWM2PH = (cycle>>8)&0xFF;                   // 周期高8位 
 232   1          
 233   1          PWM2CON |= (1<<7);                                  // 使能PWM2模块
 234   1      }
 235          
 236          /***********************************************************************
 237           * Function     : pwm2_irq_init
 238           * Description  : 初始化PWM2中断   
 239           * Input        : none
C51 COMPILER V9.57.0.0   PWM                                                               06/04/2026 14:43:16 PAGE 5   

 240           * Output               : none
 241           * Return               : none
 242           ***********************************************************************/
 243          void pwm2_irq_init(em_pwm_irq mode,void (*pfunc)())
 244          {
 245   1              if(mode == PWM_IRQ_ENABLE)
 246   1              {
 247   2                      EA = 1;                                                 // 打开总中断 
 248   2                      EPWM = 1;                                               // 打开PWM中断 
 249   2                      PWM2CON |= (1<<2);                              // 允许PWM2中断 
 250   2                      pwmfunc_callback[2] = pfunc;
 251   2              }
 252   1              else
 253   1              {
 254   2                      EA = 0;                                                 // 关闭总中断，注意如果存在中断，关闭总中断时需要注意 
 255   2                      EPWM = 0;                                               // 关闭PWM中断 
 256   2                      PWM2CON &= ~(1<<2);                             //不允许PWM2中断
 257   2              }
 258   1      }
 259          
 260          /***********************************************************************
 261           * Function     : pwm2_start
 262           * Description  : 启动PWM2输出   
 263           * input        : none
 264           * Output               : none
 265           * Return               : none
 266           ***********************************************************************/
 267          void pwm2_start()  
 268          {        
 269   1              PWM2CON |= (1<<0);                              // PWM2输出允许
 270   1      }
 271          
 272          /***********************************************************************
 273           * Function     : pwm2_stop
 274           * Description  : 停止PWM2输出   
 275           * Input        : none
 276           * Output               : none
 277           * Return               : none
 278           ***********************************************************************/
 279          void pwm2_stop()  
 280          {
 281   1          PWM2CON &= ~(1<<0);                 // PWM2输出禁止 
 282   1      }


MODULE INFORMATION:   STATIC OVERLAYABLE
   CODE SIZE        =    359    ----
   CONSTANT SIZE    =   ----    ----
   XDATA SIZE       =      9       6
   PDATA SIZE       =   ----    ----
   DATA SIZE        =   ----    ----
   IDATA SIZE       =   ----    ----
   BIT SIZE         =   ----    ----
   EDATA SIZE       =   ----    ----
   HDATA SIZE       =   ----    ----
   XDATA CONST SIZE =   ----    ----
   FAR CONST SIZE   =   ----    ----
END OF MODULE INFORMATION.


C51 COMPILATION COMPLETE.  0 WARNING(S),  0 ERROR(S)
