C51 COMPILER V9.57.0.0   MAIN                                                              06/17/2026 22:13:31 PAGE 1   


C51 COMPILER V9.57.0.0, COMPILATION OF MODULE MAIN
OBJECT MODULE PLACED IN .\Out_Files\main.obj
COMPILER INVOKED BY: D:\Keil\Keil_v5\C51\BIN\C51.EXE ..\source\main.c LARGE OMF2 OPTIMIZE(8,SIZE) BROWSE INCDIR(..\..\..
                    -\..\Driver\inc;..\..\..\..\Driver\src;..\..\..\..\MCU\Common;..\..\..\..\MCU\Device) DEBUG PRINT(.\Out_Files\main.lst) O
                    -BJECT(.\Out_Files\main.obj)

line level    source

   1          /***********************************************************************
   2           * UM800Y 红外对射接收端 main.c
   3           *
   4           * 本版本逻辑：
   5           * 1. P1_4 只作为“首次同步边沿”。捕获到一次比较器脉冲后，认为已经对齐发射周期。
   6           * 2. 同步后关闭 P1_4 同步中断，启动 GTIMER0，但第一次溢出使用可调起点间隔。
   7           * 3. 起点间隔由 RX_FIRST_WINDOW_DELAY_TICK 设置，用于补偿同步中断带来的相位延迟。
   8           * 4. 第一次窗口触发后，后续仍然按 RX_WINDOW_INTERVAL_TICK 周期触发，默认每 1ms 一次。
   9           * 5. ADC 扫描窗口宽度由 RX_ADC_WINDOW_WIDTH_TICK 设置，窗口内连续读取 ADC，做积分平均。
  10           * 6. 最终使用“窗口平均 ADC”进入原来的 ADC 迟滞判断。
  11           * 7. 连续 RX_CONFIRM_COUNT 个有效窗口确认有光；连续 RX_LOST_WINDOW_COUNT 个无效窗口判定遮光。
  12           * 8. 遮光后停止 GTIMER0，重新打开 P1_4 同步中断，等待下一次来光重新同步。
  13           *
  14           * 重要参数：
  15           * - RX_FIRST_WINDOW_DELAY_TICK：同步中断后的第一次窗口起点间隔。
  16           * - RX_WINDOW_INTERVAL_TICK：第一次窗口之后的窗口间隔周期，默认 1000us。
  17           * - RX_ADC_WINDOW_WIDTH_TICK：ADC 连续扫描窗口宽度，默认 40us。
  18           * - RX_CONFIRM_COUNT：连续有效窗口确认有光次数。
  19           * - RX_LOST_WINDOW_COUNT：连续无效窗口判定遮光次数。
  20           *
  21           * 注意：
  22           * 本方案不再在 P1_4 中断里读 ADC，避免 ADC 采样时机被外部中断抖动影响。
  23           * P1_4 只负责第一次同步；真正的 ADC 判断由定时器窗口完成。
  24           ***********************************************************************/
  25          
  26          #include "system_um800y.h"
  27          #include "app.h"
  28          #include "gtimer.h"
  29          #include "pwm.h"
  30          #include "common.h"
  31          #include "config.h"
  32          #include "gpio.h"
  33          #include "adc.h"
  34          
  35          
  36          /***********************************************************************
  37           * 【新增总览注释：这份文件的核心状态机】
  38           *
  39           * 1. 上电默认遮光：
  40           *      rx_light_state = 0
  41           *      rx_seen_once   = 0
  42           *      GTIMER0 停止
  43           *      P1_4 同步中断打开
  44           *
  45           * 2. 收到 P1_4 同步边沿：
  46           *      GPIO_IRQHandler() 只置位 rx_sync_pending
  47           *      主循环看到 rx_sync_pending 后调用 rx_start_periodic_window_from_sync()
  48           *      然后关闭 P1_4 中断，打开 GTIMER0 周期窗口
  49           *
  50           * 3. GTIMER0 每次溢出：
  51           *      不直接读 ADC，只置位 rx_window_pending
  52           *      主循环看到 rx_window_pending 后调用 rx_process_adc_window()
  53           *
C51 COMPILER V9.57.0.0   MAIN                                                              06/17/2026 22:13:31 PAGE 2   

  54           * 4. 每个 ADC 窗口判断：
  55           *      avg_adc >= adc_set                  -> 有效窗口
  56           *      avg_adc <= adc_set - RX_ADC_HYS_VALUE -> 无效窗口
  57           *      连续 RX_CONFIRM_COUNT 个有效窗口    -> 输出有光
  58           *      连续 RX_LOST_WINDOW_COUNT 个无效窗口 -> 输出遮光
  59           *
  60           * 5. 强制重同步：
  61           *      rx_resync_count_after_window() 到达 RX_RESYNC_WINDOW_COUNT 后，
  62           *      置位 rx_resync_pending。
  63           *      主循环调用 rx_force_resync_from_main()，会停止 GTIMER0，重新打开 P1_4。
  64           *      如果当前已经有光，会启动 GTIMER1 作为 2ms 同步等待超时。
  65           *
  66           * 【遮光偶尔不判断时重点看三条链路】
  67           *
  68           * A. 正常 ADC 遮光链路：
  69           *      rx_process_adc_window()
  70           *        -> adc_ok = 0
  71           *        -> rx_lost_window_count++
  72           *        -> rx_lost_window_count >= RX_LOST_WINDOW_COUNT
  73           *        -> rx_enter_block_state()
  74           *
  75           * B. 强制重同步等待链路：
  76           *      rx_force_resync_from_main()
  77           *        -> rx_seen_once = 0
  78           *        -> GTIMER0 停止，不再有 ADC 窗口
  79           *        -> 只能靠 GTIMER1 2ms 超时进入遮光
  80           *
  81           * C. 同步边沿误触发链路：
  82           *      遮光时如果 P1_4 仍然有毛刺/反射/干扰边沿，
  83           *      会重新 rx_start_periodic_window_from_sync()，导致系统又进入采样状态。
  84           *
  85           * 【当前版本最可疑参数】
  86           *      RX_RESYNC_WINDOW_COUNT = 3U
  87           *      这表示每 3 个有效窗口就停掉 ADC 窗口去重同步一次。
  88           *      如果遮光刚好发生在重同步等待期，遮光就不走连续无效窗口链路，
  89           *      而是依赖 GTIMER1 同步等待超时链路。
  90           ***********************************************************************/
  91          
  92          
  93          /*======================================================================
  94           * 一、接收算法参数
  95           *====================================================================*/
  96          
  97          /*
  98           * 系统主频 24MHz，GTIMER0 使用 24 分频：
  99           * 24MHz / 24 = 1MHz，1 tick = 1us。
 100           */
 101          
 102          /*
 103           * 【有光确认次数】
 104           * 连续 3 个 ADC 窗口有效才确认有光。
 105           * 作用：防止单个窗口偶然采到噪声就立即输出有光。
 106           * 影响：越大，来光响应越慢；越小，越容易误亮。
 107           */
 108          #define RX_CONFIRM_COUNT              3U
 109          
 110          /*
 111           * 定时器窗口间隔周期。
 112           * 默认 1000us，也就是同步后每隔 1ms 打开一次 ADC 扫描窗口。
 113           * 如果发射端周期不是 1ms，只需要改这里。
 114           */
 115          /*
C51 COMPILER V9.57.0.0   MAIN                                                              06/17/2026 22:13:31 PAGE 3   

 116           * 【窗口周期】
 117           * GTIMER0 后续每 1000us 触发一次 ADC 扫描窗口。
 118           * 注意：这里只是“窗口起点周期”，不是 ADC 窗口宽度。
 119           * 如果发射端有效脉冲周期不是 1ms，这里必须跟着改。
 120           */
 121          #define RX_WINDOW_INTERVAL_TICK       1000U
 122          
 123          /*
 124           * 同步中断后的第一次窗口起点间隔。
 125           *
 126           * 这个参数只影响“同步后的第一次 ADC 窗口”。
 127           * 第一次窗口之后，后续窗口仍然保持 RX_WINDOW_INTERVAL_TICK，也就是 1000us。
 128           *
 129           * 调试方法：
 130           * - 如果示波器看到 ADC 窗口整体偏后，就把这里调小，例如 950、900、850。
 131           * - 如果示波器看到 ADC 窗口整体偏前，就把这里调大，最大不要超过 RX_WINDOW_INTERVAL_TICK。
 132           *
 133           * 例：
 134           * - 1000U：等同旧版，同步后 1000us 才打开第一次窗口。
 135           * - 900U ：同步后 900us 打开第一次窗口，相当于后续相位整体提前 100us。
 136           */
 137          /*
 138           * 【第一次窗口延迟】
 139           * 收到 P1_4 同步边沿后，不是立刻采 ADC，而是等待 880us 再打开第一次窗口。
 140           * 这个值决定采样窗口相对于发射脉冲的位置。
 141           *
 142           * 排查点：
 143           * - 如果这个值偏差太大，窗口可能扫不到脉冲，导致误遮光。
 144           * - 如果窗口扫到脉冲尾部，平均值会偏低，可能刚好低于阈值。
 145           */
 146          #define RX_FIRST_WINDOW_DELAY_TICK    880U
 147          
 148          /*
 149           * ADC 连续扫描窗口宽度。
 150           * 默认 40us。
 151           *
 152           * 发射有效脉宽约 25us 时：
 153           * - 窗口太小：容易因为相位偏差漏掉脉冲；
 154           * - 窗口太大：平均值会被窗口内的低电平拉低，需要适当降低 adc_set；
 155           * - 建议先用 30~60us 调试。
 156           */
 157          /*
 158           * 【ADC 窗口宽度】
 159           * 每次窗口持续 100us，在这 100us 内连续读 ADC 并求平均。
 160           *
 161           * 排查点：
 162           * - 发射有效脉宽如果只有约 25us，100us 求平均会把峰值稀释。
 163           * - 例如 25us 有效 + 75us 无信号，平均值大约只有峰值的 1/4。
 164           * - 所以 adc_set 必须按“窗口平均值”标定，不是按峰值标定。
 165           */
 166          #define RX_ADC_WINDOW_WIDTH_TICK      100U
 167          
 168          /*
 169           * 连续多少个 ADC 窗口无效后判定遮光。
 170           * 默认 3 个窗口，即约 3ms 遮光确认，响应约 333Hz。
 171           * 如果想更快，可以改 2；如果现场抖动明显，可以改 4 或 5。
 172           */
 173          /*
 174           * 【遮光确认次数】
 175           * 连续 3 个窗口无效才判定遮光。
 176           * 正常情况下遮光响应约为：3 * 1ms = 3ms。
 177           *
C51 COMPILER V9.57.0.0   MAIN                                                              06/17/2026 22:13:31 PAGE 4   

 178           * 排查点：
 179           * 如果遮光时偶尔还能采到有效值，rx_lost_window_count 会被清零，
 180           * 就会表现为“明明遮挡了，但偶尔不判断遮光”。
 181           */
 182          #define RX_LOST_WINDOW_COUNT          3U
 183          
 184          /*
 185           * 周期性强制重新同步功能。
 186           *
 187           * 作用：
 188           * 同步后虽然 GTIMER0 每 1ms 周期本身稳定，但接收端本地定时器和发射端周期
 189           * 之间可能有微小频差，累计一段时间后 ADC 窗口会相对发射脉冲慢慢漂移。
 190           * 所以每处理 RX_RESYNC_WINDOW_COUNT 个窗口后，主动退出当前 1ms 周期采样，
 191           * 重新打开 P1_4 同步中断，等下一次发射脉冲边沿重新校准相位。
 192           *
 193           * 注意：
 194           * 强制重同步不会把输出拉成遮光，只是暂停周期窗口并等待下一次同步边沿。
 195           * 如果确实已经遮光，则仍然由 RX_LOST_WINDOW_COUNT 个无效窗口走遮光逻辑。
 196           *
 197           * 默认 100 个周期，即约每 100ms 重新同步一次。
 198           * 如果漂移很快，可以改 50 或 20；如果现场很稳，可以改 200。
 199           */
 200          /*
 201           * 【是否启用强制重同步】
 202           * 1 = 启用；0 = 关闭。
 203           *
 204           * 排查建议：
 205           * 若出现“遮光偶尔不判断”，可以先临时改成 0U。
 206           * 如果关闭后问题消失，说明问题在强制重同步等待链路。
 207           */
 208          #define RX_RESYNC_ENABLE              1U
 209          /*
 210           * 【强制重同步窗口数】
 211           * 当前为 3U，表示每 3 个有效窗口就强制重同步一次。
 212           *
 213           * 重要排查点：
 214           * - 这个值和上方注释里“默认 100 个周期”不一致。
 215           * - 3U 太频繁，大约每 3ms 停一次 GTIMER0 ADC 窗口。
 216           * - 停止 ADC 窗口后，遮光不再走 rx_lost_window_count，
 217           *   而是依赖 GTIMER1 的 2ms 同步等待超时。
 218           * - 如果 GTIMER1 超时没有被主循环及时处理，输出可能保持有光。
 219           *
 220           * 建议调试：先改 100U 或关闭 RX_RESYNC_ENABLE 验证。
 221           */
 222          #define RX_RESYNC_WINDOW_COUNT        3U
 223          
 224          /*
 225           * 强制重同步等待超时。
 226           * 周期性强制重同步时，接收端会停止 GTIMER0 窗口采样并重新打开 P1_4。
 227           * 如果 2ms 内没有收到新的 P1_4 同步边沿，就认为当前已经遮光。
 228           * 这个超时只用于“已经有光后的强制重同步等待期”，上电遮光等待不启动。
 229           */
 230          /*
 231           * 【强制重同步等待超时】
 232           * 已经有光时进入强制重同步，如果 2ms 内没有新的 P1_4 同步边沿，
 233           * 就认为可能已经遮光。
 234           *
 235           * 排查点：
 236           * 只有 rx_force_resync_from_main() 里 rx_light_state != 0 时才启动。
 237           * 上电无光等待同步时不会启动这个超时。
 238           */
 239          #define RX_SYNC_WAIT_TIMEOUT_TICK     2000U
C51 COMPILER V9.57.0.0   MAIN                                                              06/17/2026 22:13:31 PAGE 5   

 240          
 241          /*
 242           * 是否在同步边沿后立刻补采一个窗口。
 243           * 0：只从下一个 1ms 周期开始采样，时序更干净。
 244           * 1：同步后马上采一次，来光确认更快，但可能刚好处于脉冲尾部。
 245           */
 246          #define RX_FIRST_WINDOW_IMMEDIATE     0U
 247          
 248          /*
 249           * 如果你的 gpio_irq_set() 库没有定义 GPIO_IRQ_DISABLE，通常 0 就是关闭。
 250           */
 251          #ifndef GPIO_IRQ_DISABLE
              #define GPIO_IRQ_DISABLE              0U
              #endif
 254          
 255          
 256          /*======================================================================
 257           * 二、ADC 迟滞参数
 258           *====================================================================*/
 259          
 260          #define RX_ADC_HYS_ENABLE             1U
 261          /*
 262           * 【ADC 迟滞宽度】
 263           * adc_set 是打开阈值，adc_set - 30 是关闭阈值。
 264           * 例如 adc_set=200，则：
 265           *   从无效到有效：avg_adc >= 200
 266           *   从有效到无效：avg_adc <= 170
 267           *
 268           * 排查点：
 269           * 遮光后如果窗口平均值仍然在 170 以上，迟滞会继续认为有效。
 270           */
 271          #define RX_ADC_HYS_VALUE              30U
 272          
 273          #ifndef ADC_INVALID
              #define ADC_INVALID                   4095U
              #endif
 276          
 277          #ifndef ADC_MAX_VALUE
 278          #define ADC_MAX_VALUE                 4095U
 279          #endif
 280          
 281          #define RX_ADC_MAX_VALID              (ADC_INVALID - 2U)
 282          
 283          
 284          /*======================================================================
 285           * 三、串口调试参数
 286           *====================================================================*/
 287          
 288          /*
 289           * 串口调试只打印窗口平均 ADC 和当前阈值。
 290           *
 291           * UART_ADC_DEBUG_EVENT_DIV = 1 ：每个 ADC 窗口打印一次。
 292           * 如果窗口周期仍是 1ms，普通 115200 串口仍可能拖慢主循环；
 293           * 现场只看趋势时建议改成 5、10、20。
 294           */
 295          /*
 296           * 【串口调试开关】
 297           * 当前关闭。
 298           * 若要观察遮光问题，建议不要高频打印全状态，只打印关键量：
 299           * adc_set, adc_data, adc_ok, rx_lost_window_count, rx_seen_once, rx_light_state。
 300           */
 301          #define UART_ADC_DEBUG_ENABLE              0U
C51 COMPILER V9.57.0.0   MAIN                                                              06/17/2026 22:13:31 PAGE 6   

 302          #define UART_ADC_DEBUG_EVENT_DIV           10U
 303          #define UART_ADC_DEBUG_STATE_CHANGE_PRINT  0U
 304          
 305          #define UART_DBG_REASON_BOOT               1U
 306          #define UART_DBG_REASON_SYNC               2U
 307          #define UART_DBG_REASON_ADC_FAIL           3U
 308          #define UART_DBG_REASON_VALID_WINDOW       4U
 309          #define UART_DBG_REASON_LIGHT_ON           5U
 310          #define UART_DBG_REASON_TIMEOUT            6U
 311          #define UART_DBG_REASON_WINDOW_OVERRUN     7U
 312          #define UART_DBG_REASON_RESYNC             8U
 313          #define UART_DBG_REASON_SYNC_TIMEOUT       9U
 314          
 315          
 316          /**** 全局变量，保留原命名 ****/
 317          
 318          /*
 319           * 【变量分组理解】
 320           *
 321           * adc_data / adc_data1：
 322           *   用于观察最近一次窗口平均 ADC 和采样次数。
 323           *
 324           * rx_valid_count / rx_lost_window_count：
 325           *   真正决定“有光确认”和“遮光确认”的连续计数器。
 326           *
 327           * rx_light_state：
 328           *   当前输出状态。1 表示输出保持有光；0 表示输出遮光。
 329           *
 330           * rx_seen_once：
 331           *   当前是否处于“已经同步并且 GTIMER0 窗口采样中”。
 332           *   这是排查遮光不判断的关键变量：
 333           *   - rx_seen_once = 1：遮光靠 ADC 无效窗口计数判断。
 334           *   - rx_seen_once = 0：ADC 窗口停止，只能等待 P1_4 同步或 GTIMER1 超时。
 335           *
 336           * rx_window_pending：
 337           *   GTIMER0 中断置位，主循环清除并处理 ADC 窗口。
 338           *   如果主循环被串口或 ADC 阻塞太久，可能出现窗口积压。
 339           *
 340           * rx_resync_pending：
 341           *   强制重同步请求。置位后主循环会停止 GTIMER0 并打开 P1_4。
 342           *
 343           * rx_sync_wait_timeout_pending：
 344           *   GTIMER1 超时标志。只有强制重同步等待超时时才会置位。
 345           */
 346          
 347          volatile uint16_t adc_data  = 0;      /* 最近一次 ADC 窗口平均值 */
 348          volatile uint16_t adc_data1 = 0;      /* 最近一次 ADC 窗口采样次数，方便调试 */
 349          
 350          /* 当前 ADC 有效阈值。窗口平均后幅值会低于峰值，必要时需要重新标定这个值。 */
 351          volatile uint16_t adc_set = 200;      
 352          
 353          uint16_t status   = 0;
 354          uint16_t adcount  = 0;
 355          uint16_t adcount1 = 0;
 356          
 357          
 358          /* 接收状态 */
 359          static volatile uint8_t rx_valid_count       = 0;     /* 连续有效窗口计数 */
 360          static volatile uint8_t rx_lost_window_count = 0;     /* 连续无效窗口计数 */
 361          static volatile uint8_t rx_light_state       = 0;     /* 0 = 遮光/无光，1 = 有光 */
 362          static volatile uint8_t rx_seen_once         = 0;     /* 0 = 等待同步，1 = 已同步并运行窗口采样 */
 363          
C51 COMPILER V9.57.0.0   MAIN                                                              06/17/2026 22:13:31 PAGE 7   

 364          /* 定时器中断置位，主循环执行 ADC 窗口扫描 */
 365          static volatile uint8_t rx_window_pending    = 0;
 366          
 367          /* GPIO_IRQHandler only sets this flag; main loop performs sync start to avoid calling gpio_irq_set() insi
             -de ISR. */
 368          static volatile uint8_t rx_sync_pending      = 0;
 369          
 370          /* 周期性重同步请求：由主循环处理，避免在中断上下文调用 gpio_irq_set()。 */
 371          static volatile uint8_t rx_resync_pending    = 0;
 372          
 373          /*
 374           * 强制重同步等待 P1_4 边沿期间的 2ms 超时标志。
 375           * GTIMER1 中断只置位，主循环里真正执行遮光处理，避免在中断里调用 GPIO 库函数。
 376           */
 377          static volatile uint8_t rx_sync_wait_timeout_pending = 0;
 378          static volatile uint8_t rx_sync_wait_timer_running   = 0;
 379          
 380          /* 已同步后累计处理的 ADC 窗口个数，用于按周期数强制重新同步。 */
 381          static volatile uint16_t rx_resync_window_count = 0;
 382          
 383          /* ADC 迟滞状态：0 = ADC 当前认为无效，1 = ADC 当前认为有效 */
 384          static volatile uint8_t rx_adc_valid_state   = 0;
 385          
 386          /* 1 = 下一次 GTIMER0 溢出是同步后的第一次起点间隔窗口 */
 387          static volatile uint8_t rx_first_interval_pending = 0;
 388          
 389          /* 最近一次触发窗口的实际间隔，单位 us；第一次可能不是 1000us */
 390          static volatile uint16_t rx_last_trigger_interval_tick = 0;
 391          
 392          /* Cached first-window delay, written in main context and read by GTIMER0 ISR. */
 393          static volatile uint16_t rx_first_delay_cached_tick = RX_FIRST_WINDOW_DELAY_TICK;
 394          
 395          
 396          /*======================================================================
 397           * 四、串口调试变量
 398           *====================================================================*/
 399          
 400          static volatile uint16_t g_dbg_last_elapsed_tick = 0;  /* 当前窗口间隔，单位 us */
 401          static volatile uint8_t  g_dbg_last_adc_ok       = 0;
 402          
 403          #if UART_ADC_DEBUG_ENABLE
              
              static volatile uint8_t  g_uart_debug_need_print = 0;
              static volatile uint8_t  g_uart_debug_div_count  = 0;
              static volatile uint8_t  g_uart_debug_reason     = 0;
              
              static volatile uint16_t g_dbg_irq_count         = 0;  /* 同步中断次数 */
              static volatile uint16_t g_dbg_short_edge_count  = 0;  /* 这里改成窗口丢失/积压次数 */
              static volatile uint16_t g_dbg_adc_fail_count    = 0;  /* ADC 窗口无效次数 */
              static volatile uint16_t g_dbg_valid_pulse_count = 0;  /* ADC 窗口有效次数 */
              static volatile uint16_t g_dbg_timeout_count     = 0;  /* 遮光次数 */
              
              #endif
 416          
 417          
 418          /*======================================================================
 419           * 五、函数声明
 420           *====================================================================*/
 421          
 422          void gtimer0_UECallBack(void);
 423          void gtimer1_UECallBack(void);
 424          void GPIO_Init(void);
C51 COMPILER V9.57.0.0   MAIN                                                              06/17/2026 22:13:31 PAGE 8   

 425          void ADC_Init(void);
 426          void gpio_int_pro(void);
 427          void gpio_UECallBack(void);
 428          
 429          static uint16_t rx_timer_get_count(void);
 430          static uint16_t rx_timer_elapsed_from(uint16_t start_tick);
 431          static uint16_t rx_first_delay_get(void);
 432          static uint16_t rx_first_delay_to_timer_preload(uint16_t first_delay_tick);
 433          static void rx_timer_stop_clear(void);
 434          static void rx_timer_restart_with_preload(uint16_t preload_tick);
 435          static void rx_timer_restart_with_first_delay(void);
 436          static void rx_sync_timeout_timer_stop_clear(void);
 437          static void rx_sync_timeout_timer_start(void);
 438          static void rx_sync_irq_enable(void);
 439          static void rx_sync_irq_disable(void);
 440          static void rx_output_light(void);
 441          static void rx_output_block(void);
 442          static uint16_t rx_adc_read_once(uint8_t ch);
 443          static uint16_t rx_adc_scan_window_average(uint8_t ch, uint16_t window_tick, uint16_t *sample_count);
 444          static uint16_t rx_adc_calc_off_threshold(void);
 445          static uint8_t rx_adc_hysteresis_check(uint16_t adc);
 446          static void rx_start_periodic_window_from_sync(void);
 447          static void rx_enter_block_state(uint8_t debug_reason);
 448          static void rx_force_resync_from_main(void);
 449          static void rx_handle_sync_wait_timeout_from_main(void);
 450          static void rx_resync_count_after_window(uint8_t adc_ok);
 451          static void rx_process_adc_window(void);
 452          
 453          #if UART_ADC_DEBUG_ENABLE
              static void uart_debug_inc16(volatile uint16_t *value);
              static void uart_debug_request(uint8_t reason, uint8_t force);
              static void uart_adc_debug_process(void);
              #else
 458          #define uart_debug_request(reason, force)     ((void)0)
 459          #define uart_adc_debug_process()              ((void)0)
 460          #endif
 461          
 462          
 463          /*======================================================================
 464           * 六、定时器与同步中断工具函数
 465           *====================================================================*/
 466          
 467          /*
 468           * 读取 GTIMER0 当前计数值。
 469           * 低 8 位来自 CNT0，高 8 位来自 CNT1。
 470           *
 471           * 用途：
 472           * - ADC 扫描窗口开始时记录 start_tick。
 473           * - 循环读 ADC 时不断计算已经扫描了多少 us。
 474           */
 475          static uint16_t rx_timer_get_count(void)
 476          {
 477   1          uint16_t cnt;
 478   1      
 479   1          cnt  = REG_GTIM0_CNT0;
 480   1          cnt |= ((uint16_t)REG_GTIM0_CNT1 << 8);
 481   1      
 482   1          return cnt;
 483   1      }
 484          
 485          
 486          /*
C51 COMPILER V9.57.0.0   MAIN                                                              06/17/2026 22:13:31 PAGE 9   

 487           * 计算从 start_tick 到当前 GTIMER0 计数的经过时间。
 488           *
 489           * 注意：
 490           * GTIMER0 周期是 RX_WINDOW_INTERVAL_TICK，计数会回卷。
 491           * 这里做了回卷处理。
 492           *
 493           * 风险点：
 494           * 如果 ADC 窗口宽度接近或超过定时器周期，计算会不可靠。
 495           * 当前 100us 远小于 1000us，所以正常。
 496           */
 497          static uint16_t rx_timer_elapsed_from(uint16_t start_tick)
 498          {
 499   1          uint16_t now_tick;
 500   1          uint16_t elapsed;
 501   1      
 502   1          now_tick = rx_timer_get_count();
 503   1      
 504   1          if (now_tick >= start_tick)
 505   1          {
 506   2              elapsed = (uint16_t)(now_tick - start_tick);
 507   2          }
 508   1          else
 509   1          {
 510   2              /* GTIMER0 在 RX_WINDOW_INTERVAL_TICK 周期回卷。 */
 511   2              elapsed = (uint16_t)((RX_WINDOW_INTERVAL_TICK - start_tick) + now_tick);
 512   2          }
 513   1      
 514   1          return elapsed;
 515   1      }
 516          
 517          
 518          /*
 519           * 获取并保护第一次窗口延迟。
 520           *
 521           * 作用：
 522           * RX_FIRST_WINDOW_DELAY_TICK 是宏配置，理论上用户可能配成 0 或大于周期。
 523           * 这里限制到 1~RX_WINDOW_INTERVAL_TICK 范围内。
 524           */
 525          static uint16_t rx_first_delay_get(void)
 526          {
 527   1          uint16_t first_delay_tick;
 528   1      
 529   1          first_delay_tick = RX_FIRST_WINDOW_DELAY_TICK;
 530   1      
 531   1          /*
 532   1           * 0us 容易造成定时器重装异常。
 533   1           * 如果确实要同步后马上补采，使用 RX_FIRST_WINDOW_IMMEDIATE。
 534   1           */
 535   1          if (first_delay_tick == 0U)
 536   1          {
 537   2              first_delay_tick = 1U;
 538   2          }
 539   1      
 540   1          /*
 541   1           * 这里做保护：起点间隔最大不超过后续周期。
 542   1           * 本需求主要用于“前移一点”，所以通常应小于 1000us。
 543   1           */
 544   1          if (first_delay_tick > RX_WINDOW_INTERVAL_TICK)
 545   1          {
 546   2              first_delay_tick = RX_WINDOW_INTERVAL_TICK;
 547   2          }
 548   1      
C51 COMPILER V9.57.0.0   MAIN                                                              06/17/2026 22:13:31 PAGE 10  

 549   1          return first_delay_tick;
 550   1      }
 551          
 552          
 553          /*
 554           * 把“第一次窗口延迟”换算成 GTIMER0 的 CNT 预装值。
 555           *
 556           * 原理：
 557           * GTIMER0 自动重装周期是 1000us。
 558           * 如果希望第一次 880us 后溢出，就把 CNT 预装成 1000-880=120。
 559           * 这样从 120 计到 1000 只需要 880us。
 560           */
 561          static uint16_t rx_first_delay_to_timer_preload(uint16_t first_delay_tick)
 562          {
 563   1          /*
 564   1           * GTIMER0 的自动重装周期仍然保持 RX_WINDOW_INTERVAL_TICK。
 565   1           * 想让第一次溢出提前到 first_delay_tick，
 566   1           * 只需要在启动定时器时把 CNT 预装到：
 567   1           *
 568   1           *     RX_WINDOW_INTERVAL_TICK - first_delay_tick
 569   1           *
 570   1           * 这样第一次溢出后，硬件自然回到 0，
 571   1           * 后续就继续每 RX_WINDOW_INTERVAL_TICK 溢出一次。
 572   1           */
 573   1          if (first_delay_tick >= RX_WINDOW_INTERVAL_TICK)
 574   1          {
 575   2              return 0U;
 576   2          }
 577   1      
 578   1          return (uint16_t)(RX_WINDOW_INTERVAL_TICK - first_delay_tick);
 579   1      }
 580          
 581          
 582          /*
 583           * 停止并清零 GTIMER0。
 584           *
 585           * 影响：
 586           * 一旦调用这个函数，ADC 周期窗口就停止了。
 587           * 遮光判断不再通过 rx_process_adc_window() 进行。
 588           *
 589           * 排查遮光不判断时，重点看谁调用了它：
 590           * - rx_enter_block_state()：正常遮光后停止。
 591           * - rx_force_resync_from_main()：强制重同步时停止，这是可疑路径。
 592           */
 593          static void rx_timer_stop_clear(void)
 594          {
 595   1          REG_GTIM0_CR0 &= ~(1 << 0);
 596   1      
 597   1          REG_GTIM0_CNT0 = 0x00;
 598   1          REG_GTIM0_CNT1 = 0x00;
 599   1      }
 600          
 601          
 602          
 603          /*
 604           * 用指定 CNT 预装值启动 GTIMER0。
 605           *
 606           * 注意：
 607           * 这里只改 CNT，不改自动重装周期。
 608           * 第一次溢出时间由 preload_tick 决定，后续仍然回到 1000us 周期。
 609           */
 610          static void rx_timer_restart_with_preload(uint16_t preload_tick)
C51 COMPILER V9.57.0.0   MAIN                                                              06/17/2026 22:13:31 PAGE 11  

 611          {
 612   1          REG_GTIM0_CR0 &= ~(1 << 0);
 613   1      
 614   1          REG_GTIM0_CNT0 = (uint8_t)(preload_tick & 0x00FFU);
 615   1          REG_GTIM0_CNT1 = (uint8_t)((preload_tick >> 8) & 0x00FFU);
 616   1      
 617   1          REG_GTIM0_CR0 |= (1 << 0);
 618   1      }
 619          
 620          
 621          /*
 622           * 按 RX_FIRST_WINDOW_DELAY_TICK 启动 GTIMER0。
 623           *
 624           * 用于：
 625           * 每次 P1_4 同步成功后，重新建立 ADC 窗口相位。
 626           */
 627          static void rx_timer_restart_with_first_delay(void)
 628          {
 629   1          uint16_t first_delay_tick;
 630   1          uint16_t preload_tick;
 631   1      
 632   1          first_delay_tick = rx_first_delay_get();
 633   1          preload_tick     = rx_first_delay_to_timer_preload(first_delay_tick);
 634   1      
 635   1          rx_first_delay_cached_tick = first_delay_tick;
 636   1          rx_last_trigger_interval_tick = 0U;
 637   1      
 638   1          rx_timer_restart_with_preload(preload_tick);
 639   1      }
 640          
 641          
 642          /* GTIMER1：强制重同步等待 P1_4 边沿的 2ms 一次性超时定时器。 */
 643          /*
 644           * 停止并清零 GTIMER1 同步等待超时定时器。
 645           *
 646           * 用于：
 647           * - 收到新的同步边沿后，说明没有超时，关闭 GTIMER1。
 648           * - 进入遮光状态时，清理所有等待状态。
 649           */
 650          static void rx_sync_timeout_timer_stop_clear(void)
 651          {
 652   1          rx_sync_wait_timer_running   = 0U;
 653   1          rx_sync_wait_timeout_pending = 0U;
 654   1      
 655   1          REG_GTIM1_CR0 &= ~(1 << 0);
 656   1          REG_GTIM1_CNT0 = 0x00;
 657   1          REG_GTIM1_CNT1 = 0x00;
 658   1      }
 659          
 660          
 661          /*
 662           * 启动 GTIMER1 2ms 一次性超时。
 663           *
 664           * 只有强制重同步并且当前已经处于有光输出时才启动。
 665           *
 666           * 排查点：
 667           * 如果遮光发生在强制重同步等待期，最终能不能遮光，取决于：
 668           * - GTIMER1 是否真的中断；
 669           * - gtimer1_UECallBack() 是否置位 rx_sync_wait_timeout_pending；
 670           * - 主循环是否调用 rx_handle_sync_wait_timeout_from_main()。
 671           */
 672          static void rx_sync_timeout_timer_start(void)
C51 COMPILER V9.57.0.0   MAIN                                                              06/17/2026 22:13:31 PAGE 12  

 673          {
 674   1          rx_sync_wait_timeout_pending = 0U;
 675   1          rx_sync_wait_timer_running   = 1U;
 676   1      
 677   1          REG_GTIM1_CR0 &= ~(1 << 0);
 678   1          REG_GTIM1_CNT0 = 0x00;
 679   1          REG_GTIM1_CNT1 = 0x00;
 680   1          REG_GTIM1_CR0 |= (1 << 0);
 681   1      }
 682          
 683          
 684          /*
 685           * 打开 P1_4 同步中断。
 686           *
 687           * 用于：
 688           * - 上电等待第一次来光同步。
 689           * - 遮光后等待下一次来光同步。
 690           * - 强制重同步时等待下一次边沿校准相位。
 691           *
 692           * 风险点：
 693           * 遮光状态下如果 P1_4 有毛刺，可能误认为重新同步。
 694           */
 695          static void rx_sync_irq_enable(void)
 696          {
 697   1          gpio_irq_clr(P1_4);
 698   1          gpio_irq_set(P1_4, GPIO_IRQ_ENABLE, gpio_UECallBack);
 699   1      }
 700          
 701          
 702          /*
 703           * 关闭 P1_4 同步中断。
 704           *
 705           * 正常同步成功后关闭，防止每个发射脉冲都进 GPIO 中断。
 706           * 后续检测完全交给 GTIMER0 + ADC 窗口。
 707           */
 708          static void rx_sync_irq_disable(void)
 709          {
 710   1          gpio_irq_clr(P1_4);
 711   1          gpio_irq_set(P1_4, GPIO_IRQ_DISABLE, gpio_UECallBack);
 712   1      }
 713          
 714          
 715          /*======================================================================
 716           * 七、输出控制
 717           *====================================================================*/
 718          
 719          /*
 720           * 输出有光状态。
 721           * 当前 P1_2/P1_3 都拉高。
 722           *
 723           * 注意：
 724           * 这里没有修改 rx_light_state，只改物理输出。
 725           * rx_light_state 在 rx_process_adc_window() 中置 1。
 726           */
 727          static void rx_output_light(void)
 728          {
 729   1          gpio_io_set(P1_2, GPIO_HIGH);
 730   1          gpio_io_set(P1_3, GPIO_HIGH);
 731   1      //    gpio_io_set(P1_0, GPIO_LOW);
 732   1      }
 733          
 734          
C51 COMPILER V9.57.0.0   MAIN                                                              06/17/2026 22:13:31 PAGE 13  

 735          /*
 736           * 输出遮光状态。
 737           * 当前 P1_2/P1_3 都拉低。
 738           *
 739           * 注意：
 740           * 这里没有修改 rx_light_state，只改物理输出。
 741           * rx_light_state 在 rx_enter_block_state() 中清 0。
 742           */
 743          static void rx_output_block(void)
 744          {
 745   1          gpio_io_set(P1_2, GPIO_LOW);
 746   1          gpio_io_set(P1_3, GPIO_LOW);
 747   1      //    gpio_io_set(P1_0, GPIO_HIGH);
 748   1      }
 749          
 750          
 751          /*======================================================================
 752           * 八、ADC 读取、窗口积分平均与迟滞判断
 753           *====================================================================*/
 754          
 755          /*
 756           * 单次 ADC 读取。
 757           *
 758           * 流程：
 759           * 1. 启动指定通道转换。
 760           * 2. 等待 ADC 硬件忙标志清除。
 761           * 3. 等待转换完成标志。
 762           * 4. 清完成标志。
 763           * 5. 读取 ADC 值。
 764           *
 765           * 排查点：
 766           * 这里是阻塞等待。如果 ADC 异常卡住，主循环会卡死，
 767           * GTIMER0/GTIMER1 中断虽然可能置位，但主循环无法处理状态机。
 768           */
 769          static uint16_t rx_adc_read_once(uint8_t ch)
 770          {
 771   1          uint16_t value;
 772   1      
 773   1          adc_convert_start(ch);
 774   1      
 775   1          while ((ADCGCR1 & 0x04) != 0);
 776   1          while (!(ADCCSTAT & 0x01));
 777   1      
 778   1          ADCCSTAT = 0x01;
 779   1      
 780   1          value = adc_get_value();
 781   1      
 782   1          if (value > ADC_MAX_VALUE)
 783   1          {
 784   2              value = ADC_MAX_VALUE;
 785   2          }
 786   1      
 787   1          return value;
 788   1      }
 789          
 790          
 791          /*
 792           * 在一个固定时间窗口内连续读取 ADC，并求平均值。
 793           *
 794           * 输入：
 795           * - ch：ADC 通道。
 796           * - window_tick：窗口宽度，单位 us。
C51 COMPILER V9.57.0.0   MAIN                                                              06/17/2026 22:13:31 PAGE 14  

 797           * - sample_count：返回本窗口有效采样次数。
 798           *
 799           * 输出：
 800           * - 返回窗口平均 ADC。
 801           * - 如果窗口内没有有效采样，返回 ADC_INVALID。
 802           *
 803           * 重要理解：
 804           * 这里求的是“窗口平均值”，不是峰值。
 805           * 所以即使真实脉冲峰值很高，只要有效脉宽小于窗口宽度，
 806           * 平均值就会被低电平部分拉低。
 807           *
 808           * 排查遮光不判断时看两点：
 809           * - 遮光后 avg_adc 是否仍然大于关闭阈值；
 810           * - sample_count 是否异常为 0 或异常很少。
 811           */
 812          static uint16_t rx_adc_scan_window_average(uint8_t ch, uint16_t window_tick, uint16_t *sample_count)
 813          {
 814   1          uint16_t start_tick;
 815   1          uint16_t value;
 816   1          uint16_t count;
 817   1          uint32_t sum;
 818   1      
 819   1          sum   = 0U;
 820   1          count = 0U;
 821   1      
 822   1          start_tick = rx_timer_get_count();
 823   1      
 824   1          /* P1_0 拉低用于示波器观察 ADC 扫描窗口。 */
 825   1          gpio_io_set(P1_0, GPIO_LOW);
 826   1      
 827   1          do
 828   1          {
 829   2              value = rx_adc_read_once(ch);
 830   2      
 831   2              if (value < RX_ADC_MAX_VALID)
 832   2              {
 833   3                  sum += value;
 834   3                  count++;
 835   3              }
 836   2          }
 837   1          while (rx_timer_elapsed_from(start_tick) < window_tick);
 838   1      
 839   1          gpio_io_set(P1_0, GPIO_HIGH);
 840   1      
 841   1          if (sample_count != 0)
 842   1          {
 843   2              *sample_count = count;
 844   2          }
 845   1      
 846   1          if (count == 0U)
 847   1          {
 848   2              return ADC_INVALID;
 849   2          }
 850   1      
 851   1          return (uint16_t)(sum / count);
 852   1      }
 853          
 854          
 855          /*
 856           * 计算 ADC 迟滞关闭阈值。
 857           *
 858           * 如果 adc_set=200，RX_ADC_HYS_VALUE=30，则关闭阈值为 170。
C51 COMPILER V9.57.0.0   MAIN                                                              06/17/2026 22:13:31 PAGE 15  

 859           *
 860           * 迟滞含义：
 861           * - 无效 -> 有效：必须 >= 200。
 862           * - 有效 -> 无效：必须 <= 170。
 863           *
 864           * 所以遮光后 ADC 如果落在 171~199，状态仍会维持有效。
 865           */
 866          static uint16_t rx_adc_calc_off_threshold(void)
 867          {
 868   1          if (adc_set > RX_ADC_HYS_VALUE)
 869   1          {
 870   2              return (uint16_t)(adc_set - RX_ADC_HYS_VALUE);
 871   2          }
 872   1      
 873   1          return 0U;
 874   1      }
 875          
 876          
 877          /*
 878           * ADC 迟滞判断。
 879           *
 880           * 返回：
 881           * - 1：当前窗口认为有效。
 882           * - 0：当前窗口认为无效。
 883           *
 884           * 关键变量：rx_adc_valid_state
 885           * - 不是每次简单比较 adc_set。
 886           * - 一旦进入有效状态，必须低于 off_threshold 才会退出。
 887           *
 888           * 排查点：
 889           * 遮光后如果 avg_adc 没有降到 adc_set - RX_ADC_HYS_VALUE 以下，
 890           * adc_ok 会继续为 1，rx_lost_window_count 永远不会累计。
 891           */
 892          static uint8_t rx_adc_hysteresis_check(uint16_t adc)
 893          {
 894   1          uint16_t adc_on_th;
 895   1          uint16_t adc_off_th;
 896   1      
 897   1          if (adc >= RX_ADC_MAX_VALID)
 898   1          {
 899   2              rx_adc_valid_state = 0;
 900   2              return 0;
 901   2          }
 902   1      
 903   1          adc_on_th  = adc_set;
 904   1          adc_off_th = rx_adc_calc_off_threshold();
 905   1      
 906   1          if (rx_adc_valid_state == 0)
 907   1          {
 908   2              if (adc >= adc_on_th)
 909   2              {
 910   3                  rx_adc_valid_state = 1;
 911   3              }
 912   2          }
 913   1          else
 914   1          {
 915   2              if (adc <= adc_off_th)
 916   2              {
 917   3                  rx_adc_valid_state = 0;
 918   3              }
 919   2          }
 920   1      
C51 COMPILER V9.57.0.0   MAIN                                                              06/17/2026 22:13:31 PAGE 16  

 921   1          return rx_adc_valid_state;
 922   1      }
 923          
 924          
 925          /*======================================================================
 926           * 九、接收状态机
 927           *====================================================================*/
 928          
 929          /*
 930           * 收到 P1_4 同步边沿后，启动周期 ADC 窗口采样。
 931           *
 932           * 状态变化：
 933           * - 停止 GTIMER1 同步等待超时。
 934           * - rx_seen_once = 1，表示进入“已同步采样状态”。
 935           * - 清空有效/无效连续计数。
 936           * - 关闭 P1_4 中断，避免后续每个脉冲都进 GPIO 中断。
 937           * - 启动 GTIMER0，等待第一次 ADC 窗口。
 938           *
 939           * 排查点：
 940           * 只要这个函数被调用，rx_lost_window_count 会被清零，
 941           * 所以遮光时如果 P1_4 毛刺误触发同步，会打断遮光累计。
 942           */
 943          static void rx_start_periodic_window_from_sync(void)
 944          {
 945   1          /* 已经收到同步边沿，关闭 2ms 同步等待超时定时器。 */
 946   1          rx_sync_timeout_timer_stop_clear();
 947   1      
 948   1          rx_seen_once         = 1U;
 949   1          rx_window_pending    = 0U;
 950   1          rx_sync_pending      = 0U;
 951   1          rx_resync_pending    = 0U;
 952   1          rx_resync_window_count = 0U;
 953   1          rx_valid_count       = 0U;
 954   1          rx_lost_window_count = 0U;
 955   1          rx_adc_valid_state   = 0U;
 956   1          rx_first_interval_pending = 1U;
 957   1          rx_last_trigger_interval_tick = 0U;
 958   1          g_dbg_last_adc_ok    = 0U;
 959   1      
 960   1          /* 同步完成后，P1_4 不再反复进中断，后续由 GTIMER0 周期窗口采样。 */
 961   1          rx_sync_irq_disable();
 962   1      
 963   1      #if RX_FIRST_WINDOW_IMMEDIATE
                  /*
                   * 这个立即补采窗口不影响后续定时器相位。
                   * 后续仍然先等 RX_FIRST_WINDOW_DELAY_TICK，再进入 1ms 周期。
                   */
                  rx_window_pending = 1U;
              #endif
 970   1      
 971   1          /*
 972   1           * 关键修改：
 973   1           * GTIMER0 的周期仍然是 1000us，只是启动时预装 CNT，
 974   1           * 让“第一次溢出”发生在 RX_FIRST_WINDOW_DELAY_TICK 后。
 975   1           * 第一次溢出以后，硬件自动回到 1ms 周期，不需要在中断里改周期。
 976   1           */
 977   1          rx_timer_restart_with_first_delay();
 978   1      
 979   1          uart_debug_request(UART_DBG_REASON_SYNC, 1U);
*** WARNING C275 IN LINE 979 OF ..\source\main.c: expression with possibly no effect
 980   1      }
 981          
C51 COMPILER V9.57.0.0   MAIN                                                              06/17/2026 22:13:31 PAGE 17  

 982          
 983          /*
 984           * 进入遮光状态的统一出口。
 985           *
 986           * 只有两条正常路径会调用：
 987           * 1. ADC 连续无效窗口达到 RX_LOST_WINDOW_COUNT。
 988           * 2. 强制重同步等待 P1_4 超时。
 989           *
 990           * 动作：
 991           * - 清所有计数和 pending 标志。
 992           * - 停 GTIMER0/GTIMER1。
 993           * - 输出遮光。
 994           * - rx_light_state 清 0。
 995           * - 重新打开 P1_4，等待下一次来光同步。
 996           */
 997          static void rx_enter_block_state(uint8_t debug_reason)
 998          {
 999   1          rx_valid_count       = 0U;
1000   1          rx_lost_window_count = 0U;
1001   1          rx_seen_once         = 0U;
1002   1          rx_window_pending    = 0U;
1003   1          rx_sync_pending      = 0U;
1004   1          rx_resync_pending    = 0U;
1005   1          rx_sync_wait_timeout_pending = 0U;
1006   1          rx_sync_wait_timer_running   = 0U;
1007   1          rx_resync_window_count = 0U;
1008   1          rx_adc_valid_state   = 0U;
1009   1          rx_first_interval_pending = 0U;
1010   1          rx_last_trigger_interval_tick = 0U;
1011   1          g_dbg_last_adc_ok    = 0U;
1012   1      
1013   1          rx_timer_stop_clear();
1014   1          rx_sync_timeout_timer_stop_clear();
1015   1          rx_output_block();
1016   1      
1017   1          if (rx_light_state)
1018   1          {
1019   2              rx_light_state = 0U;
1020   2          }
1021   1      
1022   1          /* 遮光后重新打开 P1_4 中断，等待下一次来光重新同步。 */
1023   1          rx_sync_irq_enable();
1024   1      
1025   1          uart_debug_request(debug_reason, 1U);
*** WARNING C275 IN LINE 1025 OF ..\source\main.c: expression with possibly no effect
1026   1      }
*** WARNING C280 IN LINE 997 OF ..\source\main.c: 'debug_reason': unreferenced local variable
1027          
1028          
1029          /*
1030           * 主循环上下文里的强制重同步。
1031           *
1032           * 这个函数不能放在 GTIMER0 中断或 GPIO 中断里调用，原因是里面会重新打开
1033           * P1_4 同步中断，最终会调用 gpio_irq_set()，C51 会对 ISR 和主流程双入口
1034           * 调用库函数报 L15 警告。
1035           *
1036           * 强制重同步只重新校准采样相位，不改变当前输出状态：
1037           * - 当前已经有光：输出继续保持有光，等待下一次 P1_4 边沿后恢复 1ms 窗口。
1038           * - 当前实际遮光：因为没有新的 P1_4 边沿，后续不会误确认有光；遮光正常由
1039           *   无效窗口逻辑处理，所以这里不主动拉低输出。
1040           */
1041          /*
C51 COMPILER V9.57.0.0   MAIN                                                              06/17/2026 22:13:31 PAGE 18  

1042           * 主循环里执行强制重同步。
1043           *
1044           * 这是当前版本“遮光偶尔不判断”的重点怀疑函数。
1045           *
1046           * 它做了几件事：
1047           * 1. rx_seen_once = 0：退出 ADC 周期采样状态。
1048           * 2. rx_timer_stop_clear()：停止 GTIMER0，后续不再产生 ADC 窗口。
1049           * 3. 打开 P1_4 同步中断，等待新边沿。
1050           * 4. 如果当前输出仍是有光，则启动 GTIMER1 2ms 超时。
1051           *
1052           * 风险：
1053           * 遮光刚好发生在这个阶段时，不会再经过连续 3 个 ADC 无效窗口，
1054           * 只能等 GTIMER1 超时处理。如果 GTIMER1 或主循环处理不及时，输出会保持有光。
1055           */
1056          static void rx_force_resync_from_main(void)
1057          {
1058   1          rx_resync_pending = 0U;
1059   1          rx_resync_window_count = 0U;
1060   1      
1061   1          /*
1062   1           * 这里退出“已同步 ADC 窗口采样状态”。
1063   1           * 从这一刻开始，GTIMER0 会被停掉，遮光不再走 ADC 连续无效窗口路径。
1064   1           */
1065   1          rx_seen_once = 0U;
1066   1          rx_window_pending = 0U;
1067   1          rx_sync_pending = 0U;
1068   1          rx_sync_wait_timeout_pending = 0U;
1069   1          rx_sync_wait_timer_running   = 0U;
1070   1          rx_adc_valid_state = 0U;
1071   1          rx_first_interval_pending = 0U;
1072   1          rx_last_trigger_interval_tick = 0U;
1073   1      
1074   1          /*
1075   1           * 停止 GTIMER0：这是强制重同步的核心动作。
1076   1           * 也是遮光偶发不判断时最需要示波器确认的动作：
1077   1           * 如果 P1_0 ADC 窗口脚停止跳变，说明已经进入重同步等待期。
1078   1           */
1079   1          rx_timer_stop_clear();
1080   1      
1081   1          /* 重新打开 P1_4，等待下一次发射脉冲边沿重新同步。 */
1082   1          rx_sync_irq_enable();
1083   1      
1084   1          /*
1085   1           * 当前仍然处于有光输出状态，开始 2ms 同步等待超时。
1086   1           * 如果 2ms 内没有新的 P1_4 同步边沿，主循环会判定遮光。
1087   1           */
1088   1          if (rx_light_state != 0U)
1089   1          {
1090   2              /*
1091   2               * 只有当前已经输出有光，强制重同步才启动 2ms 超时。
1092   2               * 如果这里没启动，遮光时输出可能保持当前状态直到下一次事件。
1093   2               */
1094   2              rx_sync_timeout_timer_start();
1095   2          }
1096   1      
1097   1          uart_debug_request(UART_DBG_REASON_RESYNC, 1U);
*** WARNING C275 IN LINE 1097 OF ..\source\main.c: expression with possibly no effect
1098   1      }
1099          
1100          
1101          /*
1102           * 主循环上下文里的同步等待超时处理。
C51 COMPILER V9.57.0.0   MAIN                                                              06/17/2026 22:13:31 PAGE 19  

1103           * 如果强制重同步后 2ms 内没有收到 P1_4，同步等待超时，直接判定遮光。
1104           */
1105          /*
1106           * 处理强制重同步期间的 2ms 超时。
1107           *
1108           * 条件：
1109           * - rx_sync_wait_timeout_pending = 1，说明 GTIMER1 已经超时。
1110           * - rx_seen_once == 0，说明还没有重新同步成功。
1111           * - rx_light_state != 0，说明输出之前还保持有光。
1112           *
1113           * 满足后调用 rx_enter_block_state() 判定遮光。
1114           *
1115           * 排查点：
1116           * 如果遮光不判断时 rx_light_state=1 且 rx_seen_once=0，
1117           * 但这个函数没有执行到 rx_enter_block_state，说明 GTIMER1 超时链路有问题。
1118           */
1119          static void rx_handle_sync_wait_timeout_from_main(void)
1120          {
1121   1          if (rx_sync_wait_timeout_pending == 0U)
1122   1          {
1123   2              return;
1124   2          }
1125   1      
1126   1          rx_sync_wait_timeout_pending = 0U;
1127   1          rx_sync_wait_timer_running   = 0U;
1128   1      
1129   1          if ((rx_seen_once == 0U) && (rx_light_state != 0U))
1130   1          {
1131   2              /*
1132   2               * 仍未重新同步，并且输出还保持有光：
1133   2               * 这时同步等待超时应当直接判定遮光。
1134   2               */
1135   2      #if UART_ADC_DEBUG_ENABLE
                      uart_debug_inc16(&g_dbg_timeout_count);
              #endif
1138   2              rx_enter_block_state(UART_DBG_REASON_SYNC_TIMEOUT);
1139   2          }
1140   1      }
1141          
1142          
1143          /*
1144           * 每处理一个 ADC 窗口后累计一次。
1145           *
1146           * 为了避免真实遮光时刚好碰到重同步周期，导致输出保持有光等待同步，
1147           * 这里只在“本窗口仍然有效 adc_ok=1”时触发强制重同步。
1148           * 如果已经开始连续无效，优先走 RX_LOST_WINDOW_COUNT 遮光判定。
1149           */
1150          /*
1151           * 每处理完一个 ADC 窗口后，累计强制重同步计数。
1152           *
1153           * 当前代码逻辑：
1154           * - 只要 rx_seen_once=1，就累计 rx_resync_window_count。
1155           * - 当累计到 RX_RESYNC_WINDOW_COUNT，且本窗口 adc_ok=1，就置位 rx_resync_pending。
1156           *
1157           * 重点问题：
1158           * RX_RESYNC_WINDOW_COUNT 当前是 3U，导致重同步太频繁。
1159           *
1160           * 另外：
1161           * 当前代码即使 rx_light_state 还没真正确认有光，也会累计重同步次数。
1162           * 更稳的做法是：只有 rx_light_state==1 且 adc_ok==1 才累计。
1163           */
1164          static void rx_resync_count_after_window(uint8_t adc_ok)
C51 COMPILER V9.57.0.0   MAIN                                                              06/17/2026 22:13:31 PAGE 20  

1165          {
1166   1      #if RX_RESYNC_ENABLE
1167   1          if (RX_RESYNC_WINDOW_COUNT == 0U)
1168   1          {
1169   2              return;
1170   2          }
1171   1      
1172   1          if (rx_seen_once == 0U)
1173   1          {
1174   2              rx_resync_window_count = 0U;
1175   2              return;
1176   2          }
1177   1      
1178   1          if (rx_resync_window_count < 65535U)
1179   1          {
1180   2              rx_resync_window_count++;
1181   2          }
1182   1      
1183   1          if ((rx_resync_window_count >= RX_RESYNC_WINDOW_COUNT) && (adc_ok != 0U))
1184   1          {
1185   2              /*
1186   2               * 达到强制重同步条件。
1187   2               * 当前 RX_RESYNC_WINDOW_COUNT=3U，所以这里非常容易频繁触发。
1188   2               */
1189   2              rx_resync_pending = 1U;
1190   2          }
1191   1      #else
                  (void)adc_ok;
              #endif
1194   1      }
1195          
1196          
1197          /*
1198           * 处理一次 ADC 窗口，是整个遮光/有光判断的核心函数。
1199           *
1200           * 正常遮光路径：
1201           * 1. 扫描一个 ADC 窗口，得到 avg_adc。
1202           * 2. 迟滞判断得到 adc_ok。
1203           * 3. adc_ok=0：rx_lost_window_count++。
1204           * 4. 连续无效达到 RX_LOST_WINDOW_COUNT：调用 rx_enter_block_state()。
1205           *
1206           * 如果明明遮挡但不遮光，重点看：
1207           * - 这个函数有没有持续执行；
1208           * - adc_ok 是否真的变成 0；
1209           * - rx_lost_window_count 有没有被清零；
1210           * - 是否执行完窗口后马上触发了 rx_resync_pending。
1211           */
1212          static void rx_process_adc_window(void)
1213          {
1214   1          uint16_t avg_adc;
1215   1          uint16_t sample_count;
1216   1          uint8_t adc_ok;
1217   1      
1218   1          if (rx_seen_once == 0U)
1219   1          {
1220   2              return;
1221   2          }
1222   1      
1223   1          sample_count = 0U;
1224   1          avg_adc = rx_adc_scan_window_average(ADC_CHANNEL_1,
1225   1                                               RX_ADC_WINDOW_WIDTH_TICK,
1226   1                                               &sample_count);
C51 COMPILER V9.57.0.0   MAIN                                                              06/17/2026 22:13:31 PAGE 21  

1227   1      
1228   1          adc_data  = avg_adc;
1229   1          adc_data1 = sample_count;
1230   1          adcount   = sample_count;
1231   1          g_dbg_last_elapsed_tick = rx_last_trigger_interval_tick;
1232   1      
1233   1      #if RX_ADC_HYS_ENABLE
1234   1          adc_ok = rx_adc_hysteresis_check(avg_adc);
1235   1      #else
                  if ((avg_adc < RX_ADC_MAX_VALID) && (avg_adc >= adc_set))
                  {
                      adc_ok = 1U;
                  }
                  else
                  {
                      adc_ok = 0U;
                  }
              #endif
1245   1      
1246   1          g_dbg_last_adc_ok = adc_ok;
1247   1      
1248   1          if (adc_ok)
1249   1          {
1250   2              /*
1251   2               * 只要一个窗口被认为有效，遮光连续无效计数就会清零。
1252   2               * 所以遮光偶尔不判断时，要看遮光后 adc_ok 是否偶尔仍为 1。
1253   2               */
1254   2              rx_lost_window_count = 0U;
1255   2      
1256   2              if (rx_valid_count < RX_CONFIRM_COUNT)
1257   2              {
1258   3                  rx_valid_count++;
1259   3              }
1260   2      
1261   2      #if UART_ADC_DEBUG_ENABLE
                      uart_debug_inc16(&g_dbg_valid_pulse_count);
              #endif
1264   2      
1265   2              if ((!rx_light_state) && (rx_valid_count >= RX_CONFIRM_COUNT))
1266   2              {
1267   3                  rx_light_state = 1U;
1268   3                  rx_output_light();
1269   3      
1270   3      #if UART_ADC_DEBUG_STATE_CHANGE_PRINT
                          uart_debug_request(UART_DBG_REASON_LIGHT_ON, 1U);
              #else
1273   3                  uart_debug_request(UART_DBG_REASON_LIGHT_ON, 0U);
*** WARNING C275 IN LINE 1273 OF ..\source\main.c: expression with possibly no effect
1274   3      #endif
1275   3              }
1276   2              else
1277   2              {
1278   3                  uart_debug_request(UART_DBG_REASON_VALID_WINDOW, 0U);
*** WARNING C275 IN LINE 1278 OF ..\source\main.c: expression with possibly no effect
1279   3              }
1280   2          }
1281   1          else
1282   1          {
1283   2              rx_valid_count = 0U;
1284   2      
1285   2              if (rx_lost_window_count < RX_LOST_WINDOW_COUNT)
1286   2              {
C51 COMPILER V9.57.0.0   MAIN                                                              06/17/2026 22:13:31 PAGE 22  

1287   3                  /*
1288   3                   * 正常遮光确认计数。
1289   3                   * 连续无效窗口达到 RX_LOST_WINDOW_COUNT 才会真正拉低输出。
1290   3                   */
1291   3                  rx_lost_window_count++;
1292   3              }
1293   2      
1294   2      #if UART_ADC_DEBUG_ENABLE
                      uart_debug_inc16(&g_dbg_adc_fail_count);
              #endif
1297   2      
1298   2              if (rx_lost_window_count >= RX_LOST_WINDOW_COUNT)
1299   2              {
1300   3                  /*
1301   3                   * 正常 ADC 遮光路径最终到这里。
1302   3                   * 如果遮光不判断，说明没有连续走到这里。
1303   3                   */
1304   3      #if UART_ADC_DEBUG_ENABLE
                          uart_debug_inc16(&g_dbg_timeout_count);
              #endif
1307   3                  rx_enter_block_state(UART_DBG_REASON_TIMEOUT);
1308   3              }
1309   2              else
1310   2              {
1311   3                  uart_debug_request(UART_DBG_REASON_ADC_FAIL, 0U);
*** WARNING C275 IN LINE 1311 OF ..\source\main.c: expression with possibly no effect
1312   3              }
1313   2          }
1314   1      
1315   1          /* 如果本窗口没有触发遮光状态机退出，则按窗口周期累计重同步。 */
1316   1          if (rx_seen_once != 0U)
1317   1          {
1318   2              rx_resync_count_after_window(adc_ok);
1319   2          }
1320   1      }
1321          
1322          
1323          /*======================================================================
1324           * 十、串口调试函数
1325           *====================================================================*/
1326          
1327          #if UART_ADC_DEBUG_ENABLE
              
              /* 调试计数器安全自增，防止 uint16_t 溢出回 0。 */
              static void uart_debug_inc16(volatile uint16_t *value)
              {
                  if (*value < 65535U)
                  {
                      (*value)++;
                  }
              }
              
              
              /*
               * 请求串口打印。
               *
               * 当前 UART_ADC_DEBUG_ENABLE=0 时整段不会编译。
               * 如果打开调试，注意不要每 1ms 都大量 printf，
               * 否则主循环处理 pending 的速度会被串口拖慢。
               */
              static void uart_debug_request(uint8_t reason, uint8_t force)
              {
C51 COMPILER V9.57.0.0   MAIN                                                              06/17/2026 22:13:31 PAGE 23  

                  (void)force;
              
                  /*
                   * 只允许 ADC 窗口处理完成后的事件触发打印。
                   * 上电、同步、重同步、窗口积压等状态事件不打印，避免刷屏堵主循环。
                   */
                  if ((reason != UART_DBG_REASON_VALID_WINDOW) &&
                      (reason != UART_DBG_REASON_ADC_FAIL) &&
                      (reason != UART_DBG_REASON_LIGHT_ON) &&
                      (reason != UART_DBG_REASON_TIMEOUT))
                  {
                      return;
                  }
              
                  g_uart_debug_reason = reason;
              
                  g_uart_debug_div_count++;
              
                  if (g_uart_debug_div_count >= UART_ADC_DEBUG_EVENT_DIV)
                  {
                      g_uart_debug_div_count  = 0U;
                      g_uart_debug_need_print = 1U;
                  }
              }
              
              
              /*
               * 主循环里真正执行 printf。
               *
               * 这样避免在中断里打印。
               * 但如果打印过多，仍然会堵主循环。
               */
              static void uart_adc_debug_process(void)
              {
                  if (g_uart_debug_need_print == 0U)
                  {
                      return;
                  }
              
                  g_uart_debug_need_print = 0U;
              
                  /*
                   * 只打印两个核心量，CSV 格式更短：
                   * 第 1 个数：当前判断阈值 adc_set。
                   * 第 2 个数：最近一次 ADC 扫描窗口积分平均值 adc_data。
                   */
                  printfS("%u,%u\r\n",
                          adc_set,
                          adc_data);
              }
              
              #endif
1400          
1401          
1402          /*======================================================================
1403           * 十一、主函数
1404           *====================================================================*/
1405          
1406          /*
1407           * 主函数。
1408           *
1409           * 主循环只做四类 pending 处理：
C51 COMPILER V9.57.0.0   MAIN                                                              06/17/2026 22:13:31 PAGE 24  

1410           * 1. rx_sync_pending：GPIO 同步边沿来了，启动周期窗口。
1411           * 2. rx_sync_wait_timeout_pending：强制重同步等待超时，判定遮光。
1412           * 3. rx_window_pending：GTIMER0 到点了，处理 ADC 窗口。
1413           * 4. rx_resync_pending：达到重同步周期，停掉 ADC 窗口并等待 P1_4。
1414           *
1415           * 排查主线：
1416           * 遮光不判断时，需要判断卡在哪个 pending：
1417           * - rx_window_pending 不来：GTIMER0 没跑或 rx_seen_once=0。
1418           * - rx_window_pending 来但 adc_ok=1：ADC/阈值/窗口问题。
1419           * - rx_resync_pending 频繁：强制重同步太频繁。
1420           * - rx_sync_wait_timeout_pending 不来：GTIMER1 超时链路问题。
1421           */
1422          void main(void)
1423          {
1424   1          system_init();
1425   1      
1426   1          GPIO_Init();
1427   1      
1428   1          uart_init();
1429   1      
1430   1          /*
1431   1           * GTIMER0 作为 ADC 扫描窗口周期定时器。
1432   1           * 24MHz / 24 = 1MHz，1 tick = 1us。
1433   1           * RX_WINDOW_INTERVAL_TICK = 1000 表示后续每 1ms 产生一次窗口触发。
1434   1           * 同步后的第一次触发时间由 RX_FIRST_WINDOW_DELAY_TICK 通过 CNT 预装实现。
1435   1           */
1436   1          gtimer0_count_init(RX_WINDOW_INTERVAL_TICK, 24 - 1);
1437   1          gtimer0_irq_init(GTIMER_IRQ_ENABLE, GTIMER0_UIE_IRQ, gtimer0_UECallBack);
1438   1      
1439   1          /*
1440   1           * GTIMER1 作为强制重同步等待同步边沿的 2ms 一次性超时定时器。
1441   1           * 只在周期性强制重同步时启动，收到 P1_4 后立即关闭。
1442   1           */
1443   1          gtimer1_count_init(RX_SYNC_WAIT_TIMEOUT_TICK, 24 - 1);
1444   1          gtimer1_irq_init(GTIMER_IRQ_ENABLE, GTIMER1_UIE_IRQ, gtimer1_UECallBack);
1445   1      
1446   1          /* 上电先不启动定时器，等待第一次 P1_4 同步边沿。 */
1447   1          rx_timer_stop_clear();//== 清零并停止定时器
1448   1          rx_sync_timeout_timer_stop_clear();//== 停止并清零 GTIMER1 同步等待超时定时器
1449   1      
1450   1          /* ADC_CHANNEL_1：接收信号 ADC；ADC_CHANNEL_2：预留 ADJ 电位器。 */
1451   1          adc_clk_config(ADC_CLKSOURCE_SYSCLK, ADC_VREFSOURCE_AVDD33, 4, ADC_ENABLE);
1452   1          adc_sample_clk_config(ADC_SAMPCLK_4);
1453   1          adc_io_config(ADC_CHANNEL_1 | ADC_CHANNEL_2);
1454   1          adc_scan_mode_config(ADC_MODE_SINGLE);
1455   1          adc_power_config(ADC_ENABLE);
1456   1          adc_controller_config(ADC_ENABLE);
1457   1      
1458   1          rx_output_block();//== 默认遮光输出
1459   1          rx_sync_irq_enable();//== 打开同步中断
1460   1      
1461   1          uart_debug_request(UART_DBG_REASON_BOOT, 1U);
*** WARNING C275 IN LINE 1461 OF ..\source\main.c: expression with possibly no effect
1462   1      
1463   1          while (1)
1464   1          {
1465   2              /*
1466   2               * P1_4 interrupt only sets rx_sync_pending.
1467   2               * Do the actual sync start here so gpio_irq_set() is never called from GPIO_IRQHandler.
1468   2               */
1469   2              if (rx_sync_pending != 0U)//== 同步成功
1470   2              {
C51 COMPILER V9.57.0.0   MAIN                                                              06/17/2026 22:13:31 PAGE 25  

1471   3                  rx_sync_pending = 0U;
1472   3      
1473   3                  if (rx_seen_once == 0U)
1474   3                  {
1475   4                      rx_start_periodic_window_from_sync();
1476   4                  }
1477   3              }
1478   2      
1479   2              /*
1480   2               * 强制重同步等待期的 2ms 超时处理。
1481   2               * 放在同步处理后面：如果同步边沿和超时几乎同时发生，优先认为同步成功。
1482   2               */
1483   2              if (rx_sync_wait_timeout_pending != 0U)
1484   2              {
1485   3                  rx_handle_sync_wait_timeout_from_main();
1486   3              }
1487   2      
1488   2              /*
1489   2               * 定时器中断只置位，不在中断里做 ADC 连续扫描。
1490   2               * 这样可以避免 40us 级窗口扫描长时间占用中断。
1491   2               */
1492   2              if (rx_window_pending != 0U)
1493   2              {
1494   3                  /*
1495   3                   * 处理 ADC 窗口。
1496   3                   * 这里是正常有光/遮光判断的主路径。
1497   3                   */
1498   3                  rx_window_pending = 0U;
1499   3                  rx_process_adc_window();
1500   3              }
1501   2      
1502   2              /*
1503   2               * 周期性重同步也在主循环处理。
1504   2               * 这样 rx_sync_irq_enable()/gpio_irq_set() 不会从中断上下文调用，避免 L15。
1505   2               */
1506   2              if (rx_resync_pending != 0U)
1507   2              {
1508   3                  /*
1509   3                   * 强制重同步路径。
1510   3                   * 如果这个分支过于频繁，ADC 窗口会经常停止。
1511   3                   */
1512   3                  rx_force_resync_from_main();
1513   3              }
1514   2      
1515   2              uart_adc_debug_process();
*** WARNING C275 IN LINE 1515 OF ..\source\main.c: expression with possibly no effect
1516   2          }
1517   1      }
1518          
1519          
1520          /*======================================================================
1521           * 十二、GTIMER0 周期窗口触发回调
1522           *====================================================================*/
1523          
1524          /*
1525           * GTIMER0 更新中断：周期 ADC 窗口触发。
1526           *
1527           * 注意：
1528           * 中断里不读 ADC，只置位 rx_window_pending。
1529           * 真正 ADC 扫描放在主循环，避免中断占用太久。
1530           *
1531           * 排查点：
C51 COMPILER V9.57.0.0   MAIN                                                              06/17/2026 22:13:31 PAGE 26  

1532           * 如果 rx_seen_once=0，这里会直接停掉 GTIMER0。
1533           * 所以强制重同步后不会再产生 ADC 窗口。
1534           */
1535          void gtimer0_UECallBack(void)
1536          {
1537   1          if (rx_seen_once == 0U)
1538   1          {
1539   2              rx_first_interval_pending = 0U;
1540   2              REG_GTIM0_CR0 &= ~(1 << 0);
1541   2              REG_GTIM0_CNT0 = 0x00;
1542   2              REG_GTIM0_CNT1 = 0x00;
1543   2              return;
1544   2          }
1545   1      
1546   1          if (rx_first_interval_pending != 0U)
1547   1          {
1548   2              /*
1549   2               * 这是同步后的第一次窗口。
1550   2               * 它的触发间隔不是 1000us，而是 RX_FIRST_WINDOW_DELAY_TICK。
1551   2               * 第一次溢出之后，GTIMER0 自动从 0 重新计数，
1552   2               * 后续自然恢复为每 1000us 触发一次。
1553   2               */
1554   2              rx_first_interval_pending = 0U;
1555   2              rx_last_trigger_interval_tick = rx_first_delay_cached_tick;
1556   2          }
1557   1          else
1558   1          {
1559   2              rx_last_trigger_interval_tick = RX_WINDOW_INTERVAL_TICK;
1560   2          }
1561   1      
1562   1          if (rx_window_pending != 0U)
1563   1          {
1564   2              /*
1565   2               * 上一次窗口还没被主循环处理，下一次 GTIMER0 又来了。
1566   2               * 说明主循环太忙，可能被 ADC 阻塞或串口打印拖慢。
1567   2               */
1568   2      #if UART_ADC_DEBUG_ENABLE
                      uart_debug_inc16(&g_dbg_short_edge_count);
              #endif
1571   2              uart_debug_request(UART_DBG_REASON_WINDOW_OVERRUN, 0U);
*** WARNING C275 IN LINE 1571 OF ..\source\main.c: expression with possibly no effect
1572   2          }
1573   1          else
1574   1          {
1575   2              rx_window_pending = 1U;
1576   2          }
1577   1      }
1578          
1579          
1580          /*======================================================================
1581           * 十三、GTIMER1 同步等待超时回调
1582           *====================================================================*/
1583          
1584          /*
1585           * GTIMER1 更新中断：强制重同步等待超时。
1586           *
1587           * 只在 rx_sync_wait_timer_running=1 时有效。
1588           * 中断里只置位 rx_sync_wait_timeout_pending，
1589           * 真正遮光处理放到主循环。
1590           */
1591          void gtimer1_UECallBack(void)
1592          {
C51 COMPILER V9.57.0.0   MAIN                                                              06/17/2026 22:13:31 PAGE 27  

1593   1          /*
1594   1           * GTIMER1 只作为一次性 2ms 看门狗。
1595   1           * 中断里不调用 gpio_irq_set()/rx_enter_block_state()，只停表并置位，
1596   1           * 真正遮光处理交给主循环，避免 C51 L15 多入口警告。
1597   1           */
1598   1          REG_GTIM1_CR0 &= ~(1 << 0);
1599   1          REG_GTIM1_CNT0 = 0x00;
1600   1          REG_GTIM1_CNT1 = 0x00;
1601   1      
1602   1          if (rx_sync_wait_timer_running != 0U)
1603   1          {
1604   2              rx_sync_wait_timer_running   = 0U;
1605   2              rx_sync_wait_timeout_pending = 1U;
1606   2          }
1607   1      }
1608          
1609          
1610          /*======================================================================
1611           * 十四、P1_4 比较器同步中断
1612           *====================================================================*/
1613          
1614          /*
1615           * P1_4 GPIO 中断：同步边沿入口。
1616           *
1617           * 中断里只做三件事：
1618           * 1. 判断是否是 P1_4 中断。
1619           * 2. 清中断标志。
1620           * 3. 如果当前允许同步，则置位 rx_sync_pending。
1621           *
1622           * 排查点：
1623           * 遮光时如果 P1_4 仍然会触发，说明同步输入有毛刺/反射/比较器噪声。
1624           * 这会让系统重新进入 rx_start_periodic_window_from_sync()。
1625           */
1626          void GPIO_IRQHandler(void) interrupt 0
1627          {
1628   1          if (gpio_irq_get(P1_4))
1629   1          {
1630   2              gpio_irq_clr(P1_4);
1631   2      
1632   2      #if UART_ADC_DEBUG_ENABLE
                      uart_debug_inc16(&g_dbg_irq_count);
              #endif
1635   2      
1636   2              /* 已同步运行时不再用 P1_4 参与判断。 */
1637   2              if ((rx_seen_once != 0U) ||
1638   2                  (rx_sync_pending != 0U) ||
1639   2                  (rx_sync_wait_timeout_pending != 0U))
1640   2              {
1641   3                  return;
1642   3              }
1643   2      
1644   2              rx_sync_pending = 1U;
1645   2          }
1646   1      }
1647          
1648          
1649          /*
1650           * gpio_irq_set() 要求传入的回调。
1651           * 当前项目实际不用这个二次回调，真正处理在 GPIO_IRQHandler()。
1652           */
1653          void gpio_UECallBack(void)
1654          {
C51 COMPILER V9.57.0.0   MAIN                                                              06/17/2026 22:13:31 PAGE 28  

1655   1          /* 不用二次回调。 */
1656   1      }
1657          
1658          
1659          /*======================================================================
1660           * 十五、GPIO 初始化
1661           *====================================================================*/
1662          
1663          /*
1664           * GPIO 初始化。
1665           *
1666           * P1_0：示波器观察 ADC 窗口，窗口期间拉低。
1667           * P1_2/P1_3：输出脚，有光拉高，遮光拉低。
1668           * P1_4：同步输入中断，只用于捕获同步边沿。
1669           * P1_5：保留输入。
1670           */
1671          void GPIO_Init(void)
1672          {
1673   1          /* P1_0 输出：用作 ADC 窗口示波器观测脚，窗口期间拉低。 */
1674   1          REG_P10_CFG = 0x00;
1675   1      
1676   1          gpio_init(P1_0);
1677   1          gpio_dir_set(P1_0, GPIO_DIR_OUT);
1678   1          gpio_dr_set(P1_0, GPIO_SR_HIGH);
1679   1          gpio_io_set(P1_0, GPIO_HIGH);
1680   1      
1681   1          /* P1_2 输出 */
1682   1          REG_P12_CFG = 0x00;
1683   1      
1684   1          gpio_init(P1_2);
1685   1          gpio_dir_set(P1_2, GPIO_DIR_OUT);
1686   1          gpio_dr_set(P1_2, GPIO_SR_HIGH);
1687   1          gpio_io_set(P1_2, GPIO_LOW);
1688   1      
1689   1          /* P1_3 输出 */
1690   1          REG_P13_CFG = 0x00;
1691   1      
1692   1          gpio_init(P1_3);
1693   1          gpio_dir_set(P1_3, GPIO_DIR_OUT);
1694   1          gpio_dr_set(P1_3, GPIO_SR_HIGH);
1695   1          gpio_io_set(P1_3, GPIO_LOW);
1696   1      
1697   1          /* P1_4 输入中断：只用于第一次同步。 */
1698   1          gpio_init(P1_4);
1699   1          gpio_dir_set(P1_4, GPIO_DIR_IN);
1700   1          gpio_dr_set(P1_4, GPIO_SR_HIGH);
1701   1          gpio_in_enable(P1_4, IN_ENABLE);
1702   1          gpio_irq_set(P1_4, GPIO_IRQ_ENABLE, gpio_UECallBack);
1703   1      
1704   1          /* 保留原来的 P1_4 特殊配置。 */
1705   1          P1AH &= ~(0x02);
1706   1          P1AH |=  (0x01);
1707   1      
1708   1          REG_P14_CFG = 0x20;
1709   1      
1710   1          /* P1_5 输入，保留原配置。 */
1711   1          REG_P15_CFG = 0x00;
1712   1      
1713   1          gpio_init(P1_5);
1714   1          gpio_dir_set(P1_5, GPIO_DIR_IN);
1715   1          gpio_in_enable(P1_5, IN_ENABLE);
1716   1      }
C51 COMPILER V9.57.0.0   MAIN                                                              06/17/2026 22:13:31 PAGE 29  

1717          
1718          
1719          /***********************************************************************
1720           * 【结尾排查建议】
1721           *
1722           * 如果你要定位“遮光有时候不判断”，建议按下面顺序观察：
1723           *
1724           * 1. 先看 P1_0 ADC 窗口脚：
1725           *    - 遮光时 P1_0 仍然每 1ms 跳变：说明还在正常 ADC 判断链路。
1726           *    - 遮光时 P1_0 停止跳变：说明进入了强制重同步等待链路。
1727           *
1728           * 2. 若 P1_0 仍跳变，看 adc_data：
1729           *    - adc_data 是否低于 adc_set - RX_ADC_HYS_VALUE。
1730           *    - 如果没有低于，迟滞会继续认为有效。
1731           *
1732           * 3. 若 P1_0 停止跳变，看 GTIMER1：
1733           *    - gtimer1_UECallBack() 是否进中断。
1734           *    - rx_sync_wait_timeout_pending 是否置位。
1735           *    - 主循环是否调用 rx_handle_sync_wait_timeout_from_main()。
1736           *
1737           * 4. 临时验证建议：
1738           *    - 把 RX_RESYNC_ENABLE 改成 0U。
1739           *    - 或把 RX_RESYNC_WINDOW_COUNT 改成 100U。
1740           *    如果问题消失，基本确定是强制重同步逻辑引起。
1741           ***********************************************************************/


MODULE INFORMATION:   STATIC OVERLAYABLE
   CODE SIZE        =   1618    ----
   CONSTANT SIZE    =   ----    ----
   XDATA SIZE       =     32      22
   PDATA SIZE       =   ----    ----
   DATA SIZE        =   ----    ----
   IDATA SIZE       =   ----    ----
   BIT SIZE         =   ----    ----
   EDATA SIZE       =   ----    ----
   HDATA SIZE       =   ----    ----
   XDATA CONST SIZE =   ----    ----
   FAR CONST SIZE   =   ----    ----
END OF MODULE INFORMATION.


C51 COMPILATION COMPLETE.  10 WARNING(S),  0 ERROR(S)
