<!doctype html public "-//w3c//dtd html 4.0 transitional//en">
<html><head>
<title>Static Call Graph - [.\Objects\USART_Interrupt.axf]</title></head>
<body><HR>
<H1>Static Call Graph for image .\Objects\USART_Interrupt.axf</H1><HR>
<BR><P>#&#060CALLGRAPH&#062# ARM Linker, 5060960: Last Updated: Wed Aug 05 15:13:59 2026
<BR><P>
<H3>Maximum Stack Usage =        184 bytes + Unknown(Cycles, Untraceable Function Pointers)</H3><H3>
Call chain for Maximum Stack Depth:</H3>
main &rArr; GS358_AppInit &rArr; GS358_PWMInit &rArr; TIM_GetTIMxClock &rArr; RCC_GetClocksFreq
<P>
<H3>
Mutually Recursive functions
</H3> <LI><a href="#[a]">EXTI0_1_IRQHandler</a>&nbsp;&nbsp;&nbsp;&rArr;&nbsp;&nbsp;&nbsp;<a href="#[a]">EXTI0_1_IRQHandler</a><BR>
</UL>
<P>
<H3>
Function Pointers
</H3><UL>
 <LI><a href="#[d]">ADC_IRQHandler</a> from mg32f003_it.o(i.ADC_IRQHandler) referenced from startup_mg32f003_keil.o(RESET)
 <LI><a href="#[a]">EXTI0_1_IRQHandler</a> from startup_mg32f003_keil.o(.text) referenced from startup_mg32f003_keil.o(RESET)
 <LI><a href="#[b]">EXTI2_3_IRQHandler</a> from startup_mg32f003_keil.o(.text) referenced from startup_mg32f003_keil.o(RESET)
 <LI><a href="#[c]">EXTI4_15_IRQHandler</a> from mg32f003_it.o(i.EXTI4_15_IRQHandler) referenced from startup_mg32f003_keil.o(RESET)
 <LI><a href="#[8]">FLASH_IRQHandler</a> from startup_mg32f003_keil.o(.text) referenced from startup_mg32f003_keil.o(RESET)
 <LI><a href="#[2]">HardFault_Handler</a> from mg32f003_it.o(i.HardFault_Handler) referenced from startup_mg32f003_keil.o(RESET)
 <LI><a href="#[12]">I2C1_IRQHandler</a> from startup_mg32f003_keil.o(.text) referenced from startup_mg32f003_keil.o(RESET)
 <LI><a href="#[6]">IWDG_IRQHandler</a> from startup_mg32f003_keil.o(.text) referenced from startup_mg32f003_keil.o(RESET)
 <LI><a href="#[1]">NMI_Handler</a> from mg32f003_it.o(i.NMI_Handler) referenced from startup_mg32f003_keil.o(RESET)
 <LI><a href="#[7]">PVD_IRQHandler</a> from startup_mg32f003_keil.o(.text) referenced from startup_mg32f003_keil.o(RESET)
 <LI><a href="#[4]">PendSV_Handler</a> from mg32f003_it.o(i.PendSV_Handler) referenced from startup_mg32f003_keil.o(RESET)
 <LI><a href="#[9]">RCC_IRQHandler</a> from startup_mg32f003_keil.o(.text) referenced from startup_mg32f003_keil.o(RESET)
 <LI><a href="#[0]">Reset_Handler</a> from startup_mg32f003_keil.o(.text) referenced from startup_mg32f003_keil.o(RESET)
 <LI><a href="#[13]">SPI1_IRQHandler</a> from startup_mg32f003_keil.o(.text) referenced from startup_mg32f003_keil.o(RESET)
 <LI><a href="#[3]">SVC_Handler</a> from mg32f003_it.o(i.SVC_Handler) referenced from startup_mg32f003_keil.o(RESET)
 <LI><a href="#[5]">SysTick_Handler</a> from mg32f003_it.o(i.SysTick_Handler) referenced from startup_mg32f003_keil.o(RESET)
 <LI><a href="#[17]">SystemInit</a> from system_mg32f003.o(i.SystemInit) referenced from startup_mg32f003_keil.o(.text)
 <LI><a href="#[11]">TIM14_IRQHandler</a> from startup_mg32f003_keil.o(.text) referenced from startup_mg32f003_keil.o(RESET)
 <LI><a href="#[e]">TIM1_BRK_UP_TRG_COM_IRQHandler</a> from startup_mg32f003_keil.o(.text) referenced from startup_mg32f003_keil.o(RESET)
 <LI><a href="#[f]">TIM1_CC_IRQHandler</a> from startup_mg32f003_keil.o(.text) referenced from startup_mg32f003_keil.o(RESET)
 <LI><a href="#[10]">TIM3_IRQHandler</a> from mg32f003_it.o(i.TIM3_IRQHandler) referenced from startup_mg32f003_keil.o(RESET)
 <LI><a href="#[14]">USART1_IRQHandler</a> from startup_mg32f003_keil.o(.text) referenced from startup_mg32f003_keil.o(RESET)
 <LI><a href="#[15]">USART2_IRQHandler</a> from startup_mg32f003_keil.o(.text) referenced from startup_mg32f003_keil.o(RESET)
 <LI><a href="#[18]">__main</a> from entry.o(.ARM.Collect$$$$00000000) referenced from startup_mg32f003_keil.o(.text)
 <LI><a href="#[16]">main</a> from main.o(i.main) referenced from entry9a.o(.ARM.Collect$$$$0000000B)
</UL>
<P>
<H3>
Global Symbols
</H3>
<P><STRONG><a name="[18]"></a>__main</STRONG> (Thumb, 0 bytes, Stack size unknown bytes, entry.o(.ARM.Collect$$$$00000000))
<BR>[Address Reference Count : 1]<UL><LI> startup_mg32f003_keil.o(.text)
</UL>
<P><STRONG><a name="[60]"></a>_main_stk</STRONG> (Thumb, 0 bytes, Stack size unknown bytes, entry2.o(.ARM.Collect$$$$00000001))

<P><STRONG><a name="[19]"></a>_main_scatterload</STRONG> (Thumb, 0 bytes, Stack size unknown bytes, entry5.o(.ARM.Collect$$$$00000004))
<BR><BR>[Calls]<UL><LI><a href="#[1a]">&gt;&gt;</a>&nbsp;&nbsp;&nbsp;__scatterload
</UL>

<P><STRONG><a name="[20]"></a>__main_after_scatterload</STRONG> (Thumb, 0 bytes, Stack size unknown bytes, entry5.o(.ARM.Collect$$$$00000004))
<BR><BR>[Called By]<UL><LI><a href="#[1a]">&gt;&gt;</a>&nbsp;&nbsp;&nbsp;__scatterload
</UL>

<P><STRONG><a name="[61]"></a>_main_clock</STRONG> (Thumb, 0 bytes, Stack size unknown bytes, entry7b.o(.ARM.Collect$$$$00000008))

<P><STRONG><a name="[62]"></a>_main_cpp_init</STRONG> (Thumb, 0 bytes, Stack size unknown bytes, entry8b.o(.ARM.Collect$$$$0000000A))

<P><STRONG><a name="[63]"></a>_main_init</STRONG> (Thumb, 0 bytes, Stack size unknown bytes, entry9a.o(.ARM.Collect$$$$0000000B))

<P><STRONG><a name="[1b]"></a>__rt_lib_shutdown_fini</STRONG> (Thumb, 0 bytes, Stack size unknown bytes, entry12b.o(.ARM.Collect$$$$0000000E))
<BR><BR>[Calls]<UL><LI><a href="#[1c]">&gt;&gt;</a>&nbsp;&nbsp;&nbsp;__arm_fini_ (Weak Reference)
</UL>

<P><STRONG><a name="[64]"></a>__rt_final_cpp</STRONG> (Thumb, 0 bytes, Stack size unknown bytes, entry10a.o(.ARM.Collect$$$$0000000F))

<P><STRONG><a name="[65]"></a>__rt_final_exit</STRONG> (Thumb, 0 bytes, Stack size unknown bytes, entry11a.o(.ARM.Collect$$$$00000011))

<P><STRONG><a name="[0]"></a>Reset_Handler</STRONG> (Thumb, 8 bytes, Stack size 0 bytes, startup_mg32f003_keil.o(.text))
<BR>[Address Reference Count : 1]<UL><LI> startup_mg32f003_keil.o(RESET)
</UL>
<P><STRONG><a name="[a]"></a>EXTI0_1_IRQHandler</STRONG> (Thumb, 0 bytes, Stack size 0 bytes, startup_mg32f003_keil.o(.text))
<BR><BR>[Calls]<UL><LI><a href="#[a]">&gt;&gt;</a>&nbsp;&nbsp;&nbsp;EXTI0_1_IRQHandler
</UL>
<BR>[Called By]<UL><LI><a href="#[a]">&gt;&gt;</a>&nbsp;&nbsp;&nbsp;EXTI0_1_IRQHandler
</UL>
<BR>[Address Reference Count : 1]<UL><LI> startup_mg32f003_keil.o(RESET)
</UL>
<P><STRONG><a name="[b]"></a>EXTI2_3_IRQHandler</STRONG> (Thumb, 0 bytes, Stack size 0 bytes, startup_mg32f003_keil.o(.text))
<BR>[Address Reference Count : 1]<UL><LI> startup_mg32f003_keil.o(RESET)
</UL>
<P><STRONG><a name="[8]"></a>FLASH_IRQHandler</STRONG> (Thumb, 0 bytes, Stack size 0 bytes, startup_mg32f003_keil.o(.text))
<BR>[Address Reference Count : 1]<UL><LI> startup_mg32f003_keil.o(RESET)
</UL>
<P><STRONG><a name="[12]"></a>I2C1_IRQHandler</STRONG> (Thumb, 0 bytes, Stack size 0 bytes, startup_mg32f003_keil.o(.text))
<BR>[Address Reference Count : 1]<UL><LI> startup_mg32f003_keil.o(RESET)
</UL>
<P><STRONG><a name="[6]"></a>IWDG_IRQHandler</STRONG> (Thumb, 0 bytes, Stack size 0 bytes, startup_mg32f003_keil.o(.text))
<BR>[Address Reference Count : 1]<UL><LI> startup_mg32f003_keil.o(RESET)
</UL>
<P><STRONG><a name="[7]"></a>PVD_IRQHandler</STRONG> (Thumb, 0 bytes, Stack size 0 bytes, startup_mg32f003_keil.o(.text))
<BR>[Address Reference Count : 1]<UL><LI> startup_mg32f003_keil.o(RESET)
</UL>
<P><STRONG><a name="[9]"></a>RCC_IRQHandler</STRONG> (Thumb, 0 bytes, Stack size 0 bytes, startup_mg32f003_keil.o(.text))
<BR>[Address Reference Count : 1]<UL><LI> startup_mg32f003_keil.o(RESET)
</UL>
<P><STRONG><a name="[13]"></a>SPI1_IRQHandler</STRONG> (Thumb, 0 bytes, Stack size 0 bytes, startup_mg32f003_keil.o(.text))
<BR>[Address Reference Count : 1]<UL><LI> startup_mg32f003_keil.o(RESET)
</UL>
<P><STRONG><a name="[11]"></a>TIM14_IRQHandler</STRONG> (Thumb, 0 bytes, Stack size 0 bytes, startup_mg32f003_keil.o(.text))
<BR>[Address Reference Count : 1]<UL><LI> startup_mg32f003_keil.o(RESET)
</UL>
<P><STRONG><a name="[e]"></a>TIM1_BRK_UP_TRG_COM_IRQHandler</STRONG> (Thumb, 0 bytes, Stack size 0 bytes, startup_mg32f003_keil.o(.text))
<BR>[Address Reference Count : 1]<UL><LI> startup_mg32f003_keil.o(RESET)
</UL>
<P><STRONG><a name="[f]"></a>TIM1_CC_IRQHandler</STRONG> (Thumb, 0 bytes, Stack size 0 bytes, startup_mg32f003_keil.o(.text))
<BR>[Address Reference Count : 1]<UL><LI> startup_mg32f003_keil.o(RESET)
</UL>
<P><STRONG><a name="[14]"></a>USART1_IRQHandler</STRONG> (Thumb, 0 bytes, Stack size 0 bytes, startup_mg32f003_keil.o(.text))
<BR>[Address Reference Count : 1]<UL><LI> startup_mg32f003_keil.o(RESET)
</UL>
<P><STRONG><a name="[15]"></a>USART2_IRQHandler</STRONG> (Thumb, 0 bytes, Stack size 0 bytes, startup_mg32f003_keil.o(.text))
<BR>[Address Reference Count : 1]<UL><LI> startup_mg32f003_keil.o(RESET)
</UL>
<P><STRONG><a name="[66]"></a>__aeabi_uidiv</STRONG> (Thumb, 0 bytes, Stack size 12 bytes, uidiv.o(.text), UNUSED)

<P><STRONG><a name="[4f]"></a>__aeabi_uidivmod</STRONG> (Thumb, 44 bytes, Stack size 12 bytes, uidiv.o(.text))
<BR><BR>[Stack]<UL><LI>Max Depth = 12<LI>Call Chain = __aeabi_uidivmod
</UL>
<BR>[Called By]<UL><LI><a href="#[39]">&gt;&gt;</a>&nbsp;&nbsp;&nbsp;GS358_SysTickInit
<LI><a href="#[3e]">&gt;&gt;</a>&nbsp;&nbsp;&nbsp;GS358_PWMInit
<LI><a href="#[3b]">&gt;&gt;</a>&nbsp;&nbsp;&nbsp;GS358_LightLostTimerInit
<LI><a href="#[5e]">&gt;&gt;</a>&nbsp;&nbsp;&nbsp;SetSysClockToDefine
</UL>

<P><STRONG><a name="[1d]"></a>__aeabi_uldivmod</STRONG> (Thumb, 96 bytes, Stack size 48 bytes, uldiv.o(.text))
<BR><BR>[Stack]<UL><LI>Max Depth = 56<LI>Call Chain = __aeabi_uldivmod &rArr; __aeabi_llsr
</UL>
<BR>[Calls]<UL><LI><a href="#[1e]">&gt;&gt;</a>&nbsp;&nbsp;&nbsp;__aeabi_llsr
<LI><a href="#[1f]">&gt;&gt;</a>&nbsp;&nbsp;&nbsp;__aeabi_llsl
</UL>
<BR>[Called By]<UL><LI><a href="#[3e]">&gt;&gt;</a>&nbsp;&nbsp;&nbsp;GS358_PWMInit
</UL>

<P><STRONG><a name="[1f]"></a>__aeabi_llsl</STRONG> (Thumb, 32 bytes, Stack size 8 bytes, llshl.o(.text))
<BR><BR>[Stack]<UL><LI>Max Depth = 8<LI>Call Chain = __aeabi_llsl
</UL>
<BR>[Called By]<UL><LI><a href="#[1d]">&gt;&gt;</a>&nbsp;&nbsp;&nbsp;__aeabi_uldivmod
</UL>

<P><STRONG><a name="[67]"></a>_ll_shift_l</STRONG> (Thumb, 0 bytes, Stack size 8 bytes, llshl.o(.text), UNUSED)

<P><STRONG><a name="[1e]"></a>__aeabi_llsr</STRONG> (Thumb, 34 bytes, Stack size 8 bytes, llushr.o(.text))
<BR><BR>[Stack]<UL><LI>Max Depth = 8<LI>Call Chain = __aeabi_llsr
</UL>
<BR>[Called By]<UL><LI><a href="#[1d]">&gt;&gt;</a>&nbsp;&nbsp;&nbsp;__aeabi_uldivmod
</UL>

<P><STRONG><a name="[68]"></a>_ll_ushift_r</STRONG> (Thumb, 0 bytes, Stack size 8 bytes, llushr.o(.text), UNUSED)

<P><STRONG><a name="[1a]"></a>__scatterload</STRONG> (Thumb, 28 bytes, Stack size 0 bytes, init.o(.text))
<BR><BR>[Calls]<UL><LI><a href="#[20]">&gt;&gt;</a>&nbsp;&nbsp;&nbsp;__main_after_scatterload
</UL>
<BR>[Called By]<UL><LI><a href="#[19]">&gt;&gt;</a>&nbsp;&nbsp;&nbsp;_main_scatterload
</UL>

<P><STRONG><a name="[69]"></a>__scatterload_rt2</STRONG> (Thumb, 0 bytes, Stack size 0 bytes, init.o(.text), UNUSED)

<P><STRONG><a name="[2e]"></a>ADC_AnyChannelCmd</STRONG> (Thumb, 24 bytes, Stack size 0 bytes, mg32_adc.o(i.ADC_AnyChannelCmd))
<BR><BR>[Called By]<UL><LI><a href="#[27]">&gt;&gt;</a>&nbsp;&nbsp;&nbsp;GS358_ADCInit
</UL>

<P><STRONG><a name="[2d]"></a>ADC_AnyChannelNumCfg</STRONG> (Thumb, 16 bytes, Stack size 0 bytes, mg32_adc.o(i.ADC_AnyChannelNumCfg))
<BR><BR>[Called By]<UL><LI><a href="#[27]">&gt;&gt;</a>&nbsp;&nbsp;&nbsp;GS358_ADCInit
</UL>

<P><STRONG><a name="[2c]"></a>ADC_AnyChannelSelect</STRONG> (Thumb, 72 bytes, Stack size 16 bytes, mg32_adc.o(i.ADC_AnyChannelSelect))
<BR><BR>[Stack]<UL><LI>Max Depth = 16<LI>Call Chain = ADC_AnyChannelSelect
</UL>
<BR>[Called By]<UL><LI><a href="#[27]">&gt;&gt;</a>&nbsp;&nbsp;&nbsp;GS358_ADCInit
</UL>

<P><STRONG><a name="[2f]"></a>ADC_ClearITPendingBit</STRONG> (Thumb, 20 bytes, Stack size 0 bytes, mg32_adc.o(i.ADC_ClearITPendingBit))
<BR><BR>[Called By]<UL><LI><a href="#[27]">&gt;&gt;</a>&nbsp;&nbsp;&nbsp;GS358_ADCInit
<LI><a href="#[23]">&gt;&gt;</a>&nbsp;&nbsp;&nbsp;GS358_ADC_EOCIRQHandler
</UL>

<P><STRONG><a name="[34]"></a>ADC_Cmd</STRONG> (Thumb, 24 bytes, Stack size 0 bytes, mg32_adc.o(i.ADC_Cmd))
<BR><BR>[Called By]<UL><LI><a href="#[27]">&gt;&gt;</a>&nbsp;&nbsp;&nbsp;GS358_ADCInit
</UL>

<P><STRONG><a name="[21]"></a>ADC_DeInit</STRONG> (Thumb, 28 bytes, Stack size 8 bytes, mg32_adc.o(i.ADC_DeInit))
<BR><BR>[Stack]<UL><LI>Max Depth = 8<LI>Call Chain = ADC_DeInit
</UL>
<BR>[Calls]<UL><LI><a href="#[22]">&gt;&gt;</a>&nbsp;&nbsp;&nbsp;RCC_APB1PeriphResetCmd
</UL>
<BR>[Called By]<UL><LI><a href="#[27]">&gt;&gt;</a>&nbsp;&nbsp;&nbsp;GS358_ADCInit
</UL>

<P><STRONG><a name="[36]"></a>ADC_GetChannelConvertedValue</STRONG> (Thumb, 14 bytes, Stack size 0 bytes, mg32_adc.o(i.ADC_GetChannelConvertedValue))
<BR><BR>[Called By]<UL><LI><a href="#[23]">&gt;&gt;</a>&nbsp;&nbsp;&nbsp;GS358_ADC_EOCIRQHandler
</UL>

<P><STRONG><a name="[d]"></a>ADC_IRQHandler</STRONG> (Thumb, 8 bytes, Stack size 8 bytes, mg32f003_it.o(i.ADC_IRQHandler))
<BR><BR>[Stack]<UL><LI>Max Depth = 16<LI>Call Chain = ADC_IRQHandler &rArr; GS358_ADC_EOCIRQHandler
</UL>
<BR>[Calls]<UL><LI><a href="#[23]">&gt;&gt;</a>&nbsp;&nbsp;&nbsp;GS358_ADC_EOCIRQHandler
</UL>
<BR>[Address Reference Count : 1]<UL><LI> startup_mg32f003_keil.o(RESET)
</UL>
<P><STRONG><a name="[30]"></a>ADC_ITConfig</STRONG> (Thumb, 60 bytes, Stack size 8 bytes, mg32_adc.o(i.ADC_ITConfig))
<BR><BR>[Stack]<UL><LI>Max Depth = 8<LI>Call Chain = ADC_ITConfig
</UL>
<BR>[Called By]<UL><LI><a href="#[27]">&gt;&gt;</a>&nbsp;&nbsp;&nbsp;GS358_ADCInit
</UL>

<P><STRONG><a name="[2a]"></a>ADC_Init</STRONG> (Thumb, 100 bytes, Stack size 8 bytes, mg32_adc.o(i.ADC_Init))
<BR><BR>[Stack]<UL><LI>Max Depth = 8<LI>Call Chain = ADC_Init
</UL>
<BR>[Called By]<UL><LI><a href="#[27]">&gt;&gt;</a>&nbsp;&nbsp;&nbsp;GS358_ADCInit
</UL>

<P><STRONG><a name="[2b]"></a>ADC_SampleTimeConfig</STRONG> (Thumb, 16 bytes, Stack size 0 bytes, mg32_adc.o(i.ADC_SampleTimeConfig))
<BR><BR>[Called By]<UL><LI><a href="#[27]">&gt;&gt;</a>&nbsp;&nbsp;&nbsp;GS358_ADCInit
</UL>

<P><STRONG><a name="[35]"></a>ADC_SoftwareStartConvCmd</STRONG> (Thumb, 28 bytes, Stack size 0 bytes, mg32_adc.o(i.ADC_SoftwareStartConvCmd))
<BR><BR>[Called By]<UL><LI><a href="#[27]">&gt;&gt;</a>&nbsp;&nbsp;&nbsp;GS358_ADCInit
<LI><a href="#[23]">&gt;&gt;</a>&nbsp;&nbsp;&nbsp;GS358_ADC_EOCIRQHandler
</UL>

<P><STRONG><a name="[29]"></a>ADC_StructInit</STRONG> (Thumb, 14 bytes, Stack size 0 bytes, mg32_adc.o(i.ADC_StructInit))
<BR><BR>[Called By]<UL><LI><a href="#[27]">&gt;&gt;</a>&nbsp;&nbsp;&nbsp;GS358_ADCInit
</UL>

<P><STRONG><a name="[c]"></a>EXTI4_15_IRQHandler</STRONG> (Thumb, 24 bytes, Stack size 8 bytes, mg32f003_it.o(i.EXTI4_15_IRQHandler))
<BR><BR>[Stack]<UL><LI>Max Depth = 80<LI>Call Chain = EXTI4_15_IRQHandler &rArr; GS358_ComparatorFallingIRQHandler &rArr; GS358_SetLightState &rArr; GS358_ApplyOutputs &rArr; GS358_WriteLogicalOutput
</UL>
<BR>[Calls]<UL><LI><a href="#[26]">&gt;&gt;</a>&nbsp;&nbsp;&nbsp;GS358_ComparatorFallingIRQHandler
<LI><a href="#[24]">&gt;&gt;</a>&nbsp;&nbsp;&nbsp;EXTI_GetITStatus
<LI><a href="#[25]">&gt;&gt;</a>&nbsp;&nbsp;&nbsp;EXTI_ClearITPendingBit
</UL>
<BR>[Address Reference Count : 1]<UL><LI> startup_mg32f003_keil.o(RESET)
</UL>
<P><STRONG><a name="[25]"></a>EXTI_ClearITPendingBit</STRONG> (Thumb, 6 bytes, Stack size 0 bytes, mg32_exti.o(i.EXTI_ClearITPendingBit))
<BR><BR>[Called By]<UL><LI><a href="#[3c]">&gt;&gt;</a>&nbsp;&nbsp;&nbsp;GS358_EXTIInit
<LI><a href="#[c]">&gt;&gt;</a>&nbsp;&nbsp;&nbsp;EXTI4_15_IRQHandler
</UL>

<P><STRONG><a name="[24]"></a>EXTI_GetITStatus</STRONG> (Thumb, 30 bytes, Stack size 0 bytes, mg32_exti.o(i.EXTI_GetITStatus))
<BR><BR>[Called By]<UL><LI><a href="#[c]">&gt;&gt;</a>&nbsp;&nbsp;&nbsp;EXTI4_15_IRQHandler
</UL>

<P><STRONG><a name="[44]"></a>EXTI_Init</STRONG> (Thumb, 186 bytes, Stack size 0 bytes, mg32_exti.o(i.EXTI_Init))
<BR><BR>[Called By]<UL><LI><a href="#[3c]">&gt;&gt;</a>&nbsp;&nbsp;&nbsp;GS358_EXTIInit
</UL>

<P><STRONG><a name="[43]"></a>EXTI_StructInit</STRONG> (Thumb, 16 bytes, Stack size 0 bytes, mg32_exti.o(i.EXTI_StructInit))
<BR><BR>[Called By]<UL><LI><a href="#[3c]">&gt;&gt;</a>&nbsp;&nbsp;&nbsp;GS358_EXTIInit
</UL>

<P><STRONG><a name="[48]"></a>GPIO_Init</STRONG> (Thumb, 154 bytes, Stack size 24 bytes, mg32_gpio.o(i.GPIO_Init))
<BR><BR>[Stack]<UL><LI>Max Depth = 24<LI>Call Chain = GPIO_Init
</UL>
<BR>[Called By]<UL><LI><a href="#[3e]">&gt;&gt;</a>&nbsp;&nbsp;&nbsp;GS358_PWMInit
<LI><a href="#[3a]">&gt;&gt;</a>&nbsp;&nbsp;&nbsp;GS358_GPIOInit
</UL>

<P><STRONG><a name="[56]"></a>GPIO_PinAFConfig</STRONG> (Thumb, 40 bytes, Stack size 16 bytes, mg32_gpio.o(i.GPIO_PinAFConfig))
<BR><BR>[Stack]<UL><LI>Max Depth = 16<LI>Call Chain = GPIO_PinAFConfig
</UL>
<BR>[Called By]<UL><LI><a href="#[3e]">&gt;&gt;</a>&nbsp;&nbsp;&nbsp;GS358_PWMInit
</UL>

<P><STRONG><a name="[46]"></a>GPIO_ResetBits</STRONG> (Thumb, 4 bytes, Stack size 0 bytes, mg32_gpio.o(i.GPIO_ResetBits))
<BR><BR>[Called By]<UL><LI><a href="#[3e]">&gt;&gt;</a>&nbsp;&nbsp;&nbsp;GS358_PWMInit
<LI><a href="#[3a]">&gt;&gt;</a>&nbsp;&nbsp;&nbsp;GS358_GPIOInit
</UL>

<P><STRONG><a name="[47]"></a>GPIO_StructInit</STRONG> (Thumb, 16 bytes, Stack size 0 bytes, mg32_gpio.o(i.GPIO_StructInit))
<BR><BR>[Called By]<UL><LI><a href="#[3e]">&gt;&gt;</a>&nbsp;&nbsp;&nbsp;GS358_PWMInit
<LI><a href="#[3a]">&gt;&gt;</a>&nbsp;&nbsp;&nbsp;GS358_GPIOInit
</UL>

<P><STRONG><a name="[5d]"></a>GPIO_WriteBit</STRONG> (Thumb, 12 bytes, Stack size 0 bytes, mg32_gpio.o(i.GPIO_WriteBit))
<BR><BR>[Called By]<UL><LI><a href="#[3f]">&gt;&gt;</a>&nbsp;&nbsp;&nbsp;GS358_WriteLogicalOutput
</UL>

<P><STRONG><a name="[23]"></a>GS358_ADC_EOCIRQHandler</STRONG> (Thumb, 138 bytes, Stack size 8 bytes, gs358_app.o(i.GS358_ADC_EOCIRQHandler))
<BR><BR>[Stack]<UL><LI>Max Depth = 8<LI>Call Chain = GS358_ADC_EOCIRQHandler
</UL>
<BR>[Calls]<UL><LI><a href="#[35]">&gt;&gt;</a>&nbsp;&nbsp;&nbsp;ADC_SoftwareStartConvCmd
<LI><a href="#[36]">&gt;&gt;</a>&nbsp;&nbsp;&nbsp;ADC_GetChannelConvertedValue
<LI><a href="#[2f]">&gt;&gt;</a>&nbsp;&nbsp;&nbsp;ADC_ClearITPendingBit
<LI><a href="#[37]">&gt;&gt;</a>&nbsp;&nbsp;&nbsp;GS358_ADC_ScanCompleteIRQHook
</UL>
<BR>[Called By]<UL><LI><a href="#[d]">&gt;&gt;</a>&nbsp;&nbsp;&nbsp;ADC_IRQHandler
</UL>

<P><STRONG><a name="[37]"></a>GS358_ADC_ScanCompleteIRQHook</STRONG> (Thumb, 2 bytes, Stack size 0 bytes, gs358_app.o(i.GS358_ADC_ScanCompleteIRQHook))
<BR><BR>[Called By]<UL><LI><a href="#[23]">&gt;&gt;</a>&nbsp;&nbsp;&nbsp;GS358_ADC_EOCIRQHandler
</UL>

<P><STRONG><a name="[38]"></a>GS358_AppInit</STRONG> (Thumb, 42 bytes, Stack size 8 bytes, gs358_app.o(i.GS358_AppInit))
<BR><BR>[Stack]<UL><LI>Max Depth = 184<LI>Call Chain = GS358_AppInit &rArr; GS358_PWMInit &rArr; TIM_GetTIMxClock &rArr; RCC_GetClocksFreq
</UL>
<BR>[Calls]<UL><LI><a href="#[39]">&gt;&gt;</a>&nbsp;&nbsp;&nbsp;GS358_SysTickInit
<LI><a href="#[3e]">&gt;&gt;</a>&nbsp;&nbsp;&nbsp;GS358_PWMInit
<LI><a href="#[3b]">&gt;&gt;</a>&nbsp;&nbsp;&nbsp;GS358_LightLostTimerInit
<LI><a href="#[3a]">&gt;&gt;</a>&nbsp;&nbsp;&nbsp;GS358_GPIOInit
<LI><a href="#[3c]">&gt;&gt;</a>&nbsp;&nbsp;&nbsp;GS358_EXTIInit
<LI><a href="#[3d]">&gt;&gt;</a>&nbsp;&nbsp;&nbsp;GS358_ApplyOutputs
<LI><a href="#[27]">&gt;&gt;</a>&nbsp;&nbsp;&nbsp;GS358_ADCInit
</UL>
<BR>[Called By]<UL><LI><a href="#[16]">&gt;&gt;</a>&nbsp;&nbsp;&nbsp;main
</UL>

<P><STRONG><a name="[5f]"></a>GS358_AppProcess</STRONG> (Thumb, 2 bytes, Stack size 0 bytes, gs358_app.o(i.GS358_AppProcess))
<BR><BR>[Called By]<UL><LI><a href="#[16]">&gt;&gt;</a>&nbsp;&nbsp;&nbsp;main
</UL>

<P><STRONG><a name="[26]"></a>GS358_ComparatorFallingIRQHandler</STRONG> (Thumb, 50 bytes, Stack size 8 bytes, gs358_app.o(i.GS358_ComparatorFallingIRQHandler))
<BR><BR>[Stack]<UL><LI>Max Depth = 72<LI>Call Chain = GS358_ComparatorFallingIRQHandler &rArr; GS358_SetLightState &rArr; GS358_ApplyOutputs &rArr; GS358_WriteLogicalOutput
</UL>
<BR>[Calls]<UL><LI><a href="#[41]">&gt;&gt;</a>&nbsp;&nbsp;&nbsp;GS358_SetLightState
<LI><a href="#[40]">&gt;&gt;</a>&nbsp;&nbsp;&nbsp;GS358_LightLostTimerRestart
</UL>
<BR>[Called By]<UL><LI><a href="#[c]">&gt;&gt;</a>&nbsp;&nbsp;&nbsp;EXTI4_15_IRQHandler
</UL>

<P><STRONG><a name="[49]"></a>GS358_LightLostTimerIRQHandler</STRONG> (Thumb, 42 bytes, Stack size 8 bytes, gs358_app.o(i.GS358_LightLostTimerIRQHandler))
<BR><BR>[Stack]<UL><LI>Max Depth = 72<LI>Call Chain = GS358_LightLostTimerIRQHandler &rArr; GS358_SetLightState &rArr; GS358_ApplyOutputs &rArr; GS358_WriteLogicalOutput
</UL>
<BR>[Calls]<UL><LI><a href="#[4a]">&gt;&gt;</a>&nbsp;&nbsp;&nbsp;TIM_GetITStatus
<LI><a href="#[4c]">&gt;&gt;</a>&nbsp;&nbsp;&nbsp;TIM_Cmd
<LI><a href="#[4b]">&gt;&gt;</a>&nbsp;&nbsp;&nbsp;TIM_ClearITPendingBit
<LI><a href="#[41]">&gt;&gt;</a>&nbsp;&nbsp;&nbsp;GS358_SetLightState
</UL>
<BR>[Called By]<UL><LI><a href="#[10]">&gt;&gt;</a>&nbsp;&nbsp;&nbsp;TIM3_IRQHandler
</UL>

<P><STRONG><a name="[2]"></a>HardFault_Handler</STRONG> (Thumb, 4 bytes, Stack size 0 bytes, mg32f003_it.o(i.HardFault_Handler))
<BR>[Address Reference Count : 1]<UL><LI> startup_mg32f003_keil.o(RESET)
</UL>
<P><STRONG><a name="[1]"></a>NMI_Handler</STRONG> (Thumb, 2 bytes, Stack size 0 bytes, mg32f003_it.o(i.NMI_Handler))
<BR>[Address Reference Count : 1]<UL><LI> startup_mg32f003_keil.o(RESET)
</UL>
<P><STRONG><a name="[4]"></a>PendSV_Handler</STRONG> (Thumb, 2 bytes, Stack size 0 bytes, mg32f003_it.o(i.PendSV_Handler))
<BR>[Address Reference Count : 1]<UL><LI> startup_mg32f003_keil.o(RESET)
</UL>
<P><STRONG><a name="[45]"></a>RCC_AHBPeriphClockCmd</STRONG> (Thumb, 28 bytes, Stack size 0 bytes, mg32_rcc.o(i.RCC_AHBPeriphClockCmd))
<BR><BR>[Called By]<UL><LI><a href="#[3a]">&gt;&gt;</a>&nbsp;&nbsp;&nbsp;GS358_GPIOInit
</UL>

<P><STRONG><a name="[28]"></a>RCC_APB1PeriphClockCmd</STRONG> (Thumb, 28 bytes, Stack size 0 bytes, mg32_rcc.o(i.RCC_APB1PeriphClockCmd))
<BR><BR>[Called By]<UL><LI><a href="#[3e]">&gt;&gt;</a>&nbsp;&nbsp;&nbsp;GS358_PWMInit
<LI><a href="#[3b]">&gt;&gt;</a>&nbsp;&nbsp;&nbsp;GS358_LightLostTimerInit
<LI><a href="#[3c]">&gt;&gt;</a>&nbsp;&nbsp;&nbsp;GS358_EXTIInit
<LI><a href="#[27]">&gt;&gt;</a>&nbsp;&nbsp;&nbsp;GS358_ADCInit
</UL>

<P><STRONG><a name="[22]"></a>RCC_APB1PeriphResetCmd</STRONG> (Thumb, 28 bytes, Stack size 0 bytes, mg32_rcc.o(i.RCC_APB1PeriphResetCmd))
<BR><BR>[Called By]<UL><LI><a href="#[4d]">&gt;&gt;</a>&nbsp;&nbsp;&nbsp;TIM_DeInit
<LI><a href="#[21]">&gt;&gt;</a>&nbsp;&nbsp;&nbsp;ADC_DeInit
</UL>

<P><STRONG><a name="[5c]"></a>RCC_GetClocksFreq</STRONG> (Thumb, 110 bytes, Stack size 8 bytes, mg32_rcc.o(i.RCC_GetClocksFreq))
<BR><BR>[Stack]<UL><LI>Max Depth = 8<LI>Call Chain = RCC_GetClocksFreq
</UL>
<BR>[Called By]<UL><LI><a href="#[4e]">&gt;&gt;</a>&nbsp;&nbsp;&nbsp;TIM_GetTIMxClock
<LI><a href="#[39]">&gt;&gt;</a>&nbsp;&nbsp;&nbsp;GS358_SysTickInit
</UL>

<P><STRONG><a name="[3]"></a>SVC_Handler</STRONG> (Thumb, 2 bytes, Stack size 0 bytes, mg32f003_it.o(i.SVC_Handler))
<BR>[Address Reference Count : 1]<UL><LI> startup_mg32f003_keil.o(RESET)
</UL>
<P><STRONG><a name="[42]"></a>SYSCFG_EXTILineConfig</STRONG> (Thumb, 158 bytes, Stack size 12 bytes, mg32_syscfg.o(i.SYSCFG_EXTILineConfig))
<BR><BR>[Stack]<UL><LI>Max Depth = 12<LI>Call Chain = SYSCFG_EXTILineConfig
</UL>
<BR>[Called By]<UL><LI><a href="#[3c]">&gt;&gt;</a>&nbsp;&nbsp;&nbsp;GS358_EXTIInit
</UL>

<P><STRONG><a name="[5]"></a>SysTick_Handler</STRONG> (Thumb, 20 bytes, Stack size 0 bytes, mg32f003_it.o(i.SysTick_Handler))
<BR>[Address Reference Count : 1]<UL><LI> startup_mg32f003_keil.o(RESET)
</UL>
<P><STRONG><a name="[17]"></a>SystemInit</STRONG> (Thumb, 56 bytes, Stack size 8 bytes, system_mg32f003.o(i.SystemInit))
<BR><BR>[Stack]<UL><LI>Max Depth = 36<LI>Call Chain = SystemInit &rArr; SetSysClockToDefine &rArr; __aeabi_uidivmod
</UL>
<BR>[Calls]<UL><LI><a href="#[5e]">&gt;&gt;</a>&nbsp;&nbsp;&nbsp;SetSysClockToDefine
</UL>
<BR>[Address Reference Count : 1]<UL><LI> startup_mg32f003_keil.o(.text)
</UL>
<P><STRONG><a name="[10]"></a>TIM3_IRQHandler</STRONG> (Thumb, 8 bytes, Stack size 8 bytes, mg32f003_it.o(i.TIM3_IRQHandler))
<BR><BR>[Stack]<UL><LI>Max Depth = 80<LI>Call Chain = TIM3_IRQHandler &rArr; GS358_LightLostTimerIRQHandler &rArr; GS358_SetLightState &rArr; GS358_ApplyOutputs &rArr; GS358_WriteLogicalOutput
</UL>
<BR>[Calls]<UL><LI><a href="#[49]">&gt;&gt;</a>&nbsp;&nbsp;&nbsp;GS358_LightLostTimerIRQHandler
</UL>
<BR>[Address Reference Count : 1]<UL><LI> startup_mg32f003_keil.o(RESET)
</UL>
<P><STRONG><a name="[5a]"></a>TIM_ARRPreloadConfig</STRONG> (Thumb, 24 bytes, Stack size 0 bytes, mg32_tim.o(i.TIM_ARRPreloadConfig))
<BR><BR>[Called By]<UL><LI><a href="#[3e]">&gt;&gt;</a>&nbsp;&nbsp;&nbsp;GS358_PWMInit
</UL>

<P><STRONG><a name="[4b]"></a>TIM_ClearITPendingBit</STRONG> (Thumb, 6 bytes, Stack size 0 bytes, mg32_tim.o(i.TIM_ClearITPendingBit))
<BR><BR>[Called By]<UL><LI><a href="#[40]">&gt;&gt;</a>&nbsp;&nbsp;&nbsp;GS358_LightLostTimerRestart
<LI><a href="#[3b]">&gt;&gt;</a>&nbsp;&nbsp;&nbsp;GS358_LightLostTimerInit
<LI><a href="#[49]">&gt;&gt;</a>&nbsp;&nbsp;&nbsp;GS358_LightLostTimerIRQHandler
</UL>

<P><STRONG><a name="[4c]"></a>TIM_Cmd</STRONG> (Thumb, 24 bytes, Stack size 0 bytes, mg32_tim.o(i.TIM_Cmd))
<BR><BR>[Called By]<UL><LI><a href="#[3e]">&gt;&gt;</a>&nbsp;&nbsp;&nbsp;GS358_PWMInit
<LI><a href="#[40]">&gt;&gt;</a>&nbsp;&nbsp;&nbsp;GS358_LightLostTimerRestart
<LI><a href="#[3b]">&gt;&gt;</a>&nbsp;&nbsp;&nbsp;GS358_LightLostTimerInit
<LI><a href="#[49]">&gt;&gt;</a>&nbsp;&nbsp;&nbsp;GS358_LightLostTimerIRQHandler
</UL>

<P><STRONG><a name="[5b]"></a>TIM_CtrlPWMOutputs</STRONG> (Thumb, 28 bytes, Stack size 0 bytes, mg32_tim.o(i.TIM_CtrlPWMOutputs))
<BR><BR>[Called By]<UL><LI><a href="#[3e]">&gt;&gt;</a>&nbsp;&nbsp;&nbsp;GS358_PWMInit
</UL>

<P><STRONG><a name="[4d]"></a>TIM_DeInit</STRONG> (Thumb, 76 bytes, Stack size 8 bytes, mg32_tim.o(i.TIM_DeInit))
<BR><BR>[Stack]<UL><LI>Max Depth = 8<LI>Call Chain = TIM_DeInit
</UL>
<BR>[Calls]<UL><LI><a href="#[22]">&gt;&gt;</a>&nbsp;&nbsp;&nbsp;RCC_APB1PeriphResetCmd
</UL>
<BR>[Called By]<UL><LI><a href="#[3e]">&gt;&gt;</a>&nbsp;&nbsp;&nbsp;GS358_PWMInit
<LI><a href="#[3b]">&gt;&gt;</a>&nbsp;&nbsp;&nbsp;GS358_LightLostTimerInit
</UL>

<P><STRONG><a name="[4a]"></a>TIM_GetITStatus</STRONG> (Thumb, 26 bytes, Stack size 0 bytes, mg32_tim.o(i.TIM_GetITStatus))
<BR><BR>[Called By]<UL><LI><a href="#[49]">&gt;&gt;</a>&nbsp;&nbsp;&nbsp;GS358_LightLostTimerIRQHandler
</UL>

<P><STRONG><a name="[4e]"></a>TIM_GetTIMxClock</STRONG> (Thumb, 148 bytes, Stack size 64 bytes, mg32_tim.o(i.TIM_GetTIMxClock))
<BR><BR>[Stack]<UL><LI>Max Depth = 72<LI>Call Chain = TIM_GetTIMxClock &rArr; RCC_GetClocksFreq
</UL>
<BR>[Calls]<UL><LI><a href="#[5c]">&gt;&gt;</a>&nbsp;&nbsp;&nbsp;RCC_GetClocksFreq
</UL>
<BR>[Called By]<UL><LI><a href="#[3e]">&gt;&gt;</a>&nbsp;&nbsp;&nbsp;GS358_PWMInit
<LI><a href="#[3b]">&gt;&gt;</a>&nbsp;&nbsp;&nbsp;GS358_LightLostTimerInit
</UL>

<P><STRONG><a name="[53]"></a>TIM_ITConfig</STRONG> (Thumb, 20 bytes, Stack size 0 bytes, mg32_tim.o(i.TIM_ITConfig))
<BR><BR>[Called By]<UL><LI><a href="#[3b]">&gt;&gt;</a>&nbsp;&nbsp;&nbsp;GS358_LightLostTimerInit
</UL>

<P><STRONG><a name="[58]"></a>TIM_OC1Init</STRONG> (Thumb, 138 bytes, Stack size 8 bytes, mg32_tim.o(i.TIM_OC1Init))
<BR><BR>[Stack]<UL><LI>Max Depth = 8<LI>Call Chain = TIM_OC1Init
</UL>
<BR>[Called By]<UL><LI><a href="#[3e]">&gt;&gt;</a>&nbsp;&nbsp;&nbsp;GS358_PWMInit
</UL>

<P><STRONG><a name="[59]"></a>TIM_OC1PreloadConfig</STRONG> (Thumb, 14 bytes, Stack size 0 bytes, mg32_tim.o(i.TIM_OC1PreloadConfig))
<BR><BR>[Called By]<UL><LI><a href="#[3e]">&gt;&gt;</a>&nbsp;&nbsp;&nbsp;GS358_PWMInit
</UL>

<P><STRONG><a name="[57]"></a>TIM_OCStructInit</STRONG> (Thumb, 20 bytes, Stack size 0 bytes, mg32_tim.o(i.TIM_OCStructInit))
<BR><BR>[Called By]<UL><LI><a href="#[3e]">&gt;&gt;</a>&nbsp;&nbsp;&nbsp;GS358_PWMInit
</UL>

<P><STRONG><a name="[52]"></a>TIM_SelectOnePulseMode</STRONG> (Thumb, 14 bytes, Stack size 0 bytes, mg32_tim.o(i.TIM_SelectOnePulseMode))
<BR><BR>[Called By]<UL><LI><a href="#[3b]">&gt;&gt;</a>&nbsp;&nbsp;&nbsp;GS358_LightLostTimerInit
</UL>

<P><STRONG><a name="[54]"></a>TIM_SetCounter</STRONG> (Thumb, 4 bytes, Stack size 0 bytes, mg32_tim.o(i.TIM_SetCounter))
<BR><BR>[Called By]<UL><LI><a href="#[3e]">&gt;&gt;</a>&nbsp;&nbsp;&nbsp;GS358_PWMInit
<LI><a href="#[40]">&gt;&gt;</a>&nbsp;&nbsp;&nbsp;GS358_LightLostTimerRestart
</UL>

<P><STRONG><a name="[51]"></a>TIM_TimeBaseInit</STRONG> (Thumb, 82 bytes, Stack size 8 bytes, mg32_tim.o(i.TIM_TimeBaseInit))
<BR><BR>[Stack]<UL><LI>Max Depth = 8<LI>Call Chain = TIM_TimeBaseInit
</UL>
<BR>[Called By]<UL><LI><a href="#[3e]">&gt;&gt;</a>&nbsp;&nbsp;&nbsp;GS358_PWMInit
<LI><a href="#[3b]">&gt;&gt;</a>&nbsp;&nbsp;&nbsp;GS358_LightLostTimerInit
</UL>

<P><STRONG><a name="[50]"></a>TIM_TimeBaseStructInit</STRONG> (Thumb, 18 bytes, Stack size 0 bytes, mg32_tim.o(i.TIM_TimeBaseStructInit))
<BR><BR>[Called By]<UL><LI><a href="#[3e]">&gt;&gt;</a>&nbsp;&nbsp;&nbsp;GS358_PWMInit
<LI><a href="#[3b]">&gt;&gt;</a>&nbsp;&nbsp;&nbsp;GS358_LightLostTimerInit
</UL>

<P><STRONG><a name="[55]"></a>__ARM_common_ll_muluu</STRONG> (Thumb, 48 bytes, Stack size 24 bytes, gs358_app.o(i.__ARM_common_ll_muluu))
<BR><BR>[Stack]<UL><LI>Max Depth = 24<LI>Call Chain = __ARM_common_ll_muluu
</UL>
<BR>[Called By]<UL><LI><a href="#[3e]">&gt;&gt;</a>&nbsp;&nbsp;&nbsp;GS358_PWMInit
</UL>

<P><STRONG><a name="[6a]"></a>__scatterload_copy</STRONG> (Thumb, 14 bytes, Stack size unknown bytes, handlers.o(i.__scatterload_copy), UNUSED)

<P><STRONG><a name="[6b]"></a>__scatterload_null</STRONG> (Thumb, 2 bytes, Stack size unknown bytes, handlers.o(i.__scatterload_null), UNUSED)

<P><STRONG><a name="[6c]"></a>__scatterload_zeroinit</STRONG> (Thumb, 14 bytes, Stack size unknown bytes, handlers.o(i.__scatterload_zeroinit), UNUSED)

<P><STRONG><a name="[16]"></a>main</STRONG> (Thumb, 12 bytes, Stack size 0 bytes, main.o(i.main))
<BR><BR>[Stack]<UL><LI>Max Depth = 184<LI>Call Chain = main &rArr; GS358_AppInit &rArr; GS358_PWMInit &rArr; TIM_GetTIMxClock &rArr; RCC_GetClocksFreq
</UL>
<BR>[Calls]<UL><LI><a href="#[5f]">&gt;&gt;</a>&nbsp;&nbsp;&nbsp;GS358_AppProcess
<LI><a href="#[38]">&gt;&gt;</a>&nbsp;&nbsp;&nbsp;GS358_AppInit
</UL>
<BR>[Address Reference Count : 1]<UL><LI> entry9a.o(.ARM.Collect$$$$0000000B)
</UL><P>
<H3>
Local Symbols
</H3>
<P><STRONG><a name="[27]"></a>GS358_ADCInit</STRONG> (Thumb, 212 bytes, Stack size 32 bytes, gs358_app.o(i.GS358_ADCInit))
<BR><BR>[Stack]<UL><LI>Max Depth = 48<LI>Call Chain = GS358_ADCInit &rArr; ADC_AnyChannelSelect
</UL>
<BR>[Calls]<UL><LI><a href="#[29]">&gt;&gt;</a>&nbsp;&nbsp;&nbsp;ADC_StructInit
<LI><a href="#[35]">&gt;&gt;</a>&nbsp;&nbsp;&nbsp;ADC_SoftwareStartConvCmd
<LI><a href="#[2b]">&gt;&gt;</a>&nbsp;&nbsp;&nbsp;ADC_SampleTimeConfig
<LI><a href="#[2a]">&gt;&gt;</a>&nbsp;&nbsp;&nbsp;ADC_Init
<LI><a href="#[30]">&gt;&gt;</a>&nbsp;&nbsp;&nbsp;ADC_ITConfig
<LI><a href="#[21]">&gt;&gt;</a>&nbsp;&nbsp;&nbsp;ADC_DeInit
<LI><a href="#[34]">&gt;&gt;</a>&nbsp;&nbsp;&nbsp;ADC_Cmd
<LI><a href="#[2f]">&gt;&gt;</a>&nbsp;&nbsp;&nbsp;ADC_ClearITPendingBit
<LI><a href="#[2c]">&gt;&gt;</a>&nbsp;&nbsp;&nbsp;ADC_AnyChannelSelect
<LI><a href="#[2d]">&gt;&gt;</a>&nbsp;&nbsp;&nbsp;ADC_AnyChannelNumCfg
<LI><a href="#[2e]">&gt;&gt;</a>&nbsp;&nbsp;&nbsp;ADC_AnyChannelCmd
<LI><a href="#[32]">&gt;&gt;</a>&nbsp;&nbsp;&nbsp;__NVIC_SetPriority
<LI><a href="#[33]">&gt;&gt;</a>&nbsp;&nbsp;&nbsp;__NVIC_EnableIRQ
<LI><a href="#[31]">&gt;&gt;</a>&nbsp;&nbsp;&nbsp;__NVIC_ClearPendingIRQ
<LI><a href="#[28]">&gt;&gt;</a>&nbsp;&nbsp;&nbsp;RCC_APB1PeriphClockCmd
</UL>
<BR>[Called By]<UL><LI><a href="#[38]">&gt;&gt;</a>&nbsp;&nbsp;&nbsp;GS358_AppInit
</UL>

<P><STRONG><a name="[3d]"></a>GS358_ApplyOutputs</STRONG> (Thumb, 92 bytes, Stack size 24 bytes, gs358_app.o(i.GS358_ApplyOutputs))
<BR><BR>[Stack]<UL><LI>Max Depth = 48<LI>Call Chain = GS358_ApplyOutputs &rArr; GS358_WriteLogicalOutput
</UL>
<BR>[Calls]<UL><LI><a href="#[3f]">&gt;&gt;</a>&nbsp;&nbsp;&nbsp;GS358_WriteLogicalOutput
</UL>
<BR>[Called By]<UL><LI><a href="#[41]">&gt;&gt;</a>&nbsp;&nbsp;&nbsp;GS358_SetLightState
<LI><a href="#[38]">&gt;&gt;</a>&nbsp;&nbsp;&nbsp;GS358_AppInit
</UL>

<P><STRONG><a name="[3c]"></a>GS358_EXTIInit</STRONG> (Thumb, 74 bytes, Stack size 16 bytes, gs358_app.o(i.GS358_EXTIInit))
<BR><BR>[Stack]<UL><LI>Max Depth = 28<LI>Call Chain = GS358_EXTIInit &rArr; SYSCFG_EXTILineConfig
</UL>
<BR>[Calls]<UL><LI><a href="#[42]">&gt;&gt;</a>&nbsp;&nbsp;&nbsp;SYSCFG_EXTILineConfig
<LI><a href="#[43]">&gt;&gt;</a>&nbsp;&nbsp;&nbsp;EXTI_StructInit
<LI><a href="#[44]">&gt;&gt;</a>&nbsp;&nbsp;&nbsp;EXTI_Init
<LI><a href="#[32]">&gt;&gt;</a>&nbsp;&nbsp;&nbsp;__NVIC_SetPriority
<LI><a href="#[33]">&gt;&gt;</a>&nbsp;&nbsp;&nbsp;__NVIC_EnableIRQ
<LI><a href="#[31]">&gt;&gt;</a>&nbsp;&nbsp;&nbsp;__NVIC_ClearPendingIRQ
<LI><a href="#[25]">&gt;&gt;</a>&nbsp;&nbsp;&nbsp;EXTI_ClearITPendingBit
<LI><a href="#[28]">&gt;&gt;</a>&nbsp;&nbsp;&nbsp;RCC_APB1PeriphClockCmd
</UL>
<BR>[Called By]<UL><LI><a href="#[38]">&gt;&gt;</a>&nbsp;&nbsp;&nbsp;GS358_AppInit
</UL>

<P><STRONG><a name="[3a]"></a>GS358_GPIOInit</STRONG> (Thumb, 158 bytes, Stack size 8 bytes, gs358_app.o(i.GS358_GPIOInit))
<BR><BR>[Stack]<UL><LI>Max Depth = 32<LI>Call Chain = GS358_GPIOInit &rArr; GPIO_Init
</UL>
<BR>[Calls]<UL><LI><a href="#[46]">&gt;&gt;</a>&nbsp;&nbsp;&nbsp;GPIO_ResetBits
<LI><a href="#[45]">&gt;&gt;</a>&nbsp;&nbsp;&nbsp;RCC_AHBPeriphClockCmd
<LI><a href="#[47]">&gt;&gt;</a>&nbsp;&nbsp;&nbsp;GPIO_StructInit
<LI><a href="#[48]">&gt;&gt;</a>&nbsp;&nbsp;&nbsp;GPIO_Init
</UL>
<BR>[Called By]<UL><LI><a href="#[38]">&gt;&gt;</a>&nbsp;&nbsp;&nbsp;GS358_AppInit
</UL>

<P><STRONG><a name="[3b]"></a>GS358_LightLostTimerInit</STRONG> (Thumb, 158 bytes, Stack size 32 bytes, gs358_app.o(i.GS358_LightLostTimerInit))
<BR><BR>[Stack]<UL><LI>Max Depth = 104<LI>Call Chain = GS358_LightLostTimerInit &rArr; TIM_GetTIMxClock &rArr; RCC_GetClocksFreq
</UL>
<BR>[Calls]<UL><LI><a href="#[50]">&gt;&gt;</a>&nbsp;&nbsp;&nbsp;TIM_TimeBaseStructInit
<LI><a href="#[51]">&gt;&gt;</a>&nbsp;&nbsp;&nbsp;TIM_TimeBaseInit
<LI><a href="#[52]">&gt;&gt;</a>&nbsp;&nbsp;&nbsp;TIM_SelectOnePulseMode
<LI><a href="#[53]">&gt;&gt;</a>&nbsp;&nbsp;&nbsp;TIM_ITConfig
<LI><a href="#[4e]">&gt;&gt;</a>&nbsp;&nbsp;&nbsp;TIM_GetTIMxClock
<LI><a href="#[4d]">&gt;&gt;</a>&nbsp;&nbsp;&nbsp;TIM_DeInit
<LI><a href="#[4c]">&gt;&gt;</a>&nbsp;&nbsp;&nbsp;TIM_Cmd
<LI><a href="#[4b]">&gt;&gt;</a>&nbsp;&nbsp;&nbsp;TIM_ClearITPendingBit
<LI><a href="#[32]">&gt;&gt;</a>&nbsp;&nbsp;&nbsp;__NVIC_SetPriority
<LI><a href="#[33]">&gt;&gt;</a>&nbsp;&nbsp;&nbsp;__NVIC_EnableIRQ
<LI><a href="#[31]">&gt;&gt;</a>&nbsp;&nbsp;&nbsp;__NVIC_ClearPendingIRQ
<LI><a href="#[28]">&gt;&gt;</a>&nbsp;&nbsp;&nbsp;RCC_APB1PeriphClockCmd
<LI><a href="#[4f]">&gt;&gt;</a>&nbsp;&nbsp;&nbsp;__aeabi_uidivmod
</UL>
<BR>[Called By]<UL><LI><a href="#[38]">&gt;&gt;</a>&nbsp;&nbsp;&nbsp;GS358_AppInit
</UL>

<P><STRONG><a name="[40]"></a>GS358_LightLostTimerRestart</STRONG> (Thumb, 42 bytes, Stack size 8 bytes, gs358_app.o(i.GS358_LightLostTimerRestart))
<BR><BR>[Stack]<UL><LI>Max Depth = 8<LI>Call Chain = GS358_LightLostTimerRestart
</UL>
<BR>[Calls]<UL><LI><a href="#[54]">&gt;&gt;</a>&nbsp;&nbsp;&nbsp;TIM_SetCounter
<LI><a href="#[4c]">&gt;&gt;</a>&nbsp;&nbsp;&nbsp;TIM_Cmd
<LI><a href="#[4b]">&gt;&gt;</a>&nbsp;&nbsp;&nbsp;TIM_ClearITPendingBit
<LI><a href="#[31]">&gt;&gt;</a>&nbsp;&nbsp;&nbsp;__NVIC_ClearPendingIRQ
</UL>
<BR>[Called By]<UL><LI><a href="#[26]">&gt;&gt;</a>&nbsp;&nbsp;&nbsp;GS358_ComparatorFallingIRQHandler
</UL>

<P><STRONG><a name="[3e]"></a>GS358_PWMInit</STRONG> (Thumb, 344 bytes, Stack size 104 bytes, gs358_app.o(i.GS358_PWMInit))
<BR><BR>[Stack]<UL><LI>Max Depth = 176<LI>Call Chain = GS358_PWMInit &rArr; TIM_GetTIMxClock &rArr; RCC_GetClocksFreq
</UL>
<BR>[Calls]<UL><LI><a href="#[50]">&gt;&gt;</a>&nbsp;&nbsp;&nbsp;TIM_TimeBaseStructInit
<LI><a href="#[51]">&gt;&gt;</a>&nbsp;&nbsp;&nbsp;TIM_TimeBaseInit
<LI><a href="#[54]">&gt;&gt;</a>&nbsp;&nbsp;&nbsp;TIM_SetCounter
<LI><a href="#[57]">&gt;&gt;</a>&nbsp;&nbsp;&nbsp;TIM_OCStructInit
<LI><a href="#[59]">&gt;&gt;</a>&nbsp;&nbsp;&nbsp;TIM_OC1PreloadConfig
<LI><a href="#[58]">&gt;&gt;</a>&nbsp;&nbsp;&nbsp;TIM_OC1Init
<LI><a href="#[4e]">&gt;&gt;</a>&nbsp;&nbsp;&nbsp;TIM_GetTIMxClock
<LI><a href="#[4d]">&gt;&gt;</a>&nbsp;&nbsp;&nbsp;TIM_DeInit
<LI><a href="#[5b]">&gt;&gt;</a>&nbsp;&nbsp;&nbsp;TIM_CtrlPWMOutputs
<LI><a href="#[4c]">&gt;&gt;</a>&nbsp;&nbsp;&nbsp;TIM_Cmd
<LI><a href="#[5a]">&gt;&gt;</a>&nbsp;&nbsp;&nbsp;TIM_ARRPreloadConfig
<LI><a href="#[46]">&gt;&gt;</a>&nbsp;&nbsp;&nbsp;GPIO_ResetBits
<LI><a href="#[55]">&gt;&gt;</a>&nbsp;&nbsp;&nbsp;__ARM_common_ll_muluu
<LI><a href="#[28]">&gt;&gt;</a>&nbsp;&nbsp;&nbsp;RCC_APB1PeriphClockCmd
<LI><a href="#[47]">&gt;&gt;</a>&nbsp;&nbsp;&nbsp;GPIO_StructInit
<LI><a href="#[56]">&gt;&gt;</a>&nbsp;&nbsp;&nbsp;GPIO_PinAFConfig
<LI><a href="#[48]">&gt;&gt;</a>&nbsp;&nbsp;&nbsp;GPIO_Init
<LI><a href="#[1d]">&gt;&gt;</a>&nbsp;&nbsp;&nbsp;__aeabi_uldivmod
<LI><a href="#[4f]">&gt;&gt;</a>&nbsp;&nbsp;&nbsp;__aeabi_uidivmod
</UL>
<BR>[Called By]<UL><LI><a href="#[38]">&gt;&gt;</a>&nbsp;&nbsp;&nbsp;GS358_AppInit
</UL>

<P><STRONG><a name="[41]"></a>GS358_SetLightState</STRONG> (Thumb, 34 bytes, Stack size 16 bytes, gs358_app.o(i.GS358_SetLightState))
<BR><BR>[Stack]<UL><LI>Max Depth = 64<LI>Call Chain = GS358_SetLightState &rArr; GS358_ApplyOutputs &rArr; GS358_WriteLogicalOutput
</UL>
<BR>[Calls]<UL><LI><a href="#[3d]">&gt;&gt;</a>&nbsp;&nbsp;&nbsp;GS358_ApplyOutputs
</UL>
<BR>[Called By]<UL><LI><a href="#[49]">&gt;&gt;</a>&nbsp;&nbsp;&nbsp;GS358_LightLostTimerIRQHandler
<LI><a href="#[26]">&gt;&gt;</a>&nbsp;&nbsp;&nbsp;GS358_ComparatorFallingIRQHandler
</UL>

<P><STRONG><a name="[39]"></a>GS358_SysTickInit</STRONG> (Thumb, 76 bytes, Stack size 24 bytes, gs358_app.o(i.GS358_SysTickInit))
<BR><BR>[Stack]<UL><LI>Max Depth = 36<LI>Call Chain = GS358_SysTickInit &rArr; __aeabi_uidivmod
</UL>
<BR>[Calls]<UL><LI><a href="#[32]">&gt;&gt;</a>&nbsp;&nbsp;&nbsp;__NVIC_SetPriority
<LI><a href="#[5c]">&gt;&gt;</a>&nbsp;&nbsp;&nbsp;RCC_GetClocksFreq
<LI><a href="#[4f]">&gt;&gt;</a>&nbsp;&nbsp;&nbsp;__aeabi_uidivmod
</UL>
<BR>[Called By]<UL><LI><a href="#[38]">&gt;&gt;</a>&nbsp;&nbsp;&nbsp;GS358_AppInit
</UL>

<P><STRONG><a name="[3f]"></a>GS358_WriteLogicalOutput</STRONG> (Thumb, 52 bytes, Stack size 24 bytes, gs358_app.o(i.GS358_WriteLogicalOutput))
<BR><BR>[Stack]<UL><LI>Max Depth = 24<LI>Call Chain = GS358_WriteLogicalOutput
</UL>
<BR>[Calls]<UL><LI><a href="#[5d]">&gt;&gt;</a>&nbsp;&nbsp;&nbsp;GPIO_WriteBit
</UL>
<BR>[Called By]<UL><LI><a href="#[3d]">&gt;&gt;</a>&nbsp;&nbsp;&nbsp;GS358_ApplyOutputs
</UL>

<P><STRONG><a name="[31]"></a>__NVIC_ClearPendingIRQ</STRONG> (Thumb, 18 bytes, Stack size 0 bytes, gs358_app.o(i.__NVIC_ClearPendingIRQ))
<BR><BR>[Called By]<UL><LI><a href="#[40]">&gt;&gt;</a>&nbsp;&nbsp;&nbsp;GS358_LightLostTimerRestart
<LI><a href="#[3b]">&gt;&gt;</a>&nbsp;&nbsp;&nbsp;GS358_LightLostTimerInit
<LI><a href="#[3c]">&gt;&gt;</a>&nbsp;&nbsp;&nbsp;GS358_EXTIInit
<LI><a href="#[27]">&gt;&gt;</a>&nbsp;&nbsp;&nbsp;GS358_ADCInit
</UL>

<P><STRONG><a name="[33]"></a>__NVIC_EnableIRQ</STRONG> (Thumb, 26 bytes, Stack size 0 bytes, gs358_app.o(i.__NVIC_EnableIRQ))
<BR><BR>[Called By]<UL><LI><a href="#[3b]">&gt;&gt;</a>&nbsp;&nbsp;&nbsp;GS358_LightLostTimerInit
<LI><a href="#[3c]">&gt;&gt;</a>&nbsp;&nbsp;&nbsp;GS358_EXTIInit
<LI><a href="#[27]">&gt;&gt;</a>&nbsp;&nbsp;&nbsp;GS358_ADCInit
</UL>

<P><STRONG><a name="[32]"></a>__NVIC_SetPriority</STRONG> (Thumb, 110 bytes, Stack size 8 bytes, gs358_app.o(i.__NVIC_SetPriority))
<BR><BR>[Stack]<UL><LI>Max Depth = 8<LI>Call Chain = __NVIC_SetPriority
</UL>
<BR>[Called By]<UL><LI><a href="#[39]">&gt;&gt;</a>&nbsp;&nbsp;&nbsp;GS358_SysTickInit
<LI><a href="#[3b]">&gt;&gt;</a>&nbsp;&nbsp;&nbsp;GS358_LightLostTimerInit
<LI><a href="#[3c]">&gt;&gt;</a>&nbsp;&nbsp;&nbsp;GS358_EXTIInit
<LI><a href="#[27]">&gt;&gt;</a>&nbsp;&nbsp;&nbsp;GS358_ADCInit
</UL>

<P><STRONG><a name="[5e]"></a>SetSysClockToDefine</STRONG> (Thumb, 174 bytes, Stack size 16 bytes, system_mg32f003.o(i.SetSysClockToDefine))
<BR><BR>[Stack]<UL><LI>Max Depth = 28<LI>Call Chain = SetSysClockToDefine &rArr; __aeabi_uidivmod
</UL>
<BR>[Calls]<UL><LI><a href="#[4f]">&gt;&gt;</a>&nbsp;&nbsp;&nbsp;__aeabi_uidivmod
</UL>
<BR>[Called By]<UL><LI><a href="#[17]">&gt;&gt;</a>&nbsp;&nbsp;&nbsp;SystemInit
</UL>
<P>
<H3>
Undefined Global Symbols
</H3>
<P><STRONG><a name="[1c]"></a>__arm_fini_</STRONG> (Unknown, 0 bytes, Stack size 0 bytes, UNDEFINED)
<BR><BR>[Called By]<UL><LI><a href="#[1b]">&gt;&gt;</a>&nbsp;&nbsp;&nbsp;__rt_lib_shutdown_fini
</UL>
<HR></body></html>
