C51 COMPILER V9.60.0.0   APP                                                               07/12/2022 09:54:08 PAGE 1   


C51 COMPILER V9.60.0.0, COMPILATION OF MODULE APP
OBJECT MODULE PLACED IN .\Out_Files\app.obj
COMPILER INVOKED BY: C:\Keil_v5\C51\BIN\C51.EXE ..\source\app.c LARGE OMF2 OPTIMIZE(8,SIZE) BROWSE INCDIR(..\..\..\..\Dr
                    -iver\inc;..\..\..\..\Driver\src;..\..\..\..\MCU\Common;..\..\..\..\MCU\Device) DEBUG PRINT(.\Out_Files\app.lst) TABS(2) 
                    -OBJECT(.\Out_Files\app.obj)

line level    source

   1          /***********************************************************************
   2           * Copyright (c)  2017 - 2021, Unicmicro Co.,Ltd .
   3           * All rights reserved.
   4           * Filename    : app.c
   5           * Description : app driver source file
   6           * Author(s)   : Will
   7           * version     : V1.0
   8           * Modify date : 2021-04-27
   9           ***********************************************************************/
  10          #include "system_um800y.h"
  11          #include "app.h"
  12          #include "config.h"
  13          #include "common.h"
  14          #include "uart1.h"
  15          
  16          volatile uint8_t rx_flag ;
  17          volatile uint8_t uart1_rx_buf[32];
  18          volatile uint8_t uart1_tx_buf[32];
  19          volatile uint16_t rx_count = 0;
  20          volatile uint16_t tx_count = 0;
  21          
  22          /************************************************************************
  23           * Function     : uart0_rec_pro
  24           * Description  : uart0_rec_pro 串口接收处理回调函数
  25           * Input    : none
  26           * Output     : none
  27           * Return   : none
  28           ************************************************************************/
  29          void uart1_rec_pro(void)
  30          {
  31   1        uart1_rx_buf[rx_count++]= uart1_recv_byte();
  32   1        rx_flag = 1;  
  33   1      }
  34          
  35          /************************************************************************
  36           * Function     : uart_init
  37           * Description  : uart_init 串口初始化
  38           * Input    : none
  39           * Output     : none
  40           * Return   : none
  41           ************************************************************************/
  42          void uart_init(void)
  43          {
  44   1        rx_flag = 0;
  45   1        uart1_init(UART1_BAUD_RATE);
  46   1          uart1_irq_init(UART1_IRQ_ENABLE,uart1_rec_pro);
  47   1      }
  48          
  49          /************************************************************************
  50           * Function     : uart_test
  51           * Description  : uart_test
  52           * Input    : none
  53           * Output     : none
C51 COMPILER V9.60.0.0   APP                                                               07/12/2022 09:54:08 PAGE 2   

  54           * Return   : none
  55           ************************************************************************/
  56          void uart_test(void)
  57          {
  58   1        printfS("System run at %ldHz\n\r", system_core_clock);
  59   1        printfS("start test uart1! \n");
  60   1        printfS("waiting for output data.....! \n");
  61   1        
  62   1        while(1)
  63   1        {   
  64   2          if(rx_flag)
  65   2          {
  66   3                  my_memcpy(uart1_tx_buf, uart1_rx_buf, rx_count);  
  67   3                  tx_count = rx_count;
  68   3                  rx_count = 0;   
  69   3                  uart1_send_bytes(uart1_tx_buf,tx_count);      
  70   3            rx_flag = 0;
  71   3               
  72   3          }
  73   2          delay1ms(50);   
  74   2        }    
  75   1        
  76   1      }
  77          
  78          /************************************************************************
  79           * Function     : my_memcpy
  80           * Description  : my_memcpy
  81           * Input    : uint8_t *dst  目的地址
  82           *          uint8_t *src  源地址
  83           *          uint16_t n   数据长度
  84           * Output     : none
  85           * Return   : none
  86           ************************************************************************/
  87          void my_memcpy(uint8_t *dst,uint8_t *src,uint16_t n)
  88          {
  89   1        while(n--)
  90   1        { 
  91   2          *dst++ = *src++;
  92   2        }
  93   1      }


MODULE INFORMATION:   STATIC OVERLAYABLE
   CODE SIZE        =    249    ----
   CONSTANT SIZE    =     74    ----
   XDATA SIZE       =     69       8
   PDATA SIZE       =   ----    ----
   DATA SIZE        =   ----    ----
   IDATA SIZE       =   ----    ----
   BIT SIZE         =   ----    ----
   EDATA SIZE       =   ----    ----
   HDATA SIZE       =   ----    ----
   XDATA CONST SIZE =   ----    ----
   FAR CONST SIZE   =   ----    ----
END OF MODULE INFORMATION.


C51 COMPILATION COMPLETE.  0 WARNING(S),  0 ERROR(S)
