C51 COMPILER V9.60.0.0   UART3                                                             07/19/2022 10:44:26 PAGE 1   


C51 COMPILER V9.60.0.0, COMPILATION OF MODULE UART3
OBJECT MODULE PLACED IN .\Out_Files\uart3.obj
COMPILER INVOKED BY: C:\Keil_v5\C51\BIN\C51.EXE ..\..\..\..\Driver\src\uart3.c LARGE OMF2 OPTIMIZE(8,SIZE) BROWSE INCDIR
                    -(..\..\..\..\Driver\inc;..\..\..\..\Driver\src;..\..\..\..\MCU\Common;..\..\..\..\MCU\Device) DEBUG PRINT(.\Out_Files\ua
                    -rt3.lst) TABS(2) OBJECT(.\Out_Files\uart3.obj)

line level    source

   1          /***********************************************************************
   2           * Copyright (c)  2017 - 2021, Unicmicro Co.,Ltd .
   3           * All rights reserved.
   4           * Filename    : uart3.c
   5           * Description : uart3 driver source file
   6           * Author(s)   : shengyu
   7           * version     : V1.0
   8           * Modify date : 2021-12-09
   9           ***********************************************************************/
  10          #include "uart3.h"
  11          #include "config.h"
  12          
  13          volatile uint8_t uart3_tx_flag = 0;
  14          
  15          extern uint32_t system_core_clock;
  16          
  17          void (*uart3_func)(void) = { 0 };
  18          
  19          /************************************************************************
  20           * Function     : UART3_IRQHandler
  21           * Description  : uart3 interrupt handling
  22           * Input    : none
  23           * Output   : none   
  24           * Return   : none
  25           ************************************************************************/
  26          void UART3_IRQHandler(void) interrupt 17
  27          {
  28   1        if(REG_UART3_ISR & 0x20)            //FIFO非空中断
  29   1        {
  30   2          if(uart3_func != NULL)
  31   2          {
  32   3            ((void(*)())(uart3_func))();    //uart3的接收处理回调函数
  33   3            REG_UART3_ISR &= ~(1<<5);       //清除FIFO_NE非空标志位
  34   3          }
  35   2        }
  36   1      #ifdef UART3_TX_INT_MODE        
                else if(REG_UART3_ISR & 0x02)       //发送完成中断
                {
                  if(!(REG_UART3_ISR & (1<<1)))
                  {
                    uart3_tx_flag = 1;
                    REG_UART3_ISR &= ~(1<<1);       //清除发送完成标志位
                  }
                }
              #endif
  46   1        else
  47   1        {
  48   2          REG_UART3_ISR = 0x00;             //清除中断状态
  49   2        }
  50   1        
  51   1      }
  52          
  53          /************************************************************************
C51 COMPILER V9.60.0.0   UART3                                                             07/19/2022 10:44:26 PAGE 2   

  54           * Function     : uart3_set_baud_rate
  55           * Description  : uart3 set baud rate
  56           * Input    : uint32_t clk_hz: cpu frequency
  57           *            uint32_t baud_rate: Series rate                 
  58           * Output   : none  
  59           * Return   : none
  60           ************************************************************************/
  61          static void uart3_set_baud_rate(uint32_t clk_hz, uint32_t baud_rate)  
  62          { 
  63   1        uint16_t temp;
  64   1        uint8_t MSbyte, LSbyte;
  65   1          
  66   1        temp = clk_hz / baud_rate;
  67   1        
  68   1        MSbyte = temp>>8;
  69   1        LSbyte = temp;
  70   1        
  71   1        REG_UART3_BRPH = MSbyte;
  72   1        REG_UART3_BRPL = LSbyte+1;    //+1：波特率精度补偿
  73   1      }
  74          
  75          /************************************************************************
  76           * Function     : uart3_init
  77           * Description  : uart3 initial for  baud_rate
  78           * Input    : uint32_t baud_rate: Series rate 
  79           * Output   : none
  80           * Return   : none
  81           ************************************************************************/
  82          void uart3_init(uint32_t baud_rate)
  83          {
  84   1        BEEPCTR |= (1<<7);                  //开uart3时钟使能 
  85   1        BEEPCTR |= (1<<6);                  //uart3正常工作
  86   1      
  87   1        REG_P03_CFG = 0x3;                  //P03复用为UART3_RX
  88   1        REG_P25_CFG = 0x1;                  //P25复用为UART3_TX
  89   1        
  90   1        P2PU &= ~(1<<5);                    //使能P25内部上拉  
  91   1        P0PU &= ~(1<<3);                    //使能P03内部上拉   
  92   1        
  93   1        REG_UART3_CR = 0x4;                 //清除接收FIFO中数据和指针
  94   1        REG_UART3_CR = 0x0a;                //无奇偶校验,发送数据使能
  95   1      
  96   1        uart3_set_baud_rate(system_core_clock,baud_rate);     //设置波特率
  97   1      }
  98          
  99          /************************************************************************
 100           * Function     : uart3_irq_init
 101           * Description  : uart3 interrupt enable
 102           * Input    : uint8_t irqstate: 0 中断失能，1 中断使能
 103           *            *pfunc_recv)(): 接收处理回调函数
 104           * Output   : none
 105           * Return   : none
 106           ************************************************************************/
 107          void uart3_irq_init(uint8_t irqstate,void (*pfunc_recv)())
 108          {
 109   1        if(irqstate == UART3_IRQ_ENABLE)
 110   1        {
 111   2          EA = 1;                   //打开总中断开关
 112   2          IEN2 = (1<<0);            //使能uart3中断
 113   2          
 114   2      #ifdef UART3_TX_INT_MODE      //发送采用中断方式
                  REG_UART3_IER = 0x22;     //接收FIFO非空中断使能，发送完成中断使能,enable Rx/Tx_INT,disable else int
C51 COMPILER V9.60.0.0   UART3                                                             07/19/2022 10:44:26 PAGE 3   

              #else                         //发送采用查询方式
 117   2          REG_UART3_IER = 0x20;     //接收FIFO非空中断使能，发送完成中断不使能,enable Rx_INT,disable Tx_INT and els
             -e int  
 118   2      
 119   2      #endif  
 120   2          uart3_func = pfunc_recv;  //接收中断回调函数
 121   2        }
 122   1        else
 123   1        {
 124   2          IEN2 = 0;                 //关闭uart3中断
 125   2        }
 126   1          
 127   1      }
 128          
 129          /************************************************************************
 130           * Function     : uart3_send_byte
 131           * Description  : uart3 发送一个字节数据
 132           * Input    : char c: out byte
 133           * Output   : none  
 134           * Return   : none
 135           ************************************************************************/
 136          void uart3_send_byte(char c)
 137          {
 138   1        //输出一个字符
 139   1        uint16_t timeout;
 140   1        timeout = 65535;
 141   1        
 142   1        REG_UART3_TDR = c;
 143   1      
 144   1      #ifdef UART3_TX_INT_MODE            //中断方式
                while(!uart3_tx_flag);    
                uart3_tx_flag = 0;    
              #else                               //查询方式
 148   1        while((REG_UART3_ISR & 0x02) != 0x02)     //等待数据发送完成
 149   1        {   
 150   2          if((timeout--)==0)              //超时等待退出
 151   2          {   
 152   3            break;    
 153   3          }   
 154   2        }   
 155   1        REG_UART3_ISR &= ~(1<<1);         //清除发送完成标志位
 156   1      
 157   1      #endif
 158   1      }
 159          
 160          /************************************************************************
 161           * Function     : uart3_send_bytes
 162           * Description  : uart3 send bytes  发送多个字节
 163           * Input    : uint8_t* buff: out buffer
 164           *            uint32_t length: buffer length
 165           * Output   : none  
 166           * Return   : none
 167           ************************************************************************/
 168          void uart3_send_bytes(uint8_t *buff, uint32_t length)
 169          {
 170   1        while(length--)
 171   1        {
 172   2          uart3_send_byte(*buff++);
 173   2        } 
 174   1      }
 175          
 176          /************************************************************************
C51 COMPILER V9.60.0.0   UART3                                                             07/19/2022 10:44:26 PAGE 4   

 177           * Function     : uart3_recv_byte
 178           * Description  : uart3 接收一个字节数据
 179           * Input    : none 
 180           * Output   : none  
 181          * Return    : REG_uart3_RDR：返回一个byte 
 182           ************************************************************************/
 183          uint8_t uart3_recv_byte(void)
 184          { 
 185   1        return REG_UART3_RDR;
 186   1      }
 187          
 188          
 189          /************************************************************************
 190           * Function     : putchar
 191           * Description  : 打印函数重映射
 192           * Input    : char c: 一个字符
 193           * Output   : none  
 194           * Return   : none
 195           ************************************************************************/
 196          
 197          char putchar(char c)
 198          {
 199   1        uart3_send_byte(c); 
 200   1        return c;
 201   1      }


MODULE INFORMATION:   STATIC OVERLAYABLE
   CODE SIZE        =    300    ----
   CONSTANT SIZE    =   ----    ----
   XDATA SIZE       =      4      19
   PDATA SIZE       =   ----    ----
   DATA SIZE        =   ----    ----
   IDATA SIZE       =   ----    ----
   BIT SIZE         =   ----    ----
   EDATA SIZE       =   ----    ----
   HDATA SIZE       =   ----    ----
   XDATA CONST SIZE =   ----    ----
   FAR CONST SIZE   =   ----    ----
END OF MODULE INFORMATION.


C51 COMPILATION COMPLETE.  0 WARNING(S),  0 ERROR(S)
