C51 COMPILER V9.60.0.0   APP                                                               07/19/2022 10:42:11 PAGE 1   


C51 COMPILER V9.60.0.0, COMPILATION OF MODULE APP
OBJECT MODULE PLACED IN .\Out_Files\app.obj
COMPILER INVOKED BY: C:\Keil_v5\C51\BIN\C51.EXE ..\source\app.c LARGE OMF2 OPTIMIZE(8,SIZE) BROWSE INCDIR(..\..\..\..\Dr
                    -iver\inc;..\..\..\..\Driver\src;..\..\..\..\MCU\Common;..\..\..\..\MCU\Device) DEBUG PRINT(.\Out_Files\app.lst) TABS(2) 
                    -OBJECT(.\Out_Files\app.obj)

line level    source

   1          /***********************************************************************
   2           * Copyright (c)  2017 - 2021, Unicmicro Co.,Ltd .
   3           * All rights reserved.
   4           * Filename    : app.c
   5           * Description : app driver source file
   6           * Author(s)   : shengyu
   7           * version     : V1.0
   8           * Modify date : 2021-12-31
   9           ***********************************************************************/
  10          #include "system_um800y.h"
  11          #include "app.h"
  12          #include "config.h"
  13          #include "common.h"
  14          #include "uart3.h"
  15          
  16          volatile uint8_t uart3_rx_flag ;
  17          volatile uint8_t uart3_rx_buf[32];
  18          volatile uint8_t uart3_tx_buf[32];
  19          volatile uint8_t uart3_rx_count = 0;  
  20          volatile uint8_t uart3_tx_count = 0;
  21          
  22          /************************************************************************
  23           * Function     : uart3_rec_pro
  24           * Description  : uart3_rec_pro 串口接收处理回调函数
  25           * Input    : none
  26           * Output   : none
  27           * Return   : none
  28           ************************************************************************/
  29          void uart3_rec_pro(void)
  30          {
  31   1        uart3_rx_buf[uart3_rx_count++]= uart3_recv_byte();  
  32   1        uart3_rx_flag = 1;
  33   1      }
  34          
  35          /************************************************************************
  36           * Function     : uart_init
  37           * Description  : uart_init 串口初始化
  38           * Input    : none
  39           * Output   : none
  40           * Return   : none
  41           ************************************************************************/
  42          void uart_init(void)
  43          {
  44   1        uart3_rx_flag = 0;
  45   1        uart3_init(UART3_BAUD_RATE);
  46   1        uart3_irq_init(UART3_IRQ_ENABLE,uart3_rec_pro);
  47   1      
  48   1      }
  49          
  50          /************************************************************************
  51           * Function     : my_memcpy
  52           * Description  : my_memcpy
  53           * Input    : uint8_t *dst  目的地址
C51 COMPILER V9.60.0.0   APP                                                               07/19/2022 10:42:11 PAGE 2   

  54           *            uint8_t *src  源地址
  55           *            uint16_t n   数据长度
  56           * Output   : none
  57           * Return   : none
  58           ************************************************************************/
  59          void my_memcpy(uint8_t *dst,uint8_t *src,uint16_t n)
  60          {
  61   1        while(n--)
  62   1        { 
  63   2          *dst++ = *src++;
  64   2        }
  65   1      }
  66          
  67          /************************************************************************
  68           * Function     : uart3_test
  69           * Description  : uart3_test
  70           * Input    : none
  71           * Output   : none
  72           * Return   : none
  73           ************************************************************************/
  74          void uart3_test(void)
  75          {
  76   1        printfS("System run at %ldHz\n\r", system_core_clock);
  77   1        printfS("start test uart! \n");
  78   1        printfS("waiting for output data.....! \n");
  79   1        
  80   1        while(1)
  81   1        {   
  82   2          if(uart3_rx_flag)
  83   2          {
  84   3            my_memcpy(uart3_tx_buf, uart3_rx_buf, uart3_rx_count);  
  85   3            uart3_tx_count = uart3_rx_count;
  86   3            uart3_rx_count = 0;  
  87   3            uart3_send_bytes(uart3_tx_buf,uart3_tx_count);  
  88   3            uart3_rx_flag = 0;       
  89   3          }
  90   2          delay1ms(50);   
  91   2        }    
  92   1        
  93   1      }
  94          
  95          


MODULE INFORMATION:   STATIC OVERLAYABLE
   CODE SIZE        =    227    ----
   CONSTANT SIZE    =     73    ----
   XDATA SIZE       =     67       8
   PDATA SIZE       =   ----    ----
   DATA SIZE        =   ----    ----
   IDATA SIZE       =   ----    ----
   BIT SIZE         =   ----    ----
   EDATA SIZE       =   ----    ----
   HDATA SIZE       =   ----    ----
   XDATA CONST SIZE =   ----    ----
   FAR CONST SIZE   =   ----    ----
END OF MODULE INFORMATION.


C51 COMPILATION COMPLETE.  0 WARNING(S),  0 ERROR(S)
