C51 COMPILER V9.57.0.0   GTIMER0                                                           06/30/2026 17:42:35 PAGE 1   


C51 COMPILER V9.57.0.0, COMPILATION OF MODULE GTIMER0
OBJECT MODULE PLACED IN .\Out_Files\gtimer0.obj
COMPILER INVOKED BY: D:\Keil\Keil_v5\C51\BIN\C51.EXE ..\..\..\..\Driver\src\gtimer0.c LARGE OMF2 OPTIMIZE(8,SIZE) BROWSE
                    - INCDIR(..\..\..\..\Driver\inc;..\..\..\..\Driver\src;..\..\..\..\MCU\Common;..\..\..\..\MCU\Device) DEBUG PRINT(.\Out_F
                    -iles\gtimer0.lst) OBJECT(.\Out_Files\gtimer0.obj)

line level    source

   1          /***********************************************************************
   2           * Copyright (c)  2017 - 2021, Unicmicro Co.,Ltd .
   3           * All rights reserved.
   4           * Filename    : gtimer0.c
   5           * Description : gtimer0 driver source file
   6           * Author(s)   : shengyu
   7           * version     : V1.0
   8           * Modify date : 2021-12-30
   9           ***********************************************************************/
  10          #include "gtimer.h"
  11          #include "gpio.h"
  12          
  13          void (*gtimer0_callback[3])(void) = { 0 };
  14          
  15          
  16          /***********************************************************************
  17           * Function     : GTIM0_IRQHandler
  18           * Description  : GTIM0 interrupt handling
  19           * Input                : none
  20           * Output               : none   
  21           * Return               : none
  22           ***********************************************************************/
  23          void GTIM0_IRQHandler(void) interrupt 21
  24          {
  25   1              if((REG_GTIM0_SR & GTIMER0_UIF)  && (REG_GTIM0_IER & GTIMER0_UIE))              //UE中断
  26   1              {
  27   2                      if(gtimer0_callback[0] != NULL)
  28   2                      {
  29   3                              gtimer0_callback[0]();
  30   3                      }
  31   2                      REG_GTIM0_SR = GTIMER0_UIF;                                             //清除UE中断标志
  32   2              }
  33   1              else if((REG_GTIM0_SR & GTIMER0_CCIF)  && (REG_GTIM0_IER & GTIMER0_CCIE))               //比较中断/捕捉中断
  34   1              {
  35   2                      if(gtimer0_callback[1] != NULL)
  36   2                      {
  37   3                              gtimer0_callback[1]();
  38   3                      }
  39   2                      REG_GTIM0_SR = GTIMER0_CCIF;                                    //清除中断/捕捉中断
  40   2              }
  41   1              else if((REG_GTIM0_SR & GTIMER0_BKE_IF) && (REG_GTIM0_IER & GTIMER0_BKE_IE))                    //刹车中断
  42   1              {
  43   2                      if(gtimer0_callback[2] != NULL)
  44   2                      {
  45   3                              gtimer0_callback[2]();
  46   3                      }
  47   2                      REG_GTIM0_SR = GTIMER0_BKE_IF;                  //清除刹车中断标志
  48   2              }
  49   1              else
  50   1              {
  51   2                      REG_GTIM0_SR = 0x7;                                                                     //清除所有中断标志
  52   2              }
  53   1      }  
C51 COMPILER V9.57.0.0   GTIMER0                                                           06/30/2026 17:42:35 PAGE 2   

  54          
  55          
  56          /************************************************************************
  57           * Function     : gtimer0_count_init
  58           * Description  : gtimer0_count_init GTIMER0 初始化
  59           * Input                : uint8_t arr   GTIMER0重载值
  60                                                                  uint8_t psc GTIMER0分频值
  61           * Output       : none
  62           * Return               : none
  63           ************************************************************************/      
  64          void gtimer0_count_init(uint16_t arr,uint16_t psc)
  65          {
  66   1              PCLK1 |= (1<<3);                                                                          //开Gtim0时钟使能     
  67   1              PRESET1 |= (1<<3);                                                                      //GTim0正常工作
  68   1              
  69   1              REG_GTIM0_CR0 |= (1<<6);                                                //使能auto-repload 
  70   1      
  71   1              REG_GTIM0_PSC1 = (psc>>8)&0xFF;                 //高8位 FCK_CNT=FCK_PSC/(PSC[15:0]+1);  FCK_PSC = APBCLK 
  72   1              REG_GTIM0_PSC0 = psc&0xFF;                                      //低8位 FCK_CNT=FCK_PSC/(PSC[15:0]+1);  FCK_PSC = APBCLK 
  73   1              
  74   1              REG_GTIM0_ARR1 = ((arr-1)>>8)&0xFF;                     //高8位 自动装载值
  75   1              REG_GTIM0_ARR0 = (arr-1)&0xFF;                                  //低8位 自动装载值
  76   1              
  77   1              REG_GTIM0_EGR = 0x1;                                                            //产生UE事件，将PSC的值立即载入shadow寄存器
  78   1              REG_GTIM0_SR |= (1<<0);                                                 //清除UE产生的中断，否则会直接进入中断服务函数
  79   1              
  80   1      }
  81          
  82          
  83          /************************************************************************
  84           * Function     : gtimer0_pwm_init
  85           * Description  : gtimer0_pwm_init GTIMER0 中断初始化
  86           * Input                : uint16_t arr  GTIMER0重载值
  87                                                                  uint16_t psc  GTIMER0分频值
  88                                                                  uint16_t ccr  GTIMER0比较值
  89           * Output       : none
  90           * Return               : none
  91           ************************************************************************/      
  92          void gtimer0_pwm_init(uint16_t arr, uint16_t psc, uint16_t ccr)
  93          {
  94   1              PCLK1 |= (1<<3);                                                                          //开Gtim0时钟使能 
  95   1              PRESET1 |= (1<<3);                                                                      //GTim0正常工作 
  96   1              
  97   1              REG_P13_CFG = 0x06;                                                                     //P13 CH 
  98   1              REG_P15_CFG = 0x04;                                                                     //P15 CH 
  99   1      //      REG_P25_CFG = 0x04;                                                             //P25 CH 
 100   1              
 101   1              REG_P14_CFG = 0x05;                                                                     //P14 CHN
 102   1              REG_P20_CFG = 0x06;                                                                     //P20 CHN
 103   1      //      REG_P23_CFG = 0x05;                                                             //P23 CHN 
 104   1              
 105   1              REG_GTIM0_CR0 |= (1<<6);                                                //使能auto-repload 
 106   1              
 107   1              REG_GTIM0_PSC1 = (psc>>8)&0xFF;                 //高8位 FCK_CNT=FCK_PSC/(PSC[15:0]+1);  FCK_PSC = APBCLK 
 108   1              REG_GTIM0_PSC0 = psc&0xFF;                                      //低8位 FCK_CNT=FCK_PSC/(PSC[15:0]+1);  FCK_PSC = APBCLK 
 109   1              
 110   1              REG_GTIM0_ARR1 = ((arr-1)>>8)&0xFF;                     //高8位 自动装载值 
 111   1              REG_GTIM0_ARR0 = (arr-1)&0xFF;                                  //低8位 自动装载值 
 112   1              
 113   1              REG_GTIM0_ARRN1 = ((arr-1)>>8)&0xFF;            //高8位 自动装载值 
 114   1              REG_GTIM0_ARRN0 = (arr-1)&0xFF;                                 //低8位 自动装载值 
 115   1                                      
C51 COMPILER V9.57.0.0   GTIMER0                                                           06/30/2026 17:42:35 PAGE 3   

 116   1              REG_GTIM0_CCR1 = ((ccr)>>8)&0xFF;               //高8位 比较寄存器 
 117   1              REG_GTIM0_CCR0 = (ccr)&0xFF;                                    //低8位 比较寄存器 
 118   1                                      
 119   1              REG_GTIM0_CCRN1 = ((ccr)>>8)&0xFF;      //高8位 比较寄存器
 120   1              REG_GTIM0_CCRN0 = (ccr)&0xFF;                           //低8位 比较寄存器
 121   1                                      
 122   1              REG_GTIM0_CR1 |= (1<<0);                                                //互补PWM和原PWM反相位
 123   1                                      
 124   1              REG_GTIM0_CR1 |= (1<<1);                                                //避免死区功能使能
 125   1                                      
 126   1              REG_GTIM0_EGR = 0x1;                                                            //产生UE事件，将PSC的值立即载入shadow寄存器
 127   1              REG_GTIM0_SR |= (1<<0);                                                 //清除UE产生的中断，否则会直接进入中断服务函数
 128   1              
 129   1              REG_GTIM0_CR2 |= (1<<2);                                                //输出总使能
 130   1              
 131   1              REG_GTIM0_CCER |= (1<<0);                                               //使能输出
 132   1              
 133   1              
 134   1      }
 135          
 136          /***********************************************************************
 137           * Function     : gtimer0_capture_init
 138           * Description  : gtimer0_capture_init GTIMER0输入捕获
 139           * Input                : uint16_t arr          装载值
 140           *                                      : uint8_t capture_div   捕捉源预分频位
 141           *                                      : uint8_t capssel                       捕捉源选择位
 142           * Output               : none
 143           * Return               : none
 144           ***********************************************************************/
 145          void gtimer0_capture_init(uint16_t arr,uint8_t capture_div,uint8_t capssel)
 146          {
 147   1              PCLK1 |= (1<<3);                                                                                //开Gtim0时钟使能
 148   1              PRESET1 |= (1<<3);                                                                              //GTim0正常工作
 149   1                      
 150   1              REG_P13_CFG = 0x06;                                                                             //P13 GTIMER0_CH 
 151   1      
 152   1              REG_GTIM0_ARR1 = ((arr-1)>>8)&0xFF;                             //高8位 自动装载值 
 153   1              REG_GTIM0_ARR0 = (arr-1)&0xFF;                                          //低8位 自动装载值 
 154   1                      
 155   1              REG_GTIM0_CCMR0 &= ~(1<<7);                                             //外部计数源滤波使能：无滤波功能 
 156   1              REG_GTIM0_CCMR0 |= (1<<0);                                              //配置CCS为输入 
 157   1              
 158   1              REG_GTIM0_CCMR1 = (REG_GTIM0_CCMR1&(~(0x03<<0)))|(capssel<<0);                  //捕捉源选择位  
 159   1      
 160   1              REG_GTIM0_CCMR1 = (REG_GTIM0_CCMR1&(~(3<<5)))|(capture_div<<5); //分频配置
 161   1                      
 162   1              REG_GTIM0_CCMR1 &= ~(0x03<<2);                          //捕获沿触发控制位：上升沿触发 
 163   1                      
 164   1              REG_GTIM0_CCER |= (1<<0);                                                       //使能捕捉功能 
 165   1              
 166   1      }
 167          
 168          void gtimer0_bke_init(void)
 169          {
 170   1              PCLK1 |= (1<<3);                                                                //开Gtim0时钟使能       
 171   1              PRESET1 |= (1<<3);                                                      //GTim0正常工作 
 172   1      
 173   1              REG_P01_CFG = 0x05;                                                     //P01 GTIMER0_BKE 
 174   1      //      REG_P22_CFG = 0x05;                                                     //P22 GTIMER0_BKE       
 175   1      //      REG_P25_CFG = 0x05;                                                     //P25 GTIMER0_BKE 
 176   1              
 177   1              REG_GTIM0_CR1 &= ~(3<<6);                               //PWM刹车触发后，PWM正向电平状态设置位:低电平 
C51 COMPILER V9.57.0.0   GTIMER0                                                           06/30/2026 17:42:35 PAGE 4   

 178   1              REG_GTIM0_CR2 &= ~(3<<0);                               // PWM刹车触发后，PWM互补电平状态设置位:低电平 
 179   1      
 180   1              REG_GTIM0_CR1 &= ~(1<<3);                               //刹车信号高电平有效
 181   1              
 182   1              REG_GTIM0_CR1 |= (1<<2);                                //使能刹车功能 
 183   1      
 184   1              REG_GTIM0_CCER |= (1<<0);                               //使能输出 
 185   1      }
 186          
 187          /************************************************************************
 188           * Function     : gtimer0_irq_init
 189           * Description  : gtimer0_irq_init      GTIMER0 中断初始化
 190           * Input                : uint8_t irq_enable            GTIMER0中断使能开关 1：使能 0：禁止
 191           *                                              uint8_t gtimer_irq_type GTIMER0中断类型选择
 192           *            void (*pfunc)()                                   GTIMER0中断回调函数
 193           * Output       : none
 194           * Return               : none
 195           ************************************************************************/      
 196          void gtimer0_irq_init(uint8_t irq_enable,uint8_t gtimer_irq_type,void (*pfunc)())
 197          {
 198   1              REG_GTIM0_SR = 0x7;             //清除状态标志
 199   1              
 200   1              if(irq_enable == GTIMER_IRQ_ENABLE)
 201   1              {
 202   2                      switch(gtimer_irq_type)
 203   2                      {
 204   3                              case GTIMER0_UIE_IRQ:
 205   3                                              gtimer0_callback[0] = pfunc;
 206   3                                              REG_GTIM0_IER |= GTIMER0_UIE;                           //使能UPDATE中断
 207   3                                              break;
 208   3                              case GTIMER0_CCIE_IRQ:
 209   3                                              gtimer0_callback[1] = pfunc;
 210   3                                              REG_GTIM0_IER |= GTIMER0_CCIE;                  //使能比较/捕捉中断
 211   3                                              break;  
 212   3                              case GTIMER0_BKE_IE_IRQ:
 213   3                                              gtimer0_callback[2] = pfunc;
 214   3                                              REG_GTIM0_IER |= GTIMER0_BKE_IE;                //使能刹车中断
 215   3                                              break;
 216   3                              default:
 217   3                                              break;                          
 218   3                      }       
 219   2                      EA = 1 ;                                                                                                                                        //开启总中断
 220   2                      IEN1 |= (1<<0);                                                                                                         //开启gtimer0中断 
 221   2              }
 222   1              else
 223   1              {
 224   2                      switch(gtimer_irq_type)
 225   2                      {
 226   3                              case GTIMER0_UIE_IRQ:
 227   3                                              gtimer0_callback[0] = pfunc;
 228   3                                              REG_GTIM0_IER |= ~GTIMER0_UIE;                  //禁止UPDATE中断
 229   3                                              break;
 230   3                              case GTIMER0_CCIE_IRQ:
 231   3                                              gtimer0_callback[1] = pfunc;
 232   3                                              REG_GTIM0_IER |= ~GTIMER0_CCIE;                 //禁止比较/捕捉中断
 233   3                                              break;  
 234   3                              case GTIMER0_BKE_IE_IRQ:
 235   3                                              gtimer0_callback[2] = pfunc;
 236   3                                              REG_GTIM0_IER |= ~GTIMER0_BKE_IE;               //禁止刹车中断
 237   3                                              break;          
 238   3                              default:
 239   3                                              break;                          
C51 COMPILER V9.57.0.0   GTIMER0                                                           06/30/2026 17:42:35 PAGE 5   

 240   3                      }       
 241   2              }
 242   1              
 243   1      }
 244          
 245          /************************************************************************
 246           * Function     : gtimer0_start
 247           * Description  : gtimer0_start 启动GTIMER0计数
 248           * Input                : none
 249           * Output       : none
 250           * Return               : none
 251           ************************************************************************/      
 252          void gtimer0_start(void)
 253          {
 254   1              REG_GTIM0_CR0 |= (1<<0);                                //使能计数器 
 255   1      }
 256          
 257          
 258          
 259          /***********************************************************************
 260           * Function     : gtimer0_stop
 261           * Description  : gtimer0_stop  停止GTIMER0计数器
 262           * Input                : none
 263           * Output               : none
 264           * Return               : none
 265           ***********************************************************************/
 266          void gtimer0_stop(void)
 267          {
 268   1              REG_GTIM0_CR0 &= ~(1<<0);                               //不使能计数器
 269   1      }
 270          
 271          


MODULE INFORMATION:   STATIC OVERLAYABLE
   CODE SIZE        =    693    ----
   CONSTANT SIZE    =   ----    ----
   XDATA SIZE       =      9       7
   PDATA SIZE       =   ----    ----
   DATA SIZE        =   ----    ----
   IDATA SIZE       =   ----    ----
   BIT SIZE         =   ----    ----
   EDATA SIZE       =   ----    ----
   HDATA SIZE       =   ----    ----
   XDATA CONST SIZE =   ----    ----
   FAR CONST SIZE   =   ----    ----
END OF MODULE INFORMATION.


C51 COMPILATION COMPLETE.  0 WARNING(S),  0 ERROR(S)
