C51 COMPILER V9.57.0.0   MAIN                                                              01/07/2026 16:06:03 PAGE 1   


C51 COMPILER V9.57.0.0, COMPILATION OF MODULE MAIN
OBJECT MODULE PLACED IN .\Out_Files\main.obj
COMPILER INVOKED BY: D:\Keil\Keil_v5\C51\BIN\C51.EXE ..\source\main.c LARGE OMF2 OPTIMIZE(8,SIZE) BROWSE INCDIR(..\..\..
                    -\..\Driver\inc;..\..\..\..\Driver\src;..\..\..\..\MCU\Common;..\..\..\..\MCU\Device) DEBUG PRINT(.\Out_Files\main.lst) O
                    -BJECT(.\Out_Files\main.obj)

line level    source

   1          /***********************************************************************
   2           * Copyright (c)  2017 - 2021, Unicmicro Co.,Ltd .
   3           * All rights reserved.
   4           * Filename    : main.c
   5           * Description : main source file
   6           * Author(s)   : Will
   7           * version     : V1.0
   8           * Modify date : 2021-04-27
   9           ***********************************************************************/     
  10          #include "system_um800y.h"
  11          #include "app.h"
  12          #include "gtimer.h"
  13          #include "pwm.h"
  14          #include "common.h"
  15          #include "config.h"
  16          #include "gpio.h"
  17          #include "adc.h"
  18          
  19          #define impulse         P1_4
  20          #define impulsetGPIO_HIGH();    gpio_io_set(P1_4, GPIO_LOW);
  21          #define impulsetGPIO_LOW();     gpio_io_set(P1_4, GPIO_HIGH);
  22          
  23          volatile uint16_t duty2 = 8000; 
  24          volatile uint16_t cycle2 = 64000;       
  25          uint16_t ADC_Flag = 0;
  26          volatile uint16_t adc_data = 0;
  27          volatile uint16_t adc_data1 = 0;
  28          volatile uint16_t adc_set = 100;
  29          uint16_t adc_max_set = 400;
  30          uint16_t adc_min_set = 0;
  31          
  32          uint32_t adc_sum = 0;
  33          
  34          uint16_t adc_datap= 0;
  35          uint16_t adc_datan = 0;
  36          
  37          float vol_value = 0.0;
  38          
  39          uint16_t status = 0;
  40          uint16_t adcount =0;
  41          uint16_t adcount1 =0;
  42          
  43          bit adget = 0;
  44          bit state = 0;
  45          
  46          uint16_t adc_value = 0;
  47          uint8_t exitintcount = 0;
  48          
  49          uint8_t adflag=0;
  50          
  51          volatile int get_Delay = 0;
  52          char adstate=0;
  53          
C51 COMPILER V9.57.0.0   MAIN                                                              01/07/2026 16:06:03 PAGE 2   

  54          
  55          
  56          
  57          void gtimer0_UECallBack(void);
  58          void gtimer1_UECallBack(void);
  59          
  60          void GPIO_Init(void);
  61          void ADC_Init(void);
  62          void gpio_int_pro(void);
  63          
  64          void main(void)  
  65          {               
  66   1              system_init();
  67   1              GPIO_Init();
  68   1              uart_init();
  69   1              
  70   1              
  71   1              gtimer0_count_init(1100,16-1);          //gtimer0_count_init(16000,1000-1);             
  72   1                      
  73   1              gtimer0_irq_init(GTIMER_IRQ_ENABLE,GTIMER0_UIE_IRQ,gtimer0_UECallBack);
  74   1      
  75   1              gtimer0_start();        
  76   1              
  77   1              adc_clk_config(ADC_CLKSOURCE_SYSCLK, ADC_VREFSOURCE_AVDD33, 4, ADC_ENABLE);     
  78   1      
  79   1              adc_sample_clk_config(ADC_SAMPCLK_4);                                                                           
  80   1              
  81   1              adc_io_config(ADC_CHANNEL_1|ADC_CHANNEL_2);                                                             
  82   1              
  83   1              adc_scan_mode_config(ADC_MODE_SINGLE);                                                                  
  84   1              
  85   1              adc_power_config(ADC_ENABLE);                                                                                           
  86   1              adc_controller_config(ADC_ENABLE);
  87   1              
  88   1              
  89   1                                                                                      
  90   1                      
  91   1              while(1) 
  92   1              {
  93   2                      //= p13做外部输入
  94   2                      if(gpio_io_get(P1_3)==0)                                                                                        
  95   2                      { 
  96   3                  EA = 0;
  97   3                  
  98   3                  adc_set = adc_data1;
  99   3                  
 100   3                  adc_max_set = adc_data1 + 200;
 101   3                  
 102   3                  if(adc_data1 >= 200)
 103   3                  {
 104   4                      adc_min_set = adc_data1 - 200;
 105   4                  }
 106   3                  else
 107   3                  {
 108   4                      adc_min_set = 0;
 109   4                  }
 110   3      
 111   3                  printfS("adset:%d adcm:%d adcn:%d\r\n",adc_set, adc_max_set,adc_min_set);   
 112   3                  
 113   3                  
 114   3                      }       
 115   2              else
C51 COMPILER V9.57.0.0   MAIN                                                              01/07/2026 16:06:03 PAGE 3   

 116   2              {
 117   3                  EA = 1;
 118   3              }
 119   2              }
 120   1      }
 121          
 122          
 123          
 124          void gtimer0_UECallBack(void)
 125          {
 126   1              gpio_io_set(P1_2, GPIO_LOW);
 127   1              gpio_io_set(P1_0, GPIO_LOW);
 128   1      //      gpio_io_set(P1_3, GPIO_LOW);
 129   1              adstate=0;
 130   1      }
 131          
 132          
 133          void GPIO_IRQHandler(void) interrupt 0
 134          {
 135   1                      if(gpio_irq_get(P1_4))                                                                                  
 136   1                      {
 137   2                                      adc_convert_start(ADC_CHANNEL_1);                                                                       
 138   2      
 139   2                                      while((ADCGCR1 & 0x04) != 0);
 140   2                                      
 141   2                                      while(!(ADCCSTAT & 0x01))       ;
 142   2                                      
 143   2                                      ADCCSTAT = 0x1;                                                                         
 144   2                                      
 145   2                                      adc_data=adc_get_value();
 146   2      //                      
 147   2                                      adc_convert_start(ADC_CHANNEL_1);                                                                       
 148   2      
 149   2                                      while((ADCGCR1 & 0x04) != 0);
 150   2                                      
 151   2                                      while(!(ADCCSTAT & 0x01))       ;
 152   2                                      
 153   2                                      ADCCSTAT = 0x1;                                                                         
 154   2                                      
 155   2                                      adc_data=adc_get_value();
 156   2                              
 157   2                                      adc_convert_start(ADC_CHANNEL_1);                                                                       
 158   2      
 159   2                                      while((ADCGCR1 & 0x04) != 0);
 160   2                                      
 161   2                                      while(!(ADCCSTAT & 0x01))       ;
 162   2                                      
 163   2                                      ADCCSTAT = 0x1;                                                                                 
 164   2                                      
 165   2                                      adc_data=adc_get_value();       
 166   2                      
 167   2                      adc_data1=adc_data;
 168   2                      
 169   2      //                printfS("adcset:%d adc:%d adcm:%d adcn:%d\r\n",adc_set,adc_data, adc_max_set,adc_min_set
             -);        
 170   2                  
 171   2                      if((adc_data >= adc_set) && (adc_data<ADC_INVALID-1))               
 172   2                      {
 173   3                          if((adc_data >=adc_min_set) && (adc_data <=adc_max_set) && (adc_data<ADC_INVALID-1))
 174   3                          {
 175   4                          
 176   4                              printfS("on\r\n");      
C51 COMPILER V9.57.0.0   MAIN                                                              01/07/2026 16:06:03 PAGE 4   

 177   4                              
 178   4                              switch(adstate)
 179   4                              {
 180   5                                  case 0:{
 181   6                                          adcount++;
 182   6                                          if(adcount==2)
 183   6                                          {
 184   7                                              
 185   7                                              REG_GTIM0_CNT0&=0x00;
 186   7                                              REG_GTIM0_CNT1&=0x00;
 187   7                                              
 188   7                                              
 189   7                                              gpio_io_set(P1_2, GPIO_HIGH);
 190   7                                              gpio_io_set(P1_0, GPIO_HIGH);
 191   7                  //                                                          gpio_io_set(P1_3, GPIO_HIGH);
 192   7                                              adstate=1;
 193   7                                              adcount=0;
 194   7                                          }
 195   6                                  }break;
 196   5                                  case 1:{
 197   6                                              REG_GTIM0_CNT0&=0x00;
 198   6                                              REG_GTIM0_CNT1&=0x00;
 199   6                                  }break;
 200   5                              }
 201   4                          }   
 202   3                      }
 203   2                  }           
 204   1                  REG_GTIM0_CR0 |= (1<<0);                            
 205   1                  gpio_irq_clr(P1_4);
 206   1      }
 207          
 208          void gpio_UECallBack(void)
 209          {
 210   1              //= 不用二次回调
 211   1      }
 212          
 213          void GPIO_Init(void)
 214          {
 215   1      
 216   1              REG_P10_CFG=0x00;
 217   1              gpio_init(P1_0);
 218   1              gpio_dir_set(P1_0, GPIO_DIR_OUT);
 219   1              gpio_dr_set(P1_0, GPIO_SR_HIGH);
 220   1              gpio_io_set(P1_0, GPIO_HIGH);
 221   1              
 222   1      
 223   1              REG_P12_CFG=0x00;
 224   1              gpio_init(P1_2);
 225   1              gpio_dir_set(P1_2, GPIO_DIR_OUT);
 226   1              gpio_dr_set(P1_2, GPIO_SR_HIGH);
 227   1              gpio_io_set(P1_2, GPIO_HIGH);
 228   1              
 229   1      
 230   1              //= p13做io
 231   1      //      REG_P13_CFG=0x00;
 232   1      //      gpio_init(P1_3);
 233   1      //      gpio_dir_set(P1_3, GPIO_DIR_OUT);
 234   1      //      gpio_dr_set(P1_3, GPIO_SR_HIGH);
 235   1      //      gpio_io_set(P1_3, GPIO_HIGH);
 236   1              
 237   1              //= p13做输入
 238   1              gpio_init(P1_3);
C51 COMPILER V9.57.0.0   MAIN                                                              01/07/2026 16:06:03 PAGE 5   

 239   1              gpio_dir_set(P1_3, GPIO_DIR_IN);
 240   1              gpio_dr_set(P1_3, GPIO_SR_HIGH);
 241   1              gpio_in_enable(P1_3, IN_ENABLE);         
 242   1      //      gpio_irq_set(P1_3,GPIO_IRQ_ENABLE,gpio_UECallBack);
 243   1      //      P1AL|=(0x01<<7);
 244   1      //      P1AL&=~(0x01<<6);
 245   1              
 246   1              
 247   1      
 248   1              gpio_init(P1_4);
 249   1              gpio_dir_set(P1_4, GPIO_DIR_IN);
 250   1              gpio_dr_set(P1_4, GPIO_SR_HIGH);
 251   1              gpio_in_enable(P1_4, IN_ENABLE);         
 252   1              gpio_irq_set(P1_4,GPIO_IRQ_ENABLE,gpio_UECallBack);
 253   1              P1AH&=~(0x01<<2);
 254   1              P1AH|=(0x01);
 255   1      
 256   1      
 257   1      //      REG_P14_CFG=0x20;
 258   1      //      gpio_sr_set(P1_4,GPIO_SR_HIGH);
 259   1      
 260   1              REG_P15_CFG=0x00;
 261   1              gpio_init(P1_5);                        
 262   1              gpio_dir_set(P1_5, GPIO_DIR_IN);          
 263   1              gpio_in_enable(P1_5, IN_ENABLE);          
 264   1      }


MODULE INFORMATION:   STATIC OVERLAYABLE
   CODE SIZE        =    774    ----
   CONSTANT SIZE    =     32    ----
   XDATA SIZE       =     41    ----
   PDATA SIZE       =   ----    ----
   DATA SIZE        =   ----    ----
   IDATA SIZE       =   ----    ----
   BIT SIZE         =      2    ----
   EDATA SIZE       =   ----    ----
   HDATA SIZE       =   ----    ----
   XDATA CONST SIZE =   ----    ----
   FAR CONST SIZE   =   ----    ----
END OF MODULE INFORMATION.


C51 COMPILATION COMPLETE.  0 WARNING(S),  0 ERROR(S)
