C51 COMPILER V9.60.0.0   UART0                                                             01/12/2022 14:46:16 PAGE 1   


C51 COMPILER V9.60.0.0, COMPILATION OF MODULE UART0
OBJECT MODULE PLACED IN .\Out_Files\uart0.obj
COMPILER INVOKED BY: D:\Keil_v5\C51\BIN\C51.EXE UM800Y\driver\uart0.c LARGE OMF2 OPTIMIZE(8,SIZE) BROWSE MOD517(NOAU) IN
                    -CDIR(.\APP;.\Common;.\UM800Y\driver;.\UM800Y\system) DEBUG PRINT(.\Out_Files\uart0.lst) OBJECT(.\Out_Files\uart0.obj)

line level    source

   1          /***********************************************************************
   2           * Copyright (c)  2017 - 2021, Unicmicro Co.,Ltd .
   3           * All rights reserved.
   4           * Filename    : uart0.c
   5           * Description : uart0 driver source file
   6           * Author(s)   : Will
   7           * version     : V1.0
   8           * Modify date : 2021-04-27
   9           ***********************************************************************/
  10          #include "uart0.h"
  11          #include "config.h"
  12          volatile uint8_t tx_flag = 0;
  13          
  14          void (*uart0_func)(void) = { 0 };
  15          
  16          /************************************************************************
  17           * Function     : UART0_IRQHandler
  18           * Description  : uart interrupt handling
  19           * Input                : none
  20           * Output               : none   
  21           * Return               : none
  22           ************************************************************************/
  23          void UART0_IRQHandler(void) interrupt 4
  24          {
  25   1              if(RI0)                                                                         //Rx irq
  26   1              {       
  27   2              if(uart0_func != NULL)
  28   2                      {
  29   3                              ((void(*)())(uart0_func))();                            //uart0的接收处理回调函数
  30   3                      }       
  31   2                      RI0 = 0;                                                                //清除接收完成标志位
  32   2              }       
  33   1      
  34   1      #ifdef UART0_TX_INT_MODE                                                                //中断方式
                  else if(TI0)                                                                //Tx irq 
                      {
                              tx_flag = 1;
                              TI0     = 0;                                                                    //清除发送完成标志位
                      }       
              #endif          
  41   1      } 
  42          
  43          /************************************************************************
  44           * Function     : uart0_set_baud_rate
  45           * Description  : uart0 set baud rate
  46           * Input                : uint32_t clk_hz: cpu frequency
  47           *                        uint32_t baud_rate: Series rate         Baud Rate = SYSCK/(16*(1024-S0REL))   SYSCK:RC16M                             
             -                
  48           * Output               : none  
  49           * Return               : none
  50           ************************************************************************/
  51          static void uart0_set_baud_rate(uint32_t clk_hz, uint32_t baud_rate)    
  52          {       
  53   1              uint32_t temp;
C51 COMPILER V9.60.0.0   UART0                                                             01/12/2022 14:46:16 PAGE 2   

  54   1              uint8_t MSbyte, LSbyte;
  55   1          
  56   1              temp = baud_rate * 16;
  57   1          temp = (clk_hz + (temp / 2))/ temp;
  58   1              temp = 1024 - temp ;
  59   1        
  60   1              MSbyte = temp>>8;
  61   1              LSbyte = temp;
  62   1              
  63   1              S0RELH = MSbyte & 0x3;
  64   1              S0RELL = LSbyte;                
  65   1      }
  66          
  67          /************************************************************************
  68           * Function     : uart0_init
  69           * Description  : uart0 initial for  baud_rate
  70           * Input                : uint32_t baud_rate: Series rate 
  71           * Output               : none
  72           * Return               : none
  73           ************************************************************************/
  74          void uart0_init(uint32_t baud_rate)
  75          {
  76   1              uint32_t uart_clk_hz;
  77   1              uart_clk_hz = FCLK;             
  78   1              
  79   1              PCLK0 |= (1<<0);                                                                               //开UART0时钟使能        
  80   1              PRESET0 |= (1<<0);                                                                                 //UART0正常工作
  81   1              EUARTEN |= (1<<0);                                                                                 //打开EUART0功能，P2.6作UART0_TX，P2.7作UART0_RX
  82   1      
  83   1          tx_flag = 0;
  84   1          
  85   1              SM0 = 0;
  86   1              SM1 = 1;                                                          //选择模式一
  87   1                      
  88   1              TI0 = 0;                                                  //发送完成中断状态清除
  89   1              RI0 = 0;                                                      //接收完成中断状态清除
  90   1              
  91   1              uart0_set_baud_rate(uart_clk_hz, baud_rate);              //设置波特率
  92   1              REN0 = 1;                                                 //使能接收    
  93   1          
  94   1      }
  95          
  96          /************************************************************************
  97           * Function     : uart0_irq_init
  98           * Description  : uart0 interrupt enable
  99           * Input                : uint8_t irqstate: 0 中断失能，1 中断使能
 100           *                                *pfunc_recv)(): 接收处理回调函数
 101           * Output               : none
 102           * Return               : none
 103           ************************************************************************/
 104          void uart0_irq_init(uint8_t irqstate,void (*pfunc_recv)())
 105          {
 106   1          if(irqstate == UART0_IRQ_ENABLE)
 107   1          {
 108   2              EA = 1;                                         //EA总中断开启
 109   2              ES0 = 1;                                        //UART0中断使能   
 110   2              
 111   2              uart0_func = pfunc_recv;       
 112   2          } 
 113   1          else
 114   1          {
 115   2      //      EA = 0;                                         //EA总中断关闭
C51 COMPILER V9.60.0.0   UART0                                                             01/12/2022 14:46:16 PAGE 3   

 116   2              ES0 = 0;                                        //UART0中断关闭   
 117   2          } 
 118   1      }
 119          
 120          /************************************************************************
 121           * Function     : uart0_send_byte
 122           * Description  : uart0 发送一个字节数据
 123           * Input                : char c: out byte
 124           * Output               : none  
 125           * Return               : none
 126           ************************************************************************/
 127          void uart0_send_byte(char c)
 128          {
 129   1              //输出一个字符
 130   1              uint16_t timeout;
 131   1              timeout = 65535;
 132   1              
 133   1              S0BUF = c;
 134   1      
 135   1      #ifdef UART0_TX_INT_MODE                //中断方式
                      while(!tx_flag);
                      tx_flag = 0; 
              #else 
 139   1              //查询方式
 140   1          while(!(TI0))                       //等待数据发送完成
 141   1              {
 142   2                      if((timeout--) == 0)            //超时等待退出
 143   2              {
 144   3                              break;
 145   3              }
 146   2              }
 147   1              TI0 = 0;                                //清除发送完成标志位
 148   1      #endif
 149   1      }
 150          
 151          /************************************************************************
 152           * Function     : uart0_send_bytes
 153           * Description  : uart0 send bytes      发送多个字节
 154           * Input                : uint8_t* buff: out buffer
 155           *                        uint32_t length: buffer length
 156           * Output               : none  
 157           * Return               : none
 158           ************************************************************************/
 159          void uart0_send_bytes(uint8_t *buff, uint32_t length)
 160          {
 161   1              while(length--)
 162   1              {
 163   2                      uart0_send_byte(*buff++);
 164   2              }       
 165   1      }
 166          
 167          /************************************************************************
 168           * Function     : uart0_recv_byte
 169           * Description  : uart0 接收一个字节数据
 170           * Input                : none 
 171           * Output               : none  
 172          * Return                : S0BUF：返回一个byte   
 173           ************************************************************************/
 174          uint8_t uart0_recv_byte(void)
 175          { 
 176   1              return S0BUF;
 177   1      }
C51 COMPILER V9.60.0.0   UART0                                                             01/12/2022 14:46:16 PAGE 4   

 178          
 179          


MODULE INFORMATION:   STATIC OVERLAYABLE
   CODE SIZE        =    382    ----
   CONSTANT SIZE    =   ----    ----
   XDATA SIZE       =      4      23
   PDATA SIZE       =   ----    ----
   DATA SIZE        =   ----    ----
   IDATA SIZE       =   ----    ----
   BIT SIZE         =   ----    ----
   EDATA SIZE       =   ----    ----
   HDATA SIZE       =   ----    ----
   XDATA CONST SIZE =   ----    ----
   FAR CONST SIZE   =   ----    ----
END OF MODULE INFORMATION.


C51 COMPILATION COMPLETE.  0 WARNING(S),  0 ERROR(S)
