C51 COMPILER V9.60.0.0   APP                                                               07/19/2022 10:32:42 PAGE 1   


C51 COMPILER V9.60.0.0, COMPILATION OF MODULE APP
OBJECT MODULE PLACED IN .\Out_Files\app.obj
COMPILER INVOKED BY: C:\Keil_v5\C51\BIN\C51.EXE ..\source\app.c LARGE OMF2 OPTIMIZE(8,SIZE) BROWSE INCDIR(..\..\..\..\..
                    -\Driver\inc;..\..\..\..\..\Driver\src;..\..\..\..\..\MCU\Common;..\..\..\..\..\MCU\Device) DEBUG PRINT(.\Out_Files\app.l
                    -st) TABS(2) OBJECT(.\Out_Files\app.obj)

line level    source

   1          /***********************************************************************
   2           * Copyright (c)  2017 - 2021, Unicmicro Co.,Ltd .
   3           * All rights reserved.
   4           * Filename    : app.c
   5           * Description : app driver source file
   6           * Author(s)   : Will
   7           * version     : V1.0
   8           * Modify date : 2021-04-27
   9           ***********************************************************************/
  10          #include "system_um800y.h"
  11          #include "app.h"
  12          #include "common.h"
  13          #include "config.h"
  14          #include "uart0.h"
  15          #include "spi_slave.h"
  16          
  17          volatile uint8_t rx_flag ;
  18          volatile uint8_t uart0_rx_buf[32];
  19          volatile uint8_t uart0_tx_buf[32];
  20          volatile uint16_t rx_count = 0;
  21          volatile uint16_t tx_count = 0;
  22          
  23          volatile uint8_t spi_rx_data;
  24          volatile uint8_t spi_rx_flag = 0;
  25          volatile uint8_t spi_count = 0;
  26          
  27          uint8_t xdata spi_rx_buf[256];
  28          uint8_t xdata spi_tx_buf[256];
  29          /************************************************************************
  30           * Function     : uart0_rec_pro
  31           * Description  : uart0_rec_pro 串口接收处理回调函数
  32           * Input    : none
  33           * Output     : none
  34           * Return   : none
  35           ************************************************************************/
  36          void uart0_rec_pro(void)
  37          {
  38   1        uart0_rx_buf[rx_count++]= uart0_recv_byte();
  39   1        rx_flag = 1;  
  40   1      }
  41          
  42          /************************************************************************
  43           * Function     : uart_init
  44           * Description  : uart_init 串口初始化
  45           * Input    : none
  46           * Output     : none
  47           * Return   : none
  48           ************************************************************************/
  49          void uart_init(void)
  50          {
  51   1        rx_flag = 0;
  52   1        uart0_init(UART0_BAUD_RATE);
  53   1          uart0_irq_init(UART0_IRQ_ENABLE,uart0_rec_pro);
C51 COMPILER V9.60.0.0   APP                                                               07/19/2022 10:32:42 PAGE 2   

  54   1      }
  55          /************************************************************************
  56           * Function     : spi_irq_func
  57           * Description  : spi_irq_func spi中断函数
  58           * Input    : none
  59           * Output     : none
  60           * Return   : none
  61           ************************************************************************/
  62          void spi_irq_func(void)
  63          {
  64   1        spi_rx_data = spi_receive_byte();
  65   1        spi_rx_flag = 1;
  66   1      }
  67          
  68          /************************************************************************
  69           * Function     : spi_full_duplex_tranfer
  70           * Description  : spi_full_duplex_tranfer spi全双工
  71           * Input    : none
  72           * Output     : none
  73           * Return   : none
  74           ************************************************************************/
  75          
  76          void spi_full_duplex_tranfer()
  77          {
  78   1        uint16_t xdata i;
  79   1        printfS("SPI full duplex tranfer test start!! \r\n");
  80   1      #ifdef SPI_IRQ_MODE                 //中断方式，在app.h中开启,从机中断接收注意SPI通讯速率快慢
  81   1        printfS("SPI Slave RXNE irq test start!! \r\n");
  82   1        spi_irq_init(SPI_IRQ_ENABLE,SPI_RXNE_IE,spi_irq_func);  
  83   1      
  84   1        while(1)
  85   1        {     
  86   2          for(i=0;i<LEN;i++)
  87   2          {   
  88   3            spi_send_byte(spi_tx_buf[i]); 
  89   3            while(!spi_rx_flag);
  90   3            spi_rx_buf[i] = spi_rx_data;
  91   3            spi_rx_flag = 0;      
  92   3          }
  93   2          printfS("spi slave receive data:\r\n"); 
  94   2          printfB8(spi_rx_buf,LEN); 
  95   2          
  96   2        }
  97   1        
  98   1      #else                       //查询方式  
                spi_irq_init(SPI_IRQ_DISABLE,SPI_RXNE_IE,NULL);
                while(1)
                {
                  spi0_master_full_duplex_tranfer(spi_tx_buf,spi_rx_buf,LEN);
                  printfS("spi slave receive data:\r\n"); 
                  printfB8(spi_rx_buf,LEN);
                  
                }
              
              #endif
 109   1        
 110   1      }
 111          /************************************************************************
 112           * Function     : spi_half_duplex_tranfer
 113           * Description  : spi_half_duplex_tranfer spi半双工
 114           * Input    : none
 115           * Output     : none
C51 COMPILER V9.60.0.0   APP                                                               07/19/2022 10:32:42 PAGE 3   

 116           * Return   : none
 117           ************************************************************************/
 118          void spi_half_duplex_tranfer()
 119          {
 120   1        printfS("SPI half duplex tranfer test start!! \r\n");
 121   1        while(1)
 122   1        {
 123   2          spi_master_half_duplex_receive_bytes(spi_rx_buf, LEN);
 124   2          delay1ms(5);
 125   2          spi_master_half_duplex_send_bytes(spi_rx_buf, LEN);
 126   2          printfS("spi slave receive data:\r\n"); 
 127   2          printfB8(spi_rx_buf,LEN);
 128   2        }
 129   1      }
 130          /************************************************************************
 131           * Function     : spi_test
 132           * Description  : spi_test 
 133           * Input    : none
 134           * Output     : none
 135           * Return   : none
 136           ************************************************************************/
 137          void spi_test(void)
 138          {
 139   1        uint16_t xdata i;
 140   1        
 141   1        for(i=0;i<LEN;i++)
 142   1        {
 143   2          spi_tx_buf[i]= i+0x00;
 144   2        }   
 145   1        
 146   1        printfS("SPI Slave test start!! \r\n");
 147   1        spi_slave_init(WORK_MODE_0);
 148   1        
 149   1        
 150   1      #ifdef FULL_DUPLEX_MODE
 151   1        spi_full_duplex_tranfer();    //全双工传输
 152   1      #elif defined HALF_DUPLEX_MODE 
                spi_half_duplex_tranfer();    //半双工传输
                  
              #endif
 156   1        
 157   1                
 158   1      }
 159          
 160          void soc_test(void)
 161          {
 162   1        spi_test();
 163   1      }
 164          


MODULE INFORMATION:   STATIC OVERLAYABLE
   CODE SIZE        =    342    ----
   CONSTANT SIZE    =    167    ----
   XDATA SIZE       =    584       2
   PDATA SIZE       =   ----    ----
   DATA SIZE        =   ----    ----
   IDATA SIZE       =   ----    ----
   BIT SIZE         =   ----    ----
   EDATA SIZE       =   ----    ----
   HDATA SIZE       =   ----    ----
   XDATA CONST SIZE =   ----    ----
C51 COMPILER V9.60.0.0   APP                                                               07/19/2022 10:32:42 PAGE 4   

   FAR CONST SIZE   =   ----    ----
END OF MODULE INFORMATION.


C51 COMPILATION COMPLETE.  0 WARNING(S),  0 ERROR(S)
