C51 COMPILER V9.57.0.0   MAIN                                                              06/04/2026 15:26:30 PAGE 1   


C51 COMPILER V9.57.0.0, COMPILATION OF MODULE MAIN
OBJECT MODULE PLACED IN .\Out_Files\main.obj
COMPILER INVOKED BY: D:\Keil\Keil_v5\C51\BIN\C51.EXE ..\source\main.c LARGE OMF2 OPTIMIZE(8,SIZE) BROWSE INCDIR(..\..\..
                    -\..\Driver\inc;..\..\..\..\Driver\src;..\..\..\..\MCU\Common;..\..\..\..\MCU\Device) DEBUG PRINT(.\Out_Files\main.lst) O
                    -BJECT(.\Out_Files\main.obj)

line level    source

   1          /***********************************************************************
   2           * Industrial Infrared Through-beam Transmitter
   3           * Platform : UM800Y / 24MHz
   4           * Mode     : Hardware PWM, no interrupt
   5           ***********************************************************************/
   6          #include "system_um800y.h"
   7          #include "app.h"
   8          #include "gtimer.h"
   9          #include "pwm.h"
  10          #include "common.h"
  11          #include "config.h"
  12          #include "gpio.h"
  13          #include "adc.h"
  14          
  15          /*
  16           * 发射脚：旧代码使用 P1.4 PWM 输出。
  17           * 原理图里发射管驱动接在 MCU 控制脚后级三极管/MOS 驱动上。
  18           */
  19          #define IR_TX_PWM_PIN               P1_4
  20          #define IR_TX_LED_PIN               P1_3
  21          
  22          /*
  23           * 沿用旧工程实测参数。
  24           * 如果示波器测得发射频率不合适，优先只改这两个参数。
  25           */
  26          #define IR_PWM_PERIOD_COUNT         16000U
  27          #define IR_PWM_DUTY_COUNT           400U
  28          
  29          #define LED_ACTIVE_LEVEL            GPIO_HIGH
  30          #define LED_INACTIVE_LEVEL          GPIO_LOW
  31          
  32          void GPIO_Init(void);
  33          
  34          void main(void)
  35          {
  36   1          system_init();
  37   1      
  38   1          GPIO_Init();
  39   1          uart_init();
  40   1      
  41   1          /*
  42   1           * 真正无中断发射端。
  43   1           * PWM 由硬件输出，不依赖中断。
  44   1           */
  45   1          EA = 0;
  46   1      
  47   1          pwm2_init(IR_PWM_PERIOD_COUNT, IR_PWM_DUTY_COUNT, LOW);
  48   1          pwm2_start();
  49   1      
  50   1          gpio_io_set(IR_TX_LED_PIN, LED_ACTIVE_LEVEL);
  51   1      
  52   1          while(1)
  53   1          {
C51 COMPILER V9.57.0.0   MAIN                                                              06/04/2026 15:26:30 PAGE 2   

  54   2              /*
  55   2               * 发射端无需 CPU 参与。
  56   2               * 如后续要做低功耗或故障检测，可以在这里加轮询逻辑。
  57   2               */
  58   2          }
  59   1      }
  60          
  61          void GPIO_Init(void)
  62          {
  63   1          /*
  64   1           * 发射指示灯。
  65   1           */
  66   1          REG_P13_CFG = 0x00;
  67   1          gpio_init(IR_TX_LED_PIN);
  68   1          gpio_dir_set(IR_TX_LED_PIN, GPIO_DIR_OUT);
  69   1          gpio_dr_set(IR_TX_LED_PIN, GPIO_SR_HIGH);
  70   1          gpio_io_set(IR_TX_LED_PIN, LED_INACTIVE_LEVEL);
  71   1      
  72   1          /*
  73   1           * P1.4 配置为 PWM2 输出。
  74   1           * 旧工程就是 REG_P14_CFG = 0x20。
  75   1           */
  76   1          REG_P14_CFG = 0x20;
  77   1          gpio_sr_set(IR_TX_PWM_PIN, GPIO_SR_HIGH);
  78   1      }


MODULE INFORMATION:   STATIC OVERLAYABLE
   CODE SIZE        =     80    ----
   CONSTANT SIZE    =   ----    ----
   XDATA SIZE       =   ----    ----
   PDATA SIZE       =   ----    ----
   DATA SIZE        =   ----    ----
   IDATA SIZE       =   ----    ----
   BIT SIZE         =   ----    ----
   EDATA SIZE       =   ----    ----
   HDATA SIZE       =   ----    ----
   XDATA CONST SIZE =   ----    ----
   FAR CONST SIZE   =   ----    ----
END OF MODULE INFORMATION.


C51 COMPILATION COMPLETE.  0 WARNING(S),  0 ERROR(S)
