Component: ARM Compiler 5.06 update 7 (build 960) Tool: armlink [4d3601]

==============================================================================

Section Cross References

    main.o(i.main) refers to common.o(i.system_clock_config) for system_clock_config
    main.o(i.main) refers to ciu32f003_std.o(i.std_delay_init) for std_delay_init
    main.o(i.main) refers to common.o(i.gpio_init) for gpio_init
    main.o(i.main) refers to ciu32f003_std.o(i.std_delayms) for std_delayms
    common.o(i.gpio_init) refers to memseta.o(.text) for __aeabi_memclr4
    common.o(i.gpio_init) refers to ciu32f003_std_gpio.o(i.std_gpio_init) for std_gpio_init
    common.o(i.system_clock_config) refers to system_ciu32f003.o(.data) for SystemCoreClock
    ciu32f003_std.o(i.std_delayms) refers to ciu32f003_std.o(i.std_delayus) for std_delayus
    ciu32f003_std.o(i.std_delayms_start) refers to ciu32f003_std.o(i.std_delayus_start) for std_delayus_start
    ciu32f003_std.o(i.std_delayus) refers to uidiv.o(.text) for __aeabi_uidivmod
    ciu32f003_std.o(i.std_delayus) refers to system_ciu32f003.o(.data) for SystemCoreClock
    ciu32f003_std.o(i.std_delayus_start) refers to uidiv.o(.text) for __aeabi_uidivmod
    ciu32f003_std.o(i.std_delayus_start) refers to system_ciu32f003.o(.data) for SystemCoreClock
    ciu32f003_std_flash.o(i.std_flash_erase) refers to ciu32f003_std_flash.o(i.std_flash_set_operate_mode) for std_flash_set_operate_mode
    ciu32f003_std_flash.o(i.std_flash_erase) refers to ciu32f003_std_flash.o(i.std_flash_get_flag) for std_flash_get_flag
    ciu32f003_std_flash.o(i.std_flash_erase) refers to ciu32f003_std_flash.o(i.std_flash_clear_flag) for std_flash_clear_flag
    ciu32f003_std_flash.o(i.std_flash_option_bytes_config) refers to ciu32f003_std_flash.o(i.std_flash_erase) for std_flash_erase
    ciu32f003_std_flash.o(i.std_flash_option_bytes_config) refers to ciu32f003_std_flash.o(i.std_flash_word_program) for std_flash_word_program
    ciu32f003_std_flash.o(i.std_flash_word_program) refers to ciu32f003_std_flash.o(i.std_flash_set_operate_mode) for std_flash_set_operate_mode
    ciu32f003_std_flash.o(i.std_flash_word_program) refers to ciu32f003_std_flash.o(i.std_flash_get_flag) for std_flash_get_flag
    ciu32f003_std_flash.o(i.std_flash_word_program) refers to ciu32f003_std_flash.o(i.std_flash_clear_flag) for std_flash_clear_flag
    ciu32f003_std_gpio.o(i.std_gpio_deinit) refers to ciu32f003_std_gpio.o(i.std_rcc_gpio_reset) for std_rcc_gpio_reset
    ciu32f003_std_rcc.o(i.std_rcc_get_hclkfreq) refers to ciu32f003_std_rcc.o(i.std_rcc_get_sysclkfreq) for std_rcc_get_sysclkfreq
    ciu32f003_std_rcc.o(i.std_rcc_get_pclkfreq) refers to ciu32f003_std_rcc.o(i.std_rcc_get_hclkfreq) for std_rcc_get_hclkfreq
    ciu32f003_std_tim.o(i.std_tim_output_compare_init) refers to ciu32f003_std_tim.o(i.std_tim_set_ccx_value) for std_tim_set_ccx_value
    ciu32f003_std_uart.o(i.std_uart_init) refers to ciu32f003_std_rcc.o(i.std_rcc_get_pclkfreq) for std_rcc_get_pclkfreq
    ciu32f003_std_uart.o(i.std_uart_init) refers to uidiv.o(.text) for __aeabi_uidivmod
    system_ciu32f003.o(i.SystemCoreClockUpdate) refers to uidiv.o(.text) for __aeabi_uidivmod
    system_ciu32f003.o(i.SystemCoreClockUpdate) refers to system_ciu32f003.o(.constdata) for g_ahb_divider_table
    system_ciu32f003.o(i.SystemCoreClockUpdate) refers to system_ciu32f003.o(.data) for SystemCoreClock
    system_ciu32f003.o(i.SystemInit) refers to startup_ciu32f003.o(RESET) for __vector_table
    system_ciu32f003.o(i.SystemInit) refers to system_ciu32f003.o(.data) for SystemCoreClock
    startup_ciu32f003.o(RESET) refers to startup_ciu32f003.o(STACK) for __initial_sp
    startup_ciu32f003.o(RESET) refers to startup_ciu32f003.o(.text) for Reset_Handler
    startup_ciu32f003.o(.text) refers to system_ciu32f003.o(i.SystemInit) for SystemInit
    startup_ciu32f003.o(.text) refers to entry.o(.ARM.Collect$$$$00000000) for __main
    entry.o(.ARM.Collect$$$$00000000) refers (Special) to entry10a.o(.ARM.Collect$$$$0000000F) for __rt_final_cpp
    entry.o(.ARM.Collect$$$$00000000) refers (Special) to entry11a.o(.ARM.Collect$$$$00000011) for __rt_final_exit
    entry.o(.ARM.Collect$$$$00000000) refers (Special) to entry12b.o(.ARM.Collect$$$$0000000E) for __rt_lib_shutdown_fini
    entry.o(.ARM.Collect$$$$00000000) refers (Special) to entry7b.o(.ARM.Collect$$$$00000008) for _main_clock
    entry.o(.ARM.Collect$$$$00000000) refers (Special) to entry8b.o(.ARM.Collect$$$$0000000A) for _main_cpp_init
    entry.o(.ARM.Collect$$$$00000000) refers (Special) to entry9a.o(.ARM.Collect$$$$0000000B) for _main_init
    entry.o(.ARM.Collect$$$$00000000) refers (Special) to entry5.o(.ARM.Collect$$$$00000004) for _main_scatterload
    entry.o(.ARM.Collect$$$$00000000) refers (Special) to entry2.o(.ARM.Collect$$$$00000001) for _main_stk
    entry2.o(.ARM.Collect$$$$00000001) refers to entry2.o(.ARM.Collect$$$$00002712) for __lit__00000000
    entry2.o(.ARM.Collect$$$$00002712) refers to startup_ciu32f003.o(STACK) for __initial_sp
    entry2.o(__vectab_stack_and_reset_area) refers to startup_ciu32f003.o(STACK) for __initial_sp
    entry2.o(__vectab_stack_and_reset_area) refers to entry.o(.ARM.Collect$$$$00000000) for __main
    entry5.o(.ARM.Collect$$$$00000004) refers to init.o(.text) for __scatterload
    entry9a.o(.ARM.Collect$$$$0000000B) refers to main.o(i.main) for main
    entry9b.o(.ARM.Collect$$$$0000000C) refers to main.o(i.main) for main
    init.o(.text) refers to entry5.o(.ARM.Collect$$$$00000004) for __main_after_scatterload


==============================================================================

Removing Unused input sections from the image.

    Removing main.o(.rev16_text), (4 bytes).
    Removing main.o(.revsh_text), (4 bytes).
    Removing common.o(.rev16_text), (4 bytes).
    Removing common.o(.revsh_text), (4 bytes).
    Removing ciu32f003_std.o(.rev16_text), (4 bytes).
    Removing ciu32f003_std.o(.revsh_text), (4 bytes).
    Removing ciu32f003_std.o(i.std_delay_end), (20 bytes).
    Removing ciu32f003_std.o(i.std_delayms_start), (18 bytes).
    Removing ciu32f003_std.o(i.std_delayus_start), (56 bytes).
    Removing ciu32f003_std_adc.o(.rev16_text), (4 bytes).
    Removing ciu32f003_std_adc.o(.revsh_text), (4 bytes).
    Removing ciu32f003_std_adc.o(i.std_adc_deinit), (32 bytes).
    Removing ciu32f003_std_comp.o(.rev16_text), (4 bytes).
    Removing ciu32f003_std_comp.o(.revsh_text), (4 bytes).
    Removing ciu32f003_std_comp.o(i.std_comp_deinit), (32 bytes).
    Removing ciu32f003_std_crc.o(.rev16_text), (4 bytes).
    Removing ciu32f003_std_crc.o(.revsh_text), (4 bytes).
    Removing ciu32f003_std_crc.o(i.std_crc_deinit), (32 bytes).
    Removing ciu32f003_std_crc.o(i.std_crc_set_init_value_invert), (100 bytes).
    Removing ciu32f003_std_exti.o(.rev16_text), (4 bytes).
    Removing ciu32f003_std_exti.o(.revsh_text), (4 bytes).
    Removing ciu32f003_std_exti.o(i.std_exti_deinit), (40 bytes).
    Removing ciu32f003_std_exti.o(i.std_exti_init), (312 bytes).
    Removing ciu32f003_std_exti.o(i.std_exti_struct_init), (16 bytes).
    Removing ciu32f003_std_flash.o(.rev16_text), (4 bytes).
    Removing ciu32f003_std_flash.o(.revsh_text), (4 bytes).
    Removing ciu32f003_std_flash.o(i.std_flash_clear_flag), (12 bytes).
    Removing ciu32f003_std_flash.o(i.std_flash_erase), (72 bytes).
    Removing ciu32f003_std_flash.o(i.std_flash_get_flag), (16 bytes).
    Removing ciu32f003_std_flash.o(i.std_flash_option_bytes_config), (304 bytes).
    Removing ciu32f003_std_flash.o(i.std_flash_set_operate_mode), (20 bytes).
    Removing ciu32f003_std_flash.o(i.std_flash_word_program), (80 bytes).
    Removing ciu32f003_std_gpio.o(.rev16_text), (4 bytes).
    Removing ciu32f003_std_gpio.o(.revsh_text), (4 bytes).
    Removing ciu32f003_std_gpio.o(i.std_gpio_deinit), (56 bytes).
    Removing ciu32f003_std_gpio.o(i.std_gpio_struct_init), (18 bytes).
    Removing ciu32f003_std_gpio.o(i.std_rcc_gpio_reset), (24 bytes).
    Removing ciu32f003_std_i2c.o(.rev16_text), (4 bytes).
    Removing ciu32f003_std_i2c.o(.revsh_text), (4 bytes).
    Removing ciu32f003_std_i2c.o(i.std_i2c_deinit), (32 bytes).
    Removing ciu32f003_std_lptim.o(.rev16_text), (4 bytes).
    Removing ciu32f003_std_lptim.o(.revsh_text), (4 bytes).
    Removing ciu32f003_std_lptim.o(i.std_lptim_deinit), (32 bytes).
    Removing ciu32f003_std_pmu.o(.rev16_text), (4 bytes).
    Removing ciu32f003_std_pmu.o(.revsh_text), (4 bytes).
    Removing ciu32f003_std_pmu.o(i.std_pmu_enter_sleep), (32 bytes).
    Removing ciu32f003_std_pmu.o(i.std_pmu_enter_stop), (92 bytes).
    Removing ciu32f003_std_rcc.o(.rev16_text), (4 bytes).
    Removing ciu32f003_std_rcc.o(.revsh_text), (4 bytes).
    Removing ciu32f003_std_rcc.o(i.std_rcc_get_hclkfreq), (40 bytes).
    Removing ciu32f003_std_rcc.o(i.std_rcc_get_pclkfreq), (48 bytes).
    Removing ciu32f003_std_rcc.o(i.std_rcc_get_sysclkfreq), (80 bytes).
    Removing ciu32f003_std_spi.o(.rev16_text), (4 bytes).
    Removing ciu32f003_std_spi.o(.revsh_text), (4 bytes).
    Removing ciu32f003_std_spi.o(i.std_spi_deinit), (32 bytes).
    Removing ciu32f003_std_spi.o(i.std_spi_init), (52 bytes).
    Removing ciu32f003_std_spi.o(i.std_spi_struct_init), (18 bytes).
    Removing ciu32f003_std_tim.o(.rev16_text), (4 bytes).
    Removing ciu32f003_std_tim.o(.revsh_text), (4 bytes).
    Removing ciu32f003_std_tim.o(i.std_tim_bdt_init), (48 bytes).
    Removing ciu32f003_std_tim.o(i.std_tim_bdt_struct_init), (14 bytes).
    Removing ciu32f003_std_tim.o(i.std_tim_deinit), (76 bytes).
    Removing ciu32f003_std_tim.o(i.std_tim_init), (92 bytes).
    Removing ciu32f003_std_tim.o(i.std_tim_input_capture_init), (106 bytes).
    Removing ciu32f003_std_tim.o(i.std_tim_input_capture_struct_init), (16 bytes).
    Removing ciu32f003_std_tim.o(i.std_tim_output_compare_init), (192 bytes).
    Removing ciu32f003_std_tim.o(i.std_tim_output_compare_struct_init), (20 bytes).
    Removing ciu32f003_std_tim.o(i.std_tim_set_ccx_value), (92 bytes).
    Removing ciu32f003_std_tim.o(i.std_tim_struct_init), (24 bytes).
    Removing ciu32f003_std_uart.o(.rev16_text), (4 bytes).
    Removing ciu32f003_std_uart.o(.revsh_text), (4 bytes).
    Removing ciu32f003_std_uart.o(i.std_uart_deinit), (80 bytes).
    Removing ciu32f003_std_uart.o(i.std_uart_init), (72 bytes).
    Removing ciu32f003_std_uart.o(i.std_uart_struct_init), (22 bytes).
    Removing system_ciu32f003.o(.rev16_text), (4 bytes).
    Removing system_ciu32f003.o(.revsh_text), (4 bytes).
    Removing system_ciu32f003.o(i.SystemCoreClockUpdate), (120 bytes).
    Removing system_ciu32f003.o(.constdata), (64 bytes).
    Removing startup_ciu32f003.o(HEAP), (0 bytes).

79 unused section(s) (total 2892 bytes) removed from the image.

==============================================================================

Image Symbol Table

    Local Symbols

    Symbol Name                              Value     Ov Type        Size  Object(Section)

    RESET                                    0x00000000   Section      192  startup_ciu32f003.o(RESET)
    ../clib/microlib/division.c              0x00000000   Number         0  uidiv.o ABSOLUTE
    ../clib/microlib/init/entry.s            0x00000000   Number         0  entry7a.o ABSOLUTE
    ../clib/microlib/init/entry.s            0x00000000   Number         0  entry9b.o ABSOLUTE
    ../clib/microlib/init/entry.s            0x00000000   Number         0  entry8a.o ABSOLUTE
    ../clib/microlib/init/entry.s            0x00000000   Number         0  entry.o ABSOLUTE
    ../clib/microlib/init/entry.s            0x00000000   Number         0  entry7b.o ABSOLUTE
    ../clib/microlib/init/entry.s            0x00000000   Number         0  entry12b.o ABSOLUTE
    ../clib/microlib/init/entry.s            0x00000000   Number         0  entry5.o ABSOLUTE
    ../clib/microlib/init/entry.s            0x00000000   Number         0  entry2.o ABSOLUTE
    ../clib/microlib/init/entry.s            0x00000000   Number         0  entry8b.o ABSOLUTE
    ../clib/microlib/init/entry.s            0x00000000   Number         0  entry9a.o ABSOLUTE
    ../clib/microlib/init/entry.s            0x00000000   Number         0  entry10a.o ABSOLUTE
    ../clib/microlib/init/entry.s            0x00000000   Number         0  entry10b.o ABSOLUTE
    ../clib/microlib/init/entry.s            0x00000000   Number         0  entry11a.o ABSOLUTE
    ../clib/microlib/init/entry.s            0x00000000   Number         0  entry11b.o ABSOLUTE
    ../clib/microlib/init/entry.s            0x00000000   Number         0  entry12a.o ABSOLUTE
    ../clib/microlib/string/memset.c         0x00000000   Number         0  memseta.o ABSOLUTE
    ..\..\..\..\Drivers\CIU32F003_Lib\Source\ciu32f003_std.c 0x00000000   Number         0  ciu32f003_std.o ABSOLUTE
    ..\..\..\..\Drivers\CIU32F003_Lib\Source\ciu32f003_std_adc.c 0x00000000   Number         0  ciu32f003_std_adc.o ABSOLUTE
    ..\..\..\..\Drivers\CIU32F003_Lib\Source\ciu32f003_std_comp.c 0x00000000   Number         0  ciu32f003_std_comp.o ABSOLUTE
    ..\..\..\..\Drivers\CIU32F003_Lib\Source\ciu32f003_std_crc.c 0x00000000   Number         0  ciu32f003_std_crc.o ABSOLUTE
    ..\..\..\..\Drivers\CIU32F003_Lib\Source\ciu32f003_std_exti.c 0x00000000   Number         0  ciu32f003_std_exti.o ABSOLUTE
    ..\..\..\..\Drivers\CIU32F003_Lib\Source\ciu32f003_std_flash.c 0x00000000   Number         0  ciu32f003_std_flash.o ABSOLUTE
    ..\..\..\..\Drivers\CIU32F003_Lib\Source\ciu32f003_std_gpio.c 0x00000000   Number         0  ciu32f003_std_gpio.o ABSOLUTE
    ..\..\..\..\Drivers\CIU32F003_Lib\Source\ciu32f003_std_i2c.c 0x00000000   Number         0  ciu32f003_std_i2c.o ABSOLUTE
    ..\..\..\..\Drivers\CIU32F003_Lib\Source\ciu32f003_std_lptim.c 0x00000000   Number         0  ciu32f003_std_lptim.o ABSOLUTE
    ..\..\..\..\Drivers\CIU32F003_Lib\Source\ciu32f003_std_pmu.c 0x00000000   Number         0  ciu32f003_std_pmu.o ABSOLUTE
    ..\..\..\..\Drivers\CIU32F003_Lib\Source\ciu32f003_std_rcc.c 0x00000000   Number         0  ciu32f003_std_rcc.o ABSOLUTE
    ..\..\..\..\Drivers\CIU32F003_Lib\Source\ciu32f003_std_spi.c 0x00000000   Number         0  ciu32f003_std_spi.o ABSOLUTE
    ..\..\..\..\Drivers\CIU32F003_Lib\Source\ciu32f003_std_tim.c 0x00000000   Number         0  ciu32f003_std_tim.o ABSOLUTE
    ..\..\..\..\Drivers\CIU32F003_Lib\Source\ciu32f003_std_uart.c 0x00000000   Number         0  ciu32f003_std_uart.o ABSOLUTE
    ..\..\..\..\Drivers\CMSIS\Device\system_ciu32f003.c 0x00000000   Number         0  system_ciu32f003.o ABSOLUTE
    ..\Source\common.c                       0x00000000   Number         0  common.o ABSOLUTE
    ..\Source\main.c                         0x00000000   Number         0  main.o ABSOLUTE
    ..\\..\\..\\..\\Drivers\\CIU32F003_Lib\\Source\\ciu32f003_std.c 0x00000000   Number         0  ciu32f003_std.o ABSOLUTE
    ..\\..\\..\\..\\Drivers\\CIU32F003_Lib\\Source\\ciu32f003_std_adc.c 0x00000000   Number         0  ciu32f003_std_adc.o ABSOLUTE
    ..\\..\\..\\..\\Drivers\\CIU32F003_Lib\\Source\\ciu32f003_std_comp.c 0x00000000   Number         0  ciu32f003_std_comp.o ABSOLUTE
    ..\\..\\..\\..\\Drivers\\CIU32F003_Lib\\Source\\ciu32f003_std_crc.c 0x00000000   Number         0  ciu32f003_std_crc.o ABSOLUTE
    ..\\..\\..\\..\\Drivers\\CIU32F003_Lib\\Source\\ciu32f003_std_exti.c 0x00000000   Number         0  ciu32f003_std_exti.o ABSOLUTE
    ..\\..\\..\\..\\Drivers\\CIU32F003_Lib\\Source\\ciu32f003_std_flash.c 0x00000000   Number         0  ciu32f003_std_flash.o ABSOLUTE
    ..\\..\\..\\..\\Drivers\\CIU32F003_Lib\\Source\\ciu32f003_std_gpio.c 0x00000000   Number         0  ciu32f003_std_gpio.o ABSOLUTE
    ..\\..\\..\\..\\Drivers\\CIU32F003_Lib\\Source\\ciu32f003_std_i2c.c 0x00000000   Number         0  ciu32f003_std_i2c.o ABSOLUTE
    ..\\..\\..\\..\\Drivers\\CIU32F003_Lib\\Source\\ciu32f003_std_lptim.c 0x00000000   Number         0  ciu32f003_std_lptim.o ABSOLUTE
    ..\\..\\..\\..\\Drivers\\CIU32F003_Lib\\Source\\ciu32f003_std_pmu.c 0x00000000   Number         0  ciu32f003_std_pmu.o ABSOLUTE
    ..\\..\\..\\..\\Drivers\\CIU32F003_Lib\\Source\\ciu32f003_std_rcc.c 0x00000000   Number         0  ciu32f003_std_rcc.o ABSOLUTE
    ..\\..\\..\\..\\Drivers\\CIU32F003_Lib\\Source\\ciu32f003_std_spi.c 0x00000000   Number         0  ciu32f003_std_spi.o ABSOLUTE
    ..\\..\\..\\..\\Drivers\\CIU32F003_Lib\\Source\\ciu32f003_std_tim.c 0x00000000   Number         0  ciu32f003_std_tim.o ABSOLUTE
    ..\\..\\..\\..\\Drivers\\CIU32F003_Lib\\Source\\ciu32f003_std_uart.c 0x00000000   Number         0  ciu32f003_std_uart.o ABSOLUTE
    ..\\..\\..\\..\\Drivers\\CMSIS\\Device\\system_ciu32f003.c 0x00000000   Number         0  system_ciu32f003.o ABSOLUTE
    ..\\Source\\common.c                     0x00000000   Number         0  common.o ABSOLUTE
    ..\\Source\\main.c                       0x00000000   Number         0  main.o ABSOLUTE
    dc.s                                     0x00000000   Number         0  dc.o ABSOLUTE
    handlers.s                               0x00000000   Number         0  handlers.o ABSOLUTE
    init.s                                   0x00000000   Number         0  init.o ABSOLUTE
    startup_ciu32f003.s                      0x00000000   Number         0  startup_ciu32f003.o ABSOLUTE
    .ARM.Collect$$$$00000000                 0x000000c0   Section        0  entry.o(.ARM.Collect$$$$00000000)
    .ARM.Collect$$$$00000001                 0x000000c0   Section        4  entry2.o(.ARM.Collect$$$$00000001)
    .ARM.Collect$$$$00000004                 0x000000c4   Section        4  entry5.o(.ARM.Collect$$$$00000004)
    .ARM.Collect$$$$00000008                 0x000000c8   Section        0  entry7b.o(.ARM.Collect$$$$00000008)
    .ARM.Collect$$$$0000000A                 0x000000c8   Section        0  entry8b.o(.ARM.Collect$$$$0000000A)
    .ARM.Collect$$$$0000000B                 0x000000c8   Section        8  entry9a.o(.ARM.Collect$$$$0000000B)
    .ARM.Collect$$$$0000000E                 0x000000d0   Section        4  entry12b.o(.ARM.Collect$$$$0000000E)
    .ARM.Collect$$$$0000000F                 0x000000d4   Section        0  entry10a.o(.ARM.Collect$$$$0000000F)
    .ARM.Collect$$$$00000011                 0x000000d4   Section        0  entry11a.o(.ARM.Collect$$$$00000011)
    .ARM.Collect$$$$00002712                 0x000000d4   Section        4  entry2.o(.ARM.Collect$$$$00002712)
    __lit__00000000                          0x000000d4   Data           4  entry2.o(.ARM.Collect$$$$00002712)
    .text                                    0x000000d8   Section       28  startup_ciu32f003.o(.text)
    .text                                    0x000000f4   Section        0  uidiv.o(.text)
    .text                                    0x00000120   Section        0  memseta.o(.text)
    .text                                    0x00000144   Section       36  init.o(.text)
    i.SystemInit                             0x00000168   Section        0  system_ciu32f003.o(i.SystemInit)
    i.__scatterload_copy                     0x00000188   Section       14  handlers.o(i.__scatterload_copy)
    i.__scatterload_null                     0x00000196   Section        2  handlers.o(i.__scatterload_null)
    i.__scatterload_zeroinit                 0x00000198   Section       14  handlers.o(i.__scatterload_zeroinit)
    i.gpio_init                              0x000001a8   Section        0  common.o(i.gpio_init)
    i.main                                   0x000001ec   Section        0  main.o(i.main)
    i.std_delay_init                         0x00000218   Section        0  ciu32f003_std.o(i.std_delay_init)
    i.std_delayms                            0x00000238   Section        0  ciu32f003_std.o(i.std_delayms)
    i.std_delayus                            0x00000250   Section        0  ciu32f003_std.o(i.std_delayus)
    i.std_gpio_init                          0x00000294   Section        0  ciu32f003_std_gpio.o(i.std_gpio_init)
    i.system_clock_config                    0x00000338   Section        0  common.o(i.system_clock_config)
    .data                                    0x20000000   Section        4  system_ciu32f003.o(.data)
    STACK                                    0x20000008   Section     1024  startup_ciu32f003.o(STACK)

    Global Symbols

    Symbol Name                              Value     Ov Type        Size  Object(Section)

    BuildAttributes$$THM_ISAv3M$S$PE$A:L22$X:L11$S22$IEEE1$IW$USESV6$~STKCKD$USESV7$~SHL$OSPACE$EBA8$MICROLIB$REQ8$PRES8$EABIv2 0x00000000   Number         0  anon$$obj.o ABSOLUTE
    __ARM_use_no_argv                        0x00000000   Number         0  main.o ABSOLUTE
    __vector_table                           0x00000000   Data           4  startup_ciu32f003.o(RESET)
    __arm_fini_                               - Undefined Weak Reference
    __cpp_initialize__aeabi_                  - Undefined Weak Reference
    __cxa_finalize                            - Undefined Weak Reference
    __decompress                              - Undefined Weak Reference
    _clock_init                               - Undefined Weak Reference
    _microlib_exit                            - Undefined Weak Reference
    __main                                   0x000000c1   Thumb Code     0  entry.o(.ARM.Collect$$$$00000000)
    __vectors_End                            0x000000c0   Data           0  startup_ciu32f003.o(RESET)
    __vectors_Size                           0x000000c0   Number         0  startup_ciu32f003.o ABSOLUTE
    _main_stk                                0x000000c1   Thumb Code     0  entry2.o(.ARM.Collect$$$$00000001)
    _main_scatterload                        0x000000c5   Thumb Code     0  entry5.o(.ARM.Collect$$$$00000004)
    __main_after_scatterload                 0x000000c9   Thumb Code     0  entry5.o(.ARM.Collect$$$$00000004)
    _main_clock                              0x000000c9   Thumb Code     0  entry7b.o(.ARM.Collect$$$$00000008)
    _main_cpp_init                           0x000000c9   Thumb Code     0  entry8b.o(.ARM.Collect$$$$0000000A)
    _main_init                               0x000000c9   Thumb Code     0  entry9a.o(.ARM.Collect$$$$0000000B)
    __rt_lib_shutdown_fini                   0x000000d1   Thumb Code     0  entry12b.o(.ARM.Collect$$$$0000000E)
    __rt_final_cpp                           0x000000d5   Thumb Code     0  entry10a.o(.ARM.Collect$$$$0000000F)
    __rt_final_exit                          0x000000d5   Thumb Code     0  entry11a.o(.ARM.Collect$$$$00000011)
    Reset_Handler                            0x000000d9   Thumb Code     8  startup_ciu32f003.o(.text)
    NMI_Handler                              0x000000e1   Thumb Code     2  startup_ciu32f003.o(.text)
    HardFault_Handler                        0x000000e3   Thumb Code     2  startup_ciu32f003.o(.text)
    SVC_Handler                              0x000000e5   Thumb Code     2  startup_ciu32f003.o(.text)
    PendSV_Handler                           0x000000e7   Thumb Code     2  startup_ciu32f003.o(.text)
    SysTick_Handler                          0x000000e9   Thumb Code     2  startup_ciu32f003.o(.text)
    ADC_COMP_IRQHandler                      0x000000eb   Thumb Code     0  startup_ciu32f003.o(.text)
    EXTI0_1_IRQHandler                       0x000000eb   Thumb Code     0  startup_ciu32f003.o(.text)
    EXTI2_3_IRQHandler                       0x000000eb   Thumb Code     0  startup_ciu32f003.o(.text)
    EXTI4_7_IRQHandler                       0x000000eb   Thumb Code     0  startup_ciu32f003.o(.text)
    FLASH_IRQHandler                         0x000000eb   Thumb Code     0  startup_ciu32f003.o(.text)
    I2C1_IRQHandler                          0x000000eb   Thumb Code     0  startup_ciu32f003.o(.text)
    LPTIM1_IRQHandler                        0x000000eb   Thumb Code     0  startup_ciu32f003.o(.text)
    RCC_IRQHandler                           0x000000eb   Thumb Code     0  startup_ciu32f003.o(.text)
    SPI1_IRQHandler                          0x000000eb   Thumb Code     0  startup_ciu32f003.o(.text)
    TIM1_BRK_UP_TRG_COM_IRQHandler           0x000000eb   Thumb Code     0  startup_ciu32f003.o(.text)
    TIM1_CC_IRQHandler                       0x000000eb   Thumb Code     0  startup_ciu32f003.o(.text)
    TIM3_IRQHandler                          0x000000eb   Thumb Code     0  startup_ciu32f003.o(.text)
    UART1_IRQHandler                         0x000000eb   Thumb Code     0  startup_ciu32f003.o(.text)
    UART2_IRQHandler                         0x000000eb   Thumb Code     0  startup_ciu32f003.o(.text)
    __aeabi_uidiv                            0x000000f5   Thumb Code     0  uidiv.o(.text)
    __aeabi_uidivmod                         0x000000f5   Thumb Code    44  uidiv.o(.text)
    __aeabi_memset                           0x00000121   Thumb Code    14  memseta.o(.text)
    __aeabi_memset4                          0x00000121   Thumb Code     0  memseta.o(.text)
    __aeabi_memset8                          0x00000121   Thumb Code     0  memseta.o(.text)
    __aeabi_memclr                           0x0000012f   Thumb Code     4  memseta.o(.text)
    __aeabi_memclr4                          0x0000012f   Thumb Code     0  memseta.o(.text)
    __aeabi_memclr8                          0x0000012f   Thumb Code     0  memseta.o(.text)
    _memset$wrapper                          0x00000133   Thumb Code    18  memseta.o(.text)
    __scatterload                            0x00000145   Thumb Code    28  init.o(.text)
    __scatterload_rt2                        0x00000145   Thumb Code     0  init.o(.text)
    SystemInit                               0x00000169   Thumb Code    14  system_ciu32f003.o(i.SystemInit)
    __scatterload_copy                       0x00000189   Thumb Code    14  handlers.o(i.__scatterload_copy)
    __scatterload_null                       0x00000197   Thumb Code     2  handlers.o(i.__scatterload_null)
    __scatterload_zeroinit                   0x00000199   Thumb Code    14  handlers.o(i.__scatterload_zeroinit)
    gpio_init                                0x000001a9   Thumb Code    58  common.o(i.gpio_init)
    main                                     0x000001ed   Thumb Code    38  main.o(i.main)
    std_delay_init                           0x00000219   Thumb Code    26  ciu32f003_std.o(i.std_delay_init)
    std_delayms                              0x00000239   Thumb Code    24  ciu32f003_std.o(i.std_delayms)
    std_delayus                              0x00000251   Thumb Code    56  ciu32f003_std.o(i.std_delayus)
    std_gpio_init                            0x00000295   Thumb Code   162  ciu32f003_std_gpio.o(i.std_gpio_init)
    system_clock_config                      0x00000339   Thumb Code   132  common.o(i.system_clock_config)
    Region$$Table$$Base                      0x000003cc   Number         0  anon$$obj.o(Region$$Table)
    Region$$Table$$Limit                     0x000003ec   Number         0  anon$$obj.o(Region$$Table)
    SystemCoreClock                          0x20000000   Data           4  system_ciu32f003.o(.data)
    __initial_sp                             0x20000408   Data           0  startup_ciu32f003.o(STACK)



==============================================================================

Memory Map of the image

  Image Entry point : 0x000000c1

  Load Region LR_IROM1 (Base: 0x00000000, Size: 0x000003f0, Max: 0x00006000, ABSOLUTE)

    Execution Region ER_IROM1 (Exec base: 0x00000000, Load base: 0x00000000, Size: 0x000003ec, Max: 0x00006000, ABSOLUTE)

    Exec Addr    Load Addr    Size         Type   Attr      Idx    E Section Name        Object

    0x00000000   0x00000000   0x000000c0   Data   RO          689    RESET               startup_ciu32f003.o
    0x000000c0   0x000000c0   0x00000000   Code   RO          694  * .ARM.Collect$$$$00000000  mc_p.l(entry.o)
    0x000000c0   0x000000c0   0x00000004   Code   RO          701    .ARM.Collect$$$$00000001  mc_p.l(entry2.o)
    0x000000c4   0x000000c4   0x00000004   Code   RO          704    .ARM.Collect$$$$00000004  mc_p.l(entry5.o)
    0x000000c8   0x000000c8   0x00000000   Code   RO          706    .ARM.Collect$$$$00000008  mc_p.l(entry7b.o)
    0x000000c8   0x000000c8   0x00000000   Code   RO          708    .ARM.Collect$$$$0000000A  mc_p.l(entry8b.o)
    0x000000c8   0x000000c8   0x00000008   Code   RO          709    .ARM.Collect$$$$0000000B  mc_p.l(entry9a.o)
    0x000000d0   0x000000d0   0x00000004   Code   RO          716    .ARM.Collect$$$$0000000E  mc_p.l(entry12b.o)
    0x000000d4   0x000000d4   0x00000000   Code   RO          711    .ARM.Collect$$$$0000000F  mc_p.l(entry10a.o)
    0x000000d4   0x000000d4   0x00000000   Code   RO          713    .ARM.Collect$$$$00000011  mc_p.l(entry11a.o)
    0x000000d4   0x000000d4   0x00000004   Code   RO          702    .ARM.Collect$$$$00002712  mc_p.l(entry2.o)
    0x000000d8   0x000000d8   0x0000001c   Code   RO          690    .text               startup_ciu32f003.o
    0x000000f4   0x000000f4   0x0000002c   Code   RO          697    .text               mc_p.l(uidiv.o)
    0x00000120   0x00000120   0x00000024   Code   RO          699    .text               mc_p.l(memseta.o)
    0x00000144   0x00000144   0x00000024   Code   RO          717    .text               mc_p.l(init.o)
    0x00000168   0x00000168   0x00000020   Code   RO          656    i.SystemInit        system_ciu32f003.o
    0x00000188   0x00000188   0x0000000e   Code   RO          721    i.__scatterload_copy  mc_p.l(handlers.o)
    0x00000196   0x00000196   0x00000002   Code   RO          722    i.__scatterload_null  mc_p.l(handlers.o)
    0x00000198   0x00000198   0x0000000e   Code   RO          723    i.__scatterload_zeroinit  mc_p.l(handlers.o)
    0x000001a6   0x000001a6   0x00000002   PAD
    0x000001a8   0x000001a8   0x00000044   Code   RO          117    i.gpio_init         common.o
    0x000001ec   0x000001ec   0x0000002c   Code   RO            3    i.main              main.o
    0x00000218   0x00000218   0x00000020   Code   RO          153    i.std_delay_init    ciu32f003_std.o
    0x00000238   0x00000238   0x00000018   Code   RO          154    i.std_delayms       ciu32f003_std.o
    0x00000250   0x00000250   0x00000044   Code   RO          156    i.std_delayus       ciu32f003_std.o
    0x00000294   0x00000294   0x000000a2   Code   RO          360    i.std_gpio_init     ciu32f003_std_gpio.o
    0x00000336   0x00000336   0x00000002   PAD
    0x00000338   0x00000338   0x00000094   Code   RO          118    i.system_clock_config  common.o
    0x000003cc   0x000003cc   0x00000020   Data   RO          719    Region$$Table       anon$$obj.o


    Execution Region RW_IRAM1 (Exec base: 0x20000000, Load base: 0x000003ec, Size: 0x00000408, Max: 0x00000c00, ABSOLUTE)

    Exec Addr    Load Addr    Size         Type   Attr      Idx    E Section Name        Object

    0x20000000   0x000003ec   0x00000004   Data   RW          658    .data               system_ciu32f003.o
    0x20000004   0x000003f0   0x00000004   PAD
    0x20000008        -       0x00000400   Zero   RW          687    STACK               startup_ciu32f003.o


==============================================================================

Image component sizes


      Code (inc. data)   RO Data    RW Data    ZI Data      Debug   Object Name

       124         18          0          0          0       1801   ciu32f003_std.o
       162          0          0          0          0       4608   ciu32f003_std_gpio.o
       216         26          0          0          0      15190   common.o
        44          6          0          0          0      88475   main.o
        28          8        192          0       1024        644   startup_ciu32f003.o
        32         18          0          4          0       1536   system_ciu32f003.o

    ----------------------------------------------------------------------
       608         76        224          4       1028     112254   Object Totals
         0          0         32          0          0          0   (incl. Generated)
         2          0          0          0          4          0   (incl. Padding)

    ----------------------------------------------------------------------

      Code (inc. data)   RO Data    RW Data    ZI Data      Debug   Library Member Name

         0          0          0          0          0          0   entry.o
         0          0          0          0          0          0   entry10a.o
         0          0          0          0          0          0   entry11a.o
         4          0          0          0          0          0   entry12b.o
         8          4          0          0          0          0   entry2.o
         4          0          0          0          0          0   entry5.o
         0          0          0          0          0          0   entry7b.o
         0          0          0          0          0          0   entry8b.o
         8          4          0          0          0          0   entry9a.o
        30          0          0          0          0          0   handlers.o
        36          8          0          0          0         68   init.o
        36          0          0          0          0        100   memseta.o
        44          0          0          0          0         72   uidiv.o

    ----------------------------------------------------------------------
       172         16          0          0          0        240   Library Totals
         2          0          0          0          0          0   (incl. Padding)

    ----------------------------------------------------------------------

      Code (inc. data)   RO Data    RW Data    ZI Data      Debug   Library Name

       170         16          0          0          0        240   mc_p.l

    ----------------------------------------------------------------------
       172         16          0          0          0        240   Library Totals

    ----------------------------------------------------------------------

==============================================================================


      Code (inc. data)   RO Data    RW Data    ZI Data      Debug   

       780         92        224          4       1028     112382   Grand Totals
       780         92        224          4       1028     112382   ELF Image Totals
       780         92        224          4          0          0   ROM Totals

==============================================================================

    Total RO  Size (Code + RO Data)                 1004 (   0.98kB)
    Total RW  Size (RW Data + ZI Data)              1032 (   1.01kB)
    Total ROM Size (Code + RO Data + RW Data)       1008 (   0.98kB)

==============================================================================

