C51 COMPILER V9.60.0.0   MAIN                                                              07/15/2022 14:32:21 PAGE 1   


C51 COMPILER V9.60.0.0, COMPILATION OF MODULE MAIN
OBJECT MODULE PLACED IN .\Out_Files\main.obj
COMPILER INVOKED BY: C:\Keil_v5\C51\BIN\C51.EXE ..\source\main.c LARGE OMF2 OPTIMIZE(8,SIZE) BROWSE INCDIR(..\..\..\..\D
                    -river\inc;..\..\..\..\Driver\src;..\..\..\..\MCU\Common;..\..\..\..\MCU\Device) DEBUG PRINT(.\Out_Files\main.lst) TABS(2
                    -) OBJECT(.\Out_Files\main.obj)

line level    source

   1          /***********************************************************************
   2           * Copyright (c)  2017 - 2021, Unicmicro Co.,Ltd .
   3           * All rights reserved.
   4           * Filename    : main.c
   5           * Description : main source file
   6           * Author(s)   : Will
   7           * version     : V1.0
   8           * Modify date : 2021-04-27
   9           ***********************************************************************/     
  10          #include "system_um800y.h"
  11          #include "app.h"
  12          #include "stdio.h"
  13          void main(void)  
  14          {     
  15   1        system_init();
  16   1        
  17   1        uart_init();
  18   1      
  19   1        lvd_test();
  20   1        
  21   1        while(1) 
  22   1        {
  23   2        
  24   2        }
  25   1      }
  26          
  27          
  28          
  29          


MODULE INFORMATION:   STATIC OVERLAYABLE
   CODE SIZE        =     11    ----
   CONSTANT SIZE    =   ----    ----
   XDATA SIZE       =   ----    ----
   PDATA SIZE       =   ----    ----
   DATA SIZE        =   ----    ----
   IDATA SIZE       =   ----    ----
   BIT SIZE         =   ----    ----
   EDATA SIZE       =   ----    ----
   HDATA SIZE       =   ----    ----
   XDATA CONST SIZE =   ----    ----
   FAR CONST SIZE   =   ----    ----
END OF MODULE INFORMATION.


C51 COMPILATION COMPLETE.  0 WARNING(S),  0 ERROR(S)
