C51 COMPILER V9.60.0.0   APP                                                               05/07/2022 12:36:15 PAGE 1   


C51 COMPILER V9.60.0.0, COMPILATION OF MODULE APP
OBJECT MODULE PLACED IN .\Out_Files\app.obj
COMPILER INVOKED BY: C:\Keil_v5\C51\BIN\C51.EXE ..\source\app.c LARGE OMF2 OPTIMIZE(8,SIZE) BROWSE INCDIR(..\..\..\..\Dr
                    -iver\inc;..\..\..\..\Driver\src;..\..\..\..\MCU\Common;..\..\..\..\MCU\Device) DEBUG PRINT(.\Out_Files\app.lst) TABS(2) 
                    -OBJECT(.\Out_Files\app.obj)

line level    source

   1          /***********************************************************************
   2           * Copyright (c)  2017 - 2021, Unicmicro Co.,Ltd .
   3           * All rights reserved.
   4           * Filename    : app.c
   5           * Description : app driver source file
   6           * Author(s)   : Will
   7           * version     : V1.0
   8           * Modify date : 2021-04-27
   9           ***********************************************************************/
  10          #include "system_um800y.h"
  11          #include "app.h"
  12          #include "config.h"
  13          #include "common.h"
  14          #include "uart0.h"
  15          #include "wdt.h"
  16          
  17          volatile uint8_t rx_flag ;
  18          volatile uint8_t uart0_rx_buf[32];
  19          volatile uint8_t uart0_tx_buf[32];
  20          volatile uint16_t rx_count = 0;
  21          volatile uint16_t tx_count = 0;
  22          
  23          /************************************************************************
  24           * Function     : uart0_rec_pro
  25           * Description  : uart0_rec_pro 串口接收处理回调函数
  26           * Input    : none
  27           * Output     : none
  28           * Return   : none
  29           ************************************************************************/
  30          void uart0_rec_pro(void)
  31          {
  32   1        uart0_rx_buf[rx_count++]= uart0_recv_byte();
  33   1        rx_flag = 1;  
  34   1      }
  35          
  36          /************************************************************************
  37           * Function     : uart_init
  38           * Description  : uart_init 串口初始化
  39           * Input    : none
  40           * Output     : none
  41           * Return   : none
  42           ************************************************************************/
  43          void uart_init(void)
  44          {
  45   1        rx_flag = 0;
  46   1        uart0_init(UART0_BAUD_RATE);
  47   1        uart0_irq_init(UART0_IRQ_ENABLE,uart0_rec_pro);
  48   1      }
  49          
  50          void wdt_test(void)
  51          {
  52   1        wdt_init();
  53   1        wdt_load(WDT_ARR_1024_MS);
C51 COMPILER V9.60.0.0   APP                                                               05/07/2022 12:36:15 PAGE 2   

  54   1      
  55   1        while(1)
  56   1        {
  57   2          delay1ms(500);
  58   2          wdt_feed(WDT_ARR_1024_MS);    //喂狗
  59   2          
  60   2          printf("WDT FEED!!!\r\n");
  61   2        }
  62   1        
  63   1        
  64   1      }
  65          
  66          
  67          void soc_test(void)
  68          {
  69   1        printfS("System run at %ldHz\n\r", system_core_clock);
  70   1        printfS("start test wdt! \n");
  71   1      
  72   1        wdt_test();
  73   1        
  74   1      }
  75          
  76          
  77          
  78          


MODULE INFORMATION:   STATIC OVERLAYABLE
   CODE SIZE        =    127    ----
   CONSTANT SIZE    =     54    ----
   XDATA SIZE       =     69    ----
   PDATA SIZE       =   ----    ----
   DATA SIZE        =   ----    ----
   IDATA SIZE       =   ----    ----
   BIT SIZE         =   ----    ----
   EDATA SIZE       =   ----    ----
   HDATA SIZE       =   ----    ----
   XDATA CONST SIZE =   ----    ----
   FAR CONST SIZE   =   ----    ----
END OF MODULE INFORMATION.


C51 COMPILATION COMPLETE.  0 WARNING(S),  0 ERROR(S)
