C51 COMPILER V9.60.0.0   APP                                                               05/07/2022 11:21:08 PAGE 1   


C51 COMPILER V9.60.0.0, COMPILATION OF MODULE APP
OBJECT MODULE PLACED IN .\Out_Files\app.obj
COMPILER INVOKED BY: C:\Keil_v5\C51\BIN\C51.EXE ..\source\app.c LARGE OMF2 OPTIMIZE(8,SIZE) BROWSE INCDIR(..\..\..\..\MC
                    -U\Common;..\..\..\..\Driver\inc;..\..\..\..\Driver\src;..\..\..\..\MCU\Device) DEBUG PRINT(.\Out_Files\app.lst) TABS(2) 
                    -OBJECT(.\Out_Files\app.obj)

line level    source

   1          /***********************************************************************
   2           * Copyright (c)  2017 - 2021, Unicmicro Co.,Ltd .
   3           * All rights reserved.
   4           * Filename    : app.c
   5           * Description : app driver source file
   6           * Author(s)   : Will
   7           * version     : V1.0
   8           * Modify date : 2021-04-27
   9           ***********************************************************************/
  10          #include "system_um800y.h"
  11          #include "app.h"
  12          #include "common.h"
  13          #include "uart0.h"
  14          #include "eeprom.h"
  15          #include "config.h"
  16          
  17          volatile uint8_t rx_flag ;
  18          volatile uint8_t uart0_rx_buf[32];
  19          volatile uint8_t uart0_tx_buf[32];
  20          volatile uint16_t rx_count = 0;
  21          volatile uint16_t tx_count = 0;
  22          
  23          volatile uint8_t  write_data[20]={0};
  24          volatile uint8_t  read_data[20]={0};
  25          
  26          //volatile const uint8_t code buf[58368];
  27          /************************************************************************
  28           * Function     : uart0_rec_pro
  29           * Description  : uart0_rec_pro 串口接收处理回调函数
  30           * Input    : none
  31           * Output     : none
  32           * Return   : none
  33           ************************************************************************/
  34          void uart0_rec_pro(void)
  35          {
  36   1        uart0_rx_buf[rx_count++]= uart0_recv_byte();
  37   1        rx_flag = 1;  
  38   1      }
  39          
  40          /************************************************************************
  41           * Function     : uart_init
  42           * Description  : uart_init 串口初始化
  43           * Input    : none
  44           * Output     : none
  45           * Return   : none
  46           ************************************************************************/
  47          void uart_init(void)
  48          {
  49   1        rx_flag = 0;
  50   1        uart0_init(UART0_BAUD_RATE);
  51   1          uart0_irq_init(UART0_IRQ_ENABLE,uart0_rec_pro);
  52   1      }
  53          
C51 COMPILER V9.60.0.0   APP                                                               05/07/2022 11:21:08 PAGE 2   

  54          void eeprom_page_check_8bits(uint16_t base_addr,uint8_t w_val, uint8_t page)
  55          {
  56   1          uint16_t i;
  57   1          
  58   1          for(i = 0; i < PAGE_SIZE; i++)
  59   1          {
  60   2              eeprom_write_byte(base_addr+page*PAGE_SIZE+i,w_val);
  61   2          }
  62   1          
  63   1          for(i = 0; i < PAGE_SIZE; i++)
  64   1          {
  65   2              if(eeprom_read_byte(base_addr+page*PAGE_SIZE+i) != w_val)
  66   2              {
  67   3                  printf("Error: 8bit Read not equal write![0x%x]\n",(base_addr+page*PAGE_SIZE+i));
  68   3                  break;
  69   3              }
  70   2          //  printf("read_data:[0x%bx]\n",eflash_read_byte(base_addr+page*PAGE_SIZE+i));
  71   2          }
  72   1      
  73   1      }
  74          
  75          
  76          
  77          void eeprom_page_check_byte(uint16_t base_addr, uint8_t start_page, uint8_t num_page)
  78          {
  79   1          uint16_t i;
  80   1          uint8_t page;
  81   1      
  82   1          //单字节读写测试
  83   1        
  84   1          for(page = start_page; page < num_page; page++)
  85   1          {
  86   2              eeprom_erase_page(base_addr + page * PAGE_SIZE);                //页擦除
  87   2              for(i = 0; i < PAGE_SIZE; i++)
  88   2              {
  89   3                  if(eeprom_read_byte(base_addr+page*PAGE_SIZE+i) != 0xff)
  90   3                  {
  91   4                          printf("Error: erase fail![0x%lx]\n",(base_addr+page*PAGE_SIZE+i));
  92   4                          break;
  93   4                  }
  94   3              } 
  95   2              eeprom_page_check_8bits(base_addr,0x55,page);                                   //单字节读写
  96   2          }
  97   1      
  98   1      
  99   1      } 
 100          
 101          void eeprom_page_check_bytes(uint16_t base_addr,uint8_t w_val, uint32_t length)
 102          {
 103   1          uint32_t i;
 104   1       
 105   1          //多字节读写测试
 106   1          eeprom_erase_page(base_addr);               //页擦除
 107   1         
 108   1          for(i = 0; i < length; i++)
 109   1          {
 110   2              if(eeprom_read_byte(base_addr+i) != 0xff)
 111   2              {
 112   3                      printf("Error: erase fail![0x%lx]\n",(base_addr+i));
 113   3                      break;
 114   3              }
 115   2          } 
C51 COMPILER V9.60.0.0   APP                                                               05/07/2022 11:21:08 PAGE 3   

 116   1         
 117   1        
 118   1        
 119   1          for(i=0;i<length;i++)
 120   1          {
 121   2              write_data[i] = w_val;                          
 122   2          }
 123   1          
 124   1        
 125   1          eeprom_write_bytes(base_addr, write_data, length);                       //多字节写数据
 126   1              
 127   1           
 128   1         if(length == eeprom_read_bytes(base_addr, read_data, length))             //多字节读    
 129   1         {
 130   2              for(i=0;i<length;i++)
 131   2              {
 132   3                  if(read_data[i] != w_val)
 133   3                  {
 134   4                      printf("Error: multibyte Read not equal Write![0x%x]\n",(base_addr+i));
 135   4                      break;
 136   4                  } 
 137   3      //           printf("read_data:[0x%bx]\n",read_data[i]);
 138   3              }  
 139   2         
 140   2         }
 141   1         
 142   1                
 143   1      }
 144          
 145          
 146          void eeprom_test(void)
 147          {
 148   1        eeprom_init(FCLK);
 149   1        
 150   1        /********MAIN区擦读写测试*********/
 151   1          //单字节读写测试
 152   1        printfS("EEPROM write and read by byte test start\r\n");
 153   1        
 154   1        eeprom_page_check_byte(0x8A00,0,1);       //单字节读写EEPROM0
 155   1        eeprom_page_check_byte(0x8C00,0,1);             //单字节读写EEPROM1
 156   1        
 157   1        printfS("EEPROM write and read by byte test end\r\n"); 
 158   1      
 159   1        delay1ms(10);
 160   1        
 161   1          //多字节读写测试
 162   1          printfS("EEPROM write and read by multi bytes test start\r\n");
 163   1        
 164   1        eeprom_page_check_bytes(0x8A00,0xa5,20);        //多字节读写EEPROM0
 165   1        eeprom_page_check_bytes(0x8C00,0xc5,20);    //字节读写EEPROM1
 166   1        
 167   1        printfS("EEPROM write and read by multi bytes test end\r\n");
 168   1         
 169   1        
 170   1      }
 171          
 172          
 173          
 174          
 175          
 176          

C51 COMPILER V9.60.0.0   APP                                                               05/07/2022 11:21:08 PAGE 4   


MODULE INFORMATION:   STATIC OVERLAYABLE
   CODE SIZE        =    956    ----
   CONSTANT SIZE    =    296    ----
   XDATA SIZE       =    109      23
   PDATA SIZE       =   ----    ----
   DATA SIZE        =   ----    ----
   IDATA SIZE       =   ----    ----
   BIT SIZE         =   ----    ----
   EDATA SIZE       =   ----    ----
   HDATA SIZE       =   ----    ----
   XDATA CONST SIZE =   ----    ----
   FAR CONST SIZE   =   ----    ----
END OF MODULE INFORMATION.


C51 COMPILATION COMPLETE.  0 WARNING(S),  0 ERROR(S)
