C51 COMPILER V9.60.0.0   APP                                                               07/29/2022 09:35:27 PAGE 1   


C51 COMPILER V9.60.0.0, COMPILATION OF MODULE APP
OBJECT MODULE PLACED IN .\Out_Files\app.obj
COMPILER INVOKED BY: C:\Keil_v5\C51\BIN\C51.EXE ..\source\app.c LARGE OMF2 OPTIMIZE(8,SIZE) BROWSE INCDIR(..\..\..\..\..
                    -\Driver\inc;..\..\..\..\..\Driver\src;..\..\..\..\..\MCU\Common;..\..\..\..\..\MCU\Device) DEBUG PRINT(.\Out_Files\app.l
                    -st) TABS(2) OBJECT(.\Out_Files\app.obj)

line level    source

   1          /***********************************************************************
   2           * Copyright (c)  2017 - 2021, Unicmicro Co.,Ltd .
   3           * All rights reserved.
   4           * Filename    : app.c
   5           * Description : app driver source file
   6           * Author(s)   : Will
   7           * version     : V1.0
   8           * Modify date : 2021-04-27
   9           ***********************************************************************/
  10          #include "system_um800y.h"
  11          #include "app.h"
  12          #include "config.h"
  13          #include "common.h"
  14          #include "uart0.h"
  15          #include "i2c_slave.h"
  16          
  17          
  18          volatile uint8_t rx_flag ;
  19          volatile uint8_t uart0_rx_buf[32];
  20          volatile uint8_t uart0_tx_buf[32];
  21          volatile uint16_t rx_count = 0;
  22          volatile uint16_t tx_count = 0;
  23          volatile uint8_t slave_irq_flag = 0;
  24          volatile uint8_t  slave_irq_len;
  25          volatile uint8_t i2c_slave_irq_recv_data[20];
  26          
  27          /************************************************************************
  28           * Function     : uart0_rec_pro
  29           * Description  : uart0_rec_pro 串口接收处理回调函数
  30           * Input    : none
  31           * Output   : none
  32           * Return   : none
  33           ************************************************************************/
  34          void uart0_rec_pro(void)
  35          {
  36   1        uart0_rx_buf[rx_count++]= uart0_recv_byte();
  37   1        rx_flag = 1;  
  38   1      }
  39          
  40          /************************************************************************
  41           * Function     : i2c_irq_pro
  42           * Description  : i2c_irq_pro I2C中断回调函数
  43           * Input      : none
  44           * Output     : none
  45           * Return     : none
  46           ************************************************************************/
  47          void i2c_irq_pro(void)
  48          {
  49   1        slave_irq_flag = 1;
  50   1        slave_irq_len = i2c_slave_read(i2c_slave_irq_recv_data);
  51   1      
  52   1      }
  53          
C51 COMPILER V9.60.0.0   APP                                                               07/29/2022 09:35:27 PAGE 2   

  54          /************************************************************************
  55           * Function     : uart_init
  56           * Description  : uart_init 串口初始化
  57           * Input    : none
  58           * Output   : none
  59           * Return   : none
  60           ************************************************************************/
  61          void uart_init(void)
  62          {
  63   1        rx_flag = 0;
  64   1        uart0_init(UART0_BAUD_RATE);
  65   1        uart0_irq_init(UART0_IRQ_ENABLE,uart0_rec_pro);
  66   1      }
  67          
  68          void i2c_slave_write_test(void)
  69          {
  70   1        uint8_t xdata i,num=0;
  71   1        uint8_t xdata len;
  72   1        uint8_t xdata i2c_slave_send_data[20];
  73   1        for(i=0 ; i<8; i++)
  74   1        {
  75   2          i2c_slave_send_data[i] = i+0xa0;
  76   2        
  77   2        }
  78   1        printfS("i2c slave write test start\r\n");
  79   1        i2c_slave_init();                     //从机初始化
  80   1        i2c_set_slave_addr1(I2C_SLAVE_ADDR1); //设置从机地址1
  81   1        i2c_set_slave_addr2(I2C_SLAVE_ADDR2); //设置从机地址2
  82   1        
  83   1        while(1)
  84   1        { 
  85   2          if(i2c_slave_is_match_addr1() == i2c_tx)    //maas1匹配
  86   2          {       
  87   3            len = i2c_slave_write(i2c_slave_send_data);
  88   3            printfS("write len:%bd\n", len);
  89   3            printfS("match addr1,i2c slave send\n");
  90   3          
  91   3          }
  92   2          if(i2c_slave_is_match_addr2() == i2c_tx)    //maas2匹配
  93   2          {     
  94   3            len = i2c_slave_write(i2c_slave_send_data);
  95   3            printfS("write len:%bd\n", len);
  96   3            printfS("match addr2,i2c slave send\n");
  97   3          }
  98   2      
  99   2        }
 100   1      }
 101          
 102          void i2c_slave_read_test(void)
 103          {
 104   1        printfS("i2c slave read test start\r\n");
 105   1        
 106   1        i2c_slave_init();                         //从机初始化
 107   1        i2c_set_slave_addr1(I2C_SLAVE_ADDR1);     //设置从机地址
 108   1        i2c_irq_enable(I2C_IRQ_MAAS1,i2c_irq_pro);  //地址1匹配中断
 109   1        i2c_ack();                    //使能应答ACK
 110   1      
 111   1        while(1)
 112   1        {
 113   2          if(slave_irq_flag == 1)
 114   2          {
 115   3            slave_irq_flag = 0;
C51 COMPILER V9.60.0.0   APP                                                               07/29/2022 09:35:27 PAGE 3   

 116   3            printfB8(i2c_slave_irq_recv_data,slave_irq_len);
 117   3            printfS("match addr1,i2c slave receive\n");
 118   3          }
 119   2        } 
 120   1      }
 121          
 122          void soc_test(void)
 123          {
 124   1        printfS("System run at %ldHz\n\r", system_core_clock);
 125   1        printfS("start test i2c! \n");
 126   1      
 127   1        i2c_slave_read_test();        //I2C从机接收测试
 128   1      //  i2c_slave_write_test();       //I2C从机发送测试
 129   1        
 130   1        
 131   1      }
 132          


MODULE INFORMATION:   STATIC OVERLAYABLE
   CODE SIZE        =    328    ----
   CONSTANT SIZE    =    199    ----
   XDATA SIZE       =     91      22
   PDATA SIZE       =   ----    ----
   DATA SIZE        =   ----    ----
   IDATA SIZE       =   ----    ----
   BIT SIZE         =   ----    ----
   EDATA SIZE       =   ----    ----
   HDATA SIZE       =   ----    ----
   XDATA CONST SIZE =   ----    ----
   FAR CONST SIZE   =   ----    ----
END OF MODULE INFORMATION.


C51 COMPILATION COMPLETE.  0 WARNING(S),  0 ERROR(S)
