C51 COMPILER V9.57.0.0   MAIN                                                              07/04/2026 11:25:52 PAGE 1   


C51 COMPILER V9.57.0.0, COMPILATION OF MODULE MAIN
OBJECT MODULE PLACED IN .\Out_Files\main.obj
COMPILER INVOKED BY: D:\Keil\Keil_v5\C51\BIN\C51.EXE ..\source\main.c LARGE OMF2 OPTIMIZE(8,SIZE) BROWSE INCDIR(..\..\..
                    -\..\Driver\inc;..\..\..\..\Driver\src;..\..\..\..\MCU\Common;..\..\..\..\MCU\Device) DEBUG PRINT(.\Out_Files\main.lst) O
                    -BJECT(.\Out_Files\main.obj)

line level    source

   1          /***********************************************************************
   2           * Copyright (c)  2017 - 2021, Unicmicro Co.,Ltd .
   3           * All rights reserved.
   4           * Filename    : main.c
   5           * Description : main source file
   6           * Author(s)   : Will
   7           * version     : V1.0
   8           * Modify date : 2021-04-27
   9           ***********************************************************************/     
  10          #include "system_um800y.h"
  11          #include "app.h"
  12          #include "gtimer.h"
  13          #include "pwm.h"
  14          #include "common.h"
  15          #include "config.h"
  16          #include "gpio.h"
  17          #include "adc.h"
  18          
  19          
  20          volatile uint16_t adc_data = 0;
  21          volatile uint16_t adc_data1 = 0;
  22          volatile uint16_t adc_set = 200;
  23          
  24          uint16_t status = 0;
  25          uint16_t adcount =0;
  26          uint16_t adcount1 =0;
  27          
  28          void gtimer0_UECallBack(void);
  29          void gtimer1_UECallBack(void);
  30          
  31          void GPIO_Init(void);
  32          void ADC_Init(void);
  33          void gpio_int_pro(void);
  34          
  35          void main(void)  
  36          {               
  37   1              system_init();
  38   1              GPIO_Init();
  39   1              uart_init();
  40   1              
  41   1              
  42   1              gtimer0_count_init(2200,24-1);                  
  43   1                      
  44   1              gtimer0_irq_init(GTIMER_IRQ_ENABLE,GTIMER0_UIE_IRQ,gtimer0_UECallBack);
  45   1      
  46   1              gtimer0_start();        
  47   1              
  48   1              adc_clk_config(ADC_CLKSOURCE_SYSCLK, ADC_VREFSOURCE_AVDD33, 4, ADC_ENABLE);     
  49   1      
  50   1              adc_sample_clk_config(ADC_SAMPCLK_4);                                                                           
  51   1              
  52   1              adc_io_config(ADC_CHANNEL_1|ADC_CHANNEL_2);                                                             
  53   1              
C51 COMPILER V9.57.0.0   MAIN                                                              07/04/2026 11:25:52 PAGE 2   

  54   1              adc_scan_mode_config(ADC_MODE_SINGLE);                                                                  
  55   1              
  56   1              adc_power_config(ADC_ENABLE);                                                                                           
  57   1              adc_controller_config(ADC_ENABLE);
  58   1      
  59   1              while(1) 
  60   1              {
  61   2                      
  62   2      
  63   2                      
  64   2              }
  65   1      }
  66          
  67          
  68          
  69          void gtimer0_UECallBack(void)
  70          {
  71   1          adcount = 0;
  72   1          
  73   1              gpio_io_set(P1_2, GPIO_LOW);
  74   1              gpio_io_set(P1_3, GPIO_LOW);
  75   1          gpio_io_set(P1_0, GPIO_HIGH);//常闭 
  76   1      }
  77          
  78          
  79          void GPIO_IRQHandler(void) interrupt 0
  80          {
  81   1          if(gpio_irq_get(P1_4))                                                                                      
  82   1          {
  83   2              REG_GTIM0_CR0 &= ~(1<<0);       
  84   2              
  85   2              //gpio_io_set(P1_0, GPIO_HIGH);//常闭  
  86   2              
  87   2      //        adc_convert_start(ADC_CHANNEL_1);                                                                     
  88   2      
  89   2      //        while((ADCGCR1 & 0x04) != 0);
  90   2      //        
  91   2      //        while(!(ADCCSTAT & 0x01))     ;
  92   2      //        
  93   2      //        ADCCSTAT = 0x1;                                                                                       
  94   2      //        
  95   2      //        adc_data=adc_get_value();     
  96   2              
  97   2             //printfS("adc:%d\r\n", adc_data);       
  98   2             // if(adc_data >=adc_set&&adc_data<ADC_INVALID-1)
  99   2              if(1)
 100   2              {
 101   3                  //printfS("on\r\n");
 102   3                           
 103   3                  REG_GTIM0_CNT0&=0x00;
 104   3                  REG_GTIM0_CNT1&=0x00;
 105   3                      
 106   3                  adcount++;
 107   3                  if(adcount==2)
 108   3                  {
 109   4                      gpio_io_set(P1_2, GPIO_HIGH);
 110   4                      gpio_io_set(P1_3, GPIO_HIGH);
 111   4                      gpio_io_set(P1_0, GPIO_LOW);
 112   4                      
 113   4                      adcount=0;
 114   4                  }
 115   3                  
C51 COMPILER V9.57.0.0   MAIN                                                              07/04/2026 11:25:52 PAGE 3   

 116   3              }
 117   2          }
 118   1                 
 119   1           //gpio_io_set(P1_0, GPIO_LOW);//常闭
 120   1          
 121   1          REG_GTIM0_CR0 |= (1<<0);                            
 122   1          gpio_irq_clr(P1_4);
 123   1      }
 124          
 125          void gpio_UECallBack(void)
 126          {
 127   1              //= 不用二次回调
 128   1      }
 129          
 130          void GPIO_Init(void)
 131          {
 132   1      
 133   1              REG_P10_CFG=0x00;
 134   1              gpio_init(P1_0);
 135   1              gpio_dir_set(P1_0, GPIO_DIR_OUT);
 136   1              gpio_dr_set(P1_0, GPIO_SR_HIGH);
 137   1              gpio_io_set(P1_0, GPIO_HIGH);
 138   1              
 139   1      
 140   1              REG_P12_CFG=0x00;
 141   1              gpio_init(P1_2);
 142   1              gpio_dir_set(P1_2, GPIO_DIR_OUT);
 143   1              gpio_dr_set(P1_2, GPIO_SR_HIGH);
 144   1              gpio_io_set(P1_2, GPIO_HIGH);
 145   1              
 146   1      
 147   1              REG_P13_CFG=0x00;
 148   1              gpio_init(P1_3);
 149   1              gpio_dir_set(P1_3, GPIO_DIR_OUT);
 150   1              gpio_dr_set(P1_3, GPIO_SR_HIGH);
 151   1              gpio_io_set(P1_3, GPIO_LOW);
 152   1          
 153   1              
 154   1              gpio_init(P1_4);
 155   1              gpio_dir_set(P1_4, GPIO_DIR_IN);
 156   1              gpio_dr_set(P1_4, GPIO_SR_HIGH);
 157   1              gpio_in_enable(P1_4, IN_ENABLE);         
 158   1              gpio_irq_set(P1_4,GPIO_IRQ_ENABLE,gpio_UECallBack);
 159   1              P1AH&=~(0x02);
 160   1              P1AH|=(0x01);
 161   1              REG_P14_CFG=0x20;
 162   1      
 163   1              REG_P15_CFG=0x00;
 164   1              gpio_init(P1_5);                        
 165   1              gpio_dir_set(P1_5, GPIO_DIR_IN);          
 166   1              gpio_in_enable(P1_5, IN_ENABLE);          
 167   1      }


MODULE INFORMATION:   STATIC OVERLAYABLE
   CODE SIZE        =    419    ----
   CONSTANT SIZE    =   ----    ----
   XDATA SIZE       =     12    ----
   PDATA SIZE       =   ----    ----
   DATA SIZE        =   ----    ----
   IDATA SIZE       =   ----    ----
   BIT SIZE         =   ----    ----
C51 COMPILER V9.57.0.0   MAIN                                                              07/04/2026 11:25:52 PAGE 4   

   EDATA SIZE       =   ----    ----
   HDATA SIZE       =   ----    ----
   XDATA CONST SIZE =   ----    ----
   FAR CONST SIZE   =   ----    ----
END OF MODULE INFORMATION.


C51 COMPILATION COMPLETE.  0 WARNING(S),  0 ERROR(S)
