C51 COMPILER V9.60.0.0   APP                                                               07/18/2022 15:45:23 PAGE 1   


C51 COMPILER V9.60.0.0, COMPILATION OF MODULE APP
OBJECT MODULE PLACED IN .\Out_Files\app.obj
COMPILER INVOKED BY: C:\Keil_v5\C51\BIN\C51.EXE ..\source\app.c LARGE OMF2 OPTIMIZE(8,SIZE) BROWSE INCDIR(..\..\..\..\..
                    -\MCU\Common;..\..\..\..\..\MCU\Device;..\..\..\..\..\Driver\inc;..\..\..\..\..\Driver\src) DEBUG PRINT(.\Out_Files\app.l
                    -st) TABS(2) OBJECT(.\Out_Files\app.obj)

line level    source

   1          /***********************************************************************
   2           * Copyright (c)  2017 - 2021, Unicmicro Co.,Ltd .
   3           * All rights reserved.
   4           * Filename    : app.c
   5           * Description : app driver source file
   6           * Author(s)   : Will
   7           * version     : V1.0
   8           * Modify date : 2021-04-27
   9           ***********************************************************************/
  10          #include "system_um800y.h"
  11          #include "app.h"
  12          #include "config.h"
  13          #include "common.h"
  14          #include "uart0.h"
  15          #include "can_tx.h"
  16          
  17          volatile uint8_t rx_flag ;
  18          volatile uint8_t uart0_rx_buf[32];
  19          volatile uint8_t uart0_tx_buf[32];
  20          volatile uint16_t rx_count = 0;
  21          volatile uint16_t tx_count = 0;
  22          
  23          volatile uint8_t can_tx_flag = 0;
  24          S_Can_Filter_Msg can_filter_msg;
  25          S_Can_Tx_Msg can_tx_msg;
  26          S_Can_Rx_Msg can_rx_msg;
  27          /************************************************************************
  28           * Function     : uart0_rec_pro
  29           * Description  : uart0_rec_pro 串口接收处理回调函数
  30           * Input    : none
  31           * Output     : none
  32           * Return   : none
  33           ************************************************************************/
  34          void uart0_rec_pro(void)
  35          {
  36   1        uart0_rx_buf[rx_count++]= uart0_recv_byte();
  37   1        rx_flag = 1;  
  38   1      }
  39          
  40          /************************************************************************
  41           * Function     : uart_init
  42           * Description  : uart_init 串口初始化
  43           * Input    : none
  44           * Output     : none
  45           * Return   : none
  46           ************************************************************************/
  47          void uart_init(void)
  48          {
  49   1        rx_flag = 0;
  50   1        uart0_init(UART0_BAUD_RATE);
  51   1          uart0_irq_init(UART0_IRQ_ENABLE,uart0_rec_pro);
  52   1      }
  53          
C51 COMPILER V9.60.0.0   APP                                                               07/18/2022 15:45:23 PAGE 2   

  54          /************************************************************************
  55           * function   : can_irq_tim
  56           * Description: can_irq_tim
  57           * input : none
  58           * return: none
  59           ************************************************************************/
  60          void can_irq_tim(void)
  61          {
  62   1        can_tx_flag = 1;
  63   1      }
  64          
  65          /************************************************************************
  66           * function   : can_test
  67           * Description: can test
  68           * input : none
  69           * return: none
  70           ************************************************************************/
  71          void can_test(void)
  72          {
  73   1        uint8_t i;
  74   1        printfS("System run at %ldHz\n\r", system_core_clock);
  75   1        printfS("start test CAN tx function! \n");
  76   1        printfS("can tx test!!!!\r\n");
  77   1        
  78   1        /* 发送信息设置 */
  79   1        
  80   1        //标准ID数据包设置
  81   1        can_tx_msg.std_id = 0x592;          //使用的标准ID1
  82   1        
  83   1        //扩展ID数据包设置
  84   1        can_tx_msg.ext_id = 0x11E8E477;       //使用的扩展ID1
  85   1      
  86   1        /*设置要发送的数据*/
  87   1        for(i=0; i<8; i++)
  88   1        {
  89   2          can_tx_msg.send_data[i] = 0xa0+i;   //数据
  90   2        }
  91   1        
  92   1        can_init(CAN_RATE_500K);            //CAN初始化
  93   1        
  94   1      #ifdef CAN_TX_INT_MODE              //如果中断使能
  95   1        can_irq_init(CAN_IRQ_ENABLE, can_irq_tim);
  96   1      #else
                can_irq_init(CAN_IRQ_DISABLE, can_irq_tim);
              #endif
  99   1      
 100   1        while(1)
 101   1        {
 102   2          can_send_data(&can_tx_msg,CAN_IDE_STD_FORMAT, CAN_RTR_DATA,8);//帧发送，标准格式，数据帧，8个数据
 103   2          
 104   2          delay1ms(1000);
 105   2          printfS("can send data finish!\r\n"); 
 106   2        }
 107   1      
 108   1      }
 109          
 110          /************************************************************************
 111           * function   : soc_test
 112           * Description: soc test
 113           * input : none
 114           * return: none
 115           ************************************************************************/
C51 COMPILER V9.60.0.0   APP                                                               07/18/2022 15:45:23 PAGE 3   

 116          void soc_test(void)
 117          {
 118   1        can_test(); 
 119   1      }
 120          /***************************file end************************************/
 121          


MODULE INFORMATION:   STATIC OVERLAYABLE
   CODE SIZE        =    217    ----
   CONSTANT SIZE    =     94    ----
   XDATA SIZE       =    126    ----
   PDATA SIZE       =   ----    ----
   DATA SIZE        =   ----    ----
   IDATA SIZE       =   ----    ----
   BIT SIZE         =   ----    ----
   EDATA SIZE       =   ----    ----
   HDATA SIZE       =   ----    ----
   XDATA CONST SIZE =   ----    ----
   FAR CONST SIZE   =   ----    ----
END OF MODULE INFORMATION.


C51 COMPILATION COMPLETE.  0 WARNING(S),  0 ERROR(S)
