C51 COMPILER V9.57.0.0   MAIN                                                              01/30/2026 11:45:50 PAGE 1   


C51 COMPILER V9.57.0.0, COMPILATION OF MODULE MAIN
OBJECT MODULE PLACED IN .\Out_Files\main.obj
COMPILER INVOKED BY: D:\Keil\Keil_v5\C51\BIN\C51.EXE ..\source\main.c LARGE OMF2 OPTIMIZE(8,SIZE) BROWSE INCDIR(..\..\..
                    -\..\Driver\inc;..\..\..\..\Driver\src;..\..\..\..\MCU\Common;..\..\..\..\MCU\Device) DEBUG PRINT(.\Out_Files\main.lst) O
                    -BJECT(.\Out_Files\main.obj)

line level    source

   1          /***********************************************************************
   2           * Copyright (c)  2017 - 2021, Unicmicro Co.,Ltd .
   3           * All rights reserved.
   4           * Filename    : main.c
   5           * Description : main source file
   6           * Author(s)   : Will
   7           * version     : V1.0
   8           * Modify date : 2021-04-27
   9           ***********************************************************************/     
  10          #include "system_um800y.h"
  11          #include "app.h"
  12          #include "gtimer.h"
  13          #include "pwm.h"
  14          #include "common.h"
  15          #include "config.h"
  16          #include "gpio.h"
  17          #include "adc.h"
  18          
  19          #define impulse         P1_4
  20          #define impulsetGPIO_HIGH();    gpio_io_set(P1_4, GPIO_LOW);
  21          #define impulsetGPIO_LOW();     gpio_io_set(P1_4, GPIO_HIGH);
  22          
  23          volatile uint16_t duty2 = 8000; //占空比 = duty/cycle
  24          volatile uint16_t cycle2 = 64000;       //pwm频率=时钟频率/cycle
  25          uint16_t ADC_Flag = 0;
  26          uint16_t adc_data = 0;
  27          uint16_t adc_datap= 0;
  28          uint16_t adc_datan = 0;
  29          float vol_value = 0.0;
  30          
  31          uint16_t status = 0;
  32          uint16_t adcount =0;
  33          uint16_t adcount1 =0;
  34          
  35          bit adget = 0;
  36          bit state = 0;
  37          
  38          uint16_t adc_value = 0;
  39          uint8_t exitintcount = 0;
  40          
  41          void gtimer0_UECallBack(void);
  42          
  43          void GPIO_Init(void);
  44          void ADC_Init(void);
  45          void gpio_int_pro(void);
  46          
  47          void main(void)  
  48          {               
  49   1              system_init();
  50   1              GPIO_Init();
  51   1              uart_init();
  52   1              
  53   1              pwm2_init(16000,400,LOW);//1khz 12.5us dt0.0125
C51 COMPILER V9.57.0.0   MAIN                                                              01/30/2026 11:45:50 PAGE 2   

  54   1              pwm2_start();
  55   1          
  56   1              while(1) 
  57   1              {
  58   2      
  59   2              }
  60   1      }
  61          
  62          
  63          void GPIO_Init(void)
  64          {
  65   1              //红色指示灯
  66   1              gpio_init(P1_3);
  67   1              gpio_dir_set(P1_3, GPIO_DIR_OUT);
  68   1              gpio_dr_set(P1_3, GPIO_SR_HIGH);
  69   1              gpio_io_set(P1_3, GPIO_HIGH);
  70   1              
  71   1              //脉冲发射口
  72   1              REG_P14_CFG=0x20;
  73   1              gpio_sr_set(P1_4,GPIO_SR_HIGH);
  74   1              
  75   1              //脉冲接收口
  76   1              REG_P15_CFG=0x00;
  77   1              gpio_init(P1_5);                          //时钟初始化，模块正常工作
  78   1              gpio_dir_set(P1_5, GPIO_DIR_IN);          //配置为输入
  79   1              gpio_in_enable(P1_5, IN_ENABLE);          //输入使能 
  80   1      }


MODULE INFORMATION:   STATIC OVERLAYABLE
   CODE SIZE        =     90    ----
   CONSTANT SIZE    =   ----    ----
   XDATA SIZE       =     25    ----
   PDATA SIZE       =   ----    ----
   DATA SIZE        =   ----    ----
   IDATA SIZE       =   ----    ----
   BIT SIZE         =      2    ----
   EDATA SIZE       =   ----    ----
   HDATA SIZE       =   ----    ----
   XDATA CONST SIZE =   ----    ----
   FAR CONST SIZE   =   ----    ----
END OF MODULE INFORMATION.


C51 COMPILATION COMPLETE.  0 WARNING(S),  0 ERROR(S)
