C51 COMPILER V9.57.0.0   MAIN                                                              01/29/2026 17:55:57 PAGE 1   


C51 COMPILER V9.57.0.0, COMPILATION OF MODULE MAIN
OBJECT MODULE PLACED IN .\Out_Files\main.obj
COMPILER INVOKED BY: D:\Keil\Keil_v5\C51\BIN\C51.EXE ..\source\main.c LARGE OMF2 OPTIMIZE(8,SIZE) BROWSE INCDIR(..\..\..
                    -\..\Driver\inc;..\..\..\..\Driver\src;..\..\..\..\MCU\Common;..\..\..\..\MCU\Device) DEBUG PRINT(.\Out_Files\main.lst) O
                    -BJECT(.\Out_Files\main.obj)

line level    source

   1          /***********************************************************************
   2           * Copyright (c)  2017 - 2021, Unicmicro Co.,Ltd .
   3           * All rights reserved.
   4           * Filename    : main.c
   5           * Description : main source file
   6           * Author(s)   : Will
   7           * version     : V1.0
   8           * Modify date : 2021-04-27
   9           ***********************************************************************/     
  10          #include "system_um800y.h"
  11          #include "app.h"
  12          #include "gtimer.h"
  13          #include "pwm.h"
  14          #include "common.h"
  15          #include "config.h"
  16          #include "gpio.h"
  17          #include "adc.h"
  18          
  19          #define impulse         P1_4
  20          #define impulsetGPIO_HIGH();    gpio_io_set(P1_4, GPIO_LOW);
  21          #define impulsetGPIO_LOW();     gpio_io_set(P1_4, GPIO_HIGH);
  22          
  23          volatile uint16_t duty2 = 8000; 
  24          volatile uint16_t cycle2 = 64000;       
  25          uint16_t ADC_Flag = 0;
  26          volatile uint16_t adc_data = 0;
  27          volatile uint16_t adc_data1 = 0;
  28          volatile uint16_t adc_set = 100;
  29          
  30          uint32_t adc_sum = 0;
  31          
  32          uint16_t adc_datap= 0;
  33          uint16_t adc_datan = 0;
  34          
  35          float vol_value = 0.0;
  36          
  37          uint16_t status = 0;
  38          uint16_t adcount =0;
  39          uint16_t adcount1 =0;
  40          
  41          bit adget = 0;
  42          bit state = 0;
  43          
  44          uint16_t adc_value = 0;
  45          uint8_t exitintcount = 0;
  46          
  47          uint8_t adflag=0;
  48          
  49          volatile int get_Delay = 0;
  50          char adstate=0;
  51          
  52          void gtimer0_UECallBack(void);
  53          void gtimer1_UECallBack(void);
C51 COMPILER V9.57.0.0   MAIN                                                              01/29/2026 17:55:57 PAGE 2   

  54          
  55          void GPIO_Init(void);
  56          void ADC_Init(void);
  57          void gpio_int_pro(void);
  58          
  59          void main(void)  
  60          {               
  61   1              system_init();
  62   1              GPIO_Init();
  63   1              uart_init();
  64   1              
  65   1              
  66   1              gtimer0_count_init(3000,16-1);          //gtimer0_count_init(16000,1000-1);             
  67   1                      
  68   1              gtimer0_irq_init(GTIMER_IRQ_ENABLE,GTIMER0_UIE_IRQ,gtimer0_UECallBack);
  69   1      
  70   1              gtimer0_start();        
  71   1              
  72   1              adc_clk_config(ADC_CLKSOURCE_SYSCLK, ADC_VREFSOURCE_AVDD33, 4, ADC_ENABLE);     
  73   1      
  74   1              adc_sample_clk_config(ADC_SAMPCLK_4);                                                                           
  75   1              
  76   1              adc_io_config(ADC_CHANNEL_1|ADC_CHANNEL_2);                                                             
  77   1              
  78   1              adc_scan_mode_config(ADC_MODE_SINGLE);                                                                  
  79   1              
  80   1              adc_power_config(ADC_ENABLE);                                                                                           
  81   1              adc_controller_config(ADC_ENABLE);
  82   1              
  83   1              
  84   1                                                                                      
  85   1                      
  86   1              while(1) 
  87   1              {
  88   2                      
  89   2      
  90   2                      
  91   2              }
  92   1      }
  93          
  94          
  95          
  96          void gtimer0_UECallBack(void)
  97          {
  98   1              gpio_io_set(P1_2, GPIO_LOW);
  99   1              //gpio_io_set(P1_0, GPIO_LOW);
 100   1              gpio_io_set(P1_3, GPIO_LOW);
 101   1              adstate=0;
 102   1      }
 103          
 104          static uint8_t turn = 0;
 105          
 106          void GPIO_IRQHandler(void) interrupt 0
 107          {
 108   1                      if(gpio_irq_get(P1_4))                                                                                  
 109   1                      {
 110   2                  gpio_io_set(P1_0, GPIO_HIGH);//常闭  
 111   2                  
 112   2                      adc_convert_start(ADC_CHANNEL_1);                                                                       
 113   2      
 114   2                                      while((ADCGCR1 & 0x04) != 0);
 115   2                                      
C51 COMPILER V9.57.0.0   MAIN                                                              01/29/2026 17:55:57 PAGE 3   

 116   2                                      while(!(ADCCSTAT & 0x01))       ;
 117   2                                      
 118   2                                      ADCCSTAT = 0x1;                                                                                 
 119   2                                      
 120   2                                      adc_data=adc_get_value();       
 121   2                  
 122   2                  
 123   2                  
 124   2                  
 125   2                                      REG_GTIM0_CR0 &= ~(1<<0);                               
 126   2                              
 127   2                                      adc_convert_start(ADC_CHANNEL_2);                                                               
 128   2                                      
 129   2                                      while((ADCGCR1 & 0x04) != 0);
 130   2                                      
 131   2                                      while(!(ADCCSTAT & 0x01))       ;
 132   2                                      
 133   2                                      ADCCSTAT = 0x1;                                                                         
 134   2                                      
 135   2                                      adc_data1=adc_get_value();      
 136   2                              
 137   2                                      //printfS("adj:%d\r\n", adc_data1);     
 138   2                              
 139   2                                      if(adc_data1 >=3500&&adc_data1<4095)                                                                                    
 140   2                                      {
 141   3                                                              
 142   3                                                              adc_set=2500;
 143   3                                      } 
 144   2                                      else if(adc_data1 >=3200&&adc_data1<3500)                                                                                       
 145   2                                      {
 146   3                                                      
 147   3                                                              adc_set=2000;
 148   3                                      } 
 149   2                                      else if(adc_data1 >=3000&&adc_data1<3200)                                                                                       
 150   2                                      {
 151   3                                                      
 152   3                                                              adc_set=1800;
 153   3                                      } 
 154   2                                      else if(adc_data1 >=2700&&adc_data1<3000)                                                                                       
 155   2                                      {
 156   3                                                              
 157   3                                                              adc_set=1600;
 158   3                                      } 
 159   2                                      else if(adc_data1 >=2500&&adc_data1<2700)                                                                                       
 160   2                                      {
 161   3                                                      
 162   3                                                              adc_set=1400;
 163   3                                      } 
 164   2                                      else if(adc_data1 >=2200&&adc_data1<2500)                                                                                       
 165   2                                      {
 166   3                                                      
 167   3                                                              adc_set=1200;
 168   3                                      } 
 169   2                                      else if(adc_data1 >=2000&&adc_data1<2200)                                                                                       
 170   2                                      {
 171   3                                      
 172   3                                                              adc_set=1000;
 173   3                                              
 174   3                                      } 
 175   2      
 176   2      //                              adc_convert_start(ADC_CHANNEL_1);                                                                       
 177   2      
C51 COMPILER V9.57.0.0   MAIN                                                              01/29/2026 17:55:57 PAGE 4   

 178   2      //                              while((ADCGCR1 & 0x04) != 0);
 179   2      //                              
 180   2      //                              while(!(ADCCSTAT & 0x01))       ;
 181   2      //                              
 182   2      //                              ADCCSTAT = 0x1;                                                                         
 183   2      //                              
 184   2      //                              adc_data=adc_get_value();
 185   2                              
 186   2      //                              adc_convert_start(ADC_CHANNEL_1);                                                                       
 187   2      
 188   2      //                              while((ADCGCR1 & 0x04) != 0);
 189   2      //                              
 190   2      //                              while(!(ADCCSTAT & 0x01))       ;
 191   2      //                              
 192   2      //                              ADCCSTAT = 0x1;                                                                         
 193   2      //                              
 194   2      //                              adc_data=adc_get_value();
 195   2                              
 196   2                                      
 197   2                                      
 198   2                                      //printfS("adc:%d\r\n", adc_data);      
 199   2      
 200   2                              if(adc_data >=adc_set&&adc_data<ADC_INVALID-1)                                                                                                  
 201   2                              {
 202   3                                      //printfS("on\r\n");    
 203   3                                      
 204   3                                      switch(adstate)
 205   3                                      {
 206   4                                              case 0:{
 207   5                                                              adcount++;
 208   5                                                              if(adcount==2)
 209   5                                                              {
 210   6                                                                      
 211   6                                                                      REG_GTIM0_CNT0&=0x00;
 212   6                                                                      REG_GTIM0_CNT1&=0x00;
 213   6                                                                      
 214   6                                                                      
 215   6                                                                      gpio_io_set(P1_2, GPIO_HIGH);
 216   6                                                                      //gpio_io_set(P1_0, GPIO_HIGH);
 217   6                                                                      gpio_io_set(P1_3, GPIO_HIGH);
 218   6                                                                      adstate=1;
 219   6                                                                      adcount=0;
 220   6                                                              }
 221   5                                              }break;
 222   4                                              case 1:{
 223   5                                                                      REG_GTIM0_CNT0&=0x00;
 224   5                                                                      REG_GTIM0_CNT1&=0x00;
 225   5                                              }break;
 226   4                                      }
 227   3                                      
 228   3                              }       
 229   2                      }               
 230   1              
 231   1               gpio_io_set(P1_0, GPIO_LOW);//常闭
 232   1              
 233   1                      REG_GTIM0_CR0 |= (1<<0);                                
 234   1                      gpio_irq_clr(P1_4);
 235   1      }
 236          
 237          void gpio_UECallBack(void)
 238          {
 239   1              //= 不用二次回调
C51 COMPILER V9.57.0.0   MAIN                                                              01/29/2026 17:55:57 PAGE 5   

 240   1      }
 241          
 242          void GPIO_Init(void)
 243          {
 244   1      
 245   1              REG_P10_CFG=0x00;
 246   1              gpio_init(P1_0);
 247   1              gpio_dir_set(P1_0, GPIO_DIR_OUT);
 248   1              gpio_dr_set(P1_0, GPIO_SR_HIGH);
 249   1              gpio_io_set(P1_0, GPIO_HIGH);
 250   1              
 251   1      
 252   1              REG_P12_CFG=0x00;
 253   1              gpio_init(P1_2);
 254   1              gpio_dir_set(P1_2, GPIO_DIR_OUT);
 255   1              gpio_dr_set(P1_2, GPIO_SR_HIGH);
 256   1              gpio_io_set(P1_2, GPIO_HIGH);
 257   1              
 258   1      
 259   1              REG_P13_CFG=0x00;
 260   1              gpio_init(P1_3);
 261   1              gpio_dir_set(P1_3, GPIO_DIR_OUT);
 262   1              gpio_dr_set(P1_3, GPIO_SR_HIGH);
 263   1              gpio_io_set(P1_3, GPIO_LOW);
 264   1      //      gpio_in_enable(P1_3, IN_ENABLE);         
 265   1      //      gpio_irq_set(P1_3,GPIO_IRQ_ENABLE,gpio_UECallBack);
 266   1      //      P1AL&=~(0x80);
 267   1      //      P1AL|=(0x01<<6);
 268   1              
 269   1              
 270   1      
 271   1              gpio_init(P1_4);
 272   1              gpio_dir_set(P1_4, GPIO_DIR_IN);
 273   1              gpio_dr_set(P1_4, GPIO_SR_HIGH);
 274   1              gpio_in_enable(P1_4, IN_ENABLE);         
 275   1              gpio_irq_set(P1_4,GPIO_IRQ_ENABLE,gpio_UECallBack);
 276   1              P1AH&=~(0x02);
 277   1              P1AH|=(0x01);
 278   1              REG_P14_CFG=0x20;
 279   1      
 280   1              REG_P15_CFG=0x00;
 281   1              gpio_init(P1_5);                        
 282   1              gpio_dir_set(P1_5, GPIO_DIR_IN);          
 283   1              gpio_in_enable(P1_5, IN_ENABLE);          
 284   1      }


MODULE INFORMATION:   STATIC OVERLAYABLE
   CODE SIZE        =    813    ----
   CONSTANT SIZE    =   ----    ----
   XDATA SIZE       =     38    ----
   PDATA SIZE       =   ----    ----
   DATA SIZE        =   ----    ----
   IDATA SIZE       =   ----    ----
   BIT SIZE         =      2    ----
   EDATA SIZE       =   ----    ----
   HDATA SIZE       =   ----    ----
   XDATA CONST SIZE =   ----    ----
   FAR CONST SIZE   =   ----    ----
END OF MODULE INFORMATION.


C51 COMPILATION COMPLETE.  0 WARNING(S),  0 ERROR(S)
