C51 COMPILER V9.60.0.0   CAN                                                               04/26/2022 17:32:05 PAGE 1   


C51 COMPILER V9.60.0.0, COMPILATION OF MODULE CAN
OBJECT MODULE PLACED IN .\Out_Files\can.obj
COMPILER INVOKED BY: C:\Keil_v5\C51\BIN\C51.EXE ..\..\..\..\..\Driver\src\can.c LARGE OMF2 OPTIMIZE(8,SIZE) BROWSE INCDI
                    -R(..\..\..\..\..\MCU\Common;..\..\..\..\..\MCU\Device;..\..\..\..\..\Driver\inc;..\..\..\..\..\Driver\src) DEBUG PRINT(.
                    -\Out_Files\can.lst) TABS(2) OBJECT(.\Out_Files\can.obj)

line level    source

   1          /***********************************************************************
   2           * Copyright (c)  2017 - 2021, Unicmicro Co.,Ltd .
   3           * All rights reserved.
   4           * Filename    : can.c
   5           * Description : can driver source file
   6           * Author(s)   : Will
   7           * version     : V1.0
   8           * Modify date : 2021-06-24
   9           ***********************************************************************/
  10          #include "can.h"
  11          
  12          void (*can_callback)(void) = { 0 };
  13          
  14          /************************************************************************
  15           * function   : CAN_IRQHandler
  16           * Description: CAN IRQ Handler
  17           * input : none
  18           * return: none
  19           ************************************************************************/
  20          void CAN_IRQHandler(void) interrupt 8
  21          {
  22   1        uint8_t irq_status;
  23   1        
  24   1        irq_status = REG_CAN_ISR;
  25   1      
  26   1        if(irq_status & CAN_IMR_RIM) 
  27   1        {
  28   2          if(can_callback != NULL)
  29   2          {
  30   3            ((void(*)())(can_callback))();            //can的回调函数
  31   3          }
  32   2          REG_CAN_ISR = CAN_IMR_RIM;
  33   2        }
  34   1        else 
  35   1        {
  36   2          REG_CAN_ISR = 0x7f;
  37   2        }
  38   1      
  39   1      }
  40            
  41          /************************************************************************
  42          * function   : can_init
  43          * Description: can_init
  44          * input    : baudrate 速率可以选择为1M/500k/250k/125k bps
  45            
  46            Fpclk=16Mhz,
  47            CAN波特率 BitRate = Fpclk/2*((BRP+1)*(TS1+TS2+3)), 有个约定:TS1>=TS2
  48          
  49            设波特率为1M的参数：
  50              设置BRP=0(2分频), BitRate = 1M = 16M/2((0+1)*(TS1+TS2+3)),所以可以设置TS1=3,TS2=2
  51          
  52            设波特率为500K的参数：
  53              设置BRP=1(4分频), BitRate = 0.5M = 16M/2((1+1)*(TS1+TS2+3)),所以可以设置TS1=3,TS2=2
C51 COMPILER V9.60.0.0   CAN                                                               04/26/2022 17:32:05 PAGE 2   

  54          
  55            设波特率为250K的参数：
  56              设置BRP=3(8分频), BitRate = 0.25M = 16M/2((3+1)*(TS1+TS2+3)),所以可以设置TS1=3,TS2=2
  57            
  58            设波特率为125K的参数：
  59              设置BRP=7(16分频), BitRate = 0.125M = 16M/2((7+1)*(TS1+TS2+3)),所以可以设置TS1=3,TS2=2
  60          
  61          
  62           * return: none
  63          
  64           ************************************************************************/
  65          void can_init(uint8_t baudrate)
  66          {
  67   1        BEEPCTR |= (1<<5);        //CAN时钟打开
  68   1        BEEPCTR |= (1<<3);        //CAN复位释放
  69   1        
  70   1        REG_P12_CFG = 0x7;        //P12复用为CAN_TX
  71   1      
  72   1        REG_P23_CFG = 0x7;        //P23复用为CAN_RX
  73   1      
  74   1        REG_CAN_MR |= (1<<2);       //CAN工作复位模式
  75   1      
  76   1        switch(baudrate)
  77   1          {
  78   2               case 0:                                          //1M bps
  79   2              REG_CAN_BTR0 = (REG_CAN_BTR0&(~(0x03<<6)))|(1<<6);  //SJW同步跳跃宽度 2个时间单元
  80   2              REG_CAN_BTR0 = (REG_CAN_BTR0&(~(0x3f<<0)))|(0<<0);  //BRP 2分频
  81   2              REG_CAN_BTR1 = (REG_CAN_BTR1&(~(0x0f<<0)))|(3<<0);  //TS1 3个时间单元
  82   2              REG_CAN_BTR1 = (REG_CAN_BTR1&(~(0x07<<4)))|(2<<4);  //TS2 2个时间单元间单元
  83   2           
  84   2              break;
  85   2           
  86   2           case 1:                                          //500k bps
  87   2              REG_CAN_BTR0 = (REG_CAN_BTR0&(~(0x03<<6)))|(1<<6);  //SJW同步跳跃宽度 2个时间单元
  88   2              REG_CAN_BTR0 = (REG_CAN_BTR0&(~(0x3f<<0)))|(1<<0);  //BRP 4分频
  89   2              REG_CAN_BTR1 = (REG_CAN_BTR1&(~(0x0f<<0)))|(3<<0);  //TS1 4个时间单元
  90   2              REG_CAN_BTR1 = (REG_CAN_BTR1&(~(0x07<<4)))|(2<<4);  //TS2 3个时间单元
  91   2              break;
  92   2           
  93   2           case 2:                                          //250k bps     
  94   2              REG_CAN_BTR0 = (REG_CAN_BTR0&(~(0x03<<6)))|(1<<6);    //SJW同步跳跃宽度 2个时间单元
  95   2              REG_CAN_BTR0 = (REG_CAN_BTR0&(~(0x3f<<0)))|(3<<0);  //BRP 8分频
  96   2              REG_CAN_BTR1 = (REG_CAN_BTR1&(~(0x0f<<0)))|(3<<0);  //TS1 4个时间单元
  97   2              REG_CAN_BTR1 = (REG_CAN_BTR1&(~(0x07<<4)))|(2<<4);  //TS2 3个时间单元
  98   2              break;
  99   2           
 100   2           case 3:                                          //125k bps 
 101   2              REG_CAN_BTR0 = (REG_CAN_BTR0&(~(0x03<<6)))|(1<<6);  //SJW同步跳跃宽度 2个时间单元
 102   2              REG_CAN_BTR0 = (REG_CAN_BTR0&(~(0x3f<<0)))|(7<<0);  //BRP 16分频
 103   2              REG_CAN_BTR1 = (REG_CAN_BTR1&(~(0x0f<<0)))|(3<<0);  //TS1 4个时间单元
 104   2              REG_CAN_BTR1 = (REG_CAN_BTR1&(~(0x07<<4)))|(2<<4);  //TS2 3个时间单元
 105   2              break;
 106   2           
 107   2           default:
 108   2             
 109   2              break;
 110   2        }
 111   1        
 112   1        
 113   1        REG_CAN_ISR = 0x7F;       //清除中断标志
 114   1        
 115   1        REG_CAN_AMR0 = 0xFF;
C51 COMPILER V9.60.0.0   CAN                                                               04/26/2022 17:32:05 PAGE 3   

 116   1        REG_CAN_AMR1 = 0xFF;
 117   1        REG_CAN_AMR2 = 0xFF;
 118   1        REG_CAN_AMR3 = 0xFF;
 119   1        
 120   1        REG_CAN_MR &= ~(1<<1);      //CAN进入正常模式
 121   1        REG_CAN_MR &= ~(1<<2);      //CAN退出复位模式
 122   1      }
 123          
 124          /************************************************************************
 125           * function   : can_irq_init
 126           * Description: can_irq_init
 127           * input : filter_value, 
 128           * return: none
 129           ************************************************************************/
 130          void can_irq_init(uint8_t irq_able, void (*pfunc)())
 131          {
 132   1        if(irq_able)
 133   1        {
 134   2          EA = 1;
 135   2          IEN2 |= (1<<1); 
 136   2          can_callback = pfunc;
 137   2          REG_CAN_IMR |= (1<<3);
 138   2          
 139   2        }
 140   1        else
 141   1        {
 142   2          EA = 0;
 143   2          IEN2 &= ~(1<<1);
 144   2          REG_CAN_IMR &= ~(1<<3); 
 145   2          can_callback = NULL;    
 146   2        }
 147   1        
 148   1        
 149   1      }
 150          /************************************************************************
 151           * function   : can_filter_config
 152           * Description: can filter config
 153           * input : *can_filter_msg, data_mode,data_mode
 154           * return: none
 155           ************************************************************************/
 156          void can_filter_config(S_Can_Filter_Msg *can_filter_msg,uint8_t filter_mode, uint8_t filter_en)
 157          {
 158   1        REG_CAN_MR |= (1<<2);     //CAN工作复位模式
 159   1        
 160   1        REG_CAN_ACR0 = 0;
 161   1        REG_CAN_ACR1 = 0;
 162   1        REG_CAN_ACR2 = 0;
 163   1        REG_CAN_ACR3 = 0;
 164   1        REG_CAN_AMR0 = 0;
 165   1        REG_CAN_AMR1 = 0;
 166   1        REG_CAN_AMR2 = 0;
 167   1        REG_CAN_AMR3 = 0;
 168   1        
 169   1        if(filter_en)       //使能can过滤器
 170   1        {
 171   2          if(filter_mode)       
 172   2          {
 173   3            REG_CAN_MR |= (1<<0);                       //使用单过滤器
 174   3            if(can_filter_msg->ide == 0)                    //标准格式
 175   3            {
 176   4              
 177   4              REG_CAN_ACR1 |= ((can_filter_msg->rtr &0x01) << 4);       //设置RTR
C51 COMPILER V9.60.0.0   CAN                                                               04/26/2022 17:32:05 PAGE 4   

 178   4              REG_CAN_ACR1 |= ((can_filter_msg->std_id1 & 0x7)<<5);     //设置标准ID低三位
 179   4              REG_CAN_ACR0 |= ((can_filter_msg->std_id1 & 0x7f8)>>3);     //设置标准ID高八位
 180   4              
 181   4              REG_CAN_AMR3 = 0xFF;                      //不对比ACR3(即不对比第2个数据)
 182   4              REG_CAN_AMR2 = 0xFF;                      //不对比ACR2(即不对比第1个数据)
 183   4              REG_CAN_AMR1 = 0;                       //对比ACR1(即对比ID低三位和RTR)
 184   4              REG_CAN_AMR0 = 0;                       //对比ACR0(即对比ID高八位)
 185   4            }
 186   3            else                                //扩展格式
 187   3            {
 188   4              REG_CAN_ACR0 |= ((can_filter_msg->ext_id1 & 0x1FE00000) >> 21); //设置扩展ID的[28:21]
 189   4              REG_CAN_ACR1 |= ((can_filter_msg->ext_id1 & 0x1FE000) >> 13); //设置扩展ID的[20:13] 
 190   4              REG_CAN_ACR2 |= ((can_filter_msg->ext_id1 & 0x1FE0) >> 5);    //设置扩展ID的[12:5]
 191   4              REG_CAN_ACR3 |= ((can_filter_msg->ext_id1 & 0x1F)<<3);      //设置扩展ID的[4:0]
 192   4              REG_CAN_ACR3 |= ((can_filter_msg->rtr &0x01) << 2);       //设置RTR
 193   4              
 194   4              REG_CAN_AMR0 = 0;                       //对比ACR0(即对比扩展ID的[28:21])
 195   4              REG_CAN_AMR1 = 0;                             //对比ACR1(即对比扩展ID的[20:13])
 196   4              REG_CAN_AMR2 = 0;                             //对比ACR2(即对比扩展ID的[12:5])
 197   4              REG_CAN_AMR3 = 0;                             //对比ACR3(即对比扩展ID的[4:0]和RTR位)
 198   4            }
 199   3          }
 200   2          else
 201   2          {
 202   3            REG_CAN_MR &= ~(1<<0);                        //双过滤                  
 203   3            if(can_filter_msg->ide == 0)                    //标准格式
 204   3            {
 205   4          
 206   4              REG_CAN_ACR0 |= ((can_filter_msg->std_id1 & 0x7F8) >> 3);   //设置过滤器1的标准ID高八位
 207   4              REG_CAN_ACR1 |= ((can_filter_msg->std_id1 & 0x7)<<5);     //设置过滤器1的标准ID低三位
 208   4              REG_CAN_ACR1 |= ((can_filter_msg->rtr &0x01) << 4);       //设置过滤器1的RTR
 209   4              
 210   4              REG_CAN_AMR0 = 0;                       //对比过滤器1的标准ID高八位
 211   4              REG_CAN_AMR1 = 0xF;                       //对比过滤器1的标准ID低三位和RTR,不对比过滤器1的第1个数据高四位
 212   4              
 213   4              
 214   4              REG_CAN_ACR2 |= ((can_filter_msg->std_id2 & 0x7F8) >> 3);   //设置过滤器2的标准ID高八位
 215   4              REG_CAN_ACR3 |= ((can_filter_msg->std_id2 & 0x7)<<5);     //设置过滤器2的标准ID低三位
 216   4              REG_CAN_ACR3 |= ((can_filter_msg->rtr &0x01) << 4);       //设置过滤器2的RTR
 217   4              
 218   4              REG_CAN_AMR2 = 0;                       //对比过滤器2的标准ID高八位
 219   4              REG_CAN_AMR3 = 0xF;                       //对比过滤器2的标准ID低三位和RTR,不对比过滤器1的第1个数据低四位
 220   4                        
 221   4            }
 222   3            else                                //扩展格式
 223   3            { 
 224   4              REG_CAN_ACR0 |= ((can_filter_msg->ext_id1 & 0x1FE00000) >> 21); //设置过滤器1的扩展ID的[28:21]
 225   4              REG_CAN_ACR1 |= ((can_filter_msg->ext_id1 & 0x1FE000) >> 13); //设置过滤器1的扩展ID的[20:14]
 226   4              
 227   4              REG_CAN_AMR0 = 0;                       //对比过滤器1的扩展ID的[28:21]
 228   4              REG_CAN_AMR1 = 0;                         //对比过滤器1的扩展ID的[20:14]
 229   4              
 230   4              REG_CAN_ACR2 |= ((can_filter_msg->ext_id2 & 0x1FE00000) >> 21); //设置过滤器2的扩展ID的[28:21]
 231   4              REG_CAN_ACR3 |= ((can_filter_msg->ext_id2 & 0x1FE000) >> 13); //设置过滤器2的扩展ID的[20:14]
 232   4              
 233   4              REG_CAN_AMR2 = 0;                       //对比过滤器2的扩展ID的[28:21]
 234   4              REG_CAN_AMR3 = 0;                         //对比过滤器2的扩展ID的[20:14]
 235   4              
 236   4              
 237   4            }
 238   3          }
 239   2        }
C51 COMPILER V9.60.0.0   CAN                                                               04/26/2022 17:32:05 PAGE 5   

 240   1        else
 241   1        {
 242   2          REG_CAN_AMR0 = 0xff;
 243   2          REG_CAN_AMR1 = 0xff;
 244   2          REG_CAN_AMR2 = 0xff;
 245   2          REG_CAN_AMR3 = 0xff;
 246   2        }
 247   1        REG_CAN_MR &= ~(1<<1);                          //CAN进入正常模式
 248   1        REG_CAN_MR &= ~(1<<2);                          //CAN退出复位模式
 249   1      
 250   1      }
 251          /************************************************************************
 252           * function   : can_send_data
 253           * Description: can send data
 254           * input : can_tx_msg
 255           * return: none
 256           ************************************************************************/
 257          void can_send_data(S_Can_Tx_Msg *can_tx_msg)
 258          {
 259   1        if(can_tx_msg->ide)                                     //29bit扩展格式
 260   1        { 
 261   2          /*1st*/
 262   2          REG_CAN_TXBUF0 = (can_tx_msg->len) | (can_tx_msg->rtr << 6) | (can_tx_msg->ide << 7); //写入数据长度、RT
             -R位、IDE位
 263   2          REG_CAN_TXBUF1 = ((can_tx_msg->ext_id & 0x1FE00000)>> 21);                //写入扩展ID的[28:21]
 264   2          REG_CAN_TXBUF2 = ((can_tx_msg->ext_id & 0x1FE000)>> 13);                                //写入扩展ID的[2
             -0:13]
 265   2          REG_CAN_TXBUF3 = ((can_tx_msg->ext_id & 0x1FE0) >> 5);                                  //写入扩展ID的[12
             -:5]
 266   2          
 267   2          /*2nd*/
 268   2          REG_CAN_TXBUF0 = (can_tx_msg->rtr << 2) | ((can_tx_msg->ext_id & 0x1F) << 3);     //写入RTR位和扩展ID的[4:
             -0]
 269   2          REG_CAN_TXBUF1 = can_tx_msg->send_data[0];                        //写入第1个数据
 270   2          REG_CAN_TXBUF2 = can_tx_msg->send_data[1];                                              //写入第2个数据
 271   2          REG_CAN_TXBUF3 = can_tx_msg->send_data[2];                                              //写入第3个数据
 272   2          
 273   2          /*3rd*/
 274   2          REG_CAN_TXBUF0 = can_tx_msg->send_data[3];                        //写入第4个数据
 275   2          REG_CAN_TXBUF1 = can_tx_msg->send_data[4];                        //写入第5个数据
 276   2          REG_CAN_TXBUF2 = can_tx_msg->send_data[5];                        //写入第6个数据
 277   2          REG_CAN_TXBUF3 = can_tx_msg->send_data[6];                        //写入第7个数据
 278   2          
 279   2          /*4th*/
 280   2          REG_CAN_TXBUF0 = can_tx_msg->send_data[7];                        //写入第8个数据
 281   2          REG_CAN_TXBUF1 = 0;
 282   2          REG_CAN_TXBUF2 = 0;
 283   2          REG_CAN_TXBUF3 = 0;
 284   2        }
 285   1        else                                            //11bit标准格式
 286   1        {
 287   2          /*1st*/
 288   2          REG_CAN_TXBUF0 = (can_tx_msg->len) | (can_tx_msg->rtr << 6) | (can_tx_msg->ide << 7); //写入数据长度、RT
             -R位、IDE位
 289   2          REG_CAN_TXBUF1 = ((can_tx_msg->std_id & 0x7F8) >> 3);                 //写入标准ID高八位
 290   2          REG_CAN_TXBUF2 = (can_tx_msg->rtr << 4) | ((can_tx_msg->std_id & 0x7)<< 5);       //写入RTR位和标准ID低三位
 291   2          REG_CAN_TXBUF3 = can_tx_msg->send_data[0];                        //写入第1个数据
 292   2          
 293   2          /*2nd*/
 294   2          REG_CAN_TXBUF0 = can_tx_msg->send_data[1];                        //写入第2个数据     
 295   2          REG_CAN_TXBUF1 = can_tx_msg->send_data[2];                        //写入第3个数据 
 296   2          REG_CAN_TXBUF2 = can_tx_msg->send_data[3];                        //写入第4个数据 
C51 COMPILER V9.60.0.0   CAN                                                               04/26/2022 17:32:05 PAGE 6   

 297   2          REG_CAN_TXBUF3 = can_tx_msg->send_data[4];                        //写入第5个数据 
 298   2          
 299   2          /*3rd*/
 300   2          REG_CAN_TXBUF0 = can_tx_msg->send_data[5];                        //写入第6个数据 
 301   2          REG_CAN_TXBUF1 = can_tx_msg->send_data[6];                        //写入第7个数据 
 302   2          REG_CAN_TXBUF2 = can_tx_msg->send_data[7];                        //写入第8个数据 
 303   2          REG_CAN_TXBUF3 = 0;
 304   2        }
 305   1        REG_CAN_CMR |= (1<<2);                                    //启动发送
 306   1        while(!(REG_CAN_SR & (1<<5)));                                //等待发送完成
 307   1      }
 308          /************************************************************************
 309           * function   : can_recv_data
 310           * Description: can_recv_data
 311           * input :*can_rx_msg
 312           * return: none
 313           ************************************************************************/
 314          
 315          void can_recv_data(S_Can_Rx_Msg *can_rx_msg)
 316          {
 317   1        uint8_t rx_data;
 318   1      
 319   1        rx_data = REG_CAN_RXBUF0;
 320   1        can_rx_msg->ide = (uint8_t)((rx_data & 0x80)>>7);     //获取IDE,判断ID格式
 321   1        
 322   1        if(can_rx_msg->ide)                     //扩展格式
 323   1        { 
 324   2          /*1st*/
 325   2          can_rx_msg->len = (uint8_t)((rx_data & 0xF));     //获取数据len
 326   2          can_rx_msg->rtr = (uint8_t)((rx_data & 0x40)>>6);   //获取RTR
 327   2        
 328   2          rx_data = REG_CAN_RXBUF1;
 329   2          can_rx_msg->ext_id = ((uint32_t)rx_data << 21);     //获取扩展ID的[28:21]
 330   2          
 331   2          rx_data = REG_CAN_RXBUF2;
 332   2          can_rx_msg->ext_id |= ((uint32_t)rx_data << 13);    //获取扩展ID的[20:13]
 333   2          
 334   2          rx_data = REG_CAN_RXBUF3;
 335   2          can_rx_msg->ext_id |= ((uint32_t)rx_data << 5);     //获取扩展ID的[12:5]
 336   2          
 337   2          /*2nd*/
 338   2          rx_data = REG_CAN_RXBUF0;
 339   2          can_rx_msg->ext_id |= ((uint32_t)rx_data>>3);     //获取扩展ID的[4:0]
 340   2          
 341   2          can_rx_msg->recv_data[0] = REG_CAN_RXBUF1;        //获取第1个数据
 342   2          can_rx_msg->recv_data[1] = REG_CAN_RXBUF2;              //获取第2个数据
 343   2          can_rx_msg->recv_data[2] = REG_CAN_RXBUF3;              //获取第3个数据
 344   2          
 345   2          /*3rd*/
 346   2          can_rx_msg->recv_data[3] = REG_CAN_RXBUF0;        //获取第4个数据
 347   2          can_rx_msg->recv_data[4] = REG_CAN_RXBUF1;              //获取第5个数据
 348   2          can_rx_msg->recv_data[5] = REG_CAN_RXBUF2;              //获取第6个数据
 349   2          can_rx_msg->recv_data[6] = REG_CAN_RXBUF3;        //获取第7个数据
 350   2        
 351   2          /*4th*/
 352   2          can_rx_msg->recv_data[7] = REG_CAN_RXBUF0;        //获取第8个数据
 353   2          rx_data = REG_CAN_RXBUF1;
 354   2          rx_data = REG_CAN_RXBUF2;
 355   2          rx_data = REG_CAN_RXBUF3;
 356   2        }
 357   1        else                            //标准格式
 358   1        { 
C51 COMPILER V9.60.0.0   CAN                                                               04/26/2022 17:32:05 PAGE 7   

 359   2          /*1st*/
 360   2          can_rx_msg->len = (uint8_t)((rx_data & 0xF));     //获取数据len
 361   2          can_rx_msg->rtr = (uint8_t)((rx_data & 0x40)>>6);   //获取RTR
 362   2          
 363   2          rx_data = REG_CAN_RXBUF1;
 364   2          can_rx_msg->std_id = ((uint32_t)rx_data << 3);      //获取标准ID高八位
 365   2          
 366   2          rx_data = REG_CAN_RXBUF2;
 367   2          can_rx_msg->std_id |= (((uint32_t)rx_data & 0xE0)>>5);  //获取标准ID低三位
 368   2          can_rx_msg->rtr = ((rx_data & 0x10) >> 4);        //获取RTR位
 369   2          
 370   2          can_rx_msg->recv_data[0] = REG_CAN_RXBUF3;        //获取第1个数据
 371   2          
 372   2          /*2nd*/
 373   2          can_rx_msg->recv_data[1] = REG_CAN_RXBUF0;        //获取第2个数据
 374   2          can_rx_msg->recv_data[2] = REG_CAN_RXBUF1;        //获取第3个数据
 375   2          can_rx_msg->recv_data[3] = REG_CAN_RXBUF2;        //获取第4个数据
 376   2          can_rx_msg->recv_data[4] = REG_CAN_RXBUF3;        //获取第5个数据
 377   2          
 378   2          /*3rd*/
 379   2          can_rx_msg->recv_data[5] = REG_CAN_RXBUF0;        //获取第6个数据
 380   2          can_rx_msg->recv_data[6] = REG_CAN_RXBUF1;        //获取第7个数据
 381   2          can_rx_msg->recv_data[7] = REG_CAN_RXBUF2;        //获取第8个数据
 382   2          rx_data = REG_CAN_RXBUF3;
 383   2        }
 384   1        
 385   1        REG_CAN_ISR = 0x08;
 386   1      
 387   1      }
 388          
 389          /************************************************************************
 390           * function   : can_get_sr_reg
 391           * Description: can get_sr_reg, 获取can状态寄存器值
 392           * input : 
 393           * return: none
 394           ************************************************************************/
 395          uint8_t can_get_sr_reg(void)
 396          {
 397   1        uint8_t temp;
 398   1        
 399   1        temp = REG_CAN_SR;
 400   1        
 401   1        return temp;
 402   1      }
 403          
 404          /************************************************************************
 405           * function   : can_get_rmc_reg
 406           * Description: can get rmc reg, 获取can rx fifo data 个数
 407           * input : 
 408           * return: none
 409           ************************************************************************/
 410          uint8_t can_get_rmc_reg(void)
 411          {
 412   1        uint8_t temp;
 413   1        
 414   1        temp = REG_CAN_RMC;
 415   1        
 416   1        return temp;
 417   1      }


MODULE INFORMATION:   STATIC OVERLAYABLE
C51 COMPILER V9.60.0.0   CAN                                                               04/26/2022 17:32:05 PAGE 8   

   CODE SIZE        =   2363    ----
   CONSTANT SIZE    =   ----    ----
   XDATA SIZE       =      3      12
   PDATA SIZE       =   ----    ----
   DATA SIZE        =   ----    ----
   IDATA SIZE       =   ----    ----
   BIT SIZE         =   ----    ----
   EDATA SIZE       =   ----    ----
   HDATA SIZE       =   ----    ----
   XDATA CONST SIZE =   ----    ----
   FAR CONST SIZE   =   ----    ----
END OF MODULE INFORMATION.


C51 COMPILATION COMPLETE.  0 WARNING(S),  0 ERROR(S)
