020B16020BA29000B9E004F0E0C39419
400EE49000C0F0A3F07D017F0B120D0D
22FFFF020F2C43CA0122FF020DFDAF99
22FFFF020EDF12002E90005FE475F001
120128FC741C25F0F58274003CF583EF
F090005C7401F022FFFFFF02113FFFFF
FFFFFF0207C89000C4EEF0A3EFF090C0
1C7402F0EB700543CA40800353CABFED
F5CFECF5C79000C4E0FEA3E0F5C1EEF5
C243CA8022FFFFFFFFFFFF020A6FFFFF
FFFFFF0209C8FFFFFFFFFF020921BB01
0689828A83E0225002E722BBFE02E322
89828A83E49322BB010CE58229F582E5
833AF583E0225006E92582F8E622BBFE
06E92582F8E222E58229F582E5833AF5
83E49322BB010689828A83F0225002F7
22BBFE01F322F8BB010DE58229F582E5
833AF583E8F0225006E92582C8F622BB
FE05E92582C8F222A3F8E0C5F025F0F0
E582158270021583E0C838F0E822EF2B
FFEE3AFEED39FDEC38FC22E88FF0A4CC
8BF0A42CFCE98EF0A42CFC8AF0EDA42C
FCEA8EF0A4CDA8F08BF0A42DCC3825F0
FDE98FF0A42CCD35F0FCEB8EF0A4FEA9
F0EB8FF0A4CFC5F02ECD39FEE43CFCEA
A42DCE35F0FDE43CFC2275F008758200
EF2FFFEE33FECD33CDCC33CCC58233C5
829BED9AEC99E58298400CF582EE9BFE
ED9AFDEC99FC0FD5F0D6E4CEFBE4CDFA
E4CCF9A88222B800C1B90059BA002DEC
8BF084CFCECDFCE5F0CBF97818EF2FFF
EE33FEED33FDEC33FCEB33FB10D70399
4004EB99FB0FD8E5E4F9FA227818EF2F
FFEE33FEED33FDEC33FCC933C910D705
9BE99A4007EC9BFCE99AF90FD8E0E4C9
FAE4CCFB2275F010EF2FFFEE33FEED33
FDCC33CCC833C810D7079BEC9AE89940
0AED9BFDEC9AFCE899F80FD5F0DAE4CD
FBE4CCFAE4C8F922EF4BFFEE4AFEED49
FDEC48FC22EB9FF5F0EA9E42F0E99D42
F0E89C45F022E8600FECC313FCED13FD
EE13FEEF13FFD8F122E8600FEFC333FF
EE33FEED33FDEC33FCD8F122BB010DE5
8229F582E5833AF5830202DC5007E925
82F80203F5BBFE07E92582F8020401E5
8229F582E5833AF58302040DE0FCA3E0
FDA3E0FEA3E0FF22E0F8A3E0F9A3E0FA
A3E0FB227401FF3395E0FEFDFCA3A3A3
E0CF2FF0E582158270021583E0CE3EF0
E582158270021583E0CD3DF0E5821582
70021583E0CC3CF022ECF0A3EDF0A3EE
F0A3EFF022A8828583F0D083D0821203
4C12034C12034C12034CE473E493A3C5
83C5F0C583C8C582C8F0A3C583C5F0C5
83C8C582C822E0FBA3E0FAA3E0F922F8
E0FBA3A3E0F925F0F0E5821582700215
83E0FA38F022EBF0A3EAF0A3E9F022D0
83D082F8E4937012740193700DA3A393
F8740193F5828883E4737402936860EF
A3A3A380DFD083D082E4937012740193
700DA3A393F8740193F5828883E47374
02936C70127403936D700C7404936E70
067405936F60DDA3A3A3A3A3A380CA8A
838982E473E6FC08E6FD08E6FE08E6FF
22E2FC08E2FD08E2FE08E2FF22E493FC
740193FD740293FE740393FF229000C4
1203299000C81203350000000043F804
E5F830E5FB9091AAE0FFE4FCFDFE7810
120299C004C005C006C007A3E0FFE4FC
FDFE7818120299D003D002D001D00012
0268C004C005C006C0079091A9E0FFE4
FCFDFE7808120299D003D002D001D000
120268A804A905AA06AB079091A8E0FF
E4FCFDFE1202689001051203297FC07E
0A7D707C019001051202E8D312027550
167F407E617D6C7C019001051202E8C3
1202754002801274FFFFFEFDFC900105
1202E8C3120275700C9000C812033502
DC6C008015E47F02FEFDFC9001051202
E812014B9000C81203299000C41202DC
1203B5052900B71B00052100F4240005
19016E36000000052175EE01E47B0280
0E75EE02E47B03800675EE03E47B04FA
F9F89000C81202DC1201D69001091203
2953F8FE53D9F8224401090000000044
0105000000004200C21F404200BAFA00
4200B100004200B300004200AD000042
00AB00004400BC000000004200B50000
4200C000004200AF0000C103C1044200
B700004100B900604800630000000000
00000000000000000000000000000000
00000000000000000000000000000000
00000000000000000000000000000000
00000000000000000000000000000000
00000041010D0043010E000000430111
0000004900E100000000000000000049
00EA0000000000000000004900F30000
000000000000004C00D5000000000000
000000000000410114004900FC000000
00000000000041001B00410004004400
0000000000420005000042005D000242
005F00004200610000C102C101C10000
EF131313541FFEEF5407FFED604FEE70
1690C000C083C082E0FE7401A8070880
02C333D8FC8033EEB4011690C001C083
C082E0FE7401A807088002C333D8FC80
19EE6402706D90C002C083C082E0FE74
01A807088002C333D8FC4E8051EE7018
90C000C083C082E0FE7401A807088002
C333D8FCF45E8036EEB4011890C001C0
83C082E0FE7401A807088002C333D8FC
F45E801AEEB4021B90C002C083C082E0
FE7401A807088002C333D8FCF45ED082
D083F022EF131313541FFEEF5407FFED
604FEE701690C005C083C082E0FE7401
A807088002C333D8FC8033EEB4011690
C006C083C082E0FE7401A807088002C3
33D8FC8019EE6402706D90C007C083C0
82E0FE7401A807088002C333D8FC4E80
51EE701890C005C083C082E0FE7401A8
07088002C333D8FCF45E8036EEB40118
90C006C083C082E0FE7401A807088002
C333D8FCF45E801AEEB4021B90C007C0
83C082E0FE7401A807088002C333D8FC
F45ED082D083F022C0E0C0F0C083C082
C0D075D000C000C001C002C003C004C0
05C006C00790C809E030E01790C808E0
30E010A37401F09000D5120366E94A60
5D805890C809E030E11790C808E030E1
10A37402F09000D8120366E94A603F80
3A90C809E030E21790C808E030E210A3
7404F09000DB120366E94A6021801C90
C809E030E31890C808E030E311A37408
F09000DE120366E94A60031203EFD007
D006D005D004D003D002D001D000D0D0
D082D083D0F0D0E0329000C412038690
C9057407F0EF6401704FED24FE601C14
602E2402703D9000C41203669000E112
038690C904E04401F080289000C41203
669000E412038690C904E04402F08013
9000C41203669000E712038690C904E0
4404F0D2AF43B80122ED24FE601B1460
2C2402703B9000C41203669000E11203
8690C904E044FEF0229000C412036690
00E412038690C904E044FDF0229000C4
1203669000E712038690C904E044FBF0
22C0E0C0F0C083C082C0D075D000C000
C001C002C003C004C005C006C00790C9
05E030E01C90C904E030E0159000E112
0366E94A60031203EF90C9057401F080
4C90C905E030E11C90C904E030E11590
00E4120366E94A60031203EF90C90574
02F0802990C905E030E21C90C904E030
E2159000E7120366E94A60031203EF90
C9057404F0800690C9057407F0D007D0
06D005D004D003D002D001D000D0D0D0
82D083D0F0D0E032C0E0C0F0C083C082
C0D075D000C000C001C002C003C004C0
05C006C00790CA05E030E01C90CA04E0
30E0159000EA120366E94A60031203EF
90CA057401F0804C90CA05E030E11C90
CA04E030E1159000ED120366E94A6003
1203EF90CA057402F0802990CA05E030
E21C90CA04E030E2159000F0120366E9
4A60031203EF90CA057404F0800690CA
057407F0D007D006D005D004D003D002
D001D000D0D0D082D083D0F0D0E032C0
E0C0F0C083C082C0D075D000C000C001
C002C003C004C005C006C00790CB05E0
30E01C90CB04E030E0159000F3120366
E94A60031203EF90CB057401F0804C90
CB05E030E11C90CB04E030E1159000F6
120366E94A60031203EF90CB057402F0
802990CB05E030E21C90CB04E030E215
9000F9120366E94A60031203EF90CB05
7404F0800690CB057407F0D007D006D0
05D004D003D002D001D000D0D0D082D0
83D0F0D0E032787FE4F6D8FD75812002
0B5D020E74E493A3F8E493A34003F680
01F208DFF48029E493A3F85407240CC8
C333C4540F4420C8834004F456800146
F6DFE4800B0102040810204080900548
E47E019360BCA3FF543F30E509541FFE
E493A360010ECF54C025E060A840B8E4
93A3FAE493A3F8E493A3C8C582C8CAC5
83CAF0A3C8C582C8CAC583CADFE9DEE7
80BEC0E0C0F0C083C082C0D075D000C0
00C001C002C003C004C005C006C00790
00D4E4F0F09000D4E0FFC39418503112
0FF7BF01239000D4E075F003A42463F5
82E43400F583120366E94A60031203EF
9000D4E0FF120F769000D4E004F080C5
D007D006D005D004D003D002D001D000
D0D0D082D083D0F0D0E032EF13131354
1FFEEF5407FFED6034EE700D04A80708
8002C333D8FC42F922EEB4010E7401A8
07088002C333D8FC42FA22EE64027043
04A807088002C333D8FC42FB22EE700E
04A807088002C333D8FCF452F922EEB4
010F7401A807088002C333D8FCF452FA
22EEB4020E7401A807088002C333D8FC
F452FB22EF131313541FFEEF5407FFED
6034EE700D04A807088002C333D8FC42
9722EEB4010E7401A807088002C333D8
FC42E522EE6402704304A807088002C3
33D8FC42FC22EE700E04A807088002C3
33D8FCF4529722EEB4010F7401A80708
8002C333D8FCF452E522EEB4020E7401
A807088002C333D8FCF452FC22EF1313
13541FFEEF5407FFED6034EE700D04A8
07088002C333D8FC428022EEB4010E74
01A807088002C333D8FC429022EE6402
704304A807088002C333D8FC42A022EE
700E04A807088002C333D8FCF4528022
EEB4010F7401A807088002C333D8FCF4
529022EEB4020E7401A807088002C333
D8FCF452A0229000C8120329E47F10FE
FDFC9000CC1202E812014B9000D01203
29E47B02FAF9F89000D01202DC1201D6
9000C81202E812013E9000D01202E812
01D69000D01203299000D01202E8C3E4
9BFF74049AFEE499FDE498FC9000D012
03299000D01202DC7808120286AB0790
00D01202DCEB5403F5BA8FAA22C0E0C0
F0C083C082C0D075D000C000C001C002
C003C004C005C006C007E5C830E11053
C8FD9000FC120366E94A60031203EFE5
C930E11053C9FD9000FF120366E94A60
031203EFE5CA30E11053CAFD90010212
0366E94A60031203EFD007D006D005D0
04D003D002D001D000D0D0D082D083D0
F0D0E0321211D2120FB8121178E4FB7D
A07C0F7F807E3E1200661200267D637C
007F107E001210327BFF7A0079067D01
7F011208791211DD7D0F7C0074FFFFFE
12106B9000C87401F07B047A00E4FD7F
011210DB7F0312115D7F021211E5E4FF
1211A37F011211917F011211C680FEC0
E0C0F0C083C082C0D075D000C000C001
C002C003C004C005C006C007E5F630E0
0D900111120366E94A60031203EF75F6
01D007D006D005D004D003D002D001D0
00D0D0D082D083D0F0D0E032C0E0C0F0
C083C082C0D075D000C000C001C002C0
03C004C005C006C00730980F90010E12
0366E94A60031203EFC298D007D006D0
05D004D003D002D001D000D0D0D082D0
83D0F0D0E032EF131313541FFEEF5407
FFEE700E04A807088002C333D8FCF452
E122EEB4010F7401A807088002C333D8
FCF452E222EEB4020E7401A807088002
C333D8FCF452E3227F0B121111E4FD7F
0B120C1BE4FD7F0B120C947D017F0B12
0D0D90C01C7420F0E4FD7F0C12071490
C01DE4F07F0D1211117D017F0D120C1B
7D017F0D020660EF131313541FFEEF54
07FFEE700DE5E1A807088002C313D8FC
801CEEB4010DE5E2A807088002C313D8
FC800BE5E3A807088002C313D8FC5401
FF22AB07AA0643DF0843E70890C900E0
4440F0EC90C90DF0ED90C90CF0EB24FF
EA34FF90C90FF0EB1490C90EF090C906
7401F090C905E04401F022AB07AA0643
DF2043E72090CA00E04440F0EC90CA0D
F0ED90CA0CF0EB24FFEA34FF90CA0FF0
EB1490CA0EF090CA067401F090CA05E0
4401F0229000C412032943DE0143E601
439E01E490010DF0C29FD29EC299C298
9000C41202DC9000CC12032990010912
02DC120D86D29C53F33F229000C8E064
01702743DE1043E610EFC4333354C0FF
E5AC54BF4FF5ACE4F5FEF5FFEBF5FEEA
F5FFE5FD54FE4DF5FD2253DEEF53E6EF
22EF131313541FFEEF54079000C4F0EE
700743DF0143E70122EEB4010743DF02
43E70222EEB4020643DF0443E70422C0
E0C083C082E5A630E3099001147401F0
75A32075A3FFD082D083D0E03253F7F8
EF24FC600B14600C2402700B43F70322
43F7042243F70522E490005CF0FF7EC2
7D01FC1210A47BFF7A0079367F010211
B5EFB4010753ADFE53ADFD2243AD0243
AD012243AC20EF700553ACFD800343AC
0253B5FE22EFB4010AD2AFD2AC90010E
020386C2AC22EFB4010443AC012253AC
FE227F007E247DF47C0002041D90C900
E04401F022EF8FF553B4EF22

---------- Code Information -----------
Code Entrance:      0x00000000 
Code Run Entrance:  0x00000000 
Code Size:          0x000011EC 
Code CRC Value:     0x3530 
