020979020A05E490005CF0FF7EC27D01
FC120DEB7BFF7A0E797C7F01020EBC43
CA0122020D24AF9922FFFF020C60FFFF
FFFFFF020CD7120ECD120E50120006C2
AFE4FB7D907C017F807E3E1200661200
1F7D017F0B120B7080FEFF020E9EFFFF
FFFFFF0206D39000ABEEF0A3EFF090C0
1C7402F0EB700543CA40800353CABFED
F5CFECF5C79000ABE0FEA3E0F5C1EEF5
C243CA8022FFFFFFFFFFFF0208D2FFFF
FFFFFF02082BFFFFFFFFFF020784BB01
0689828A83E0225002E722BBFE02E322
89828A83E49322BB010CE58229F582E5
833AF583E0225006E92582F8E622BBFE
06E92582F8E222E58229F582E5833AF5
83E49322BB010689828A83F0225002F7
22BBFE01F322F8BB010DE58229F582E5
833AF583E8F0225006E92582C8F622BB
FE05E92582C8F222A3F8E0C5F025F0F0
E582158270021583E0C838F0E822EF2B
FFEE3AFEED39FDEC38FC22E88FF0A4CC
8BF0A42CFCE98EF0A42CFC8AF0EDA42C
FCEA8EF0A4CDA8F08BF0A42DCC3825F0
FDE98FF0A42CCD35F0FCEB8EF0A4FEA9
F0EB8FF0A4CFC5F02ECD39FEE43CFCEA
A42DCE35F0FDE43CFC2275F008758200
EF2FFFEE33FECD33CDCC33CCC58233C5
829BED9AEC99E58298400CF582EE9BFE
ED9AFDEC99FC0FD5F0D6E4CEFBE4CDFA
E4CCF9A88222B800C1B90059BA002DEC
8BF084CFCECDFCE5F0CBF97818EF2FFF
EE33FEED33FDEC33FCEB33FB10D70399
4004EB99FB0FD8E5E4F9FA227818EF2F
FFEE33FEED33FDEC33FCC933C910D705
9BE99A4007EC9BFCE99AF90FD8E0E4C9
FAE4CCFB2275F010EF2FFFEE33FEED33
FDCC33CCC833C810D7079BEC9AE89940
0AED9BFDEC9AFCE899F80FD5F0DAE4CD
FBE4CCFAE4C8F922EF4BFFEE4AFEED49
FDEC48FC22EB9FF5F0EA9E42F0E99D42
F0E89C45F022E8600FECC313FCED13FD
EE13FEEF13FFD8F122E8600FEFC333FF
EE33FEED33FDEC33FCD8F122BB010DE5
8229F582E5833AF5830202DC5007E925
82F80203F5BBFE07E92582F8020401E5
8229F582E5833AF58302040DE0FCA3E0
FDA3E0FEA3E0FF22E0F8A3E0F9A3E0FA
A3E0FB227401FF3395E0FEFDFCA3A3A3
E0CF2FF0E582158270021583E0CE3EF0
E582158270021583E0CD3DF0E5821582
70021583E0CC3CF022ECF0A3EDF0A3EE
F0A3EFF022A8828583F0D083D0821203
4C12034C12034C12034CE473E493A3C5
83C5F0C583C8C582C8F0A3C583C5F0C5
83C8C582C822E0FBA3E0FAA3E0F922F8
E0FBA3A3E0F925F0F0E5821582700215
83E0FA38F022EBF0A3EAF0A3E9F022D0
83D082F8E4937012740193700DA3A393
F8740193F5828883E4737402936860EF
A3A3A380DFD083D082E4937012740193
700DA3A393F8740193F5828883E47374
02936C70127403936D700C7404936E70
067405936F60DDA3A3A3A3A3A380CA8A
838982E473E6FC08E6FD08E6FE08E6FF
22E2FC08E2FD08E2FE08E2FF22E493FC
740193FD740293FE740393FF229000AB
1203299000AF1203350000000043F804
E5F830E5FB9091AAE0FFE4FCFDFE7810
120299C004C005C006C007A3E0FFE4FC
FDFE7818120299D003D002D001D00012
0268C004C005C006C0079091A9E0FFE4
FCFDFE7808120299D003D002D001D000
120268A804A905AA06AB079091A8E0FF
E4FCFDFE1202689000EC1203297FC07E
0A7D707C019000EC1202E8D312027550
167F407E617D6C7C019000EC1202E8C3
1202754002801274FFFFFEFDFC9000EC
1202E8C3120275700C9000AF12033502
DC6C008015E47F02FEFDFC9000EC1202
E812014B9000AF1203299000AB1202DC
1203B5052900B71B00052100F4240005
19016E36000000052175EE01E47B0280
0E75EE02E47B03800675EE03E47B04FA
F9F89000AF1202DC1201D69000F01203
2953F8FE53D9F8224400F00000000044
00EC0000000060480063000000000000
00000000000000000000000000000000
00000000000000000000000000000000
00000000000000000000000000000000
00000000000000000000000000000000
00004100F4004300F50000004300F800
00004900C80000000000000000004900
D10000000000000000004900DA000000
0000000000004C00BC00000000000000
00000000004100FB004900E300000000
000000000041001B0041000400440000
00000000420005000042005D00024200
5F00004200610000C102C101C10000EF
131313541FFEEF5407FFED604FEE7016
90C005C083C082E0FE7401A807088002
C333D8FC8033EEB4011690C006C083C0
82E0FE7401A807088002C333D8FC8019
EE6402706D90C007C083C082E0FE7401
A807088002C333D8FC4E8051EE701890
C005C083C082E0FE7401A807088002C3
33D8FCF45E8036EEB4011890C006C083
C082E0FE7401A807088002C333D8FCF4
5E801AEEB4021B90C007C083C082E0FE
7401A807088002C333D8FCF45ED082D0
83F022C0E0C0F0C083C082C0D075D000
C000C001C002C003C004C005C006C007
90C809E030E01790C808E030E010A374
01F09000BC120366E94A605D805890C8
09E030E11790C808E030E110A37402F0
9000BF120366E94A603F803A90C809E0
30E21790C808E030E210A37404F09000
C2120366E94A6021801C90C809E030E3
1890C808E030E311A37408F09000C512
0366E94A60031203EFD007D006D005D0
04D003D002D001D000D0D0D082D083D0
F0D0E032C0E0C0F0C083C082C0D075D0
00C000C001C002C003C004C005C006C0
0790C905E030E01C90C904E030E01590
00C8120366E94A60031203EF90C90574
01F0804C90C905E030E11C90C904E030
E1159000CB120366E94A60031203EF90
C9057402F0802990C905E030E21C90C9
04E030E2159000CE120366E94A600312
03EF90C9057404F0800690C9057407F0
D007D006D005D004D003D002D001D000
D0D0D082D083D0F0D0E032C0E0C0F0C0
83C082C0D075D000C000C001C002C003
C004C005C006C00790CA05E030E01C90
CA04E030E0159000D1120366E94A6003
1203EF90CA057401F0804C90CA05E030
E11C90CA04E030E1159000D4120366E9
4A60031203EF90CA057402F0802990CA
05E030E21C90CA04E030E2159000D712
0366E94A60031203EF90CA057404F080
0690CA057407F0D007D006D005D004D0
03D002D001D000D0D0D082D083D0F0D0
E032C0E0C0F0C083C082C0D075D000C0
00C001C002C003C004C005C006C00790
CB05E030E01C90CB04E030E0159000DA
120366E94A60031203EF90CB057401F0
804C90CB05E030E11C90CB04E030E115
9000DD120366E94A60031203EF90CB05
7402F0802990CB05E030E21C90CB04E0
30E2159000E0120366E94A60031203EF
90CB057404F0800690CB057407F0D007
D006D005D004D003D002D001D000D0D0
D082D083D0F0D0E032787FE4F6D8FD75
81200209C0020036E493A3F8E493A340
03F68001F208DFF48029E493A3F85407
240CC8C333C4540F4420C8834004F456
800146F6DFE4800B0102040810204080
900548E47E019360BCA3FF543F30E509
541FFEE493A360010ECF54C025E060A8
40B8E493A3FAE493A3F8E493A3C8C582
C8CAC583CAF0A3C8C582C8CAC583CADF
E9DEE780BEC0E0C0F0C083C082C0D075
D000C000C001C002C003C004C005C006
C0079000BBE4F0F09000BBE0FFC39418
5031120DB0BF01239000BBE075F003A4
2463F582E43400F583120366E94A6003
1203EF9000BBE0FF120D6E9000BBE004
F080C5D007D006D005D004D003D002D0
01D000D0D0D082D083D0F0D0E032EF13
1313541FFEEF5407FFED6034EE700D04
A807088002C333D8FC42F922EEB4010E
7401A807088002C333D8FC42FA22EE64
02704304A807088002C333D8FC42FB22
EE700E04A807088002C333D8FCF452F9
22EEB4010F7401A807088002C333D8FC
F452FA22EEB4020E7401A807088002C3
33D8FCF452FB22EF131313541FFEEF54
07FFED6034EE700D04A807088002C333
D8FC429722EEB4010E7401A807088002
C333D8FC42E522EE6402704304A80708
8002C333D8FC42FC22EE700E04A80708
8002C333D8FCF4529722EEB4010F7401
A807088002C333D8FCF452E522EEB402
0E7401A807088002C333D8FCF452FC22
EF131313541FFEEF5407FFED6034EE70
0D04A807088002C333D8FC428022EEB4
010E7401A807088002C333D8FC429022
EE6402704304A807088002C333D8FC42
A022EE700E04A807088002C333D8FCF4
528022EEB4010F7401A807088002C333
D8FCF4529022EEB4020E7401A8070880
02C333D8FCF452A0229000AF120329E4
7F10FEFDFC9000B31202E812014B9000
B7120329E47B02FAF9F89000B71202DC
1201D69000AF1202E812013E9000B712
02E81201D69000B71203299000B71202
E8C3E49BFF74049AFEE499FDE498FC90
00B71203299000B71202DC7808120286
AB079000B71202DCEB5403F5BA8FAA22
C0E0C0F0C083C082C0D075D000C000C0
01C002C003C004C005C006C007E5C830
E11053C8FD9000E3120366E94A600312
03EFE5C930E11053C9FD9000E6120366
E94A60031203EFE5CA30E11053CAFD90
00E9120366E94A60031203EFD007D006
D005D004D003D002D001D000D0D0D082
D083D0F0D0E032C0E0C0F0C083C082C0
D075D000C000C001C002C003C004C005
C006C007E5F630E00D9000F8120366E9
4A60031203EF75F601D007D006D005D0
04D003D002D001D000D0D0D082D083D0
F0D0E032C0E0C0F0C083C082C0D075D0
00C000C001C002C003C004C005C006C0
0730980F9000F5120366E94A60031203
EFC298D007D006D005D004D003D002D0
01D000D0D0D082D083D0F0D0E032EF13
1313541FFEEF5407FFEE700E04A80708
8002C333D8FCF452E122EEB4010F7401
A807088002C333D8FCF452E222EEB402
0E7401A807088002C333D8FCF452E322
EF131313541FFEEF5407FFEE700DE5E1
A807088002C313D8FC801CEEB4010DE5
E2A807088002C313D8FC800BE5E3A807
088002C313D8FC5401FF229000AB1203
2943DE0143E601439E01E49000F4F0C2
9FD29EC299C2989000AB1202DC9000B3
1203299000F01202DC120BE9D29C53F3
3F22EF131313541FFEEF54079000ABF0
EE700743DF0143E70122EEB4010743DF
0243E70222EEB4020643DF0443E70422
90C01BE4F07F0B120E22E4FD7F0B120A
7EE4FD7F0B120AF7E4FD7F0B120B7090
C01C7420F0E4FD7F0C02061F12002690
005FE475F001120128FC741C25F0F582
74003CF583EFF090005C7401F022C0E0
C083C082E5A630E3099000FB7401F075
A32075A3FFD082D083D0E032EFB4010A
D2AFD2AC9000F5020386C2AC227F007E
247DF47C0002041D

---------- Code Information -----------
Code Entrance:      0x00000000 
Code Run Entrance:  0x00000000 
Code Size:          0x00000ED8 
Code CRC Value:     0x48AB 
