020D95020F1853F7F8EF24FC600B1460
0C2402700B43F7032243F7042243F705
22FFFF021237AF9922FFFF021173FFFF
FFFFFF0211EAE5B7540FFEAFB6D3EF94
01EE9400400774052FFFE43EFED3EF94
FFEE940F40047E0F7FFF2202141FFFFF
FFFFFF02099FEF131313541FFEEF5407
9000C8F0EE700743DF0143E70122EEB4
010743DF0243E70222EEB4020643DF04
43E70422EF8FF553B4EF22020CEEFFFF
FFFFFF020C47FFFFFFFFFF020BA0BB01
0689828A83E0225002E722BBFE02E322
89828A83E49322BB010CE58229F582E5
833AF583E0225006E92582F8E622BBFE
06E92582F8E222E58229F582E5833AF5
83E49322BB010689828A83F0225002F7
22BBFE01F322F8BB010DE58229F582E5
833AF583E8F0225006E92582C8F622BB
FE05E92582C8F222C5F0F8A3E028F0C5
F0F8E582158270021583E038F022A3F8
E0C5F025F0F0E582158270021583E0C8
38F0E822EF2BFFEE3AFEED39FDEC38FC
22E88FF0A4CC8BF0A42CFCE98EF0A42C
FC8AF0EDA42CFCEA8EF0A4CDA8F08BF0
A42DCC3825F0FDE98FF0A42CCD35F0FC
EB8EF0A4FEA9F0EB8FF0A4CFC5F02ECD
39FEE43CFCEAA42DCE35F0FDE43CFC22
75F008758200EF2FFFEE33FECD33CDCC
33CCC58233C5829BED9AEC99E5829840
0CF582EE9BFEED9AFDEC99FC0FD5F0D6
E4CEFBE4CDFAE4CCF9A88222B800C1B9
0059BA002DEC8BF084CFCECDFCE5F0CB
F97818EF2FFFEE33FEED33FDEC33FCEB
33FB10D703994004EB99FB0FD8E5E4F9
FA227818EF2FFFEE33FEED33FDEC33FC
C933C910D7059BE99A4007EC9BFCE99A
F90FD8E0E4C9FAE4CCFB2275F010EF2F
FFEE33FEED33FDCC33CCC833C810D707
9BEC9AE899400AED9BFDEC9AFCE899F8
0FD5F0DAE4CDFBE4CCFAE4C8F922EF4B
FFEE4AFEED49FDEC48FC22EB9FF5F0EA
9E42F0E99D42F0E89C45F022E8600FEC
C313FCED13FDEE13FEEF13FFD8F122E8
600FEFC333FFEE33FEED33FDEC33FCD8
F122BB010DE58229F582E5833AF58302
02F25007E92582F802040BBBFE07E925
82F8020417E58229F582E5833AF58302
0423E0FCA3E0FDA3E0FEA3E0FF22E0F8
A3E0F9A3E0FAA3E0FB227401FF3395E0
FEFDFCA3A3A3E0CF2FF0E58215827002
1583E0CE3EF0E582158270021583E0CD
3DF0E582158270021583E0CC3CF022EC
F0A3EDF0A3EEF0A3EFF022A8828583F0
D083D082120362120362120362120362
E473E493A3C583C5F0C583C8C582C8F0
A3C583C5F0C583C8C582C822E0FBA3E0
FAA3E0F922F8E0FBA3A3E0F925F0F0E5
82158270021583E0FA38F022EBF0A3EA
F0A3E9F022D083D082F8E49370127401
93700DA3A393F8740193F5828883E473
7402936860EFA3A3A380DFD083D082E4
937012740193700DA3A393F8740193F5
828883E4737402936C70127403936D70
0C7404936E70067405936F60DDA3A3A3
A3A3A380CA8A838982E473E6FC08E6FD
08E6FE08E6FF22E2FC08E2FD08E2FE08
E2FF22E493FC740193FD740293FE7403
93FF221214AC120E2112143D7DC37C09
7F107E001212FE7BFF7A1479567D017F
01120A501214B77D0F7C007F807E3E12
13377BFF7A1379FF7D017F01120AF890
00CC7401F07B047A00E4FD7F011213A7
7F031200067F06120094E4FF12147D7F
0112146B7F011214A07F04120E9EE5AD
20E2FBE5F630E0FB75F6011200369000
B5EEF0A3EFF0C394ACEE940D4014E094
FF9000B5E0940F5009E49000C2F0A3F0
805C9000B5E0FEA3E0FFC394B8EE940B
4014EF94ACEE940D500C9000C27403F0
A374E8F08038C3EF94C4EE94094014EF
94B8EE940B500C9000C27407F0A374D0
F0801BC3EF94D0EE94074012EF94C4EE
9409500A9000C2740BF0A374B8F07F02
120E9EE5AD20E2FBE5F630E0FB75F601
1200369000B5EEF0A3EFF0D39000C3E0
9F9000C2E09E4003020499C39000B6E0
94FF9000B5E0947F40030204991214BF
9000C4E475F0011201289000C4E07004
A3E064026003020499C39000ACE0940A
9000ABE06480948050149000C474FFF5
F0120128E49000ABF0A3F00204997D01
7F0B1210837D017F08121083E4FD7F0A
121083E49000C4F0A3F09000ABF0A3F0
1214C790CA0AE0E4F0A3E0E4F090C90A
E0E4F0A3E0E4F00204999000C812033F
9000CC12034B0000000043F804E5F830
E5FB9091AAE0FFE4FCFDFE78101202AF
C004C005C006C007A3E0FFE4FCFDFE78
181202AFD003D002D001D00012027EC0
04C005C006C0079091A9E0FFE4FCFDFE
78081202AFD003D002D001D00012027E
A804A905AA06AB079091A8E0FFE4FCFD
FE12027E90010912033F7FC07E0A7D70
7C019001091202FED312028B50167F40
7E617D6C7C019001091202FEC312028B
4002801274FFFFFEFDFC9001091202FE
C312028B700C9000CC12034B02DC6C00
8015E47F02FEFDFC9001091202FE1201
619000CC12033F9000C81202F21203CB
06F600B71B0006EE00F4240006E6016E
3600000006EE75EE01E47B02800E75EE
02E47B03800675EE03E47B04FAF9F890
00CC1202F21201EC90010D12033F53F8
FE53D9F82244010D0000000044010900
0000004200C61F404200BCFA004200B3
00004200B500004200AF00004200AD00
004200C200004400BE000000004200B7
00004200C400004200B10000C103C104
4200B900004100BB004200AB00006048
00630000000000000000000000000000
00000000000000000000000000000000
00000000000000000000000000000000
00000000000000000000000000000000
00000000000000000000410111004301
120000004301150000004900E5000000
0000000000004900EE00000000000000
00004900F70000000000000000004C00
D9000000000000000000000000410118
0049010000000000000000000041001B
00410004004400000000000042000500
0042005D000242005F00004200610000
C102C101C10000EF131313541FFEEF54
07FFED604FEE701690C000C083C082E0
FE7401A807088002C333D8FC8033EEB4
011690C001C083C082E0FE7401A80708
8002C333D8FC8019EE6402706D90C002
C083C082E0FE7401A807088002C333D8
FC4E8051EE701890C000C083C082E0FE
7401A807088002C333D8FCF45E8036EE
B4011890C001C083C082E0FE7401A807
088002C333D8FCF45E801AEEB4021B90
C002C083C082E0FE7401A807088002C3
33D8FCF45ED082D083F022EF13131354
1FFEEF5407FFED604FEE701690C005C0
83C082E0FE7401A807088002C333D8FC
8033EEB4011690C006C083C082E0FE74
01A807088002C333D8FC8019EE640270
6D90C007C083C082E0FE7401A8070880
02C333D8FC4E8051EE701890C005C083
C082E0FE7401A807088002C333D8FCF4
5E8036EEB4011890C006C083C082E0FE
7401A807088002C333D8FCF45E801AEE
B4021B90C007C083C082E0FE7401A807
088002C333D8FCF45ED082D083F022C0
E0C0F0C083C082C0D075D000C000C001
C002C003C004C005C006C00790C809E0
30E01790C808E030E010A37401F09000
D912037CE94A605D805890C809E030E1
1790C808E030E110A37402F09000DC12
037CE94A603F803A90C809E030E21790
C808E030E210A37404F09000DF12037C
E94A6021801C90C809E030E31890C808
E030E311A37408F09000E212037CE94A
6003120405D007D006D005D004D003D0
02D001D000D0D0D082D083D0F0D0E032
9000C812039C90C9057407F0EF640170
4FED24FE601C14602E2402703D9000C8
12037C9000E512039C90C904E04401F0
80289000C812037C9000E812039C90C9
04E04402F080139000C812037C9000EB
12039C90C904E04404F0D2AF43B80122
ED24FE601B14602C2402703B9000C812
037C9000E512039C90C904E044FEF022
9000C812037C9000E812039C90C904E0
44FDF0229000C812037C9000EB12039C
90C904E044FBF0229000C812039C90CA
057407F0EF6401704FED24FE601C1460
2E2402703D9000C812037C9000EE1203
9C90CA04E04401F080289000C812037C
9000F112039C90CA04E04402F0801390
00C812037C9000F412039C90CA04E044
04F0D2AF43B80422ED24FE601B14602C
2402703B9000C812037C9000EE12039C
90CA04E044FEF0229000C812037C9000
F112039C90CA04E044FDF0229000C812
037C9000F412039C90CA04E044FBF022
C0E0C0F0C083C082C0D075D000C000C0
01C002C003C004C005C006C00790C905
E030E01C90C904E030E0159000E51203
7CE94A600312040590C9057401F0804C
90C905E030E11C90C904E030E1159000
E812037CE94A600312040590C9057402
F0802990C905E030E21C90C904E030E2
159000EB12037CE94A600312040590C9
057404F0800690C9057407F0D007D006
D005D004D003D002D001D000D0D0D082
D083D0F0D0E032C0E0C0F0C083C082C0
D075D000C000C001C002C003C004C005
C006C00790CA05E030E01C90CA04E030
E0159000EE12037CE94A600312040590
CA057401F0804C90CA05E030E11C90CA
04E030E1159000F112037CE94A600312
040590CA057402F0802990CA05E030E2
1C90CA04E030E2159000F412037CE94A
600312040590CA057404F0800690CA05
7407F0D007D006D005D004D003D002D0
01D000D0D0D082D083D0F0D0E032C0E0
C0F0C083C082C0D075D000C000C001C0
02C003C004C005C006C00790CB05E030
E01C90CB04E030E0159000F712037CE9
4A600312040590CB057401F0804C90CB
05E030E11C90CB04E030E1159000FA12
037CE94A600312040590CB057402F080
2990CB05E030E21C90CB04E030E21590
00FD12037CE94A600312040590CB0574
04F0800690CB057407F0D007D006D005
D004D003D002D001D000D0D0D082D083
D0F0D0E032787FE4F6D8FD758120020D
DC020433E493A3F8E493A34003F68001
F208DFF48029E493A3F85407240CC8C3
33C4540F4420C8834004F456800146F6
DFE4800B0102040810204080900715E4
7E019360BCA3FF543F30E509541FFEE4
93A360010ECF54C025E060A840B8E493
A3FAE493A3F8E493A3C8C582C8CAC583
CAF0A3C8C582C8CAC583CADFE9DEE780
BE90C018E4F07F08120066E4FD7F0812
0F91E4FD7F0812100A7D017F08121083
90C01AE4F07F0A120066E4FD7F0A120F
91E4FD7F0A12100A7D017F0A1210837F
0B120066E4FD7F0B120F91E4FD7F0B12
100A7D017F0B12108390C01C7420F0E4
FD7F0C1208EB90C01DE4F07F0D120066
7D017F0D120F917D017F0D020837EF12
03A50EBE010EC8020ED2040EDC080EE6
100EF0200EFA400F048000000F0EE5B4
54F04401F5B48049E5B454F04402F5B4
803FE5B454F04403F5B48035E5B454F0
4404F5B4802BE5B454F04405F5B48021
E5B454F04406F5B48017E5B454F04407
F5B4800DE5B454F04408F5B4800353B4
F053ADFB43AD0422C0E0C0F0C083C082
C0D075D000C000C001C002C003C004C0
05C006C0079000D8E4F0F09000D8E0FF
C3941850311212C3BF01239000D8E075
F003A42463F582E43400F58312037CE9
4A60031204059000D8E0FF1212819000
D8E004F080C5D007D006D005D004D003
D002D001D000D0D0D082D083D0F0D0E0
32EF131313541FFEEF5407FFED6034EE
700D04A807088002C333D8FC42F922EE
B4010E7401A807088002C333D8FC42FA
22EE6402704304A807088002C333D8FC
42FB22EE700E04A807088002C333D8FC
F452F922EEB4010F7401A807088002C3
33D8FCF452FA22EEB4020E7401A80708
8002C333D8FCF452FB22EF131313541F
FEEF5407FFED6034EE700D04A8070880
02C333D8FC429722EEB4010E7401A807
088002C333D8FC42E522EE6402704304
A807088002C333D8FC42FC22EE700E04
A807088002C333D8FCF4529722EEB401
0F7401A807088002C333D8FCF452E522
EEB4020E7401A807088002C333D8FCF4
52FC22EF131313541FFEEF5407FFED60
34EE700D04A807088002C333D8FC4280
22EEB4010E7401A807088002C333D8FC
429022EE6402704304A807088002C333
D8FC42A022EE700E04A807088002C333
D8FCF4528022EEB4010F7401A8070880
02C333D8FCF4529022EEB4020E7401A8
07088002C333D8FCF452A0229000CC12
033FE47F10FEFDFC9000D01202FE1201
619000D412033FE47B02FAF9F89000D4
1202F21201EC9000CC1202FE12015490
00D41202FE1201EC9000D412033F9000
D41202FEC3E49BFF74049AFEE499FDE4
98FC9000D412033F9000D41202F27808
12029CAB079000D41202F2EB5403F5BA
8FAA22C0E0C0F0C083C082C0D075D000
C000C001C002C003C004C005C006C007
E5C830E11053C8FD90010012037CE94A
6003120405E5C930E11053C9FD900103
12037CE94A6003120405E5CA30E11053
CAFD90010612037CE94A6003120405D0
07D006D005D004D003D002D001D000D0
D0D082D083D0F0D0E032C0E0C0F0C083
C082C0D075D000C000C001C002C003C0
04C005C006C007E5F630E00D90011512
037CE94A600312040575F601D007D006
D005D004D003D002D001D000D0D0D082
D083D0F0D0E032C0E0C0F0C083C082C0
D075D000C000C001C002C003C004C005
C006C00730980F90011212037CE94A60
03120405C298D007D006D005D004D003
D002D001D000D0D0D082D083D0F0D0E0
32EF131313541FFEEF5407FFEE700E04
A807088002C333D8FCF452E122EEB401
0F7401A807088002C333D8FCF452E222
EEB4020E7401A807088002C333D8FCF4
52E322EF131313541FFEEF5407FFEE70
0DE5E1A807088002C313D8FC801CEEB4
010DE5E2A807088002C313D8FC800BE5
E3A807088002C313D8FC5401FF22AB07
AA0643DF0843E70890C900E04440F0EC
90C90DF0ED90C90CF0EB24FFEA34FF90
C90FF0EB1490C90EF090C9067401F090
C905E04401F022AB07AA0643DF2043E7
2090CA00E04440F0EC90CA0DF0ED90CA
0CF0EB24FFEA34FF90CA0FF0EB1490CA
0EF090CA067401F090CA05E04401F022
9000C812033F43DE0143E601439E01E4
900111F0C29FD29EC299C2989000C812
02F29000D012033F90010D1202F21210
FCD29C53F33F229000CCE06401702743
DE1043E610EFC4333354C0FFE5AC54BF
4FF5ACE4F5FEF5FFEBF5FEEAF5FFE5FD
54FE4DF5FD2253DEEF53E6EF22120026
90005FE475F00112013EFC741C25F0F5
8274003CF583EFF090005C7401F02290
00ABE475F001120128D39000ACE0941E
9000ABE0648094804004E4F0A3F022C0
E0C083C082E5A630E3099001187401F0
75A32075A3FFD082D083D0E032E49000
5CF0FF7EC27D01FC1213707BFF7A1379
DD7F0102148FE4FD7F0B121083E4FD7F
081210837D017F0A021083EFB4010753
ADFE53ADFD2243AD0243AD012243AC20
EF700553ACFD800343AC0253B5FE22EF
B4010AD2AFD2AC90011202039CC2AC22
EFB4010443AC012253ACFE227F007E24
7DF47C000205EA90C900E04401F02290
CA00E04401F02290CA00E054FEF022FF

---------- Code Information -----------
Code Entrance:      0x00000000 
Code Run Entrance:  0x00000000 
Code Size:          0x000014D0 
Code CRC Value:     0x6840 
