020D7C020EFF53F7F8EF24FC600B1460
0C2402700B43F7032243F7042243F705
22FFFF02121EAF9922FFFF02115AFFFF
FFFFFF0211D1E5B7540FFEAFB6D3EF94
01EE9400400774052FFFE43EFED3EF94
FFEE940F40047E0F7FFF220213E6FFFF
FFFFFF020986EF131313541FFEEF5407
9000C9F0EE700743DF0143E70122EEB4
010743DF0243E70222EEB4020643DF04
43E70422EF8FF553B4EF22020CD5FFFF
FFFFFF020C2EFFFFFFFFFF020B87BB01
0689828A83E0225002E722BBFE02E322
89828A83E49322BB010CE58229F582E5
833AF583E0225006E92582F8E622BBFE
06E92582F8E222E58229F582E5833AF5
83E49322BB010689828A83F0225002F7
22BBFE01F322F8BB010DE58229F582E5
833AF583E8F0225006E92582C8F622BB
FE05E92582C8F222C5F0F8A3E028F0C5
F0F8E582158270021583E038F022A3F8
E0C5F025F0F0E582158270021583E0C8
38F0E822EF2BFFEE3AFEED39FDEC38FC
22E88FF0A4CC8BF0A42CFCE98EF0A42C
FC8AF0EDA42CFCEA8EF0A4CDA8F08BF0
A42DCC3825F0FDE98FF0A42CCD35F0FC
EB8EF0A4FEA9F0EB8FF0A4CFC5F02ECD
39FEE43CFCEAA42DCE35F0FDE43CFC22
75F008758200EF2FFFEE33FECD33CDCC
33CCC58233C5829BED9AEC99E5829840
0CF582EE9BFEED9AFDEC99FC0FD5F0D6
E4CEFBE4CDFAE4CCF9A88222B800C1B9
0059BA002DEC8BF084CFCECDFCE5F0CB
F97818EF2FFFEE33FEED33FDEC33FCEB
33FB10D703994004EB99FB0FD8E5E4F9
FA227818EF2FFFEE33FEED33FDEC33FC
C933C910D7059BE99A4007EC9BFCE99A
F90FD8E0E4C9FAE4CCFB2275F010EF2F
FFEE33FEED33FDCC33CCC833C810D707
9BEC9AE899400AED9BFDEC9AFCE899F8
0FD5F0DAE4CDFBE4CCFAE4C8F922EF4B
FFEE4AFEED49FDEC48FC22EB9FF5F0EA
9E42F0E99D42F0E89C45F022E8600FEC
C313FCED13FDEE13FEEF13FFD8F122E8
600FEFC333FFEE33FEED33FDEC33FCD8
F122BB010DE58229F582E5833AF58302
02F25007E92582F802040BBBFE07E925
82F8020417E58229F582E5833AF58302
0423E0FCA3E0FDA3E0FEA3E0FF22E0F8
A3E0F9A3E0FAA3E0FB227401FF3395E0
FEFDFCA3A3A3E0CF2FF0E58215827002
1583E0CE3EF0E582158270021583E0CD
3DF0E582158270021583E0CC3CF022EC
F0A3EDF0A3EEF0A3EFF022A8828583F0
D083D082120362120362120362120362
E473E493A3C583C5F0C583C8C582C8F0
A3C583C5F0C583C8C582C822E0FBA3E0
FAA3E0F922F8E0FBA3A3E0F925F0F0E5
82158270021583E0FA38F022EBF0A3EA
F0A3E9F022D083D082F8E49370127401
93700DA3A393F8740193F5828883E473
7402936860EFA3A3A380DFD083D082E4
937012740193700DA3A393F8740193F5
828883E4737402936C70127403936D70
0C7404936E70067405936F60DDA3A3A3
A3A3A380CA8A838982E473E6FC08E6FD
08E6FE08E6FF22E2FC08E2FD08E2FE08
E2FF22E493FC740193FD740293FE7403
93FF22121473120E081214047D0F7C00
7FC47E091212E57BFF7A14791D7D017F
01120A371214887D0F7C007F647E0012
131E7BFF7A14797E7D017F01120ADF12
14909000CD7401F07B047A00E4FD7F01
12138E7F031200067F06120094E4FF12
14447F011214327F011214677F04120E
85E5AD20E2FBE5F630E0FB75F6011200
369000B5EEF0A3EFF0C394ACEE940D40
14E094FF9000B5E0940F5009E49000C2
F0A3F0805C9000B5E0FEA3E0FFC394B8
EE940B4014EF94ACEE940D500C9000C2
7403F0A374E8F08038C3EF94C4EE9409
4014EF94B8EE940B500C9000C27407F0
A374D0F0801BC3EF94D0EE94074012EF
94C4EE9409500A9000C2740BF0A374B8
F07F02120E85E5AD20E2FBE5F630E0FB
75F6011200369000B5EEF0A3EFF0D390
00C3E09F9000C2E09E400302049CC390
00B6E094FF9000B5E0947F400302049C
9000C4E014601204600302049C121490
9000C47401F002049CD39000ACE09409
9000ABE064809480500302049CE4FD7F
0B12106A7D017F0812106AE4FD7F0A12
106A90C90AE0E4F0A3E0E4F09000ABF0
A3F0121498E49000C4F002049C9000C9
12033F9000CD12034B0000000043F804
E5F830E5FB9091AAE0FFE4FCFDFE7810
1202AFC004C005C006C007A3E0FFE4FC
FDFE78181202AFD003D002D001D00012
027EC004C005C006C0079091A9E0FFE4
FCFDFE78081202AFD003D002D001D000
12027EA804A905AA06AB079091A8E0FF
E4FCFDFE12027E90010A12033F7FC07E
0A7D707C0190010A1202FED312028B50
167F407E617D6C7C0190010A1202FEC3
12028B4002801274FFFFFEFDFC90010A
1202FEC312028B700C9000CD12034B02
DC6C008015E47F02FEFDFC90010A1202
FE1201619000CD12033F9000C91202F2
1203CB06D900B71B0006D100F4240006
C9016E3600000006D175EE01E47B0280
0E75EE02E47B03800675EE03E47B04FA
F9F89000CD1202F21201EC90010E1203
3F53F8FE53D9F82244010E0000000044
010A000000004200C71F404200BCFA00
4200B300004200B500004200AF000042
00AD00004200C200004400BE00000000
4200B700004200C500004200B10000C1
03C1044200B900004100BB004200AB00
004100C4006048006300000000000000
00000000000000000000000000000000
00000000000000000000000000000000
00000000000000000000000000000000
00000000000000000000000000000000
00410112004301130000004301160000
004900E60000000000000000004900EF
0000000000000000004900F800000000
00000000004C00DA0000000000000000
00000000410119004901010000000000
0000000041001B004100040044000000
000000420005000042005D000242005F
00004200610000C102C101C10000EF13
1313541FFEEF5407FFED604FEE701690
C000C083C082E0FE7401A807088002C3
33D8FC8033EEB4011690C001C083C082
E0FE7401A807088002C333D8FC8019EE
6402706D90C002C083C082E0FE7401A8
07088002C333D8FC4E8051EE701890C0
00C083C082E0FE7401A807088002C333
D8FCF45E8036EEB4011890C001C083C0
82E0FE7401A807088002C333D8FCF45E
801AEEB4021B90C002C083C082E0FE74
01A807088002C333D8FCF45ED082D083
F022EF131313541FFEEF5407FFED604F
EE701690C005C083C082E0FE7401A807
088002C333D8FC8033EEB4011690C006
C083C082E0FE7401A807088002C333D8
FC8019EE6402706D90C007C083C082E0
FE7401A807088002C333D8FC4E8051EE
701890C005C083C082E0FE7401A80708
8002C333D8FCF45E8036EEB4011890C0
06C083C082E0FE7401A807088002C333
D8FCF45E801AEEB4021B90C007C083C0
82E0FE7401A807088002C333D8FCF45E
D082D083F022C0E0C0F0C083C082C0D0
75D000C000C001C002C003C004C005C0
06C00790C809E030E01790C808E030E0
10A37401F09000DA12037CE94A605D80
5890C809E030E11790C808E030E110A3
7402F09000DD12037CE94A603F803A90
C809E030E21790C808E030E210A37404
F09000E012037CE94A6021801C90C809
E030E31890C808E030E311A37408F090
00E312037CE94A6003120405D007D006
D005D004D003D002D001D000D0D0D082
D083D0F0D0E0329000C912039C90C905
7407F0EF6401704FED24FE601C14602E
2402703D9000C912037C9000E612039C
90C904E04401F080289000C912037C90
00E912039C90C904E04402F080139000
C912037C9000EC12039C90C904E04404
F0D2AF43B80122ED24FE601B14602C24
02703B9000C912037C9000E612039C90
C904E044FEF0229000C912037C9000E9
12039C90C904E044FDF0229000C91203
7C9000EC12039C90C904E044FBF02290
00C912039C90CA057407F0EF6401704F
ED24FE601C14602E2402703D9000C912
037C9000EF12039C90CA04E04401F080
289000C912037C9000F212039C90CA04
E04402F080139000C912037C9000F512
039C90CA04E04404F0D2AF43B80422ED
24FE601B14602C2402703B9000C91203
7C9000EF12039C90CA04E044FEF02290
00C912037C9000F212039C90CA04E044
FDF0229000C912037C9000F512039C90
CA04E044FBF022C0E0C0F0C083C082C0
D075D000C000C001C002C003C004C005
C006C00790C905E030E01C90C904E030
E0159000E612037CE94A600312040590
C9057401F0804C90C905E030E11C90C9
04E030E1159000E912037CE94A600312
040590C9057402F0802990C905E030E2
1C90C904E030E2159000EC12037CE94A
600312040590C9057404F0800690C905
7407F0D007D006D005D004D003D002D0
01D000D0D0D082D083D0F0D0E032C0E0
C0F0C083C082C0D075D000C000C001C0
02C003C004C005C006C00790CA05E030
E01C90CA04E030E0159000EF12037CE9
4A600312040590CA057401F0804C90CA
05E030E11C90CA04E030E1159000F212
037CE94A600312040590CA057402F080
2990CA05E030E21C90CA04E030E21590
00F512037CE94A600312040590CA0574
04F0800690CA057407F0D007D006D005
D004D003D002D001D000D0D0D082D083
D0F0D0E032C0E0C0F0C083C082C0D075
D000C000C001C002C003C004C005C006
C00790CB05E030E01C90CB04E030E015
9000F812037CE94A600312040590CB05
7401F0804C90CB05E030E11C90CB04E0
30E1159000FB12037CE94A6003120405
90CB057402F0802990CB05E030E21C90
CB04E030E2159000FE12037CE94A6003
12040590CB057404F0800690CB057407
F0D007D006D005D004D003D002D001D0
00D0D0D082D083D0F0D0E032787FE4F6
D8FD758120020DC3020433E493A3F8E4
93A34003F68001F208DFF48029E493A3
F85407240CC8C333C4540F4420C88340
04F456800146F6DFE4800B0102040810
2040809006F8E47E019360BCA3FF543F
30E509541FFEE493A360010ECF54C025
E060A840B8E493A3FAE493A3F8E493A3
C8C582C8CAC583CAF0A3C8C582C8CAC5
83CADFE9DEE780BE90C018E4F07F0812
0066E4FD7F08120F78E4FD7F08120FF1
7D017F0812106A90C01AE4F07F0A1200
66E4FD7F0A120F78E4FD7F0A120FF17D
017F0A12106A7F0B120066E4FD7F0B12
0F78E4FD7F0B120FF17D017F0B12106A
90C01C7420F0E4FD7F0C1208D290C01D
E4F07F0D1200667D017F0D120F787D01
7F0D02081EEF1203A50EA5010EAF020E
B9040EC3080ECD100ED7200EE1400EEB
8000000EF5E5B454F04401F5B48049E5
B454F04402F5B4803FE5B454F04403F5
B48035E5B454F04404F5B4802BE5B454
F04405F5B48021E5B454F04406F5B480
17E5B454F04407F5B4800DE5B454F044
08F5B4800353B4F053ADFB43AD0422C0
E0C0F0C083C082C0D075D000C000C001
C002C003C004C005C006C0079000D9E4
F0F09000D9E0FFC3941850311212AABF
01239000D9E075F003A42463F582E434
00F58312037CE94A60031204059000D9
E0FF1212689000D9E004F080C5D007D0
06D005D004D003D002D001D000D0D0D0
82D083D0F0D0E032EF131313541FFEEF
5407FFED6034EE700D04A807088002C3
33D8FC42F922EEB4010E7401A8070880
02C333D8FC42FA22EE6402704304A807
088002C333D8FC42FB22EE700E04A807
088002C333D8FCF452F922EEB4010F74
01A807088002C333D8FCF452FA22EEB4
020E7401A807088002C333D8FCF452FB
22EF131313541FFEEF5407FFED6034EE
700D04A807088002C333D8FC429722EE
B4010E7401A807088002C333D8FC42E5
22EE6402704304A807088002C333D8FC
42FC22EE700E04A807088002C333D8FC
F4529722EEB4010F7401A807088002C3
33D8FCF452E522EEB4020E7401A80708
8002C333D8FCF452FC22EF131313541F
FEEF5407FFED6034EE700D04A8070880
02C333D8FC428022EEB4010E7401A807
088002C333D8FC429022EE6402704304
A807088002C333D8FC42A022EE700E04
A807088002C333D8FCF4528022EEB401
0F7401A807088002C333D8FCF4529022
EEB4020E7401A807088002C333D8FCF4
52A0229000CD12033FE47F10FEFDFC90
00D11202FE1201619000D512033FE47B
02FAF9F89000D51202F21201EC9000CD
1202FE1201549000D51202FE1201EC90
00D512033F9000D51202FEC3E49BFF74
049AFEE499FDE498FC9000D512033F90
00D51202F2780812029CAB079000D512
02F2EB5403F5BA8FAA22C0E0C0F0C083
C082C0D075D000C000C001C002C003C0
04C005C006C007E5C830E11053C8FD90
010112037CE94A6003120405E5C930E1
1053C9FD90010412037CE94A60031204
05E5CA30E11053CAFD90010712037CE9
4A6003120405D007D006D005D004D003
D002D001D000D0D0D082D083D0F0D0E0
32C0E0C0F0C083C082C0D075D000C000
C001C002C003C004C005C006C007E5F6
30E00D90011612037CE94A6003120405
75F601D007D006D005D004D003D002D0
01D000D0D0D082D083D0F0D0E032C0E0
C0F0C083C082C0D075D000C000C001C0
02C003C004C005C006C00730980F9001
1312037CE94A6003120405C298D007D0
06D005D004D003D002D001D000D0D0D0
82D083D0F0D0E032EF131313541FFEEF
5407FFEE700E04A807088002C333D8FC
F452E122EEB4010F7401A807088002C3
33D8FCF452E222EEB4020E7401A80708
8002C333D8FCF452E322EF131313541F
FEEF5407FFEE700DE5E1A807088002C3
13D8FC801CEEB4010DE5E2A807088002
C313D8FC800BE5E3A807088002C313D8
FC5401FF22AB07AA0643DF0843E70890
C900E04440F0EC90C90DF0ED90C90CF0
EB24FFEA34FF90C90FF0EB1490C90EF0
90C9067401F090C905E04401F022AB07
AA0643DF2043E72090CA00E04440F0EC
90CA0DF0ED90CA0CF0EB24FFEA34FF90
CA0FF0EB1490CA0EF090CA067401F090
CA05E04401F0229000C912033F43DE01
43E601439E01E4900112F0C29FD29EC2
99C2989000C91202F29000D112033F90
010E1202F21210E3D29C53F33F229000
CDE06401702743DE1043E610EFC43333
54C0FFE5AC54BF4FF5ACE4F5FEF5FFEB
F5FEEAF5FFE5FD54FE4DF5FD2253DEEF
53E6EF2212002690005FE475F0011201
3EFC741C25F0F58274003CF583EFF090
005C7401F022C0E0C083C082E5A630E3
099001197401F075A32075A3FFD082D0
83D0E032E490005CF0FF7EC27D01FC12
13577BFF7A1379C47F010214567D017F
0B12106AE4FD7F0812106A7D017F0A02
106AEFB4010753ADFE53ADFD2243AD02
43AD012243AC20EF700553ACFD800343
AC0253B5FE22EFB4010AD2AFD2AC9001
1302039CC2AC22EFB4010443AC012253
ACFE227F007E247DF47C000205CD9000
ABE475F00102012890C900E04401F022
90CA00E04401F02290CA00E054FEF022

---------- Code Information -----------
Code Entrance:      0x00000000 
Code Run Entrance:  0x00000000 
Code Size:          0x000014A0 
Code CRC Value:     0xC371 
