0211A9020798E4FD7F0A1213A1E4FD7F
081213A1E4FD7F0B1213A1E4900104F0
2222FF0215A5AB07021786021491AF99
22FFFF021558E5B7540FFEAFB6D3EF94
01EE9400400774052FFFE43EFED3EF94
FFEE940F40047E0F7FFF22021734FFFF
FFFFFF020DB9EF131313541FFEEF5407
9000ABF0EE700743DF0143E70122EEB4
010743DF0243E70222EEB4020643DF04
43E70422EF8FF553B4EF22021060FFFF
FFFFFF020FB9FFFFFFFFFF020F12BB01
0689828A83E0225002E722BBFE02E322
89828A83E49322BB010CE58229F582E5
833AF583E0225006E92582F8E622BBFE
06E92582F8E222E58229F582E5833AF5
83E49322BB010689828A83F0225002F7
22BBFE01F322F8BB010DE58229F582E5
833AF583E8F0225006E92582C8F622BB
FE05E92582C8F222C5F0F8A3E028F0C5
F0F8E582158270021583E038F022A3F8
E0C5F025F0F0E582158270021583E0C8
38F0E822EF2BFFEE3AFEED39FDEC38FC
22E88FF0A4CC8BF0A42CFCE98EF0A42C
FC8AF0EDA42CFCEA8EF0A4CDA8F08BF0
A42DCC3825F0FDE98FF0A42CCD35F0FC
EB8EF0A4FEA9F0EB8FF0A4CFC5F02ECD
39FEE43CFCEAA42DCE35F0FDE43CFC22
75F008758200EF2FFFEE33FECD33CDCC
33CCC58233C5829BED9AEC99E5829840
0CF582EE9BFEED9AFDEC99FC0FD5F0D6
E4CEFBE4CDFAE4CCF9A88222B800C1B9
0059BA002DEC8BF084CFCECDFCE5F0CB
F97818EF2FFFEE33FEED33FDEC33FCEB
33FB10D703994004EB99FB0FD8E5E4F9
FA227818EF2FFFEE33FEED33FDEC33FC
C933C910D7059BE99A4007EC9BFCE99A
F90FD8E0E4C9FAE4CCFB2275F010EF2F
FFEE33FEED33FDCC33CCC833C810D707
9BEC9AE899400AED9BFDEC9AFCE899F8
0FD5F0DAE4CDFBE4CCFAE4C8F922EF4B
FFEE4AFEED49FDEC48FC22EB9FF5F0EA
9E42F0E99D42F0E89C45F022E8600FEC
C313FCED13FDEE13FEEF13FFD8F122E8
600FEFC333FFEE33FEED33FDEC33FCD8
F122BB010DE58229F582E5833AF58302
02F25007E92582F802040BBBFE07E925
82F8020417E58229F582E5833AF58302
0423E0FCA3E0FDA3E0FEA3E0FF22E0F8
A3E0F9A3E0FAA3E0FB227401FF3395E0
FEFDFCA3A3A3E0CF2FF0E58215827002
1583E0CE3EF0E582158270021583E0CD
3DF0E582158270021583E0CC3CF022EC
F0A3EDF0A3EEF0A3EFF022A8828583F0
D083D082120362120362120362120362
E473E493A3C583C5F0C583C8C582C8F0
A3C583C5F0C583C8C582C822E0FBA3E0
FAA3E0F922F8E0FBA3A3E0F925F0F0E5
82158270021583E0FA38F022EBF0A3EA
F0A3E9F022D083D082F8E49370127401
93700DA3A393F8740193F5828883E473
7402936860EFA3A3A380DFD083D082E4
937012740193700DA3A393F8740193F5
828883E4737402936C70127403936D70
0C7404936E70067405936F60DDA3A3A3
A3A3A380CA8A838982E473E6FC08E6FD
08E6FE08E6FF22E2FC08E2FD08E2FE08
E2FF22E493FC740193FD740293FE7403
93FF22E50824BEF582E43400F583E005
08229000BB3007039000BEE475F00112
03850200AE2000E97F2ED2008018EF54
0F2490D43440D4FF30040BEF24BFB41A
0050032461FFE50960021509050CE50C
7002050B30070E9000BBE475F0011203
85EF0200F40200267403D2078003E4C2
07F5089000BB12039CE4F509F50BF50C
E50960077F2012047680F5750AFFC201
C200C202C203C205C206C208120442FF
700D3007057F00120487AF0CAE0B22B4
255FC2D5C204120442FF24D0B40A0050
1A75F00A780930D50508B6FF0106C6A4
26F620D5047002D20380D924CFB41A00
EF5004C2E5D204020688D20180C6D200
80C0D20280BCD2D580BAD20580B47F20
1204762002077401B5090040F1120433
FF1204760204B0D208D2068095120433
FB120433FA120433F94A4B700679597A
077BFF20022EE509602A7E008E827583
001200C760060EEE650A70F0C2D5EBC0
E0EAC0E0E9C0E0EE1206CFD0E0F9D0E0
FAD0E0FB1200AEFF60AAEBC0E0EAC0E0
E9C0E0120476D0E02401F9D0E03400FA
D0E0FBE50A0460DCD50AD980877BFF7A
0679CBD202809C791080027908C206C2
088008D2D5790A8004790AC2D5E50A04
7002F50AE4FAFDFEFF120433FC7B0820
0113120433FD7B1030000A120433FE12
0433FF7B20EC3382D592D55013C3E430
00069FFFE49EFEE42001039DFDE49CFC
E4CBF8C201EC700CCFCECDCCE824F8F8
70F38017C3EF33FFEE33FEED33FDEC33
FCEB33FB994002FB0FD8E9EB300105F8
D0E0C448B201C0E00AEC4D4E4F78207B
0070C2EAB50A0040BCC0E01206D1D0F0
D0E0200104C4C0E0C4B201C0F012045F
D0F0D5F0EB0204B01203A5054D5305C7
58051E4C051A4205CB4F05D34405D349
05334305D95505BD4605BD4505BD4707
795005222D05262E05492B052A230547
2007622A04E248000005413F3F3F0079
0AA2D5200314300509B910020404B908
0104A2D52006025001042002689202B5
09005034C0E07F203003197F30A20272
067205500F120728C202C206C205C208
7F30800F300503E9C0E0120476300503
D0E0F9D0E0B509CC3005177F30B9100C
1204767F583004077F788003B9080312
04763002057F2D0204767F202008F87F
2B2006F322920280CF286E756C6C2900
D2011204333001F8C201780930D50108
F60204E22D504349581204332403B405
004001E490077493120467743A120467
D2037509040205C7C0E0C0F0C083C082
C0D075D000C000C001C002C003C004C0
05C006C0077F0C121631EF70030209B9
90C900E054FEF07F04121235E5AD20E2
FBE5F630E0FB75F6011200369000FDEE
F0A3EFF07BFF7A1779F09000FDE0FFA3
E09000BECFF0A3EFF012049EC39000FE
E094AC9000FDE0940D4019A3E094FF90
00FDE0940F500D9000FB7409F0A374C4
F002090DC39000FEE094809000FDE094
0C4019A3E094AC9000FDE0940D500D90
00FB7407F0A374D0F002090DC39000FE
E094B89000FDE0940B4018A3E0948090
00FDE0940C500C9000FB7407F0A304F0
02090DC39000FEE0948C9000FDE0940A
4018A3E094B89000FDE0940B500C9000
FB7406F0A37440F08073C39000FEE094
C49000FDE094094018A3E0948C9000FD
E0940A500C9000FB7405F0A37478F080
4CC39000FEE094989000FDE094084018
A3E094C49000FDE09409500C9000FB74
04F0A374B0F08025C39000FEE094D090
00FDE094074016A3E094989000FDE094
08500A9000FB7403F0A374E8F07F0212
1235E5AD20E2FBE5F630E0FB75F60112
00369000EDEEF0A3EFF07BFF7A1779F9
9000EDE0FFA3E09000BECFF0A3EFF012
049E9000FBE0FEA3E0FFC39000EEE09F
9000EDE09E4062A3E094FF9000EDE094
7F5056900104E014604504704C900105
E475F001120128900105E07004A3E064
02703690C90AE0E4F0A3E0E4F07D017F
0A1213A17D017F081213A17D017F0B12
13A19001047401F0A3E4F0A3F0800A90
C90AE0E4F0A3E0E4F090C900E04401F0
7F0C1215EFD007D006D005D004D003D0
02D001D000D0D0D082D083D0F0D0E032
44013D00000000440139000000004201
071F404200F4FA004200EB00004200ED
00004200FD00004200FB00644400FF00
0000004200E700004200E500004400F7
000000004200EF000042010500004200
E90000C10CC10D4200F100004100F300
410103004200E30000410104004100F6
00604800630000000000000000000000
00000000000000000000000000000000
00000000000000000000000000000000
00000000000000000000000000000000
00000000000000000000000000410141
00430142000000430145000000490115
00000000000000000049011E00000000
00000000004901270000000000000000
004C0109000000000000000000000000
41014800490130000000000000000000
41001B00410004004400000000000042
0005000042005D000242005F00004200
610000C10BC10AC109009000AB12033F
9000AF12034B0000000043F804E5F830
E5FB9091AAE0FFE4FCFDFE78101202AF
C004C005C006C007A3E0FFE4FCFDFE78
181202AFD003D002D001D00012027EC0
04C005C006C0079091A9E0FFE4FCFDFE
78081202AFD003D002D001D00012027E
A804A905AA06AB079091A8E0FFE4FCFD
FE12027E90013912033F7FC07E0A7D70
7C019001391202FED312028B50167F40
7E617D6C7C019001391202FEC312028B
4002801274FFFFFEFDFC9001391202FE
C312028B700C9000AF12034B02DC6C00
8015E47F02FEFDFC9001391202FE1201
619000AF12033F9000AB1202F21203CB
0C2600B71B000C1E00F424000C16016E
360000000C1E75EE01E47B02800E75EE
02E47B03800675EE03E47B04FAF9F890
00AF1202F21201EC90013D12033F53F8
FE53D9F822AC07EF131313541F9000AB
F0EF5407A3F0ED6060EC75F003A42463
F582E43400F58312039CD2AFD2A81215
EF9000ABE0FF7011A3E0FE7401A80608
8002C333D8FC42E922EFB401139000AC
E0FF7401A807088002C333D8FC42EA22
9000ABE06402705CA3E0FF7401A80708
8002C333D8FC42EB22C2A89000ABE0FF
7012A3E0FE7401A806088002C333D8FC
F452E922EFB401149000ACE0FF7401A8
07088002C333D8FCF452EA229000ABE0
B40211A3E0FF7401A807088002C333D8
FCF452EB22EF131313541FFEEF5407FF
ED604FEE701690C000C083C082E0FE74
01A807088002C333D8FC8033EEB40116
90C001C083C082E0FE7401A807088002
C333D8FC8019EE6402706D90C002C083
C082E0FE7401A807088002C333D8FC4E
8051EE701890C000C083C082E0FE7401
A807088002C333D8FCF45E8036EEB401
1890C001C083C082E0FE7401A8070880
02C333D8FCF45E801AEEB4021B90C002
C083C082E0FE7401A807088002C333D8
FCF45ED082D083F022C0E0C0F0C083C0
82C0D075D000C000C001C002C003C004
C005C006C00790C809E030E01790C808
E030E010A37401F090010912037CE94A
605D805890C809E030E11790C808E030
E110A37402F090010C12037CE94A603F
803A90C809E030E21790C808E030E210
A37404F090010F12037CE94A6021801C
90C809E030E31890C808E030E311A374
08F090011212037CE94A6003120405D0
07D006D005D004D003D002D001D000D0
D0D082D083D0F0D0E0329000AB12039C
90C9057407F0EF6401704FED24FE601C
14602E2402703D9000AB12037C900115
12039C90C904E04401F080289000AB12
037C90011812039C90C904E04402F080
139000AB12037C90011B12039C90C904
E04404F0D2AF43B80122ED24FE601B14
602C2402703B9000AB12037C90011512
039C90C904E044FEF0229000AB12037C
90011812039C90C904E044FDF0229000
AB12037C90011B12039C90C904E044FB
F022C0E0C0F0C083C082C0D075D000C0
00C001C002C003C004C005C006C00790
C905E030E01C90C904E030E015900115
12037CE94A600312040590C9057401F0
804C90C905E030E11C90C904E030E115
90011812037CE94A600312040590C905
7402F0802990C905E030E21C90C904E0
30E21590011B12037CE94A6003120405
90C9057404F0800690C9057407F0D007
D006D005D004D003D002D001D000D0D0
D082D083D0F0D0E032C0E0C0F0C083C0
82C0D075D000C000C001C002C003C004
C005C006C00790CA05E030E01C90CA04
E030E01590011E12037CE94A60031204
0590CA057401F0804C90CA05E030E11C
90CA04E030E11590012112037CE94A60
0312040590CA057402F0802990CA05E0
30E21C90CA04E030E21590012412037C
E94A600312040590CA057404F0800690
CA057407F0D007D006D005D004D003D0
02D001D000D0D0D082D083D0F0D0E032
C0E0C0F0C083C082C0D075D000C000C0
01C002C003C004C005C006C00790CB05
E030E01C90CB04E030E0159001271203
7CE94A600312040590CB057401F0804C
90CB05E030E11C90CB04E030E1159001
2A12037CE94A600312040590CB057402
F0802990CB05E030E21C90CB04E030E2
1590012D12037CE94A600312040590CB
057404F0800690CB057407F0D007D006
D005D004D003D002D001D000D0D0D082
D083D0F0D0E03290C018E4F07F081200
66E4FD7F081212AFE4FD7F081213287D
017F081213A190C01AE4F07F0A120066
E4FD7F0A1212AFE4FD7F0A1213287D01
7F0A1213A190C01BE4F07F0B120066E4
FD7F0B1212AFE4FD7F0B121328E4FD7F
0B1213A17F0C1200667D017F0C1212AF
E4FD7F0C1213287D017F0C120D057BFF
7A0079217D017F0C120C4553B0FE43B0
0190C01DE4F07F0D1200667D017F0D12
12AF7D017F0D020D05787FE4F6D8FD75
81210211F0021508E493A3F8E493A340
03F68001F208DFF48029E493A3F85407
240CC8C333C4540F4420C8834004F456
800146F6DFE4800B0102040810204080
9009E0E47E019360BCA3FF543F30E509
541FFEE493A360010ECF54C025E060A8
40B8E493A3FAE493A3F8E493A3C8C582
C8CAC583CAF0A3C8C582C8CAC583CADF
E9DEE780BEEF1203A5125501125F0212
6904127308127D10128720129140129B
80000012A5E5B454F04401F5B48049E5
B454F04402F5B4803FE5B454F04403F5
B48035E5B454F04404F5B4802BE5B454
F04405F5B48021E5B454F04406F5B480
17E5B454F04407F5B4800DE5B454F044
08F5B4800353B4F053ADFB43AD0422EF
131313541FFEEF5407FFED6034EE700D
04A807088002C333D8FC42F922EEB401
0E7401A807088002C333D8FC42FA22EE
6402704304A807088002C333D8FC42FB
22EE700E04A807088002C333D8FCF452
F922EEB4010F7401A807088002C333D8
FCF452FA22EEB4020E7401A807088002
C333D8FCF452FB22EF131313541FFEEF
5407FFED6034EE700D04A807088002C3
33D8FC429722EEB4010E7401A8070880
02C333D8FC42E522EE6402704304A807
088002C333D8FC42FC22EE700E04A807
088002C333D8FCF4529722EEB4010F74
01A807088002C333D8FCF452E522EEB4
020E7401A807088002C333D8FCF452FC
22EF131313541FFEEF5407FFED6034EE
700D04A807088002C333D8FC428022EE
B4010E7401A807088002C333D8FC4290
22EE6402704304A807088002C333D8FC
42A022EE700E04A807088002C333D8FC
F4528022EEB4010F7401A807088002C3
33D8FCF4529022EEB4020E7401A80708
8002C333D8FCF452A0229000AF12033F
E47F10FEFDFC9000B31202FE12016190
00B712033FE47B02FAF9F89000B71202
F21201EC9000AF1202FE1201549000B7
1202FE1201EC9000B712033F9000B712
02FEC3E49BFF74049AFEE499FDE498FC
9000B712033F9000B71202F278081202
9CAB079000B71202F2EB5403F5BA8FAA
22C0E0C0F0C083C082C0D075D000C000
C001C002C003C004C005C006C007E5C8
30E11053C8FD90013012037CE94A6003
120405E5C930E11053C9FD9001331203
7CE94A6003120405E5CA30E11053CAFD
90013612037CE94A6003120405D007D0
06D005D004D003D002D001D000D0D0D0
82D083D0F0D0E0321217DD1211071217
6D7D0F7C007F4C7E0412166C7BFF7A00
79067D017F01120E6A1217E89000AF74
01F07B047A00E4FD7F011216DC7F0312
17527F06120094E4FF1217AE7F011217
9C7F011217D180FEC0E0C0F0C083C082
C0D075D000C000C001C002C003C004C0
05C006C007E5F630E00D90014512037C
E94A600312040575F601D007D006D005
D004D003D002D001D000D0D0D082D083
D0F0D0E032C0E0C0F0C083C082C0D075
D000C000C001C002C003C004C005C006
C00730980F90014212037CE94A600312
0405C298D007D006D005D004D003D002
D001D000D0D0D082D083D0F0D0E032EF
131313541FFEEF5407FFEE700E04A807
088002C333D8FCF452E122EEB4010F74
01A807088002C333D8FCF452E222EEB4
020E7401A807088002C333D8FCF452E3
22EF131313541FFEEF5407FFEE700DE5
E1A807088002C313D8FC801CEEB4010D
E5E2A807088002C313D8FC800BE5E3A8
07088002C313D8FC5401FF22AB07AA06
43DF0843E70890C900E04440F0EC90C9
0DF0ED90C90CF0EB24FFEA34FF90C90F
F0EB1490C90EF090C9067401F090C905
E04401F0229000AB12033F43DE0143E6
01439E01E4900141F0C29FD29EC299C2
989000AB1202F29000B312033F90013D
1202F212141AD29C53F33F229000AFE0
6401702743DE1043E610EFC4333354C0
FFE5AC54BF4FF5ACE4F5FEF5FFEBF5FE
EAF5FFE5FD54FE4DF5FD2253DEEF53E6
EF2212002E90005FE475F00112013EFC
741C25F0F58274003CF583EFF090005C
7401F022C0E0C083C082E5A630E30990
01487401F075A32075A3FFD082D083D0
E03253F7F8EF24FC600B14600C240270
0B43F7032243F7042243F70522E49000
5CF0FF7EC27D01FC1216A57BFF7A1779
127F010217C074FFFDFC8F9920990AED
1DAE0470011C4E70F3C29922EFB40107
53ADFE53ADFD2243AD0243AD012243AC
20EF700553ACFD800343AC0253B5FE22
EFB4010AD2AFD2AC90014202039CC2AC
22EFB4010443AC012253ACFE227F007E
247DF47C00020B1A90C900E04401F022
61646A3A25640D0A006164633A25640D
0A00FFFF

---------- Code Information -----------
Code Entrance:      0x00000000 
Code Run Entrance:  0x00000000 
Code Size:          0x00001804 
Code CRC Value:     0x1234 
