020CC202065653F7F8EF24FC600B1460
0C2402700B43F7032243F7042243F705
2222FF021114AF9922FFFF020FAAFFFF
FFFFFF0210C7E5B7540FFEAFB6D3EF94
01EE9400400774052FFFE43EFED3EF94
FFEE940F40047E0F7FFF22021305FFFF
FFFFFF0208CEEF131313541FFEEF5407
9000C1F0EE700743DF0143E70122EEB4
010743DF0243E70222EEB4020643DF04
43E70422EF8FF553B4EF22020B75FFFF
FFFFFF020ACEFFFFFFFFFF020A27BB01
0689828A83E0225002E722BBFE02E322
89828A83E49322BB010CE58229F582E5
833AF583E0225006E92582F8E622BBFE
06E92582F8E222E58229F582E5833AF5
83E49322BB010689828A83F0225002F7
22BBFE01F322F8BB010DE58229F582E5
833AF583E8F0225006E92582C8F622BB
FE05E92582C8F222A3F8E0C5F025F0F0
E582158270021583E0C838F0E822EF2B
FFEE3AFEED39FDEC38FC22E88FF0A4CC
8BF0A42CFCE98EF0A42CFC8AF0EDA42C
FCEA8EF0A4CDA8F08BF0A42DCC3825F0
FDE98FF0A42CCD35F0FCEB8EF0A4FEA9
F0EB8FF0A4CFC5F02ECD39FEE43CFCEA
A42DCE35F0FDE43CFC2275F008758200
EF2FFFEE33FECD33CDCC33CCC58233C5
829BED9AEC99E58298400CF582EE9BFE
ED9AFDEC99FC0FD5F0D6E4CEFBE4CDFA
E4CCF9A88222B800C1B90059BA002DEC
8BF084CFCECDFCE5F0CBF97818EF2FFF
EE33FEED33FDEC33FCEB33FB10D70399
4004EB99FB0FD8E5E4F9FA227818EF2F
FFEE33FEED33FDEC33FCC933C910D705
9BE99A4007EC9BFCE99AF90FD8E0E4C9
FAE4CCFB2275F010EF2FFFEE33FEED33
FDCC33CCC833C810D7079BEC9AE89940
0AED9BFDEC9AFCE899F80FD5F0DAE4CD
FBE4CCFAE4C8F922EF4BFFEE4AFEED49
FDEC48FC22EB9FF5F0EA9E42F0E99D42
F0E89C45F022E8600FECC313FCED13FD
EE13FEEF13FFD8F122E8600FEFC333FF
EE33FEED33FDEC33FCD8F122BB010DE5
8229F582E5833AF5830202DC5007E925
82F80203F5BBFE07E92582F8020401E5
8229F582E5833AF58302040DE0FCA3E0
FDA3E0FEA3E0FF22E0F8A3E0F9A3E0FA
A3E0FB227401FF3395E0FEFDFCA3A3A3
E0CF2FF0E582158270021583E0CE3EF0
E582158270021583E0CD3DF0E5821582
70021583E0CC3CF022ECF0A3EDF0A3EE
F0A3EFF022A8828583F0D083D0821203
4C12034C12034C12034CE473E493A3C5
83C5F0C583C8C582C8F0A3C583C5F0C5
83C8C582C822E0FBA3E0FAA3E0F922F8
E0FBA3A3E0F925F0F0E5821582700215
83E0FA38F022EBF0A3EAF0A3E9F022D0
83D082F8E4937012740193700DA3A393
F8740193F5828883E4737402936860EF
A3A3A380DFD083D082E4937012740193
700DA3A393F8740193F5828883E47374
02936C70127403936D700C7404936E70
067405936F60DDA3A3A3A3A3A380CA8A
838982E473E6FC08E6FD08E6FE08E6FF
22E2FC08E2FD08E2FE08E2FF22E493FC
740193FD740293FE740393FF229000C1
1203299000C51203350000000043F804
E5F830E5FB9091AAE0FFE4FCFDFE7810
120299C004C005C006C007A3E0FFE4FC
FDFE7818120299D003D002D001D00012
0268C004C005C006C0079091A9E0FFE4
FCFDFE7808120299D003D002D001D000
120268A804A905AA06AB079091A8E0FF
E4FCFDFE1202689001031203297FC07E
0A7D707C019001031202E8D312027550
167F407E617D6C7C019001031202E8C3
1202754002801274FFFFFEFDFC900103
1202E8C3120275700C9000C512033502
DC6C008015E47F02FEFDFC9001031202
E812014B9000C51203299000C11202DC
1203B5052900B71B00052100F4240005
19016E36000000052175EE01E47B0280
0E75EE02E47B03800675EE03E47B04FA
F9F89000C51202DC1201D69001071203
2953F8FE53D9F8224401070000000044
0103000000004200B100004200B80000
4200B600C84200B300004200BF000042
00AF00004100BD004100BC004100AE00
4100BE004200BA00004100B500604800
63000000000000000000000000000000
00000000000000000000000000000000
00000000000000000000000000000000
00000000000000000000000000000000
00000000000000000041010B0043010C
00000043010F0000004900DF00000000
00000000004900E80000000000000000
004900F10000000000000000004C00D3
00000000000000000000000041011200
4900FA00000000000000000041001B00
41000400440000000000004200050000
42005D000242005F00004200610000C1
02C101C10000C0E0C0F0C083C082C0D0
75D000C000C001C002C003C004C005C0
06C0077F0C1211A0EF700302072F7F0C
12115E7F021212A39000B1EEF0A3EFF0
E4FD7F08120EBA9000B1E0FEA3E0FF12
10219000ADEFF0E0FF9000B5F0EF7003
02073F1213B29000ABEEF0A3EFF09000
BAEEF0A3EFF09000AEE0600FC39000AC
E094589000ABE0940240649000AEE060
23D39000ACE094149000ABE094054014
9000BCE06006A37403F080149000BD74
01F0800C9000BDE0C394035003E004F0
9000AE7401F012133C9000BCE07010A3
E0C3940340099000BC7401F012139690
00ABE4F0A3F0A3F07D017F08120EBAD0
07D006D005D004D003D002D001D000D0
D0D082D083D0F0D0E032AC07EF131313
541F9000C1F0EF5407A3F0ED6060EC75
F003A42463F582E43400F583120386D2
AFD2A812115E9000C1E0FF7011A3E0FE
7401A806088002C333D8FC42E922EFB4
01139000C2E0FF7401A807088002C333
D8FC42EA229000C1E06402705CA3E0FF
7401A807088002C333D8FC42EB22C2A8
9000C1E0FF7012A3E0FE7401A8060880
02C333D8FCF452E922EFB401149000C2
E0FF7401A807088002C333D8FCF452EA
229000C1E0B40211A3E0FF7401A80708
8002C333D8FCF452EB22EF131313541F
FEEF5407FFED604FEE701690C000C083
C082E0FE7401A807088002C333D8FC80
33EEB4011690C001C083C082E0FE7401
A807088002C333D8FC8019EE6402706D
90C002C083C082E0FE7401A807088002
C333D8FC4E8051EE701890C000C083C0
82E0FE7401A807088002C333D8FCF45E
8036EEB4011890C001C083C082E0FE74
01A807088002C333D8FCF45E801AEEB4
021B90C002C083C082E0FE7401A80708
8002C333D8FCF45ED082D083F022C0E0
C0F0C083C082C0D075D000C000C001C0
02C003C004C005C006C00790C809E030
E01790C808E030E010A37401F09000D3
120366E94A605D805890C809E030E117
90C808E030E110A37402F09000D61203
66E94A603F803A90C809E030E21790C8
08E030E210A37404F09000D9120366E9
4A6021801C90C809E030E31890C808E0
30E311A37408F09000DC120366E94A60
031203EFD007D006D005D004D003D002
D001D000D0D0D082D083D0F0D0E03290
00C112038690C9057407F0EF6401704F
ED24FE601C14602E2402703D9000C112
03669000DF12038690C904E04401F080
289000C11203669000E212038690C904
E04402F080139000C11203669000E512
038690C904E04404F0D2AF43B80122ED
24FE601B14602C2402703B9000C11203
669000DF12038690C904E044FEF02290
00C11203669000E212038690C904E044
FDF0229000C11203669000E512038690
C904E044FBF022C0E0C0F0C083C082C0
D075D000C000C001C002C003C004C005
C006C00790C905E030E01C90C904E030
E0159000DF120366E94A60031203EF90
C9057401F0804C90C905E030E11C90C9
04E030E1159000E2120366E94A600312
03EF90C9057402F0802990C905E030E2
1C90C904E030E2159000E5120366E94A
60031203EF90C9057404F0800690C905
7407F0D007D006D005D004D003D002D0
01D000D0D0D082D083D0F0D0E032C0E0
C0F0C083C082C0D075D000C000C001C0
02C003C004C005C006C00790CA05E030
E01C90CA04E030E0159000E8120366E9
4A60031203EF90CA057401F0804C90CA
05E030E11C90CA04E030E1159000EB12
0366E94A60031203EF90CA057402F080
2990CA05E030E21C90CA04E030E21590
00EE120366E94A60031203EF90CA0574
04F0800690CA057407F0D007D006D005
D004D003D002D001D000D0D0D082D083
D0F0D0E032C0E0C0F0C083C082C0D075
D000C000C001C002C003C004C005C006
C00790CB05E030E01C90CB04E030E015
9000F1120366E94A60031203EF90CB05
7401F0804C90CB05E030E11C90CB04E0
30E1159000F4120366E94A60031203EF
90CB057402F0802990CB05E030E21C90
CB04E030E2159000F7120366E94A6003
1203EF90CB057404F0800690CB057407
F0D007D006D005D004D003D002D001D0
00D0D0D082D083D0F0D0E03290C018E4
F07F08120066E4FD7F08120DC8E4FD7F
08120E417D017F08120EBA90C01AE4F0
7F0A120066E4FD7F0A120DC8E4FD7F0A
120E41E4FD7F0A120EBA90C01BE4F07F
0B120066E4FD7F0B120DC8E4FD7F0B12
0E41E4FD7F0B120EBA7F0C1200667D01
7F0C120DC8E4FD7F0C120E417D017F0C
12081A7BFF7A0079217D017F0C12075A
53B0FD43B00190C01C7420F0A3E4F07F
0D1200667D017F0D120DC87D017F0D02
081A787FE4F6D8FD758120020D090210
74E493A3F8E493A34003F68001F208DF
F48029E493A3F85407240CC8C333C454
0F4420C8834004F456800146F6DFE480
0B0102040810204080900548E47E0193
60BCA3FF543F30E509541FFEE493A360
010ECF54C025E060A840B8E493A3FAE4
93A3F8E493A3C8C582C8CAC583CAF0A3
C8C582C8CAC583CADFE9DEE780BEEF12
038F0D6E010D78020D82040D8C080D96
100DA0200DAA400DB48000000DBEE5B4
54F04401F5B48049E5B454F04402F5B4
803FE5B454F04403F5B48035E5B454F0
4404F5B4802BE5B454F04405F5B48021
E5B454F04406F5B48017E5B454F04407
F5B4800DE5B454F04408F5B4800353B4
F053ADFB43AD0422EF131313541FFEEF
5407FFED6034EE700D04A807088002C3
33D8FC42F922EEB4010E7401A8070880
02C333D8FC42FA22EE6402704304A807
088002C333D8FC42FB22EE700E04A807
088002C333D8FCF452F922EEB4010F74
01A807088002C333D8FCF452FA22EEB4
020E7401A807088002C333D8FCF452FB
22EF131313541FFEEF5407FFED6034EE
700D04A807088002C333D8FC429722EE
B4010E7401A807088002C333D8FC42E5
22EE6402704304A807088002C333D8FC
42FC22EE700E04A807088002C333D8FC
F4529722EEB4010F7401A807088002C3
33D8FCF452E522EEB4020E7401A80708
8002C333D8FCF452FC22EF131313541F
FEEF5407FFED6034EE700D04A8070880
02C333D8FC428022EEB4010E7401A807
088002C333D8FC429022EE6402704304
A807088002C333D8FC42A022EE700E04
A807088002C333D8FCF4528022EEB401
0F7401A807088002C333D8FCF4529022
EEB4020E7401A807088002C333D8FCF4
52A0229000C5120329E47F10FEFDFC90
00C91202E812014B9000CD120329E47B
02FAF9F89000CD1202DC1201D69000C5
1202E812013E9000CD1202E81201D690
00CD1203299000CD1202E8C3E49BFF74
049AFEE499FDE498FC9000CD12032990
00CD1202DC7808120286AB079000CD12
02DCEB5403F5BA8FAA22C0E0C0F0C083
C082C0D075D000C000C001C002C003C0
04C005C006C007E5C830E11053C8FD90
00FA120366E94A60031203EFE5C930E1
1053C9FD9000FD120366E94A60031203
EFE5CA30E11053CAFD900100120366E9
4A60031203EFD007D006D005D004D003
D002D001D000D0D0D082D083D0F0D0E0
32AD07AC06C3ED94FEEC947F4007E490
00BEF0FF229000B6E0FFA3E09000D1CF
F0A3EFF01212E59000BEE07015D39000
D2E09D9000D1E09C50149000BE7401F0
800CD3ED9FEC9E5005E49000BEF09000
BEE0FF221213CB120C1C1213237D177C
007FC47E091211DB7BFF7A1279C47D01
7F0112097F1213879000C57401F07B04
7A00E4FD7F0112124B7F031200067F06
120094E4FF1213647F011213527F0112
13BF1213A480FEC0E0C0F0C083C082C0
D075D000C000C001C002C003C004C005
C006C007E5F630E00D90010F120366E9
4A60031203EF75F601D007D006D005D0
04D003D002D001D000D0D0D082D083D0
F0D0E032C0E0C0F0C083C082C0D075D0
00C000C001C002C003C004C005C006C0
0730980F90010C120366E94A60031203
EFC298D007D006D005D004D003D002D0
01D000D0D0D082D083D0F0D0E032EF13
1313541FFEEF5407FFEE700E04A80708
8002C333D8FCF452E122EEB4010F7401
A807088002C333D8FCF452E222EEB402
0E7401A807088002C333D8FCF452E322
EF131313541FFEEF5407FFEE700DE5E1
A807088002C313D8FC801CEEB4010DE5
E2A807088002C313D8FC800BE5E3A807
088002C313D8FC5401FF22AB07AA0643
DF0843E70890C900E04440F0EC90C90D
F0ED90C90CF0EB24FFEA34FF90C90FF0
EB1490C90EF090C9067401F090C905E0
4401F0229000C112032943DE0143E601
439E01E490010BF0C29FD29EC299C298
9000C11202DC9000C912032990010712
02DC120F33D29C53F33F229000C5E064
01702743DE1043E610EFC4333354C0FF
E5AC54BF4FF5ACE4F5FEF5FFEBF5FEEA
F5FFE5FD54FE4DF5FD2253DEEF53E6EF
2212002690005FE475F001120128FC74
1C25F0F58274003CF583EFF090005C74
01F022120D4EE5AD20E2FBE5F630E0FB
75F601120036D3EF94FFEE940F40047E
0F7FFF22E49000BDF09000AEF09000BE
F09000B5F09000BCE06004E4F0800012
13A4021387D39000B7E094789000B6E0
9400400DA3E02488FF9000B6E034FFFE
22E4FEFF22C0E0C083C082E5A630E309
9001127401F075A32075A3FFD082D083
D0E032E490005CF0FF7EC27D01FC1212
147BFF7A1279817F0102137690C900E0
54FEF090C90AE4F0A3F090C900E04401
F022EFB4010753ADFE53ADFD2243AD02
43AD012243AC20EF700553ACFD800343
AC0253B5FE22EFB4010AD2AFD2AC9001
0C020386C2AC2290C900E054FEF090C9
0AE4F0A3F0227D017F0A120EBA7D017F
0B020EBAE4FD7F0A120EBAE4FD7F0B02
0EBA90C90AE0FDA3E0FCEDAE04FF22EF
B4010443AC012253ACFE227F007E367D
6E7C0102041DFFFF

---------- Code Information -----------
Code Entrance:      0x00000000 
Code Run Entrance:  0x00000000 
Code Size:          0x000013D8 
Code CRC Value:     0x1024 
