020D3602110053F7F8EF24FC600B1460
0C2402700B43F7032243F7042243F705
2222220211AFAF9922FFFF02101EFFFF
FFFFFF021162E5B7540FFEAFB6D3EF94
01EE9400400774052FFFE43EFED3EF94
FFEE940F40047E0F7FFF22021377FFFF
FFFFFF0208B0EF131313541FFEEF5407
9000CAF0EE700743DF0143E70122EEB4
010743DF0243E70222EEB4020643DF04
43E70422EF8FF553B4EF22020BFFFFFF
FFFFFF020B58FFFFFFFFFF020AB1BB01
0689828A83E0225002E722BBFE02E322
89828A83E49322BB010CE58229F582E5
833AF583E0225006E92582F8E622BBFE
06E92582F8E222E58229F582E5833AF5
83E49322BB010689828A83F0225002F7
22BBFE01F322F8BB010DE58229F582E5
833AF583E8F0225006E92582C8F622BB
FE05E92582C8F222C5F0F8A3E028F0C5
F0F8E582158270021583E038F022A3F8
E0C5F025F0F0E582158270021583E0C8
38F0E822EF2BFFEE3AFEED39FDEC38FC
22E88FF0A4CC8BF0A42CFCE98EF0A42C
FC8AF0EDA42CFCEA8EF0A4CDA8F08BF0
A42DCC3825F0FDE98FF0A42CCD35F0FC
EB8EF0A4FEA9F0EB8FF0A4CFC5F02ECD
39FEE43CFCEAA42DCE35F0FDE43CFC22
75F008758200EF2FFFEE33FECD33CDCC
33CCC58233C5829BED9AEC99E5829840
0CF582EE9BFEED9AFDEC99FC0FD5F0D6
E4CEFBE4CDFAE4CCF9A88222B800C1B9
0059BA002DEC8BF084CFCECDFCE5F0CB
F97818EF2FFFEE33FEED33FDEC33FCEB
33FB10D703994004EB99FB0FD8E5E4F9
FA227818EF2FFFEE33FEED33FDEC33FC
C933C910D7059BE99A4007EC9BFCE99A
F90FD8E0E4C9FAE4CCFB2275F010EF2F
FFEE33FEED33FDCC33CCC833C810D707
9BEC9AE899400AED9BFDEC9AFCE899F8
0FD5F0DAE4CDFBE4CCFAE4C8F922EF4B
FFEE4AFEED49FDEC48FC22EB9FF5F0EA
9E42F0E99D42F0E89C45F022E8600FEC
C313FCED13FDEE13FEEF13FFD8F122E8
600FEFC333FFEE33FEED33FDEC33FCD8
F122BB010DE58229F582E5833AF58302
02F25007E92582F802040BBBFE07E925
82F8020417E58229F582E5833AF58302
0423E0FCA3E0FDA3E0FEA3E0FF22E0F8
A3E0F9A3E0FAA3E0FB227401FF3395E0
FEFDFCA3A3A3E0CF2FF0E58215827002
1583E0CE3EF0E582158270021583E0CD
3DF0E582158270021583E0CC3CF022EC
F0A3EDF0A3EEF0A3EFF022A8828583F0
D083D082120362120362120362120362
E473E493A3C583C5F0C583C8C582C8F0
A3C583C5F0C583C8C582C822E0FBA3E0
FAA3E0F922F8E0FBA3A3E0F925F0F0E5
82158270021583E0FA38F022EBF0A3EA
F0A3E9F022D083D082F8E49370127401
93700DA3A393F8740193F5828883E473
7402936860EFA3A3A380DFD083D082E4
937012740193700DA3A393F8740193F5
828883E4737402936C70127403936D70
0C7404936E70067405936F60DDA3A3A3
A3A3A380CA8A838982E473E6FC08E6FD
08E6FE08E6FF22E2FC08E2FD08E2FE08
E2FF22E493FC740193FD740293FE7403
93FF229000CA12033F9000CE12034B00
00000043F804E5F830E5FB9091AAE0FF
E4FCFDFE78101202AFC004C005C006C0
07A3E0FFE4FCFDFE78181202AFD003D0
02D001D00012027EC004C005C006C007
9091A9E0FFE4FCFDFE78081202AFD003
D002D001D00012027EA804A905AA06AB
079091A8E0FFE4FCFDFE12027E90010A
12033F7FC07E0A7D707C0190010A1202
FED312028B50167F407E617D6C7C0190
010A1202FEC312028B4002801274FFFF
FEFDFC90010A1202FEC312028B700C90
00CE12034B02DC6C008015E47F02FEFD
FC90010A1202FE1201619000CE12033F
9000CA1202F21203CB053F00B71B0005
3700F42400052F016E36000000053775
EE01E47B02800E75EE02E47B03800675
EE03E47B04FAF9F89000CE1202F21201
EC90010E12033F53F8FE53D9F8224401
0E0000000044010A000000004200C81F
404200BCFA004200B300004200B50000
4200AF00004200AD00004200C203E844
00BE000000004200B700004200C60000
4200B10000C103C1044200B900004100
BB004100C4004200AB00004100C50060
48006300000000000000000000000000
00000000000000000000000000000000
00000000000000000000000000000000
00000000000000000000000000000000
00000000000000000000004101120043
01130000004301160000004900E60000
000000000000004900EF000000000000
0000004900F80000000000000000004C
00DA0000000000000000000000004101
19004901010000000000000000004100
1B004100040044000000000000420005
000042005D000242005F000042006100
00C102C101C10000AC07EF131313541F
9000CAF0EF5407A3F0ED6060EC75F003
A42463F582E43400F58312039CD2AFD2
A81211F99000CAE0FF7011A3E0FE7401
A806088002C333D8FC42E922EFB40113
9000CBE0FF7401A807088002C333D8FC
42EA229000CAE06402705CA3E0FF7401
A807088002C333D8FC42EB22C2A89000
CAE0FF7012A3E0FE7401A806088002C3
33D8FCF452E922EFB401149000CBE0FF
7401A807088002C333D8FCF452EA2290
00CAE0B40211A3E0FF7401A807088002
C333D8FCF452EB22EF131313541FFEEF
5407FFED604FEE701690C000C083C082
E0FE7401A807088002C333D8FC8033EE
B4011690C001C083C082E0FE7401A807
088002C333D8FC8019EE6402706D90C0
02C083C082E0FE7401A807088002C333
D8FC4E8051EE701890C000C083C082E0
FE7401A807088002C333D8FCF45E8036
EEB4011890C001C083C082E0FE7401A8
07088002C333D8FCF45E801AEEB4021B
90C002C083C082E0FE7401A807088002
C333D8FCF45ED082D083F022EF131313
541FFEEF5407FFED604FEE701690C005
C083C082E0FE7401A807088002C333D8
FC8033EEB4011690C006C083C082E0FE
7401A807088002C333D8FC8019EE6402
706D90C007C083C082E0FE7401A80708
8002C333D8FC4E8051EE701890C005C0
83C082E0FE7401A807088002C333D8FC
F45E8036EEB4011890C006C083C082E0
FE7401A807088002C333D8FCF45E801A
EEB4021B90C007C083C082E0FE7401A8
07088002C333D8FCF45ED082D083F022
C0E0C0F0C083C082C0D075D000C000C0
01C002C003C004C005C006C00790C809
E030E01790C808E030E010A37401F090
00DA12037CE94A605D805890C809E030
E11790C808E030E110A37402F09000DD
12037CE94A603F803A90C809E030E217
90C808E030E210A37404F09000E01203
7CE94A6021801C90C809E030E31890C8
08E030E311A37408F09000E312037CE9
4A6003120405D007D006D005D004D003
D002D001D000D0D0D082D083D0F0D0E0
329000CA12039C90C9057407F0EF6401
704FED24FE601C14602E2402703D9000
CA12037C9000E612039C90C904E04401
F080289000CA12037C9000E912039C90
C904E04402F080139000CA12037C9000
EC12039C90C904E04404F0D2AF43B801
22ED24FE601B14602C2402703B9000CA
12037C9000E612039C90C904E044FEF0
229000CA12037C9000E912039C90C904
E044FDF0229000CA12037C9000EC1203
9C90C904E044FBF0229000CA12039C90
CA057407F0EF6401704FED24FE601C14
602E2402703D9000CA12037C9000EF12
039C90CA04E04401F080289000CA1203
7C9000F212039C90CA04E04402F08013
9000CA12037C9000F512039C90CA04E0
4404F0D2AF43B80422ED24FE601B1460
2C2402703B9000CA12037C9000EF1203
9C90CA04E044FEF0229000CA12037C90
00F212039C90CA04E044FDF0229000CA
12037C9000F512039C90CA04E044FBF0
22C0E0C0F0C083C082C0D075D000C000
C001C002C003C004C005C006C00790C9
05E030E01C90C904E030E0159000E612
037CE94A600312040590C9057401F080
4C90C905E030E11C90C904E030E11590
00E912037CE94A600312040590C90574
02F0802990C905E030E21C90C904E030
E2159000EC12037CE94A600312040590
C9057404F0800690C9057407F0D007D0
06D005D004D003D002D001D000D0D0D0
82D083D0F0D0E032C0E0C0F0C083C082
C0D075D000C000C001C002C003C004C0
05C006C00790CA05E030E01C90CA04E0
30E0159000EF12037CE94A6003120405
90CA057401F0804C90CA05E030E11C90
CA04E030E1159000F212037CE94A6003
12040590CA057402F0802990CA05E030
E21C90CA04E030E2159000F512037CE9
4A600312040590CA057404F0800690CA
057407F0D007D006D005D004D003D002
D001D000D0D0D082D083D0F0D0E032C0
E0C0F0C083C082C0D075D000C000C001
C002C003C004C005C006C00790CB05E0
30E01C90CB04E030E0159000F812037C
E94A600312040590CB057401F0804C90
CB05E030E11C90CB04E030E1159000FB
12037CE94A600312040590CB057402F0
802990CB05E030E21C90CB04E030E215
9000FE12037CE94A600312040590CB05
7404F0800690CB057407F0D007D006D0
05D004D003D002D001D000D0D0D082D0
83D0F0D0E03290C018E4F07F08120066
E4FD7F08120E3CE4FD7F08120EB57D01
7F08120F2E90C01AE4F07F0A120066E4
FD7F0A120E3CE4FD7F0A120EB57D017F
0A120F2E7F0B1200667D017F0B120E3C
E4FD7F0B120EB57D017F0B1207487BFF
7A0079227D017F0B12068853AE7F43AE
4090C01C7420F0E4FD7F0C1207FC90C0
1DE4F07F0D1200667D017F0D120E3C7D
017F0D020748787FE4F6D8FD75812002
0D7D021095E493A3F8E493A34003F680
01F208DFF48029E493A3F85407240CC8
C333C4540F4420C8834004F456800146
F6DFE4800B010204081020408090055E
E47E019360BCA3FF543F30E509541FFE
E493A360010ECF54C025E060A840B8E4
93A3FAE493A3F8E493A3C8C582C8CAC5
83CAF0A3C8C582C8CAC583CADFE9DEE7
80BEEF1203A50DE2010DEC020DF6040E
00080E0A100E14200E1E400E28800000
0E32E5B454F04401F5B48049E5B454F0
4402F5B4803FE5B454F04403F5B48035
E5B454F04404F5B4802BE5B454F04405
F5B48021E5B454F04406F5B48017E5B4
54F04407F5B4800DE5B454F04408F5B4
800353B4F053ADFB43AD0422EF131313
541FFEEF5407FFED6034EE700D04A807
088002C333D8FC42F922EEB4010E7401
A807088002C333D8FC42FA22EE640270
4304A807088002C333D8FC42FB22EE70
0E04A807088002C333D8FCF452F922EE
B4010F7401A807088002C333D8FCF452
FA22EEB4020E7401A807088002C333D8
FCF452FB22EF131313541FFEEF5407FF
ED6034EE700D04A807088002C333D8FC
429722EEB4010E7401A807088002C333
D8FC42E522EE6402704304A807088002
C333D8FC42FC22EE700E04A807088002
C333D8FCF4529722EEB4010F7401A807
088002C333D8FCF452E522EEB4020E74
01A807088002C333D8FCF452FC22EF13
1313541FFEEF5407FFED6034EE700D04
A807088002C333D8FC428022EEB4010E
7401A807088002C333D8FC429022EE64
02704304A807088002C333D8FC42A022
EE700E04A807088002C333D8FCF45280
22EEB4010F7401A807088002C333D8FC
F4529022EEB4020E7401A807088002C3
33D8FCF452A0229000CE12033FE47F10
FEFDFC9000D21202FE1201619000D612
033FE47B02FAF9F89000D61202F21201
EC9000CE1202FE1201549000D61202FE
1201EC9000D612033F9000D61202FEC3
E49BFF74049AFEE499FDE498FC9000D6
12033F9000D61202F2780812029CAB07
9000D61202F2EB5403F5BA8FAA22C0E0
C0F0C083C082C0D075D000C000C001C0
02C003C004C005C006C007E5C830E110
53C8FD90010112037CE94A6003120405
E5C930E11053C9FD90010412037CE94A
6003120405E5CA30E11053CAFD900107
12037CE94A6003120405D007D006D005
D004D003D002D001D000D0D0D082D083
D0F0D0E0321213EF120CA61213957D0F
7C0074FFFFFE1212767BFF7A0079217D
017F011209611214047D0F7C007F647E
001212AF7BFF7A1379FA7D017F01120A
0912140C9000CE7401F07B047A00E4FD
7F0112131F7F031200067F06120094E4
FF1213C07F011213AE7F011213E380FE
C0E0C0F0C083C082C0D075D000C000C0
01C002C003C004C005C006C0077F0B12
123BEF601D7F02120DC2E5AD20E2FBE5
F630E0FB75F6011200369000B5EEF0A3
EFF07F0B1211F9D007D006D005D004D0
03D002D001D000D0D0D082D083D0F0D0
E032C0E0C0F0C083C082C0D075D000C0
00C001C002C003C004C005C006C007E5
F630E00D90011612037CE94A60031204
0575F601D007D006D005D004D003D002
D001D000D0D0D082D083D0F0D0E032C0
E0C0F0C083C082C0D075D000C000C001
C002C003C004C005C006C00730980F90
011312037CE94A6003120405C298D007
D006D005D004D003D002D001D000D0D0
D082D083D0F0D0E032EF131313541FFE
EF5407FFEE700E04A807088002C333D8
FCF452E122EEB4010F7401A807088002
C333D8FCF452E222EEB4020E7401A807
088002C333D8FCF452E322EF13131354
1FFEEF5407FFEE700DE5E1A807088002
C313D8FC801CEEB4010DE5E2A8070880
02C313D8FC800BE5E3A807088002C313
D8FC5401FF22AB07AA0643DF0843E708
90C900E04440F0EC90C90DF0ED90C90C
F0EB24FFEA34FF90C90FF0EB1490C90E
F090C9067401F090C905E04401F022AB
07AA0643DF2043E72090CA00E04440F0
EC90CA0DF0ED90CA0CF0EB24FFEA34FF
90CA0FF0EB1490CA0EF090CA067401F0
90CA05E04401F0229000CA12033F43DE
0143E601439E01E4900112F0C29FD29E
C299C2989000CA1202F29000D212033F
90010E1202F2120FA7D29C53F33F2290
00CEE06401702743DE1043E610EFC433
3354C0FFE5AC54BF4FF5ACE4F5FEF5FF
EBF5FEEAF5FFE5FD54FE4DF5FD2253DE
EF53E6EF2212002690005FE475F00112
013EFC741C25F0F58274003CF583EFF0
90005C7401F022C0E0C083C082E5A630
E3099001197401F075A32075A3FFD082
D083D0E032E490005CF0FF7EC27D01FC
1212E87BFF7A1379557F010213D2EFB4
010753ADFE53ADFD2243AD0243AD0122
43AC20EF700553ACFD800343AC0253B5
FE22EFB4010AD2AFD2AC90011302039C
C2AC22EFB4010443AC012253ACFE227F
007E247DF47C000204339000ABE475F0
0102012890C900E04401F02290CA00E0
4401F022

---------- Code Information -----------
Code Entrance:      0x00000000 
Code Run Entrance:  0x00000000 
Code Size:          0x00001414 
Code CRC Value:     0xFC63 
