020DD402043353F7F8EF24FC600B1460
0C2402700B43F7032243F7042243F705
2222FF0211D0AF9922FFFF0210BCFFFF
FFFFFF021183E5B7540FFEAFB6D3EF94
01EE9400400774052FFFE43EFED3EF94
FFEE940F40047E0F7FFF2202135FFFFF
FFFFFF0209E5EF131313541FFEEF5407
9000ABF0EE700743DF0143E70122EEB4
010743DF0243E70222EEB4020643DF04
43E70422EF8FF553B4EF22020C8CFFFF
FFFFFF020BE5FFFFFFFFFF020B3EBB01
0689828A83E0225002E722BBFE02E322
89828A83E49322BB010CE58229F582E5
833AF583E0225006E92582F8E622BBFE
06E92582F8E222E58229F582E5833AF5
83E49322BB010689828A83F0225002F7
22BBFE01F322F8BB010DE58229F582E5
833AF583E8F0225006E92582C8F622BB
FE05E92582C8F222C5F0F8A3E028F0C5
F0F8E582158270021583E038F022A3F8
E0C5F025F0F0E582158270021583E0C8
38F0E822EF2BFFEE3AFEED39FDEC38FC
22E88FF0A4CC8BF0A42CFCE98EF0A42C
FC8AF0EDA42CFCEA8EF0A4CDA8F08BF0
A42DCC3825F0FDE98FF0A42CCD35F0FC
EB8EF0A4FEA9F0EB8FF0A4CFC5F02ECD
39FEE43CFCEAA42DCE35F0FDE43CFC22
75F008758200EF2FFFEE33FECD33CDCC
33CCC58233C5829BED9AEC99E5829840
0CF582EE9BFEED9AFDEC99FC0FD5F0D6
E4CEFBE4CDFAE4CCF9A88222B800C1B9
0059BA002DEC8BF084CFCECDFCE5F0CB
F97818EF2FFFEE33FEED33FDEC33FCEB
33FB10D703994004EB99FB0FD8E5E4F9
FA227818EF2FFFEE33FEED33FDEC33FC
C933C910D7059BE99A4007EC9BFCE99A
F90FD8E0E4C9FAE4CCFB2275F010EF2F
FFEE33FEED33FDCC33CCC833C810D707
9BEC9AE899400AED9BFDEC9AFCE899F8
0FD5F0DAE4CDFBE4CCFAE4C8F922EF4B
FFEE4AFEED49FDEC48FC22EB9FF5F0EA
9E42F0E99D42F0E89C45F022E8600FEC
C313FCED13FDEE13FEEF13FFD8F122E8
600FEFC333FFEE33FEED33FDEC33FCD8
F122BB010DE58229F582E5833AF58302
02F25007E92582F802040BBBFE07E925
82F8020417E58229F582E5833AF58302
0423E0FCA3E0FDA3E0FEA3E0FF22E0F8
A3E0F9A3E0FAA3E0FB227401FF3395E0
FEFDFCA3A3A3E0CF2FF0E58215827002
1583E0CE3EF0E582158270021583E0CD
3DF0E582158270021583E0CC3CF022EC
F0A3EDF0A3EEF0A3EFF022A8828583F0
D083D082120362120362120362120362
E473E493A3C583C5F0C583C8C582C8F0
A3C583C5F0C583C8C582C822E0FBA3E0
FAA3E0F922F8E0FBA3A3E0F925F0F0E5
82158270021583E0FA38F022EBF0A3EA
F0A3E9F022D083D082F8E49370127401
93700DA3A393F8740193F5828883E473
7402936860EFA3A3A380DFD083D082E4
937012740193700DA3A393F8740193F5
828883E4737402936C70127403936D70
0C7404936E70067405936F60DDA3A3A3
A3A3A380CA8A838982E473E6FC08E6FD
08E6FE08E6FF22E2FC08E2FD08E2FE08
E2FF22E493FC740193FD740293FE7403
93FF22C0E0C0F0C083C082C0D075D000
C000C001C002C003C004C005C006C007
7F0C12125CEF70030206247D017F0812
0FCC7F02120E60E5AD20E2FBE5F630E0
FB75F6011200369000C7EEF0A3EFF090
C900E054FEF07F02120E60E5AD20E2FB
E5F630E0FB75F6011200369000CDEEF0
A3EFF0C39000CEE094AC9000CDE0940D
4019A3E094FF9000CDE0940F500D9000
CB7409F0A374C4F00205B4C39000CEE0
94809000CDE0940C4019A3E094AC9000
CDE0940D500D9000CB7407F0A374D0F0
0205B4C39000CEE094B89000CDE0940B
4018A3E094809000CDE0940C500C9000
CB7407F0A304F00205B4C39000CEE094
8C9000CDE0940A4018A3E094B89000CD
E0940B500C9000CB7406F0A37440F080
73C39000CEE094C49000CDE094094018
A3E0948C9000CDE0940A500C9000CB74
05F0A37478F0804CC39000CEE0949890
00CDE094084018A3E094C49000CDE094
09500C9000CB7404F0A374B0F08025C3
9000CEE094D09000CDE094074016A3E0
94989000CDE09408500A9000CB7403F0
A374E8F09000CBE0FEA3E0FFC39000C8
E09F9000C7E09E405BA3E094FF9000C7
E0947F504F9000CFE014603E04704590
00D0E475F0011201289000D0E07004A3
E06402702F90C90AE0E4F0A3E0E4F07D
017F0A120FCC7D017F0B120FCC9000CF
7401F0A3E4F0A3F0800A90C90AE0E4F0
A3E0E4F0E4FD7F08120FCC90C900E044
01F07F0C12121AD007D006D005D004D0
03D002D001D000D0D0D082D083D0F0D0
E0329000AB12033F9000AF12034B0000
000043F804E5F830E5FB9091AAE0FFE4
FCFDFE78101202AFC004C005C006C007
A3E0FFE4FCFDFE78181202AFD003D002
D001D00012027EC004C005C006C00790
91A9E0FFE4FCFDFE78081202AFD003D0
02D001D00012027EA804A905AA06AB07
9091A8E0FFE4FCFDFE12027E9000F612
033F7FC07E0A7D707C019000F61202FE
D312028B50167F407E617D6C7C019000
F61202FEC312028B4002801274FFFFFE
FDFC9000F61202FEC312028B700C9000
AF12034B02DC6C008015E47F02FEFDFC
9000F61202FE1201619000AF12033F90
00AB1202F21203CB075E00B71B000756
00F42400074E016E36000000075675EE
01E47B02800E75EE02E47B03800675EE
03E47B04FAF9F89000AF1202F21201EC
9000FA12033F53F8FE53D9F8224400FA
000000004400F6000000004200C70000
4200CD00004200CB00644100CF004200
D000004200C900006048006300000000
00000000000000000000000000000000
00000000000000000000000000000000
00000000000000000000000000000000
00000000000000000000000000000000
000000004100FE004300FF0000004301
020000004900D2000000000000000000
4900DB0000000000000000004900E400
00000000000000004C00BB0000000000
00000000000000410105004900ED0000
0000000000000041001B004100040044
000000000000420005000042005D0002
42005F00004200610000C102C101C100
00AC07EF131313541F9000ABF0EF5407
A3F0ED6060EC75F003A42463F582E434
00F58312039CD2AFD2A812121A9000AB
E0FF7011A3E0FE7401A806088002C333
D8FC42E922EFB401139000ACE0FF7401
A807088002C333D8FC42EA229000ABE0
6402705CA3E0FF7401A807088002C333
D8FC42EB22C2A89000ABE0FF7012A3E0
FE7401A806088002C333D8FCF452E922
EFB401149000ACE0FF7401A807088002
C333D8FCF452EA229000ABE0B40211A3
E0FF7401A807088002C333D8FCF452EB
22EF131313541FFEEF5407FFED604FEE
701690C000C083C082E0FE7401A80708
8002C333D8FC8033EEB4011690C001C0
83C082E0FE7401A807088002C333D8FC
8019EE6402706D90C002C083C082E0FE
7401A807088002C333D8FC4E8051EE70
1890C000C083C082E0FE7401A8070880
02C333D8FCF45E8036EEB4011890C001
C083C082E0FE7401A807088002C333D8
FCF45E801AEEB4021B90C002C083C082
E0FE7401A807088002C333D8FCF45ED0
82D083F022C0E0C0F0C083C082C0D075
D000C000C001C002C003C004C005C006
C00790C809E030E01790C808E030E010
A37401F09000BB12037CE94A605D8058
90C809E030E11790C808E030E110A374
02F09000BE12037CE94A603F803A90C8
09E030E21790C808E030E210A37404F0
9000C112037CE94A6021801C90C809E0
30E31890C808E030E311A37408F09000
C412037CE94A6003120405D007D006D0
05D004D003D002D001D000D0D0D082D0
83D0F0D0E0329000AB12039C90C90574
07F0EF6401704FED24FE601C14602E24
02703D9000AB12037C9000D212039C90
C904E04401F080289000AB12037C9000
D512039C90C904E04402F080139000AB
12037C9000D812039C90C904E04404F0
D2AF43B80122ED24FE601B14602C2402
703B9000AB12037C9000D212039C90C9
04E044FEF0229000AB12037C9000D512
039C90C904E044FDF0229000AB12037C
9000D812039C90C904E044FBF022C0E0
C0F0C083C082C0D075D000C000C001C0
02C003C004C005C006C00790C905E030
E01C90C904E030E0159000D212037CE9
4A600312040590C9057401F0804C90C9
05E030E11C90C904E030E1159000D512
037CE94A600312040590C9057402F080
2990C905E030E21C90C904E030E21590
00D812037CE94A600312040590C90574
04F0800690C9057407F0D007D006D005
D004D003D002D001D000D0D0D082D083
D0F0D0E032C0E0C0F0C083C082C0D075
D000C000C001C002C003C004C005C006
C00790CA05E030E01C90CA04E030E015
9000DB12037CE94A600312040590CA05
7401F0804C90CA05E030E11C90CA04E0
30E1159000DE12037CE94A6003120405
90CA057402F0802990CA05E030E21C90
CA04E030E2159000E112037CE94A6003
12040590CA057404F0800690CA057407
F0D007D006D005D004D003D002D001D0
00D0D0D082D083D0F0D0E032C0E0C0F0
C083C082C0D075D000C000C001C002C0
03C004C005C006C00790CB05E030E01C
90CB04E030E0159000E412037CE94A60
0312040590CB057401F0804C90CB05E0
30E11C90CB04E030E1159000E712037C
E94A600312040590CB057402F0802990
CB05E030E21C90CB04E030E2159000EA
12037CE94A600312040590CB057404F0
800690CB057407F0D007D006D005D004
D003D002D001D000D0D0D082D083D0F0
D0E03290C018E4F07F08120066E4FD7F
08120EDAE4FD7F08120F537D017F0812
0FCC90C01AE4F07F0A120066E4FD7F0A
120EDAE4FD7F0A120F537D017F0A120F
CC7F0B1200667D017F0B120EDAE4FD7F
0B120F537D017F0B1209317F0C120066
7D017F0C120EDAE4FD7F0C120F537D01
7F0C1209317BFF7A0079217D017F0C12
087153B0FD43B00190C01C7420F0A3E4
F07F0D1200667D017F0D120EDA7D017F
0D020931787FE4F6D8FD758120020E1B
021133E493A3F8E493A34003F68001F2
08DFF48029E493A3F85407240CC8C333
C4540F4420C8834004F456800146F6DF
E4800B010204081020408090077DE47E
019360BCA3FF543F30E509541FFEE493
A360010ECF54C025E060A840B8E493A3
FAE493A3F8E493A3C8C582C8CAC583CA
F0A3C8C582C8CAC583CADFE9DEE780BE
EF1203A50E80010E8A020E94040E9E08
0EA8100EB2200EBC400EC68000000ED0
E5B454F04401F5B48049E5B454F04402
F5B4803FE5B454F04403F5B48035E5B4
54F04404F5B4802BE5B454F04405F5B4
8021E5B454F04406F5B48017E5B454F0
4407F5B4800DE5B454F04408F5B48003
53B4F053ADFB43AD0422EF131313541F
FEEF5407FFED6034EE700D04A8070880
02C333D8FC42F922EEB4010E7401A807
088002C333D8FC42FA22EE6402704304
A807088002C333D8FC42FB22EE700E04
A807088002C333D8FCF452F922EEB401
0F7401A807088002C333D8FCF452FA22
EEB4020E7401A807088002C333D8FCF4
52FB22EF131313541FFEEF5407FFED60
34EE700D04A807088002C333D8FC4297
22EEB4010E7401A807088002C333D8FC
42E522EE6402704304A807088002C333
D8FC42FC22EE700E04A807088002C333
D8FCF4529722EEB4010F7401A8070880
02C333D8FCF452E522EEB4020E7401A8
07088002C333D8FCF452FC22EF131313
541FFEEF5407FFED6034EE700D04A807
088002C333D8FC428022EEB4010E7401
A807088002C333D8FC429022EE640270
4304A807088002C333D8FC42A022EE70
0E04A807088002C333D8FCF4528022EE
B4010F7401A807088002C333D8FCF452
9022EEB4020E7401A807088002C333D8
FCF452A0229000AF12033FE47F10FEFD
FC9000B31202FE1201619000B712033F
E47B02FAF9F89000B71202F21201EC90
00AF1202FE1201549000B71202FE1201
EC9000B712033F9000B71202FEC3E49B
FF74049AFEE499FDE498FC9000B71203
3F9000B71202F2780812029CAB079000
B71202F2EB5403F5BA8FAA22C0E0C0F0
C083C082C0D075D000C000C001C002C0
03C004C005C006C007E5C830E11053C8
FD9000ED12037CE94A6003120405E5C9
30E11053C9FD9000F012037CE94A6003
120405E5CA30E11053CAFD9000F31203
7CE94A6003120405D007D006D005D004
D003D002D001D000D0D0D082D083D0F0
D0E0321213EB120D3312137D7D0F7C00
7FB87E0B1212977BFF7A1379967D017F
01120A961213F69000AF7401F07B047A
00E4FD7F011213077F031200067F0612
0094E4FF1213BC7F011213AA7F011213
DF80FEC0E0C0F0C083C082C0D075D000
C000C001C002C003C004C005C006C007
E5F630E00D90010212037CE94A600312
040575F601D007D006D005D004D003D0
02D001D000D0D0D082D083D0F0D0E032
C0E0C0F0C083C082C0D075D000C000C0
01C002C003C004C005C006C00730980F
9000FF12037CE94A6003120405C298D0
07D006D005D004D003D002D001D000D0
D0D082D083D0F0D0E032EF131313541F
FEEF5407FFEE700E04A807088002C333
D8FCF452E122EEB4010F7401A8070880
02C333D8FCF452E222EEB4020E7401A8
07088002C333D8FCF452E322EF131313
541FFEEF5407FFEE700DE5E1A8070880
02C313D8FC801CEEB4010DE5E2A80708
8002C313D8FC800BE5E3A807088002C3
13D8FC5401FF22AB07AA0643DF0843E7
0890C900E04440F0EC90C90DF0ED90C9
0CF0EB24FFEA34FF90C90FF0EB1490C9
0EF090C9067401F090C905E04401F022
9000AB12033F43DE0143E601439E01E4
9000FEF0C29FD29EC299C2989000AB12
02F29000B312033F9000FA1202F21210
45D29C53F33F229000AFE06401702743
DE1043E610EFC4333354C0FFE5AC54BF
4FF5ACE4F5FEF5FFEBF5FEEAF5FFE5FD
54FE4DF5FD2253DEEF53E6EF22120026
90005FE475F00112013EFC741C25F0F5
8274003CF583EFF090005C7401F022C0
E0C083C082E5A630E3099001057401F0
75A32075A3FFD082D083D0E032E49000
5CF0FF7EC27D01FC1212D07BFF7A1379
3D7F010213CEE4FD7F0A120FCCE4FD7F
0B120FCCE49000CFF022EFB4010753AD
FE53ADFD2243AD0243AD012243AC20EF
700553ACFD800343AC0253B5FE22EFB4
010AD2AFD2AC9000FF02039CC2AC22EF
B4010443AC012253ACFE227F007E247D
F47C0002065290C900E04401F022FFFF

---------- Code Information -----------
Code Entrance:      0x00000000 
Code Run Entrance:  0x00000000 
Code Size:          0x00001400 
Code CRC Value:     0x5C28 
