020A55020AE190C905E030E00D7401F0
9000B1E475F0011201282290C900E044
01F022020DD543CA012222020CC553CA
FE22FF020D3C90C01CE4F07F0C120F44
E4FD7F0C120B5AE4FD7F0C120BD37D01
7F0C020C4C02002EFFFFFF020F90FFFF
FFFFFF02070B9000EAEEF0A3EFF090C0
1C7402F0EB700543CA40800353CABFED
F5CFECF5C79000EAE0FEA3E0F5C1EEF5
C243CA8022FFFFFFFFFFFF02090AFFFF
FFFFFF020863FFFFFFFFFF0207BCBB01
0689828A83E0225002E722BBFE02E322
89828A83E49322BB010CE58229F582E5
833AF583E0225006E92582F8E622BBFE
06E92582F8E222E58229F582E5833AF5
83E49322BB010689828A83F0225002F7
22BBFE01F322F8BB010DE58229F582E5
833AF583E8F0225006E92582C8F622BB
FE05E92582C8F222C5F0F8A3E028F0C5
F0F8E582158270021583E038F022A3F8
E0C5F025F0F0E582158270021583E0C8
38F0E822EF2BFFEE3AFEED39FDEC38FC
22E88FF0A4CC8BF0A42CFCE98EF0A42C
FC8AF0EDA42CFCEA8EF0A4CDA8F08BF0
A42DCC3825F0FDE98FF0A42CCD35F0FC
EB8EF0A4FEA9F0EB8FF0A4CFC5F02ECD
39FEE43CFCEAA42DCE35F0FDE43CFC22
75F008758200EF2FFFEE33FECD33CDCC
33CCC58233C5829BED9AEC99E5829840
0CF582EE9BFEED9AFDEC99FC0FD5F0D6
E4CEFBE4CDFAE4CCF9A88222B800C1B9
0059BA002DEC8BF084CFCECDFCE5F0CB
F97818EF2FFFEE33FEED33FDEC33FCEB
33FB10D703994004EB99FB0FD8E5E4F9
FA227818EF2FFFEE33FEED33FDEC33FC
C933C910D7059BE99A4007EC9BFCE99A
F90FD8E0E4C9FAE4CCFB2275F010EF2F
FFEE33FEED33FDCC33CCC833C810D707
9BEC9AE899400AED9BFDEC9AFCE899F8
0FD5F0DAE4CDFBE4CCFAE4C8F922EF4B
FFEE4AFEED49FDEC48FC22EB9FF5F0EA
9E42F0E99D42F0E89C45F022E8600FEC
C313FCED13FDEE13FEEF13FFD8F122E8
600FEFC333FFEE33FEED33FDEC33FCD8
F122BB010DE58229F582E5833AF58302
02F25007E92582F802040BBBFE07E925
82F8020417E58229F582E5833AF58302
0423E0FCA3E0FDA3E0FEA3E0FF22E0F8
A3E0F9A3E0FAA3E0FB227401FF3395E0
FEFDFCA3A3A3E0CF2FF0E58215827002
1583E0CE3EF0E582158270021583E0CD
3DF0E582158270021583E0CC3CF022EC
F0A3EDF0A3EEF0A3EFF022A8828583F0
D083D082120362120362120362120362
E473E493A3C583C5F0C583C8C582C8F0
A3C583C5F0C583C8C582C822E0FBA3E0
FAA3E0F922F8E0FBA3A3E0F925F0F0E5
82158270021583E0FA38F022EBF0A3EA
F0A3E9F022D083D082F8E49370127401
93700DA3A393F8740193F5828883E473
7402936860EFA3A3A380DFD083D082E4
937012740193700DA3A393F8740193F5
828883E4737402936C70127403936D70
0C7404936E70067405936F60DDA3A3A3
A3A3A380CA8A838982E473E6FC08E6FD
08E6FE08E6FF22E2FC08E2FD08E2FE08
E2FF22E493FC740193FD740293FE7403
93FF229000E812033F9000EC12034B00
00000043F804E5F830E5FB9091AAE0FF
E4FCFDFE78101202AFC004C005C006C0
07A3E0FFE4FCFDFE78181202AFD003D0
02D001D00012027EC004C005C006C007
9091A9E0FFE4FCFDFE78081202AFD003
D002D001D00012027EA804A905AA06AB
079091A8E0FFE4FCFDFE12027E9000F1
12033F7FC07E0A7D707C019000F11202
FED312028B50167F407E617D6C7C0190
00F11202FEC312028B4002801274FFFF
FEFDFC9000F11202FEC312028B700C90
00EC12034B02DC6C008015E47F02FEFD
FC9000F11202FE1201619000EC12033F
9000E81202F21203CB053F00B71B0005
3700F42400052F016E36000000053775
EE01E47B02800E75EE02E47B03800675
EE03E47B04FAF9F89000EC1202F21201
EC9000F512033F53F8FE53D9F8224400
F5000000004400F1000000004200B100
004100B7004200B300004200AB000042
00AF00004200B500004200AD00006048
00630000000000000000000000000000
00000000000000000000000000000000
00000000000000000000000000000000
00000000000000000000000000000000
000000000000000000004100F9004300
FA0000004300FD0000004900C4000000
0000000000004900CD00000000000000
00004900D60000000000000000004C00
B8000000000000000000000000410100
004900DF00000000000000000041001B
00410004004400000000000042000500
0042005D000242005F00004200610000
C102C101C10000EF131313541FFEEF54
07FFED604FEE701690C000C083C082E0
FE7401A807088002C333D8FC8033EEB4
011690C001C083C082E0FE7401A80708
8002C333D8FC8019EE6402706D90C002
C083C082E0FE7401A807088002C333D8
FC4E8051EE701890C000C083C082E0FE
7401A807088002C333D8FCF45E8036EE
B4011890C001C083C082E0FE7401A807
088002C333D8FCF45E801AEEB4021B90
C002C083C082E0FE7401A807088002C3
33D8FCF45ED082D083F022C0E0C0F0C0
83C082C0D075D000C000C001C002C003
C004C005C006C00790C809E030E01790
C808E030E010A37401F09000B812037C
E94A605D805890C809E030E11790C808
E030E110A37402F09000BB12037CE94A
603F803A90C809E030E21790C808E030
E210A37404F09000BE12037CE94A6021
801C90C809E030E31890C808E030E311
A37408F09000C112037CE94A60031204
05D007D006D005D004D003D002D001D0
00D0D0D082D083D0F0D0E032C0E0C0F0
C083C082C0D075D000C000C001C002C0
03C004C005C006C00790C905E030E01C
90C904E030E0159000C412037CE94A60
0312040590C9057401F0804C90C905E0
30E11C90C904E030E1159000C712037C
E94A600312040590C9057402F0802990
C905E030E21C90C904E030E2159000CA
12037CE94A600312040590C9057404F0
800690C9057407F0D007D006D005D004
D003D002D001D000D0D0D082D083D0F0
D0E032C0E0C0F0C083C082C0D075D000
C000C001C002C003C004C005C006C007
90CA05E030E01C90CA04E030E0159000
CD12037CE94A600312040590CA057401
F0804C90CA05E030E11C90CA04E030E1
159000D012037CE94A600312040590CA
057402F0802990CA05E030E21C90CA04
E030E2159000D312037CE94A60031204
0590CA057404F0800690CA057407F0D0
07D006D005D004D003D002D001D000D0
D0D082D083D0F0D0E032C0E0C0F0C083
C082C0D075D000C000C001C002C003C0
04C005C006C00790CB05E030E01C90CB
04E030E0159000D612037CE94A600312
040590CB057401F0804C90CB05E030E1
1C90CB04E030E1159000D912037CE94A
600312040590CB057402F0802990CB05
E030E21C90CB04E030E2159000DC1203
7CE94A600312040590CB057404F08006
90CB057407F0D007D006D005D004D003
D002D001D000D0D0D082D083D0F0D0E0
329000B1E0FFA3E09000E8CFF0A3EFF0
9000B7E0146019146034240270749000
E8E0FEA3E09000B5120FAEEF60768069
9000E8E0FEA3E09000AB120FAEEF6064
7D017F0C120C4C9000B77402F0229000
E8E0FEA3E0FF9000AF120FAFEF604512
0FC39000B4E02410FE9000B3E0342790
00B5F0A3CEF0C39000AEE094FF9000AD
E094FF5007E475F001120128E49000B7
F0227D017F0C120C4C9000E8E0FEA3E0
FF120D8922787FE4F6D8FD758120020A
9C020F16E493A3F8E493A34003F68001
F208DFF48029E493A3F85407240CC8C3
33C4540F4420C8834004F456800146F6
DFE4800B010204081020408090055EE4
7E019360BCA3FF543F30E509541FFEE4
93A360010ECF54C025E060A840B8E493
A3FAE493A3F8E493A3C8C582C8CAC583
CAF0A3C8C582C8CAC583CADFE9DEE780
BEC0E0C0F0C083C082C0D075D000C000
C001C002C003C004C005C006C0079000
F0E4F0F09000F0E0FFC394185031120E
A2BF01239000F0E075F003A42463F582
E43400F58312037CE94A600312040590
00F0E0FF120E1F9000F0E004F080C5D0
07D006D005D004D003D002D001D000D0
D0D082D083D0F0D0E032EF131313541F
FEEF5407FFED6034EE700D04A8070880
02C333D8FC42F922EEB4010E7401A807
088002C333D8FC42FA22EE6402704304
A807088002C333D8FC42FB22EE700E04
A807088002C333D8FCF452F922EEB401
0F7401A807088002C333D8FCF452FA22
EEB4020E7401A807088002C333D8FCF4
52FB22EF131313541FFEEF5407FFED60
34EE700D04A807088002C333D8FC4297
22EEB4010E7401A807088002C333D8FC
42E522EE6402704304A807088002C333
D8FC42FC22EE700E04A807088002C333
D8FCF4529722EEB4010F7401A8070880
02C333D8FCF452E522EEB4020E7401A8
07088002C333D8FCF452FC22EF131313
541FFEEF5407FFED6034EE700D04A807
088002C333D8FC428022EEB4010E7401
A807088002C333D8FC429022EE640270
4304A807088002C333D8FC42A022EE70
0E04A807088002C333D8FCF4528022EE
B4010F7401A807088002C333D8FCF452
9022EEB4020E7401A807088002C333D8
FCF452A022C0E0C0F0C083C082C0D075
D000C000C001C002C003C004C005C006
C007E5C830E11053C8FD9000DF12037C
E94A6003120405E5C930E11053C9FD90
00E212037CE94A6003120405E5CA30E1
1053CAFD9000E512037CE94A60031204
05D007D006D005D004D003D002D001D0
00D0D0D082D083D0F0D0E032C0E0C0F0
C083C082C0D075D000C000C001C002C0
03C004C005C006C007E5F630E00D9000
FD12037CE94A600312040575F601D007
D006D005D004D003D002D001D000D0D0
D082D083D0F0D0E0329000EAEEF0A3EF
F01200551200369000EAE0FEA3E0FF90
00B3EEF0A3EFF0243CFFE43E9000ABF0
A3EFF09000EBE02464FE9000EAE03400
9000AFF0A3CEF0E4FD7F0C120C4C9000
B77401F022C0E0C0F0C083C082C0D075
D000C000C001C002C003C004C005C006
C00730980F9000FA12037CE94A600312
0405C298D007D006D005D004D003D002
D001D000D0D0D082D083D0F0D0E032EF
131313541FFEEF5407FFEE700E04A807
088002C333D8FCF452E122EEB4010F74
01A807088002C333D8FCF452E222EEB4
020E7401A807088002C333D8FCF452E3
2290C01BE4F07F0B120F44E4FD7F0B12
0B5AE4FD7F0B120BD37D017F0B120C4C
1200367D017F0C120C4C90C01DE4F07F
0D120F447D017F0D120B5A7D017F0D02
0657EF131313541FFEEF5407FFEE700D
E5E1A807088002C313D8FC801CEEB401
0DE5E2A807088002C313D8FC800BE5E3
A807088002C313D8FC5401FF22AB07AA
0643DF0843E70890C900E04440F0EC90
C90DF0ED90C90CF0EB24FFEA34FF90C9
0FF0EB1490C90EF090C9067401F090C9
05E04401F022120FD6120E61120F72E4
FB7D907C017F807E3E12006612002EC2
AF9000B1E0FEA3E0FF120D8912000612
09B180F8EF131313541FFEEF54079000
ECF0EE700743DF0143E70122EEB40107
43DF0243E70222EEB4020643DF0443E7
04227D177C007F0A7E00120EDD90C904
E4F0A37407F090C90AE4F0A3F002001B
C0E0C083C082E5A630E3099001007401
F075A32075A3FFD082D083D0E032FFE0
FCA3E0FDC3EF9DEE9CC394807F005002
7F012212002AE4FB7D907C017F807E3E
1200660200267F007E247DF47C000204
33FFFFFF

---------- Code Information -----------
Code Entrance:      0x00000000 
Code Run Entrance:  0x00000000 
Code Size:          0x00000FE4 
Code CRC Value:     0xE75E 
