020FAE02043353F7F8EF24FC600B1460
0C2402700B43F7032243F7042243F705
22222202135AAF9922FFFF021296FFFF
FFFFFF02130DE5B7540FFEAFB6D3EF94
01EE9400400774052FFFE43EFED3EF94
FFEE940F40047E0F7FFF22021522FFFF
FFFFFF020B28EF131313541FFEEF5407
9000D0F0EE700743DF0143E70122EEB4
010743DF0243E70222EEB4020643DF04
43E70422EF8FF553B4EF22020E77FFFF
FFFFFF020DD0FFFFFFFFFF020D29BB01
0689828A83E0225002E722BBFE02E322
89828A83E49322BB010CE58229F582E5
833AF583E0225006E92582F8E622BBFE
06E92582F8E222E58229F582E5833AF5
83E49322BB010689828A83F0225002F7
22BBFE01F322F8BB010DE58229F582E5
833AF583E8F0225006E92582C8F622BB
FE05E92582C8F222C5F0F8A3E028F0C5
F0F8E582158270021583E038F022A3F8
E0C5F025F0F0E582158270021583E0C8
38F0E822EF2BFFEE3AFEED39FDEC38FC
22E88FF0A4CC8BF0A42CFCE98EF0A42C
FC8AF0EDA42CFCEA8EF0A4CDA8F08BF0
A42DCC3825F0FDE98FF0A42CCD35F0FC
EB8EF0A4FEA9F0EB8FF0A4CFC5F02ECD
39FEE43CFCEAA42DCE35F0FDE43CFC22
75F008758200EF2FFFEE33FECD33CDCC
33CCC58233C5829BED9AEC99E5829840
0CF582EE9BFEED9AFDEC99FC0FD5F0D6
E4CEFBE4CDFAE4CCF9A88222B800C1B9
0059BA002DEC8BF084CFCECDFCE5F0CB
F97818EF2FFFEE33FEED33FDEC33FCEB
33FB10D703994004EB99FB0FD8E5E4F9
FA227818EF2FFFEE33FEED33FDEC33FC
C933C910D7059BE99A4007EC9BFCE99A
F90FD8E0E4C9FAE4CCFB2275F010EF2F
FFEE33FEED33FDCC33CCC833C810D707
9BEC9AE899400AED9BFDEC9AFCE899F8
0FD5F0DAE4CDFBE4CCFAE4C8F922EF4B
FFEE4AFEED49FDEC48FC22EB9FF5F0EA
9E42F0E99D42F0E89C45F022E8600FEC
C313FCED13FDEE13FEEF13FFD8F122E8
600FEFC333FFEE33FEED33FDEC33FCD8
F122BB010DE58229F582E5833AF58302
02F25007E92582F802040BBBFE07E925
82F8020417E58229F582E5833AF58302
0423E0FCA3E0FDA3E0FEA3E0FF22E0F8
A3E0F9A3E0FAA3E0FB227401FF3395E0
FEFDFCA3A3A3E0CF2FF0E58215827002
1583E0CE3EF0E582158270021583E0CD
3DF0E582158270021583E0CC3CF022EC
F0A3EDF0A3EEF0A3EFF022A8828583F0
D083D082120362120362120362120362
E473E493A3C583C5F0C583C8C582C8F0
A3C583C5F0C583C8C582C822E0FBA3E0
FAA3E0F922F8E0FBA3A3E0F925F0F0E5
82158270021583E0FA38F022EBF0A3EA
F0A3E9F022D083D082F8E49370127401
93700DA3A393F8740193F5828883E473
7402936860EFA3A3A380DFD083D082E4
937012740193700DA3A393F8740193F5
828883E4737402936C70127403936D70
0C7404936E70067405936F60DDA3A3A3
A3A3A380CA8A838982E473E6FC08E6FD
08E6FE08E6FF22E2FC08E2FD08E2FE08
E2FF22E493FC740193FD740293FE7403
93FF22C0E0C0F0C083C082C0D075D000
C000C001C002C003C004C005C006C007
7F0B1213E6EF70030205767F0412103A
E5AD20E2FBE5F630E0FB75F601120036
9000C4EEF0A3EFF07F0212103AE5AD20
E2FBE5F630E0FB75F6019000C61202FE
C000C001C002C003120036E4FCFDD003
D002D001D0001201549000C612033F7F
0212103AE5AD20E2FBE5F630E0FB75F6
019000C61202FEC000C001C002C00312
0036E4FCFDD003D002D001D000120154
9000C612033FE47B02FAF9F89000C612
02F21201EC9000B5EEF0A3EFF09000C6
12034B000000009000C2E0FEA3E0FFC3
9000B6E09F9000B5E09E405AA3E094FF
9000B5E0947F504E9000CBE014603D04
70449000CCE475F0011201289000CCE0
7004A3E06402702E7D017F0A1211A67D
017F081211A690C90AE0E4F0A3E0E4F0
9000CB04F0A3E4F0A3F0800A90C90AE0
E4F0A3E0E4F07F0B1213A4D007D006D0
05D004D003D002D001D000D0D0D082D0
83D0F0D0E03244011400000000440110
000000004200CE1F404200BCFA004200
B300004200B500004200C400004200C2
00644400C6000000004200AF00004200
AD00004400BE000000004200B7000042
00CC00004200B10000C103C1044200B9
00004100BB004100CA004200AB000041
00CB0060480063000000000000000000
00000000000000000000000000000000
00000000000000000000000000000000
00000000000000000000000000000000
00000000000000000000000000000041
01180043011900000043011C00000049
00EC0000000000000000004900F50000
000000000000004900FE000000000000
0000004C00E000000000000000000000
000041011F0049010700000000000000
000041001B0041000400440000000000
00420005000042005D000242005F0000
4200610000C102C101C100009000D012
033F9000D412034B0000000043F804E5
F830E5FB9091AAE0FFE4FCFDFE781012
02AFC004C005C006C007A3E0FFE4FCFD
FE78181202AFD003D002D001D0001202
7EC004C005C006C0079091A9E0FFE4FC
FDFE78081202AFD003D002D001D00012
027EA804A905AA06AB079091A8E0FFE4
FCFDFE12027E90011012033F7FC07E0A
7D707C019001101202FED312028B5016
7F407E617D6C7C019001101202FEC312
028B4002801274FFFFFEFDFC90011012
02FEC312028B700C9000D412034B02DC
6C008015E47F02FEFDFC9001101202FE
1201619000D412033F9000D01202F212
03CB07D800B71B0007D000F4240007C8
016E3600000007D075EE01E47B02800E
75EE02E47B03800675EE03E47B04FAF9
F89000D41202F21201EC90011412033F
53F8FE53D9F8221215AE120F1E121540
7D0F7C007F987E081214217BFF7A1579
597D017F01120BD91215B97D0F7C007F
647E0012145A7BFF7A0079217D017F01
120C811215C19000D47401F07B047A00
E4FD7F011214CA7F031200067F061200
94E4FF12157F7F0112156D7F011215A2
C39000C5E094AC9000C4E0940D4015A3
E094FF9000C4E0940F5009E49000C2F0
A3F080DCC39000C5E094B89000C4E094
0B4018A3E094AC9000C4E0940D500C90
00C27403F0A374E8F080B5C39000C5E0
94C49000C4E094094018A3E094B89000
C4E0940B500C9000C27407F0A374D0F0
808EC39000C5E094D09000C4E0940750
03020860A3E094C49000C4E094094003
0208609000C2740BF0A374B8F0020860
AC07EF131313541F9000D0F0EF5407A3
F0ED6060EC75F003A42463F582E43400
F58312039CD2AFD2A81213A49000D0E0
FF7011A3E0FE7401A806088002C333D8
FC42E922EFB401139000D1E0FF7401A8
07088002C333D8FC42EA229000D0E064
02705CA3E0FF7401A807088002C333D8
FC42EB22C2A89000D0E0FF7012A3E0FE
7401A806088002C333D8FCF452E922EF
B401149000D1E0FF7401A807088002C3
33D8FCF452EA229000D0E0B40211A3E0
FF7401A807088002C333D8FCF452EB22
EF131313541FFEEF5407FFED604FEE70
1690C000C083C082E0FE7401A8070880
02C333D8FC8033EEB4011690C001C083
C082E0FE7401A807088002C333D8FC80
19EE6402706D90C002C083C082E0FE74
01A807088002C333D8FC4E8051EE7018
90C000C083C082E0FE7401A807088002
C333D8FCF45E8036EEB4011890C001C0
83C082E0FE7401A807088002C333D8FC
F45E801AEEB4021B90C002C083C082E0
FE7401A807088002C333D8FCF45ED082
D083F022EF131313541FFEEF5407FFED
604FEE701690C005C083C082E0FE7401
A807088002C333D8FC8033EEB4011690
C006C083C082E0FE7401A807088002C3
33D8FC8019EE6402706D90C007C083C0
82E0FE7401A807088002C333D8FC4E80
51EE701890C005C083C082E0FE7401A8
07088002C333D8FCF45E8036EEB40118
90C006C083C082E0FE7401A807088002
C333D8FCF45E801AEEB4021B90C007C0
83C082E0FE7401A807088002C333D8FC
F45ED082D083F022C0E0C0F0C083C082
C0D075D000C000C001C002C003C004C0
05C006C00790C809E030E01790C808E0
30E010A37401F09000E012037CE94A60
5D805890C809E030E11790C808E030E1
10A37402F09000E312037CE94A603F80
3A90C809E030E21790C808E030E210A3
7404F09000E612037CE94A6021801C90
C809E030E31890C808E030E311A37408
F09000E912037CE94A6003120405D007
D006D005D004D003D002D001D000D0D0
D082D083D0F0D0E0329000D012039C90
C9057407F0EF6401704FED24FE601C14
602E2402703D9000D012037C9000EC12
039C90C904E04401F080289000D01203
7C9000EF12039C90C904E04402F08013
9000D012037C9000F212039C90C904E0
4404F0D2AF43B80122ED24FE601B1460
2C2402703B9000D012037C9000EC1203
9C90C904E044FEF0229000D012037C90
00EF12039C90C904E044FDF0229000D0
12037C9000F212039C90C904E044FBF0
229000D012039C90CA057407F0EF6401
704FED24FE601C14602E2402703D9000
D012037C9000F512039C90CA04E04401
F080289000D012037C9000F812039C90
CA04E04402F080139000D012037C9000
FB12039C90CA04E04404F0D2AF43B804
22ED24FE601B14602C2402703B9000D0
12037C9000F512039C90CA04E044FEF0
229000D012037C9000F812039C90CA04
E044FDF0229000D012037C9000FB1203
9C90CA04E044FBF022C0E0C0F0C083C0
82C0D075D000C000C001C002C003C004
C005C006C00790C905E030E01C90C904
E030E0159000EC12037CE94A60031204
0590C9057401F0804C90C905E030E11C
90C904E030E1159000EF12037CE94A60
0312040590C9057402F0802990C905E0
30E21C90C904E030E2159000F212037C
E94A600312040590C9057404F0800690
C9057407F0D007D006D005D004D003D0
02D001D000D0D0D082D083D0F0D0E032
C0E0C0F0C083C082C0D075D000C000C0
01C002C003C004C005C006C00790CA05
E030E01C90CA04E030E0159000F51203
7CE94A600312040590CA057401F0804C
90CA05E030E11C90CA04E030E1159000
F812037CE94A600312040590CA057402
F0802990CA05E030E21C90CA04E030E2
159000FB12037CE94A600312040590CA
057404F0800690CA057407F0D007D006
D005D004D003D002D001D000D0D0D082
D083D0F0D0E032C0E0C0F0C083C082C0
D075D000C000C001C002C003C004C005
C006C00790CB05E030E01C90CB04E030
E0159000FE12037CE94A600312040590
CB057401F0804C90CB05E030E11C90CB
04E030E11590010112037CE94A600312
040590CB057402F0802990CB05E030E2
1C90CB04E030E21590010412037CE94A
600312040590CB057404F0800690CB05
7407F0D007D006D005D004D003D002D0
01D000D0D0D082D083D0F0D0E03290C0
18E4F07F08120066E4FD7F081210B4E4
FD7F0812112D7D017F081211A690C01A
E4F07F0A120066E4FD7F0A1210B4E4FD
7F0A12112D7D017F0A1211A67F0B1200
667D017F0B1210B4E4FD7F0B12112D7D
017F0B1209C07BFF7A0079227D017F0B
12090053AE7F43AE4090C01C7420F0E4
FD7F0C120A7490C01DE4F07F0D120066
7D017F0D1210B47D017F0D0209C0787F
E4F6D8FD758120020FF50207F7E493A3
F8E493A34003F68001F208DFF48029E4
93A3F85407240CC8C333C4540F4420C8
834004F456800146F6DFE4800B010204
0810204080900596E47E019360BCA3FF
543F30E509541FFEE493A360010ECF54
C025E060A840B8E493A3FAE493A3F8E4
93A3C8C582C8CAC583CAF0A3C8C582C8
CAC583CADFE9DEE780BEEF1203A5105A
01106402106E04107808108210108C20
10964010A080000010AAE5B454F04401
F5B48049E5B454F04402F5B4803FE5B4
54F04403F5B48035E5B454F04404F5B4
802BE5B454F04405F5B48021E5B454F0
4406F5B48017E5B454F04407F5B4800D
E5B454F04408F5B4800353B4F053ADFB
43AD0422EF131313541FFEEF5407FFED
6034EE700D04A807088002C333D8FC42
F922EEB4010E7401A807088002C333D8
FC42FA22EE6402704304A807088002C3
33D8FC42FB22EE700E04A807088002C3
33D8FCF452F922EEB4010F7401A80708
8002C333D8FCF452FA22EEB4020E7401
A807088002C333D8FCF452FB22EF1313
13541FFEEF5407FFED6034EE700D04A8
07088002C333D8FC429722EEB4010E74
01A807088002C333D8FC42E522EE6402
704304A807088002C333D8FC42FC22EE
700E04A807088002C333D8FCF4529722
EEB4010F7401A807088002C333D8FCF4
52E522EEB4020E7401A807088002C333
D8FCF452FC22EF131313541FFEEF5407
FFED6034EE700D04A807088002C333D8
FC428022EEB4010E7401A807088002C3
33D8FC429022EE6402704304A8070880
02C333D8FC42A022EE700E04A8070880
02C333D8FCF4528022EEB4010F7401A8
07088002C333D8FCF4529022EEB4020E
7401A807088002C333D8FCF452A02290
00D412033FE47F10FEFDFC9000D81202
FE1201619000DC12033FE47B02FAF9F8
9000DC1202F21201EC9000D41202FE12
01549000DC1202FE1201EC9000DC1203
3F9000DC1202FEC3E49BFF74049AFEE4
99FDE498FC9000DC12033F9000DC1202
F2780812029CAB079000DC1202F2EB54
03F5BA8FAA22C0E0C0F0C083C082C0D0
75D000C000C001C002C003C004C005C0
06C007E5C830E11053C8FD9001071203
7CE94A6003120405E5C930E11053C9FD
90010A12037CE94A6003120405E5CA30
E11053CAFD90010D12037CE94A600312
0405D007D006D005D004D003D002D001
D000D0D0D082D083D0F0D0E032C0E0C0
F0C083C082C0D075D000C000C001C002
C003C004C005C006C007E5F630E00D90
011C12037CE94A600312040575F601D0
07D006D005D004D003D002D001D000D0
D0D082D083D0F0D0E032C0E0C0F0C083
C082C0D075D000C000C001C002C003C0
04C005C006C00730980F90011912037C
E94A6003120405C298D007D006D005D0
04D003D002D001D000D0D0D082D083D0
F0D0E032EF131313541FFEEF5407FFEE
700E04A807088002C333D8FCF452E122
EEB4010F7401A807088002C333D8FCF4
52E222EEB4020E7401A807088002C333
D8FCF452E322EF131313541FFEEF5407
FFEE700DE5E1A807088002C313D8FC80
1CEEB4010DE5E2A807088002C313D8FC
800BE5E3A807088002C313D8FC5401FF
22AB07AA0643DF0843E70890C900E044
40F0EC90C90DF0ED90C90CF0EB24FFEA
34FF90C90FF0EB1490C90EF090C90674
01F090C905E04401F022AB07AA0643DF
2043E72090CA00E04440F0EC90CA0DF0
ED90CA0CF0EB24FFEA34FF90CA0FF0EB
1490CA0EF090CA067401F090CA05E044
01F0229000D012033F43DE0143E60143
9E01E4900118F0C29FD29EC299C29890
00D01202F29000D812033F9001141202
F212121FD29C53F33F229000D4E06401
702743DE1043E610EFC4333354C0FFE5
AC54BF4FF5ACE4F5FEF5FFEBF5FEEAF5
FFE5FD54FE4DF5FD2253DEEF53E6EF22
12002690005FE475F00112013EFC741C
25F0F58274003CF583EFF090005C7401
F022C0E0C083C082E5A630E30990011F
7401F075A32075A3FFD082D083D0E032
E490005CF0FF7EC27D01FC1214937BFF
7A1579007F01021591E4FD7F0A1211A6
E4FD7F081211A6E49000CBF022EFB401
0753ADFE53ADFD2243AD0243AD012243
AC20EF700553ACFD800343AC0253B5FE
22EFB4010AD2AFD2AC90011902039CC2
AC22EFB4010443AC012253ACFE227F00
7E247DF47C000206CC90C900E04401F0
2290CA00E04401F022FFFFFF

---------- Code Information -----------
Code Entrance:      0x00000000 
Code Run Entrance:  0x00000000 
Code Size:          0x000015CC 
Code CRC Value:     0xF05D 
