0211DF02092E53F7F8EF24FC600B1460
0C2402700B43F7032243F7042243F705
2222FF02163BAB070218B00214C7AF99
22FFFF0215EEE5B7540FFEAFB6D3EF94
01EE9400400774052FFFE43EFED3EF94
FFEE940F40047E0F7FFF22021863FFFF
FFFFFF020DEBEF131313541FFEEF5407
9000ABF0EE700743DF0143E70122EEB4
010743DF0243E70222EEB4020643DF04
43E70422EF8FF553B4EF22021092FFFF
FFFFFF020FEBFFFFFFFFFF020F44BB01
0689828A83E0225002E722BBFE02E322
89828A83E49322BB010CE58229F582E5
833AF583E0225006E92582F8E622BBFE
06E92582F8E222E58229F582E5833AF5
83E49322BB010689828A83F0225002F7
22BBFE01F322F8BB010DE58229F582E5
833AF583E8F0225006E92582C8F622BB
FE05E92582C8F222A3F8E0C5F025F0F0
E582158270021583E0C838F0E822BB01
0A89828A83E0F5F0A3E022500687F009
E71922BBFE07E3F5F009E3192289828A
83E493F5F074019322BB010789828A83
020458500B09C5F027F7C5F01937F722
BBFE0D09F8E325F0F3C5F019E338F322
F889828A8374019325F0C5F0F8E49338
22EF2BFFEE3AFEED39FDEC38FC22E88F
F0A4CC8BF0A42CFCE98EF0A42CFC8AF0
EDA42CFCEA8EF0A4CDA8F08BF0A42DCC
3825F0FDE98FF0A42CCD35F0FCEB8EF0
A4FEA9F0EB8FF0A4CFC5F02ECD39FEE4
3CFCEAA42DCE35F0FDE43CFC2275F008
758200EF2FFFEE33FECD33CDCC33CCC5
8233C5829BED9AEC99E58298400CF582
EE9BFEED9AFDEC99FC0FD5F0D6E4CEFB
E4CDFAE4CCF9A88222B800C1B90059BA
002DEC8BF084CFCECDFCE5F0CBF97818
EF2FFFEE33FEED33FDEC33FCEB33FB10
D703994004EB99FB0FD8E5E4F9FA2278
18EF2FFFEE33FEED33FDEC33FCC933C9
10D7059BE99A4007EC9BFCE99AF90FD8
E0E4C9FAE4CCFB2275F010EF2FFFEE33
FEED33FDCC33CCC833C810D7079BEC9A
E899400AED9BFDEC9AFCE899F80FD5F0
DAE4CDFBE4CCFAE4C8F922EF4BFFEE4A
FEED49FDEC48FC22EB9FF5F0EA9E42F0
E99D42F0E89C45F022E8600FECC313FC
ED13FDEE13FEEF13FFD8F122E8600FEF
C333FFEE33FEED33FDEC33FCD8F122BB
010DE58229F582E5833AF58302033F50
07E92582F802046EBBFE07E92582F802
047AE58229F582E5833AF583020486E0
FCA3E0FDA3E0FEA3E0FF22E0F8A3E0F9
A3E0FAA3E0FB227401FF3395E0FEFDFC
A3A3A3E0CF2FF0E582158270021583E0
CE3EF0E582158270021583E0CD3DF0E5
82158270021583E0CC3CF022ECF0A3ED
F0A3EEF0A3EFF022A8828583F0D083D0
821203AF1203AF1203AF1203AFE473E4
93A3C583C5F0C583C8C582C8F0A3C583
C5F0C583C8C582C822E0FBA3E0FAA3E0
F922F8E0FBA3A3E0F925F0F0E5821582
70021583E0FA38F022EBF0A3EAF0A3E9
F022D083D082F8E4937012740193700D
A3A393F8740193F5828883E473740293
6860EFA3A3A380DFD083D082E4937012
740193700DA3A393F8740193F5828883
E4737402936C70127403936D700C7404
936E70067405936F60DDA3A3A3A3A3A3
80CA8A838982E473C5F0F8A3E028F0C5
F0F8E582158270021583E038F022E6FC
08E6FD08E6FE08E6FF22E2FC08E2FD08
E2FE08E2FF22E493FC740193FD740293
FE740393FF22E50824AEF582E43400F5
83E00508229000AB3007039000AEE475
F0011203D20200AE2000E97F2ED20080
18EF540F2490D43440D4FF30040BEF24
BFB41A0050032461FFE5096002150905
0CE50C7002050B30070E9000ABE475F0
011203D2EF0200F40200267403D20780
03E4C207F5089000AB1203E9E4F509F5
0BF50CE50960077F201204D980F5750A
FFC201C200C202C203C205C206C20812
04A5FF700D3007057F001204EAAF0CAE
0B22B4255FC2D5C2041204A5FF24D0B4
0A00501A75F00A780930D50508B6FF01
06C6A426F620D5047002D20380D924CF
B41A00EF5004C2E5D2040206EBD20180
C6D20080C0D20280BCD2D580BAD20580
B47F201204D92002077401B5090040F1
120496FF1204D9020513D208D2068095
120496FB120496FA120496F94A4B7006
79BC7A077BFF20022EE509602A7E008E
827583001200C760060EEE650A70F0C2
D5EBC0E0EAC0E0E9C0E0EE120732D0E0
F9D0E0FAD0E0FB1200AEFF60AAEBC0E0
EAC0E0E9C0E01204D9D0E02401F9D0E0
3400FAD0E0FBE50A0460DCD50AD98087
7BFF7A07792ED202809C791080027908
C206C2088008D2D5790A8004790AC2D5
E50A047002F50AE4FAFDFEFF120496FC
7B08200113120496FD7B1030000A1204
96FE120496FF7B20EC3382D592D55013
C3E43000069FFFE49EFEE42001039DFD
E49CFCE4CBF8C201EC700CCFCECDCCE8
24F8F870F38017C3EF33FFEE33FEED33
FDEC33FCEB33FB994002FB0FD8E9EB30
0105F8D0E0C448B201C0E00AEC4D4E4F
78207B0070C2EAB50A0040BCC0E01207
34D0F0D0E0200104C4C0E0C4B201C0F0
1204C2D0F0D5F0EB0205131203F205B0
53062A5805814C057D42062E4F063644
063649059643063C5506204606204506
204707DC5005852D05892E05AC2B058D
2305AA2007C52A054548000005A43F3F
3F00790AA2D5200314300509B9100204
04B9080104A2D5200602500104200268
9202B509005034C0E07F203003197F30
A20272067205500F12078BC202C206C2
05C2087F30800F300503E9C0E01204D9
300503D0E0F9D0E0B509CC3005177F30
B9100C1204D97F583004077F788003B9
08031204D93002057F2D0204D97F2020
08F87F2B2006F322920280CF286E756C
6C2900D2011204963001F8C201780930
D50108F60205452D5043495812049624
03B405004001E49007D7931204CA743A
1204CAD20375090402062A44012B0000
0000440127000000004200E200004200
EB00004200E900C84200E400004200F5
00004200E000004100F1004100F00041
00D8004100F2004200EE00004100E800
4100D7004100DF004100ED004200E600
004200DD00004200DB00004200D90000
4200F300006048006300000000000000
00000000000000000000000000000000
00000000000000000000000000000000
00000000000000000000000000000000
00000000000000000000000000000000
0041012F004301300000004301330000
0049010300000000000000000049010C
00000000000000000049011500000000
00000000004C00F70000000000000000
000000004101360049011E0000000000
0000000041001B004100040044000000
000000420005000042005D000242005F
00004200610000C10BC10AC10900C0E0
C0F0C083C082C0D075D000C000C001C0
02C003C004C005C006C0077F0C1216C7
EF7003020A3D7F0C1216857B017A0079
E61218C67F021218229000E2EEF0A3EF
F0E4FD7F081213D79000E2E0FEA3E0FF
12159B9000E8EFF0700F7B017A0079DB
1218C6E4FD7F03803512193A9000D3EE
F0A3EFF09000EEEEF0A3EFF09000D8E0
6021C39000D4E094589000D3E0940250
127B017A0079DD1218C6E4FD7F021217
DE80719000D8E06023D39000D4E09414
9000D3E0940540149000F0E06006A374
03F080149000F17401F0800C9000F1E0
C394035003E004F09000D87401F01218
9A7B017A0079D91218C69000F0E07016
A3E0C39403400F9000F07401F012191E
7D017F058004E4FD7F041217DE7D017F
081213D7D007D006D005D004D003D002
D001D000D0D0D082D083D0F0D0E03290
00AB12038C9000AF1203980000000043
F804E5F830E5FB9091AAE0FFE4FCFDFE
78101202FCC004C005C006C007A3E0FF
E4FCFDFE78181202FCD003D002D001D0
001202CBC004C005C006C0079091A9E0
FFE4FCFDFE78081202FCD003D002D001
D0001202CBA804A905AA06AB079091A8
E0FFE4FCFDFE1202CB90012712038C7F
C07E0A7D707C0190012712034BD31202
D850167F407E617D6C7C019001271203
4BC31202D84002801274FFFFFEFDFC90
012712034BC31202D8700C9000AF1203
9802DC6C008015E47F02FEFDFC900127
12034B1201AE9000AF12038C9000AB12
033F1204180B6B00B71B000B6300F424
000B5B016E360000000B6375EE01E47B
02800E75EE02E47B03800675EE03E47B
04FAF9F89000AF12033F12023990012B
12038C53F8FE53D9F8229000D7E07003
020C76E4F01218437BFF7A19795E9000
E2E0FDA3E09000AECDF0A3EDF09000EB
E0FDA3E09000B0CDF0A3EDF09000E9E0
FDA3E09000B2CDF0A3EDF0A3E4F0A374
78F0A3EEF0A3EFF09000EEE0FFA3E090
00B8CFF0A3EFF09000F1E0FF9000BAE4
F0A3EFF09000F0E0FF9000BCE4F0A3EF
F09000F2E0FF9000BEE4F0A3EFF09000
E8E0FF9000C0E4F0A3EFF09000E6E0FF
A3E09000C2CFF0A3EFF09000DDE0FFA3
E09000C4CFF0A3EFF09000DBE0FFA3E0
9000C6CFF0A3EFF09000D9E0FFA3E090
00C8CFF0A3EFF09000F3E0FFA3E09000
CACFF0A3EFF09000EDE0FF9000CCE4F0
A3EFF012050122AC07EF131313541F90
00ABF0EF5407A3F0ED6060EC75F003A4
2463F582E43400F5831203E9D2AFD2A8
1216859000ABE0FF7011A3E0FE7401A8
06088002C333D8FC42E922EFB4011390
00ACE0FF7401A807088002C333D8FC42
EA229000ABE06402705CA3E0FF7401A8
07088002C333D8FC42EB22C2A89000AB
E0FF7012A3E0FE7401A806088002C333
D8FCF452E922EFB401149000ACE0FF74
01A807088002C333D8FCF452EA229000
ABE0B40211A3E0FF7401A807088002C3
33D8FCF452EB22EF131313541FFEEF54
07FFED604FEE701690C000C083C082E0
FE7401A807088002C333D8FC8033EEB4
011690C001C083C082E0FE7401A80708
8002C333D8FC8019EE6402706D90C002
C083C082E0FE7401A807088002C333D8
FC4E8051EE701890C000C083C082E0FE
7401A807088002C333D8FCF45E8036EE
B4011890C001C083C082E0FE7401A807
088002C333D8FCF45E801AEEB4021B90
C002C083C082E0FE7401A807088002C3
33D8FCF45ED082D083F022C0E0C0F0C0
83C082C0D075D000C000C001C002C003
C004C005C006C00790C809E030E01790
C808E030E010A37401F09000F71203C9
E94A605D805890C809E030E11790C808
E030E110A37402F09000FA1203C9E94A
603F803A90C809E030E21790C808E030
E210A37404F09000FD1203C9E94A6021
801C90C809E030E31890C808E030E311
A37408F09001001203C9E94A60031204
52D007D006D005D004D003D002D001D0
00D0D0D082D083D0F0D0E0329000AB12
03E990C9057407F0EF6401704FED24FE
601C14602E2402703D9000AB1203C990
01031203E990C904E04401F080289000
AB1203C99001061203E990C904E04402
F080139000AB1203C99001091203E990
C904E04404F0D2AF43B80122ED24FE60
1B14602C2402703B9000AB1203C99001
031203E990C904E044FEF0229000AB12
03C99001061203E990C904E044FDF022
9000AB1203C99001091203E990C904E0
44FBF022C0E0C0F0C083C082C0D075D0
00C000C001C002C003C004C005C006C0
0790C905E030E01C90C904E030E01590
01031203C9E94A600312045290C90574
01F0804C90C905E030E11C90C904E030
E1159001061203C9E94A600312045290
C9057402F0802990C905E030E21C90C9
04E030E2159001091203C9E94A600312
045290C9057404F0800690C9057407F0
D007D006D005D004D003D002D001D000
D0D0D082D083D0F0D0E032C0E0C0F0C0
83C082C0D075D000C000C001C002C003
C004C005C006C00790CA05E030E01C90
CA04E030E01590010C1203C9E94A6003
12045290CA057401F0804C90CA05E030
E11C90CA04E030E11590010F1203C9E9
4A600312045290CA057402F0802990CA
05E030E21C90CA04E030E21590011212
03C9E94A600312045290CA057404F080
0690CA057407F0D007D006D005D004D0
03D002D001D000D0D0D082D083D0F0D0
E032C0E0C0F0C083C082C0D075D000C0
00C001C002C003C004C005C006C00790
CB05E030E01C90CB04E030E015900115
1203C9E94A600312045290CB057401F0
804C90CB05E030E11C90CB04E030E115
9001181203C9E94A600312045290CB05
7402F0802990CB05E030E21C90CB04E0
30E21590011B1203C9E94A6003120452
90CB057404F0800690CB057407F0D007
D006D005D004D003D002D001D000D0D0
D082D083D0F0D0E03290C018E4F07F08
120066E4FD7F081212E5E4FD7F081213
5E7D017F081213D790C01AE4F07F0A12
0066E4FD7F0A1212E5E4FD7F0A12135E
E4FD7F0A1213D790C01BE4F07F0B1200
66E4FD7F0B1212E5E4FD7F0B12135EE4
FD7F0B1213D77F0C1200667D017F0C12
12E5E4FD7F0C12135E7D017F0C120D37
7BFF7A0079217D017F0C120C7753B0FD
43B00190C01C7420F0A3E4F07F0D1200
667D017F0D1212E57D017F0D020D3778
7FE4F6D8FD75812102122602153EE493
A3F8E493A34003F68001F208DFF48029
E493A3F85407240CC8C333C4540F4420
C8834004F456800146F6DFE4800B0102
0408102040809007FBE47E019360BCA3
FF543F30E509541FFEE493A360010ECF
54C025E060A840B8E493A3FAE493A3F8
E493A3C8C582C8CAC583CAF0A3C8C582
C8CAC583CADFE9DEE780BEEF1203F212
8B01129502129F0412A90812B31012BD
2012C74012D180000012DBE5B454F044
01F5B48049E5B454F04402F5B4803FE5
B454F04403F5B48035E5B454F04404F5
B4802BE5B454F04405F5B48021E5B454
F04406F5B48017E5B454F04407F5B480
0DE5B454F04408F5B4800353B4F053AD
FB43AD0422EF131313541FFEEF5407FF
ED6034EE700D04A807088002C333D8FC
42F922EEB4010E7401A807088002C333
D8FC42FA22EE6402704304A807088002
C333D8FC42FB22EE700E04A807088002
C333D8FCF452F922EEB4010F7401A807
088002C333D8FCF452FA22EEB4020E74
01A807088002C333D8FCF452FB22EF13
1313541FFEEF5407FFED6034EE700D04
A807088002C333D8FC429722EEB4010E
7401A807088002C333D8FC42E522EE64
02704304A807088002C333D8FC42FC22
EE700E04A807088002C333D8FCF45297
22EEB4010F7401A807088002C333D8FC
F452E522EEB4020E7401A807088002C3
33D8FCF452FC22EF131313541FFEEF54
07FFED6034EE700D04A807088002C333
D8FC428022EEB4010E7401A807088002
C333D8FC429022EE6402704304A80708
8002C333D8FC42A022EE700E04A80708
8002C333D8FCF4528022EEB4010F7401
A807088002C333D8FCF4529022EEB402
0E7401A807088002C333D8FCF452A022
9000AF12038CE47F10FEFDFC9000B312
034B1201AE9000B712038CE47B02FAF9
F89000B712033F1202399000AF12034B
1201A19000B712034B1202399000B712
038C9000B712034BC3E49BFF74049AFE
E499FDE498FC9000B712038C9000B712
033F78081202E9AB079000B712033FEB
5403F5BA8FAA22C0E0C0F0C083C082C0
D075D000C000C001C002C003C004C005
C006C007E5C830E11053C8FD90011E12
03C9E94A6003120452E5C930E11053C9
FD9001211203C9E94A6003120452E5CA
30E11053CAFD9001241203C9E94A6003
120452D007D006D005D004D003D002D0
01D000D0D0D082D083D0F0D0E0321219
531211391218817D177C007FC47E0912
17027BFF7A1779727D017F01120E9C12
190F9000AF7401F07B047A00E4FD7F01
1217A87F031200067F06120094E4FF12
18EC7F011218DA7F0112194712192C7D
017F011217DE120B8A80FBAD07AC06C3
ED94FEEC947F4007E49000F2F0FF2290
00E9E0FFA3E09000D5CFF0A3EFF01218
439000F2E07015D39000D6E09D9000D5
E09C50149000F27401F0800CD3ED9FEC
9E5005E49000F2F09000F2E0FF22C0E0
C0F0C083C082C0D075D000C000C001C0
02C003C004C005C006C007E5F630E00D
9001331203C9E94A600312045275F601
D007D006D005D004D003D002D001D000
D0D0D082D083D0F0D0E032C0E0C0F0C0
83C082C0D075D000C000C001C002C003
C004C005C006C00730980F9001301203
C9E94A6003120452C298D007D006D005
D004D003D002D001D000D0D0D082D083
D0F0D0E032EF131313541FFEEF5407FF
EE700E04A807088002C333D8FCF452E1
22EEB4010F7401A807088002C333D8FC
F452E222EEB4020E7401A807088002C3
33D8FCF452E322EF131313541FFEEF54
07FFEE700DE5E1A807088002C313D8FC
801CEEB4010DE5E2A807088002C313D8
FC800BE5E3A807088002C313D8FC5401
FF22AB07AA0643DF0843E70890C900E0
4440F0EC90C90DF0ED90C90CF0EB24FF
EA34FF90C90FF0EB1490C90EF090C906
7401F090C905E04401F0229000AB1203
8C43DE0143E601439E01E490012FF0C2
9FD29EC299C2989000AB12033F9000B3
12038C90012B12033F121450D29C53F3
3F22E49000F1F09000D8F09000F2F090
00E8F07B017A0079F31218C69000F0E0
6009E4F012192C7D01800512192CE4FD
7F061217DE02190F9000AFE064017027
43DE1043E610EFC4333354C0FFE5AC54
BF4FF5ACE4F5FEF5FFEBF5FEEAF5FFE5
FD54FE4DF5FD2253DEEF53E6EF229000
EDEFF0ED6006E49000DF800D9000DFE0
04F0E0C394644007E4F09000D704F022
12002E90005FE475F001120128FC741C
25F0F58274003CF583EFF090005C7401
F02212126BE5AD20E2FBE5F630E0FB75
F601120036D3EF94FFEE940F40047E0F
7FFF22D39000EAE094789000E9E09400
400DA3E02488FF9000E9E034FFFE22E4
FEFF22C0E0C083C082E5A630E3099001
367401F075A32075A3FFD082D083D0E0
32E490005CF0FF7EC27D01FC12173B7B
FF7A1879007F010218FE90C900E054FE
F090C90AE4F0A3F090C900E04401F022
74FFFDFC8F9920990AED1DAE0470011C
4E70F3C2992212013EC394FFE5F094FF
5007E475F00112016922EFB4010753AD
FE53ADFD2243AD0243AD012243AC20EF
700553ACFD800343AC0253B5FE22EFB4
010AD2AFD2AC9001300203E9C2AC2290
C900E054FEF090C90AE4F0A3F0227D01
7F0A1213D77D017F0B0213D7E4FD7F0A
1213D7E4FD7F0B0213D790C90AE0FDA3
E0FCEDAE04FF22EFB4010443AC012253
ACFE227F007E367D6E7C01020A5F533D
25752C413D25752C54483D25752C4859
533D25752C4F46463D25752C454C3D25
752C56433D25752C4C3D25752C41533D
25752C4F4B3D25752C49523D25752C53
483D25752C41463D25752C56503D2575
2C544F3D25752C523D25750D0A00FFFF

---------- Code Information -----------
Code Entrance:      0x00000000 
Code Run Entrance:  0x00000000 
Code Size:          0x000019C0 
Code CRC Value:     0x76EC 
