02162B0219DD121E9EAD07AC06121EE8
9000CBECF0A3EDF0E49000CDF0A3F002
1EFF22021ACFAB07021F16021913AF99
22FFFF021A82E5B7540FFEAFB6D3EF94
01EE9400400774052FFFE43EFED3EF94
FFEE940F40047E0F7FFF22021E49FFFF
FFFFFF0210EDEF131313541FFEEF5407
9000F1F0EE700743DF0143E70122EEB4
010743DF0243E70222EEB4020643DF04
43E70422EF8FF553B4EF2202143CFFFF
FFFFFF021395FFFFFFFFFF0212EEBB01
0689828A83E0225002E722BBFE02E322
89828A83E49322BB010CE58229F582E5
833AF583E0225006E92582F8E622BBFE
06E92582F8E222E58229F582E5833AF5
83E49322BB010689828A83F0225002F7
22BBFE01F322F8BB010DE58229F582E5
833AF583E8F0225006E92582C8F622BB
FE05E92582C8F222C5F0F8A3E028F0C5
F0F8E582158270021583E038F022A3F8
E0C5F025F0F0E582158270021583E0C8
38F0E822BB010A89828A83E0F5F0A3E0
22500687F009E71922BBFE07E3F5F009
E3192289828A83E493F5F074019322BB
010789828A83020128500B09C5F027F7
C5F01937F722BBFE0D09F8E325F0F3C5
F019E338F322F889828A8374019325F0
C5F0F8E4933822BB010A89828A83F0E5
F0A3F0225006F709A7F01922BBFE06F3
E5F009F31922EF2BFFEE3AFEED39FDEC
38FC22E88FF0A4CC8BF0A42CFCE98EF0
A42CFC8AF0EDA42CFCEA8EF0A4CDA8F0
8BF0A42DCC3825F0FDE98FF0A42CCD35
F0FCEB8EF0A4FEA9F0EB8FF0A4CFC5F0
2ECD39FEE43CFCEAA42DCE35F0FDE43C
FC2275F008758200EF2FFFEE33FECD33
CDCC33CCC58233C5829BED9AEC99E582
98400CF582EE9BFEED9AFDEC99FC0FD5
F0D6E4CEFBE4CDFAE4CCF9A88222B800
C1B90059BA002DEC8BF084CFCECDFCE5
F0CBF97818EF2FFFEE33FEED33FDEC33
FCEB33FB10D703994004EB99FB0FD8E5
E4F9FA227818EF2FFFEE33FEED33FDEC
33FCC933C910D7059BE99A4007EC9BFC
E99AF90FD8E0E4C9FAE4CCFB2275F010
EF2FFFEE33FEED33FDCC33CCC833C810
D7079BEC9AE899400AED9BFDEC9AFCE8
99F80FD5F0DAE4CDFBE4CCFAE4C8F922
EF4BFFEE4AFEED49FDEC48FC22EB9FF5
F0EA9E42F0E99D42F0E89C45F022E860
0FECC313FCED13FDEE13FEEF13FFD8F1
22E8600FEFC333FFEE33FEED33FDEC33
FCD8F122BB010DE58229F582E5833AF5
830203745007E92582F802048DBBFE07
E92582F8020499E58229F582E5833AF5
830204A5E0FCA3E0FDA3E0FEA3E0FF22
E0F8A3E0F9A3E0FAA3E0FB227401FF33
95E0FEFDFCA3A3A3E0CF2FF0E5821582
70021583E0CE3EF0E582158270021583
E0CD3DF0E582158270021583E0CC3CF0
22ECF0A3EDF0A3EEF0A3EFF022A88285
83F0D083D0821203E41203E41203E412
03E4E473E493A3C583C5F0C583C8C582
C8F0A3C583C5F0C583C8C582C822E0FB
A3E0FAA3E0F922F8E0FBA3A3E0F925F0
F0E582158270021583E0FA38F022EBF0
A3EAF0A3E9F022D083D082F8E4937012
740193700DA3A393F8740193F5828883
E4737402936860EFA3A3A380DFD083D0
82E4937012740193700DA3A393F87401
93F5828883E4737402936C7012740393
6D700C7404936E70067405936F60DDA3
A3A3A3A3A380CA8A838982E473E6FC08
E6FD08E6FE08E6FF22E2FC08E2FD08E2
FE08E2FF22E493FC740193FD740293FE
740393FF22E50824F4F582E43400F583
E00508229000F13007039000F4E475F0
011204070200AE2000E97F2ED2008018
EF540F2490D43440D4FF30040BEF24BF
B41A0050032461FFE50960021509050C
E50C7002050B30070E9000F1E475F001
120407EF0200F40200267403D2078003
E4C207F5089000F112041EE4F509F50B
F50CE50960077F201204F880F5750AFF
C201C200C202C203C205C206C2081204
C4FF700D3007057F00120509AF0CAE0B
22B4255FC2D5C2041204C4FF24D0B40A
00501A75F00A780930D50508B6FF0106
C6A426F620D5047002D20380D924CFB4
1A00EF5004C2E5D20402070AD20180C6
D20080C0D20280BCD2D580BAD20580B4
7F201204F82002077401B5090040F112
04B5FF1204F8020532D208D206809512
04B5FB1204B5FA1204B5F94A4B700679
DB7A077BFF20022EE509602A7E008E82
7583001200C760060EEE650A70F0C2D5
EBC0E0EAC0E0E9C0E0EE120751D0E0F9
D0E0FAD0E0FB1200AEFF60AAEBC0E0EA
C0E0E9C0E01204F8D0E02401F9D0E034
00FAD0E0FBE50A0460DCD50AD980877B
FF7A07794DD202809C791080027908C2
06C2088008D2D5790A8004790AC2D5E5
0A047002F50AE4FAFDFEFF1204B5FC7B
082001131204B5FD7B1030000A1204B5
FE1204B5FF7B20EC3382D592D55013C3
E43000069FFFE49EFEE42001039DFDE4
9CFCE4CBF8C201EC700CCFCECDCCE824
F8F870F38017C3EF33FFEE33FEED33FD
EC33FCEB33FB994002FB0FD8E9EB3001
05F8D0E0C448B201C0E00AEC4D4E4F78
207B0070C2EAB50A0040BCC0E0120753
D0F0D0E0200104C4C0E0C4B201C0F012
04E1D0F0D5F0EB02053212042705CF53
06495805A04C059C42064D4F06554406
554905B543065B55063F46063F45063F
4707FB5005A42D05A82E05CB2B05AC23
05C92007E42A056448000005C33F3F3F
00790AA2D5200314300509B910020404
B9080104A2D520060250010420026892
02B509005034C0E07F203003197F30A2
0272067205500F1207AAC202C206C205
C2087F30800F300503E9C0E01204F830
0503D0E0F9D0E0B509CC3005177F30B9
100C1204F87F583004077F788003B908
031204F83002057F2D0204F87F202008
F87F2B2006F322920280CF286E756C6C
2900D2011204B53001F8C201780930D5
0108F60205642D504349581204B52403
B405004001E49007F6931204E9743A12
04E9D2037509040206499000FBEFF0A3
ECF0A3EDF0A312041E90011A1203CD00
000000E4900110F0A3F0A3F0A3F0A3F0
A3F0A3F0A3F0A3F0A3F090011EF0121F
C490010AEEF0A3EFF0E4FD7F08121823
9000FBE0FF121DCA90010CEEF0A3EFF0
121C1A90010EEEF0A3EFF0C390010DE0
94FE90010CE0947F400302091790011A
12038090010CE0FEA3E0FFE4FCFD1201
D690011A1203C1900110E475F0011201
28900112E0FEA3E0FF90010CE0FCA3E0
FDD39FEC9E4008900112ECF0A3EDF0C3
ED94C8EC9400403F900115E094FF9001
14E094FF5007E475F00112012890011E
E0701590010EE0FFA3E0900116CFF0A3
EFF090011E7401F090010EE0FFA3E090
0118CFF0A3EFF0121C1AD39000FDE09F
9000FCE09E40030208607D017F081218
239000FE1203FEE94A600D900110E0FF
A3E0CF8FF01201B79001011203FEE94A
600D900112E0FFA3E0CF8FF01201B790
01041203FEE94A600D900114E0FFA3E0
CF8FF01201B79001071203FEE94A6024
90011EE06018900116E0FEA3E0FFC390
0119E09FFF900118E09E8FF08003E4F5
F01201B7900110E0FCA3E0FD4C70047E
80FF22AB05AA04E4F9F890011A120374
12026E22440155000000004401510000
00004200C100004200D800004200C500
004200DC00004200ED00004200D601F4
4200C300004200EB00004200BF000041
00E5004100BD004100E4004100AC0041
00CA004100D5004100C7004100DA0041
00B8004200E700004100E6004100B500
4200CD00004200CB03704100B1004200
DE00004100D4004100AB004100BE0041
00DB004200C800004200B600004200B3
00004200AF00004200E900004200B900
004200BB00004200CF00004200D20000
4200AD00004200E200004200EF000042
00E000004100D1004100B20060480063
00000000000000000000000000000000
00000000000000000000000000000000
00000000000000000000000000000000
00000000000000000000000000000000
00000000000000004101590043015A00
000043015D00000049012D0000000000
00000000490136000000000000000000
49013F0000000000000000004C012100
00000000000000000000004101600049
014800000000000000000041001B0041
00040044000000000000420005000042
005D000242005F00004200610000C10B
C10AC109009000ACE07003020CBA9000
E4E09000FAF0E49000F1F0A3F0A3F0A3
F0A3F0A3F0A3F0A3F07B017A0079F390
010112041E7A0079F590010412041E7A
0079F790010712041E7A0079F17D647C
007F0212081A9000C1EEF0A3EFF09000
F1E0FCA3E0FD9000D8ECF0A3EDF09000
F3E0FBA3E09000C5CBF0A3EBF09000F5
E0FBA3E09000DCCBF0A3EBF09000F7E0
FBA3E09000EDCBF0A3EBF09000EBECF0
A3EDF09000CDE0FDA3E09000DECDF0A3
EDF012198A9000F9EFF09000D4F0600B
9000E5E0C39401500E80099000BDE0C3
94015003E004F09000B1E004F0E0C394
01402DE4F09000E4E07011A3E0940140
169000E47401F0121FA8800B9000BDE0
60057F06121A30E49000E5F09000BDF0
9000F9E0601D7B017A0079AF121F2C90
00E4E0FF9000FAE06F7D0060027D017F
04801B7B017A0079B3121F2C9000E4E0
FF9000FAE06F7D0060027D017F03120E
B59000ACE06003121C90229000F11203
C19000F51203CD0000000043F804E5F8
30E5FB9091AAE0FFE4FCFDFE78101203
31C004C005C006C007A3E0FFE4FCFDFE
7818120331D003D002D001D000120300
C004C005C006C0079091A9E0FFE4FCFD
FE7808120331D003D002D001D0001203
00A804A905AA06AB079091A8E0FFE4FC
FDFE1203009001511203C17FC07E0A7D
707C01900151120380D312030D50167F
407E617D6C7C01900151120380C31203
0D4002801274FFFFFEFDFC9001511203
80C312030D700C9000F51203CD02DC6C
008015E47F02FEFDFC90015112038012
01E39000F51203C19000F11203741204
4D0DC700B71B000DBF00F424000DB701
6E360000000DBF75EE01E47B02800E75
EE02E47B03800675EE03E47B04FAF9F8
9000F512037412026E9001551203C153
F8FE53D9F8229000ABE07003020EB4A3
E06003020EB49000D5E06003020EB490
00CAE06003020EB49000ABF0121F527B
FF7A1F79E89000B9E0FFA3E09000F4CF
F0A3EFF09000BBE0FFA3E09000F6CFF0
A3EFF09000CFE0FFA3E09000F8CFF0A3
EFF09000D2E0FFA3E09000FACFF0A3EF
F0A3E4F0A374C8F09000ADE0FFA3E090
00FECFF0A3EFF09000E2E0FFA3E09001
00CFF0A3EFF09000D1E0FF900102E4F0
A3EFF09000B2E0FF900104E4F0A3EFF0
9000EFE0FFA3E0900106CFF0A3EFF090
00E0E0FFA3E0900108CFF0A3EFF01205
20121F4022AC07EC64046012EC640360
0DEC64056008EC64066003020F78ED70
139000BEE004F0E0C394325003020F78
E4F08005E49000BEF0121E0B9000C1E0
FBA3E09000B9CBF0A3EBF09000C5E0FB
A3E09000BBCBF0A3EBF09000DCE0FBA3
E09000CFCBF0A3EBF09000EDE0FBA3E0
9000D2CBF0A3EBF09000D6E0FBA3E090
00ADCBF0A3EBF09000E2EEF0A3EFF090
00D8E0FFA3E09000EFCFF0A3EFF09000
DEE0FFA3E09000E0CFF0A3EFF09000D4
E09000D1F09000E4E09000B2F09000DB
ECF09000AB7401F022AC07EF13131354
1F9000FBF0EF5407A3F0ED6060EC75F0
03A42463F582E43400F58312041ED2AF
D2A8121B5E9000FBE0FF7011A3E0FE74
01A806088002C333D8FC42E922EFB401
139000FCE0FF7401A807088002C333D8
FC42EA229000FBE06402705CA3E0FF74
01A807088002C333D8FC42EB22C2A890
00FBE0FF7012A3E0FE7401A806088002
C333D8FCF452E922EFB401149000FCE0
FF7401A807088002C333D8FCF452EA22
9000FBE0B40211A3E0FF7401A8070880
02C333D8FCF452EB22EF131313541FFE
EF5407FFED604FEE701690C000C083C0
82E0FE7401A807088002C333D8FC8033
EEB4011690C001C083C082E0FE7401A8
07088002C333D8FC8019EE6402706D90
C002C083C082E0FE7401A807088002C3
33D8FC4E8051EE701890C000C083C082
E0FE7401A807088002C333D8FCF45E80
36EEB4011890C001C083C082E0FE7401
A807088002C333D8FCF45E801AEEB402
1B90C002C083C082E0FE7401A8070880
02C333D8FCF45ED082D083F022C0E0C0
F0C083C082C0D075D000C000C001C002
C003C004C005C006C00790C809E030E0
1790C808E030E010A37401F090012112
03FEE94A605D805890C809E030E11790
C808E030E110A37402F09001241203FE
E94A603F803A90C809E030E21790C808
E030E210A37404F09001271203FEE94A
6021801C90C809E030E31890C808E030
E311A37408F090012A1203FEE94A6003
120487D007D006D005D004D003D002D0
01D000D0D0D082D083D0F0D0E0329000
F112041E90C9057407F0EF6401704FED
24FE601C14602E2402703D9000F11203
FE90012D12041E90C904E04401F08028
9000F11203FE90013012041E90C904E0
4402F080139000F11203FE9001331204
1E90C904E04404F0D2AF43B80122ED24
FE601B14602C2402703B9000F11203FE
90012D12041E90C904E044FEF0229000
F11203FE90013012041E90C904E044FD
F0229000F11203FE90013312041E90C9
04E044FBF0229000F112041E90CA0574
07F0EF6401704FED24FE601C14602E24
02703D9000F11203FE90013612041E90
CA04E04401F080289000F11203FE9001
3912041E90CA04E04402F080139000F1
1203FE90013C12041E90CA04E04404F0
D2AF43B80422ED24FE601B14602C2402
703B9000F11203FE90013612041E90CA
04E044FEF0229000F11203FE90013912
041E90CA04E044FDF0229000F11203FE
90013C12041E90CA04E044FBF022C0E0
C0F0C083C082C0D075D000C000C001C0
02C003C004C005C006C00790C905E030
E01C90C904E030E01590012D1203FEE9
4A600312048790C9057401F0804C90C9
05E030E11C90C904E030E11590013012
03FEE94A600312048790C9057402F080
2990C905E030E21C90C904E030E21590
01331203FEE94A600312048790C90574
04F0800690C9057407F0D007D006D005
D004D003D002D001D000D0D0D082D083
D0F0D0E032C0E0C0F0C083C082C0D075
D000C000C001C002C003C004C005C006
C00790CA05E030E01C90CA04E030E015
9001361203FEE94A600312048790CA05
7401F0804C90CA05E030E11C90CA04E0
30E1159001391203FEE94A6003120487
90CA057402F0802990CA05E030E21C90
CA04E030E21590013C1203FEE94A6003
12048790CA057404F0800690CA057407
F0D007D006D005D004D003D002D001D0
00D0D0D082D083D0F0D0E032C0E0C0F0
C083C082C0D075D000C000C001C002C0
03C004C005C006C00790CB05E030E01C
90CB04E030E01590013F1203FEE94A60
0312048790CB057401F0804C90CB05E0
30E11C90CB04E030E1159001421203FE
E94A600312048790CB057402F0802990
CB05E030E21C90CB04E030E215900145
1203FEE94A600312048790CB057404F0
800690CB057407F0D007D006D005D004
D003D002D001D000D0D0D082D083D0F0
D0E03290C018E4F07F08120066E4FD7F
08121731E4FD7F081217AA7D017F0812
182390C01AE4F07F0A120066E4FD7F0A
121731E4FD7F0A1217AAE4FD7F0A1218
2390C01BE4F07F0B120066E4FD7F0B12
1731E4FD7F0B1217AAE4FD7F0B121823
7F0C1200667D017F0C121731E4FD7F0C
1217AA7D017F0C1210397BFF7A007922
7D017F0C120F7953B0FD43B00190C01C
7420F0A3E4F07F0D1200667D017F0D12
17317D017F0D021039121FDD1214E312
1EB77D177C007FE87E03121CC97BFF7A
1B79197D017F0112119E7D177C007FDC
7E05121D027BFF7A1E79677D017F0112
1246121F99121ED09000F57401F07B04
7A00E4FD7F01121D727F03121E837F06
120094E4FF121F767F01121F647F0112
1FD1121FB6121F409000D5E0600BE4F0
9000ACE07003121BA09000C7E0600312
1BDE9000DAE06003121E2B9000CAE060
05E4F0120B65120DE680CD787FE4F6D8
FD758121021672021589E493A3F8E493
A34003F68001F208DFF48029E493A3F8
5407240CC8C333C4540F4420C8834004
F456800146F6DFE4800B010204081020
40809009C4E47E019360BCA3FF543F30
E509541FFEE493A360010ECF54C025E0
60A840B8E493A3FAE493A3F8E493A3C8
C582C8CAC583CAF0A3C8C582C8CAC583
CADFE9DEE780BEEF12042716D70116E1
0216EB0416F50816FF10170920171340
171D8000001727E5B454F04401F5B480
49E5B454F04402F5B4803FE5B454F044
03F5B48035E5B454F04404F5B4802BE5
B454F04405F5B48021E5B454F04406F5
B48017E5B454F04407F5B4800DE5B454
F04408F5B4800353B4F053ADFB43AD04
22EF131313541FFEEF5407FFED6034EE
700D04A807088002C333D8FC42F922EE
B4010E7401A807088002C333D8FC42FA
22EE6402704304A807088002C333D8FC
42FB22EE700E04A807088002C333D8FC
F452F922EEB4010F7401A807088002C3
33D8FCF452FA22EEB4020E7401A80708
8002C333D8FCF452FB22EF131313541F
FEEF5407FFED6034EE700D04A8070880
02C333D8FC429722EEB4010E7401A807
088002C333D8FC42E522EE6402704304
A807088002C333D8FC42FC22EE700E04
A807088002C333D8FCF4529722EEB401
0F7401A807088002C333D8FCF452E522
EEB4020E7401A807088002C333D8FCF4
52FC22EF131313541FFEEF5407FFED60
34EE700D04A807088002C333D8FC4280
22EEB4010E7401A807088002C333D8FC
429022EE6402704304A807088002C333
D8FC42A022EE700E04A807088002C333
D8FCF4528022EEB4010F7401A8070880
02C333D8FCF4529022EEB4020E7401A8
07088002C333D8FCF452A0229000F512
03C1E47F10FEFDFC9000F91203801201
E39000FD1203C1E47B02FAF9F89000FD
12037412026E9000F51203801201D690
00FD12038012026E9000FD1203C19000
FD120380C3E49BFF74049AFEE499FDE4
98FC9000FD1203C19000FD1203747808
12031EAB079000FD120374EB5403F5BA
8FAA22C0E0C0F0C083C082C0D075D000
C000C001C002C003C004C005C006C007
E5C830E11053C8FD9001481203FEE94A
6003120487E5C930E11053C9FD90014B
1203FEE94A6003120487E5CA30E11053
CAFD90014E1203FEE94A6003120487D0
07D006D005D004D003D002D001D000D0
D0D082D083D0F0D0E032AD07AC06C3ED
94FEEC947F4007E49000E6F0FF229000
D6E0FFA3E09000FBCFF0A3EFF0121E0B
9000E6E07015D39000FCE09D9000FBE0
9C50149000E67401F0800CD3ED9FEC9E
5005E49000E6F09000E6E0FF22C0E0C0
F0C083C082C0D075D000C000C001C002
C003C004C005C006C0077F0C121C55EF
60137F0C121B5E9000ACE070089000D5
E0700204F0D007D006D005D004D003D0
02D001D000D0D0D082D083D0F0D0E032
E4FF9000E5F09000BDF09000ACF09000
CAF09000D5F09000C7F09000DAF09000
B8F09000E7F0A3F09000E6F09000B5F0
9000CDF0A3F09000D4F09000B1F0121F
99121ED0121FB69000E4E06002E4F002
1F40C0E0C0F0C083C082C0D075D000C0
00C001C002C003C004C005C006C007E5
F630E00D90015D1203FEE94A60031204
8775F601D007D006D005D004D003D002
D001D000D0D0D082D083D0F0D0E032C0
E0C0F0C083C082C0D075D000C000C001
C002C003C004C005C006C00730980F90
015A1203FEE94A6003120487C298D007
D006D005D004D003D002D001D000D0D0
D082D083D0F0D0E0329000ACE0701390
00B5F090C900E054FEF090C90AE4F0A3
F0229000B5E06013E4F09000CBE0FFA3
E09000CDCFF0A3EFF0800A9000CD7403
F0A374E8F09000CAE0700204F022EF13
1313541FFEEF5407FFEE700E04A80708
8002C333D8FCF452E122EEB4010F7401
A807088002C333D8FCF452E222EEB402
0E7401A807088002C333D8FCF452E322
121ED09000AC7401F0E49000CAF09000
D5F09000C7F09000E7F0A3F09000E5F0
9000BDF09000B504F0E49000CDF0A3F0
9000D4F09000B1F0121F52020006E490
00C7F09000E7F0A3F09000ACF09000CA
F09000D5F09000DAF09000B8F09000B5
F09000CDF0A3F09000B1F0121F999000
E4E06003121DEB021F4090010AE0FEA3
E0FFAB07AA06121FC4C3EF9BEE9A4007
EF9BFFEE9A800EC374E89BFD74039AFC
ED2FFFEC3E90011FF0A3EFF090011FE0
FEA3E0FF22EF131313541FFEEF5407FF
EE700DE5E1A807088002C313D8FC801C
EEB4010DE5E2A807088002C313D8FC80
0BE5E3A807088002C313D8FC5401FF22
9000ACE070079000E7F0A3F022C39000
E8E094FF9000E7E094FF5007E475F001
120128C39000E8E094019000E7E09400
40069000C77401F022AB07AA0643DF08
43E70890C900E04440F0EC90C90DF0ED
90C90CF0EB24FFEA34FF90C90FF0EB14
90C90EF090C9067401F090C905E04401
F022AB07AA0643DF2043E72090CA00E0
4440F0EC90CA0DF0ED90CA0CF0EB24FF
EA34FF90CA0FF0EB1490CA0EF090CA06
7401F090CA05E04401F0229000F11203
C143DE0143E601439E01E4900159F0C2
9FD29EC299C2989000F11203749000F9
1203C190015512037412189CD29C53F3
3F229000F5E06401702743DE1043E610
EFC4333354C0FFE5AC54BF4FF5ACE4F5
FEF5FFEBF5FEEAF5FFE5FD54FE4DF5FD
2253DEEF53E6EF2212002E90005FE475
F00112013EFC741C25F0F58274003CF5
83EFF090005C7401F0221216B7E5AD20
E2FBE5F630E0FB75F601120036D3EF94
FFEE940F40047E0F7FFF22E49000DAF0
9000B804F090CA00E054FEF090CA0AE4
F0A3F090CA00E04401F022D39000D7E0
94649000D6E09400400DA3E0249CFF90
00D6E034FFFE22E4FEFF229000DAE060
17E4F09000B8F09000ACE0700B9000E4
E060057F09121A3022C0E0C083C082E5
A630E3099001607401F075A32075A3FF
D082D083D0E03290CA00E054FEF090CA
0AE4F0A3F09000B8E06007E4F09000DA
04F02253F7F8EF24FC600B14600C2402
700B43F7032243F7042243F705227F70
7E03EF4E7003FE7F01D3EF94E8EE9403
40047E037FE822E490005CF0FF7EC27D
01FC121D3B7BFF7A1D79A87F01021F88
E49000B8F09000DAF090CA00E054FEF0
90CA0AE4F0A3F022C3EF94E8EE940340
04E4FEFF22C374E89FFF74039EFE2290
C900E054FEF0EF90C90AF0EEA3F090C9
00E04401F02274FFFDFC8F9920990AED
1DAE0470011C4E70F3C29922120154C3
94FFE5F094FF5007E475F00112017F22
7F0C121B5E7BFF7A0079227D017F0C02
0F797F0C121B5E7BFF7A007922E4FD7F
0C020F79EFB4010753ADFE53ADFD2243
AD0243AD012243AC20EF700553ACFD80
0343AC0253B5FE22EFB4010AD2AFD2AC
90015A02041EC2AC2290C900E054FEF0
90C90AE4F0A3F0227D017F0A1218237D
017F0B021823E4FD7F0A121823E4FD7F
0B02182390C90AE0FDA3E0FCEDAE04FF
22EFB4010443AC012253ACFE227F007E
367D6E7C01020CBB4156473D25752C50
4B3D25752C48433D25752C5350414E3D
25752C48495454483D25752C544F4E3D
25752C544F463D25752C4F4B3D25752C
4C3D25752C4E3D25752C44543D25750D
0A00FFFF

---------- Code Information -----------
Code Entrance:      0x00000000 
Code Run Entrance:  0x00000000 
Code Size:          0x00002034 
Code CRC Value:     0x1405 
