020C1DC0E0C083C082E5A630E3099001
247401F075A32075A3FFD082D083D0E0
32FFFF02119AFFFFFFFFFF021013FFFF
FFFFFF02114DE5B7540FFEAFB6D3EF94
01EE9400400774052FFFE43EFED3EF94
FFEE940F40047E0F7FFF22020003FFFF
FFFFFF0209779000D77401F07B047A00
E4FD7F0112130A7F0312140A7F061214
F6E4FF1214857F011214737F011214CC
5393FE53A8BF22FFFFFFFF020B76FFFF
FFFFFF020ACFFFFFFFFFFF020A28BB01
0689828A83E0225002E722BBFE02E322
89828A83E49322BB010CE58229F582E5
833AF583E0225006E92582F8E622BBFE
06E92582F8E222E58229F582E5833AF5
83E49322BB010689828A83F0225002F7
22BBFE01F322F8BB010DE58229F582E5
833AF583E8F0225006E92582C8F622BB
FE05E92582C8F222C5F0F8A3E028F0C5
F0F8E582158270021583E038F022A3F8
E0C5F025F0F0E582158270021583E0C8
38F0E822EF2BFFEE3AFEED39FDEC38FC
22C3EF9BFFEE9AFEED99FDEC98FC22E8
8FF0A4CC8BF0A42CFCE98EF0A42CFC8A
F0EDA42CFCEA8EF0A4CDA8F08BF0A42D
CC3825F0FDE98FF0A42CCD35F0FCEB8E
F0A4FEA9F0EB8FF0A4CFC5F02ECD39FE
E43CFCEAA42DCE35F0FDE43CFC2275F0
08758200EF2FFFEE33FECD33CDCC33CC
C58233C5829BED9AEC99E58298400CF5
82EE9BFEED9AFDEC99FC0FD5F0D6E4CE
FBE4CDFAE4CCF9A88222B800C1B90059
BA002DEC8BF084CFCECDFCE5F0CBF978
18EF2FFFEE33FEED33FDEC33FCEB33FB
10D703994004EB99FB0FD8E5E4F9FA22
7818EF2FFFEE33FEED33FDEC33FCC933
C910D7059BE99A4007EC9BFCE99AF90F
D8E0E4C9FAE4CCFB2275F010EF2FFFEE
33FEED33FDCC33CCC833C810D7079BEC
9AE899400AED9BFDEC9AFCE899F80FD5
F0DAE4CDFBE4CCFAE4C8F922EF4BFFEE
4AFEED49FDEC48FC22EB9FF5F0EA9E42
F0E99D42F0E89C45F022E8600FECC313
FCED13FDEE13FEEF13FFD8F122E8600F
EFC333FFEE33FEED33FDEC33FCD8F122
BB010DE58229F582E5833AF583020300
5007E92582F8020419BBFE07E92582F8
020425E58229F582E5833AF583020431
E0FCA3E0FDA3E0FEA3E0FF22E0F8A3E0
F9A3E0FAA3E0FB227401FF3395E0FEFD
FCA3A3A3E0CF2FF0E582158270021583
E0CE3EF0E582158270021583E0CD3DF0
E582158270021583E0CC3CF022ECF0A3
EDF0A3EEF0A3EFF022A8828583F0D083
D082120370120370120370120370E473
E493A3C583C5F0C583C8C582C8F0A3C5
83C5F0C583C8C582C822E0FBA3E0FAA3
E0F922F8E0FBA3A3E0F925F0F0E58215
8270021583E0FA38F022EBF0A3EAF0A3
E9F022D083D082F8E493701274019370
0DA3A393F8740193F5828883E4737402
936860EFA3A3A380DFD083D082E49370
12740193700DA3A393F8740193F58288
83E4737402936C70127403936D700C74
04936E70067405936F60DDA3A3A3A3A3
A380CA8A838982E473E6FC08E6FD08E6
FE08E6FF22E2FC08E2FD08E2FE08E2FF
22E493FC740193FD740293FE740393FF
22440119000000004401150000000042
00C200004100C6004100D0004100CB00
4100C7004200B000004200BB00004200
D100004100CA004200CD00004200AB00
004100CF004200C800004200AE000042
00BF05144400B4000028A04100C50041
00C1004100AD004100C4004100B90042
00BD00004100CC004100BA004200B200
004100B8006048006300000000000000
00000000000000000000000000000000
00000000000000000000000000000000
00000000000000000000000000000000
00000000000000000000000000000000
0041011D0043011E0000004301210000
004900F10000000000000000004900FA
00000000000000000049010300000000
00000000004C00E50000000000000000
000000004101240049010C0000000000
0000000041001B004100040044000000
000000420005000042005D000242005F
00004200610000C102C101C10000C0E0
C0F0C083C082C0D075D000C000C001C0
02C003C004C005C006C00790C905E020
E00302069F7401F09000C2E475F00112
01289000C2E0FFA3E09000E3CFF0A3EF
F09000C6E06401600302069F9000D175
F001120128C39000D2E094109000D1E0
942740179000C77401F09000D0E07003
02069FE4F01214E302069F9000D0E060
4F9000B0E0FEA3E0FFC39000E4E09FFF
9000E3E09EFEC3EF940CEE9400407090
00D0E4F01214E39000CDE0FFA3E09000
ABCFF0A3EFF09000CAE09000CFF09000
CB7401F09000BBE475F064120128803F
9000CBE070399000E3E0FEA3E0FF9000
BBE0FCA3E0FD121497EF60239000D074
01F09000E3E0FFA3E09000B0CFF0A3EF
F09000CAE4F09000CDF0A3F01214C0D0
07D006D005D004D003D002D001D000D0
D0D082D083D0F0D0E0329000D312034D
9000D71203590000000043F804E5F830
E5FB9091AAE0FFE4FCFDFE78101202BD
C004C005C006C007A3E0FFE4FCFDFE78
181202BDD003D002D001D00012028CC0
04C005C006C0079091A9E0FFE4FCFDFE
78081202BDD003D002D001D00012028C
A804A905AA06AB079091A8E0FFE4FCFD
FE12028C90011512034D7FC07E0A7D70
7C0190011512030CD312029950167F40
7E617D6C7C0190011512030CC3120299
4002801274FFFFFEFDFC90011512030C
C3120299700C9000D712035902DC6C00
8015E47F02FEFDFC90011512030C1201
6F9000D712034D9000D31203001203D9
07C600B71B0007BE00F4240007B6016E
3600000007BE75EE01E47B02800E75EE
02E47B03800675EE03E47B04FAF9F890
00D71203001201FA90011912034D53F8
FE53D9F8227F041213E99000AEEEF0A3
EFF0120CA99000D7EEF0A3EFF09000C5
E0702404F09000D7E0FAA3E0FBFFAE02
E4FCFD78031202BD9000B412034D9000
BFEAF0A3EBF0229000B4120300C004C0
05C006C0079000B412030078031202AA
A804A905AA06AB07D007D006D005D004
1201619000B412034D9000B412030C90
00D7E0FEA3E0FFE4FCFD1201549000B4
12034D9000B412030078031202AA9000
BFEEF0A3EFF0C3948AEE9402500B9000
BF7402F0A3748AF022D39000C0E094F0
9000BFE0940A4007740AF0A374F0F022
7F021213E99000D3EEF0A3EFF09000C8
EEF0A3EFF09000C4E0706B9000D3E0FE
A3E0FF121425EF60709000C47401F090
00C2E0FFA3E09000D5CFF0A3EFF09000
B9E0602B9000BDE0FCA3E0FD9000D5E0
FEA3E0FFC39DFDEE9CFCC3ED9450EC94
00400CD3ED9478EC940050030212D490
00B97401F09000D5E0FFA3E09000BDCF
F0A3EFF080139000D3E0FEA3E0FF1214
3FEF6005E49000C4F09000B2E0FEA3E0
FFC39000C3E09FFF9000C2E09EFEC3EF
9488EE9413400FE0FFA3E09000B2CFF0
A3EFF01207E522C0E0C0F0C083C082C0
D075D000C000C001C002C003C004C005
C006C00790C809E030E01790C808E030
E010A37401F09000E512038AE94A605D
805890C809E030E11790C808E030E110
A37402F09000E812038AE94A603F803A
90C809E030E21790C808E030E210A374
04F09000EB12038AE94A6021801C90C8
09E030E31890C808E030E311A37408F0
9000EE12038AE94A6003120413D007D0
06D005D004D003D002D001D000D0D0D0
82D083D0F0D0E032C0E0C0F0C083C082
C0D075D000C000C001C002C003C004C0
05C006C00790C905E030E01C90C904E0
30E0159000F112038AE94A6003120413
90C9057401F0804C90C905E030E11C90
C904E030E1159000F412038AE94A6003
12041390C9057402F0802990C905E030
E21C90C904E030E2159000F712038AE9
4A600312041390C9057404F0800690C9
057407F0D007D006D005D004D003D002
D001D000D0D0D082D083D0F0D0E032C0
E0C0F0C083C082C0D075D000C000C001
C002C003C004C005C006C00790CA05E0
30E01C90CA04E030E0159000FA12038A
E94A600312041390CA057401F0804C90
CA05E030E11C90CA04E030E1159000FD
12038AE94A600312041390CA057402F0
802990CA05E030E21C90CA04E030E215
90010012038AE94A600312041390CA05
7404F0800690CA057407F0D007D006D0
05D004D003D002D001D000D0D0D082D0
83D0F0D0E032C0E0C0F0C083C082C0D0
75D000C000C001C002C003C004C005C0
06C00790CB05E030E01C90CB04E030E0
1590010312038AE94A600312041390CB
057401F0804C90CB05E030E11C90CB04
E030E11590010612038AE94A60031204
1390CB057402F0802990CB05E030E21C
90CB04E030E21590010912038AE94A60
0312041390CB057404F0800690CB0574
07F0D007D006D005D004D003D002D001
D000D0D0D082D083D0F0D0E032787FE4
F6D8FD758120020C6402136EE493A3F8
E493A34003F68001F208DFF48029E493
A3F85407240CC8C333C4540F4420C883
4004F456800146F6DFE4800B01020408
10204080900441E47E019360BCA3FF54
3F30E509541FFEE493A360010ECF54C0
25E060A840B8E493A3FAE493A3F8E493
A3C8C582C8CAC583CAF0A3C8C582C8CA
C583CADFE9DEE780BEAB07AA06D3EB94
FFEA940F40047A0F7BFF9000D9120359
00000866AE02AF03E4FCFD9000D91203
0C12016FE47BFF7A0FF9F81201FAEF24
8AFFEE3402FEE43DFDE43CFC9000DD12
034DE47F8A7E02FDFC9000DD12030CC3
120299500C9000DD1203590000028A80
1DE47FF07E0AFDFC9000DD12030CD312
0299400A9000DD12035900000AF09000
DD020300C2AF9000ABE0FEA3E0FF9000
CFE0FDE49000CBF0D2AF9000C8EEF0A3
EFF0EDD39400402C121459EF6026E490
00BAF09000CCE0C394FF5003E004F090
00CCE0C39402403E9000C1E0703804F0
FF02139BE49000CCF09000BAE0C394FF
5003E004F09000BAE0C39405400C9000
C1E06006E4F0FF12139B9000BAE0C394
0840031211E422EF1203B30DD7010DE1
020DEB040DF5080DFF100E09200E1340
0E1D8000000E27E5B454F04401F5B480
49E5B454F04402F5B4803FE5B454F044
03F5B48035E5B454F04404F5B4802BE5
B454F04405F5B48021E5B454F04406F5
B48017E5B454F04407F5B4800DE5B454
F04408F5B4800353B4F053ADFB43AD04
22EF131313541FFEEF5407FFED6034EE
700D04A807088002C333D8FC42F922EE
B4010E7401A807088002C333D8FC42FA
22EE6402704304A807088002C333D8FC
42FB22EE700E04A807088002C333D8FC
F452F922EEB4010F7401A807088002C3
33D8FCF452FA22EEB4020E7401A80708
8002C333D8FCF452FB22EF131313541F
FEEF5407FFED6034EE700D04A8070880
02C333D8FC429722EEB4010E7401A807
088002C333D8FC42E522EE6402704304
A807088002C333D8FC42FC22EE700E04
A807088002C333D8FCF4529722EEB401
0F7401A807088002C333D8FCF452E522
EEB4020E7401A807088002C333D8FCF4
52FC22EF131313541FFEEF5407FFED60
34EE700D04A807088002C333D8FC4280
22EEB4010E7401A807088002C333D8FC
429022EE6402704304A807088002C333
D8FC42A022EE700E04A807088002C333
D8FCF4528022EEB4010F7401A8070880
02C333D8FCF4529022EEB4020E7401A8
07088002C333D8FCF452A0229000D712
034DE47F10FEFDFC9000DB12030C1201
6F9000DF12034DE47B02FAF9F89000DF
1203001201FA9000D712030C12015490
00DF12030C1201FA9000DF12034D9000
DF12030CC3E49BFF74049AFEE499FDE4
98FC9000DF12034D9000DF1203007808
1202AAAB079000DF120300EB5403F5BA
8FAA22C0E0C0F0C083C082C0D075D000
C000C001C002C003C004C005C006C007
E5C830E11053C8FD90010C12038AE94A
6003120413E5C930E11053C9FD90010F
12038AE94A6003120413E5CA30E11053
CAFD90011212038AE94A6003120413D0
07D006D005D004D003D002D001D000D0
D0D082D083D0F0D0E03290C018E4F07F
08121340E4FD7F08120E31E4FD7F0812
0EAAE4FD7F08120F2390C01AE4F07F0A
121340E4FD7F0A120E31E4FD7F0A120E
AAE4FD7F0A120F2390C01BE4F07F0B12
1340E4FD7F0B120E31E4FD7F0B120EAA
E4FD7F0B120F2390C01DE4F090C020F0
229000C7E060030211E49000D0E06003
0212299000CBE06003020D349000C2E0
FEA3E0FF9000B2E0FCA3E0FDC3EF9DFD
EE9CFCC3ED9488EC941340209000BCE0
9FFD9000BBE09EFCD3ED941EEC940040
0B9000B2EEF0A3EFF01207E522C0E0C0
F0C083C082C0D075D000C000C001C002
C003C004C005C006C007E5F630E00D90
012112038AE94A600312041375F601D0
07D006D005D004D003D002D001D000D0
D0D082D083D0F0D0E032C0E0C0F0C083
C082C0D075D000C000C001C002C003C0
04C005C006C00730980F90011E12038A
E94A6003120413C298D007D006D005D0
04D003D002D001D000D0D0D082D083D0
F0D0E032C2AFE49000C6F09000D0F090
00CBF09000C7F09000C4F09000B9F090
00C2E0FFA3E09000BDCFF0A3EFF0E490
00CCF09000BAF09000D1F0A3F09000CD
F0A3F01214E3D2AF229000CAE0C39408
50317F021213E99000D0E060269000C8
EEF0A3EFF0C39000CEE09F9000CDE09E
5005EEF0A3EFF09000CAE0C394FF5003
E004F022AB07AA0643DF0843E70890C9
00E04440F0EC90C90DF0ED90C90CF0EB
24FFEA34FF90C90FF0EB1490C90EF090
C9067401F090C905E04401F0229000D3
12034D43DE0143E601439E01E490011D
F0C29FD29EC299C2989000D312030090
00DB12034D900119120300120F9CD29C
53F33F22C2AF9000C67401F0E49000D0
F09000CBF09000C7F09000CCF09000BA
F09000D1F0A3F0EF2467FFE43E9000BB
F0A3EFF01214E3D2AF229000D7E06401
702743DE1043E610EFC4333354C0FFE5
AC54BF4FF5ACE4F5FEF5FFEBF5FEEAF5
FFE5FD54FE4DF5FD2253DEEF53E6EF22
EF131313541FFEEF54079000D3F0EE70
0743DF0143E70122EEB4010743DF0243
E70222EEB4020643DF0443E704221214
D812108A1214A61200661207E51213C3
E4FF12139B1211E41214B49000C6E070
051208B080F51210F180F0EF7F006002
7F019000ADEFF0600B7D017F08120F23
7D018009E4FD7F08120F23E4FD7F0B12
0F23227D177C007F0A7E0012126490C9
057407F090C90AE4F0A3F090C904E044
01F01214EE43B80122120DB7E5AD20E2
FBE5F630E0FB75F601120036D3EF94FF
EE940F40047E0F7FFF2253F7F8EF24FC
600B14600C2402700B43F7032243F704
2243F705229000C0E02450FD9000BFE0
3400FCC3EF9DEE9C7F0040027F012290
00C0E024B0FD9000BFE034FFFCD3EF9D
EE9C7F0050027F01229000C0E02450FD
9000BFE03400FCC3EF9DEE9C7F004002
7F0122EFB4010753ADFE53ADFD2243AD
0243AD012243AC20EF700553ACFD8003
43AC0253B5FE22C3EF9DEE9CC394807F
0050027F0122E490005CF0FF7EC27D01
FC02129D53A8BF5393FE43B801D2AF22
9000B87401F0FD7F0A020F23EFB40104
43AC012253ACFE227F007E367D6E7C01
0206BAE49000B8F0FD7F0A020F2390C9
00E04401F022EF8FF553B4EF22FFFFFF

---------- Code Information -----------
Code Entrance:      0x00000000 
Code Run Entrance:  0x00000000 
Code Size:          0x00001500 
Code CRC Value:     0x0472 
