02118D02079853F7F8EF24FC600B1460
0C2402700B43F7032243F7042243F705
2222FF021589AB0702174F021475AF99
22FFFF02153CE5B7540FFEAFB6D3EF94
01EE9400400774052FFFE43EFED3EF94
FFEE940F40047E0F7FFF22021718FFFF
FFFFFF020E3FEF131313541FFEEF5407
9000ABF0EE700743DF0143E70122EEB4
010743DF0243E70222EEB4020643DF04
43E70422EF8FF553B4EF220210E6FFFF
FFFFFF02103FFFFFFFFFFF020F98BB01
0689828A83E0225002E722BBFE02E322
89828A83E49322BB010CE58229F582E5
833AF583E0225006E92582F8E622BBFE
06E92582F8E222E58229F582E5833AF5
83E49322BB010689828A83F0225002F7
22BBFE01F322F8BB010DE58229F582E5
833AF583E8F0225006E92582C8F622BB
FE05E92582C8F222C5F0F8A3E028F0C5
F0F8E582158270021583E038F022A3F8
E0C5F025F0F0E582158270021583E0C8
38F0E822EF2BFFEE3AFEED39FDEC38FC
22E88FF0A4CC8BF0A42CFCE98EF0A42C
FC8AF0EDA42CFCEA8EF0A4CDA8F08BF0
A42DCC3825F0FDE98FF0A42CCD35F0FC
EB8EF0A4FEA9F0EB8FF0A4CFC5F02ECD
39FEE43CFCEAA42DCE35F0FDE43CFC22
75F008758200EF2FFFEE33FECD33CDCC
33CCC58233C5829BED9AEC99E5829840
0CF582EE9BFEED9AFDEC99FC0FD5F0D6
E4CEFBE4CDFAE4CCF9A88222B800C1B9
0059BA002DEC8BF084CFCECDFCE5F0CB
F97818EF2FFFEE33FEED33FDEC33FCEB
33FB10D703994004EB99FB0FD8E5E4F9
FA227818EF2FFFEE33FEED33FDEC33FC
C933C910D7059BE99A4007EC9BFCE99A
F90FD8E0E4C9FAE4CCFB2275F010EF2F
FFEE33FEED33FDCC33CCC833C810D707
9BEC9AE899400AED9BFDEC9AFCE899F8
0FD5F0DAE4CDFBE4CCFAE4C8F922EF4B
FFEE4AFEED49FDEC48FC22EB9FF5F0EA
9E42F0E99D42F0E89C45F022E8600FEC
C313FCED13FDEE13FEEF13FFD8F122E8
600FEFC333FFEE33FEED33FDEC33FCD8
F122BB010DE58229F582E5833AF58302
02F25007E92582F802040BBBFE07E925
82F8020417E58229F582E5833AF58302
0423E0FCA3E0FDA3E0FEA3E0FF22E0F8
A3E0F9A3E0FAA3E0FB227401FF3395E0
FEFDFCA3A3A3E0CF2FF0E58215827002
1583E0CE3EF0E582158270021583E0CD
3DF0E582158270021583E0CC3CF022EC
F0A3EDF0A3EEF0A3EFF022A8828583F0
D083D082120362120362120362120362
E473E493A3C583C5F0C583C8C582C8F0
A3C583C5F0C583C8C582C822E0FBA3E0
FAA3E0F922F8E0FBA3A3E0F925F0F0E5
82158270021583E0FA38F022EBF0A3EA
F0A3E9F022D083D082F8E49370127401
93700DA3A393F8740193F5828883E473
7402936860EFA3A3A380DFD083D082E4
937012740193700DA3A393F8740193F5
828883E4737402936C70127403936D70
0C7404936E70067405936F60DDA3A3A3
A3A3A380CA8A838982E473E6FC08E6FD
08E6FE08E6FF22E2FC08E2FD08E2FE08
E2FF22E493FC740193FD740293FE7403
93FF22E50824BEF582E43400F583E005
08229000BB3007039000BEE475F00112
03850200AE2000E97F2ED2008018EF54
0F2490D43440D4FF30040BEF24BFB41A
0050032461FFE50960021509050CE50C
7002050B30070E9000BBE475F0011203
85EF0200F40200267403D2078003E4C2
07F5089000BB12039CE4F509F50BF50C
E50960077F2012047680F5750AFFC201
C200C202C203C205C206C208120442FF
700D3007057F00120487AF0CAE0B22B4
255FC2D5C204120442FF24D0B40A0050
1A75F00A780930D50508B6FF0106C6A4
26F620D5047002D20380D924CFB41A00
EF5004C2E5D204020688D20180C6D200
80C0D20280BCD2D580BAD20580B47F20
1204762002077401B5090040F1120433
FF1204760204B0D208D2068095120433
FB120433FA120433F94A4B700679597A
077BFF20022EE509602A7E008E827583
001200C760060EEE650A70F0C2D5EBC0
E0EAC0E0E9C0E0EE1206CFD0E0F9D0E0
FAD0E0FB1200AEFF60AAEBC0E0EAC0E0
E9C0E0120476D0E02401F9D0E03400FA
D0E0FBE50A0460DCD50AD980877BFF7A
0679CBD202809C791080027908C206C2
088008D2D5790A8004790AC2D5E50A04
7002F50AE4FAFDFEFF120433FC7B0820
0113120433FD7B1030000A120433FE12
0433FF7B20EC3382D592D55013C3E430
00069FFFE49EFEE42001039DFDE49CFC
E4CBF8C201EC700CCFCECDCCE824F8F8
70F38017C3EF33FFEE33FEED33FDEC33
FCEB33FB994002FB0FD8E9EB300105F8
D0E0C448B201C0E00AEC4D4E4F78207B
0070C2EAB50A0040BCC0E01206D1D0F0
D0E0200104C4C0E0C4B201C0F012045F
D0F0D5F0EB0204B01203A5054D5305C7
58051E4C051A4205CB4F05D34405D349
05334305D95505BD4605BD4505BD4707
795005222D05262E05492B052A230547
2007622A04E248000005413F3F3F0079
0AA2D5200314300509B910020404B908
0104A2D52006025001042002689202B5
09005034C0E07F203003197F30A20272
067205500F120728C202C206C205C208
7F30800F300503E9C0E0120476300503
D0E0F9D0E0B509CC3005177F30B9100C
1204767F583004077F788003B9080312
04763002057F2D0204767F202008F87F
2B2006F322920280CF286E756C6C2900
D2011204333001F8C201780930D50108
F60204E22D504349581204332403B405
004001E490077493120467743A120467
D2037509040205C7C0E0C0F0C083C082
C0D075D000C000C001C002C003C004C0
05C006C0077F0B121615EF60799000FF
E0242CFE9000FEE034019000E3F0A3CE
F0C39000FFE0942C9000FEE094014014
A3E024D4FE9000FEE034FE90010AF0A3
CEF0800790010AE4F0A3F07BFF7A1779
CD9000FCE0FFA3E09000BECFF0A3EFF0
9000E3E0FFA3E09000C0CFF0A3EFF090
010AE0FFA3E09000C2CFF0A3EFF01204
9E7F0B1215D37F0C121615EF70030209
847F02121219E5AD20E2FBE5F630E0FB
75F6011200369000EFEEF0A3EFF07F02
121219E5AD20E2FBE5F630E0FB75F601
1200369000EFEEF0A3EFF09000EFE0FF
A3E09000FECFF0A3EFF07BFF7A1779E6
9000EFE0FFA3E09000BECFF0A3EFF012
049E7BFF7A1779CD9000EFE0FFA3E090
00BECFF0A3EFF09000E3E0FFA3E09000
C0CFF0A3EFF090010AE0FFA3E09000C2
CFF0A3EFF012049E9000FCE0FEA3E0FF
C39000F0E09F9000EFE09E5003020984
A3E094FF9000EFE0947F400302098490
010AE0FEA3E0FFC39000F0E09F9000EF
E09E4070D3A3E09F9000EFE09E5065C3
A3E094FF9000EFE0947F50587BFF7A17
79EF12049E900105E014603E04704590
0106E475F001120128900106E07004A3
E06402702F90C90AE0E4F0A3E0E4F07D
017F0A1213857D017F08121385900105
7401F0A3E4F0A3F0800A90C90AE0E4F0
A3E0E4F090C900E04401F07F0C1215D3
D007D006D005D004D003D002D001D000
D0D0D082D083D0F0D0E0324401400000
000044013C000000004201081F404200
F6FA004200ED00004200EF00004200FE
00004200FC00644200E3019042010A00
00440100000000004200E900004200E7
00004400F8000000004200F100004201
0600004200EB0000C10CC10D4200F300
004100F500410104004200E500004101
05006048006300000000000000000000
00000000000000000000000000000000
00000000000000000000000000000000
00000000000000000000000000000000
00000000000000000000000000004101
44004301450000004301480000004901
18000000000000000000490121000000
00000000000049012A00000000000000
00004C010C0000000000000000000000
0041014B004901330000000000000000
0041001B004100040044000000000000
420005000042005D000242005F000042
00610000C10BC10AC109009000AB1203
3F9000AF12034B0000000043F804E5F8
30E5FB9091AAE0FFE4FCFDFE78101202
AFC004C005C006C007A3E0FFE4FCFDFE
78181202AFD003D002D001D00012027E
C004C005C006C0079091A9E0FFE4FCFD
FE78081202AFD003D002D001D0001202
7EA804A905AA06AB079091A8E0FFE4FC
FDFE12027E90013C12033F7FC07E0A7D
707C0190013C1202FED312028B50167F
407E617D6C7C0190013C1202FEC31202
8B4002801274FFFFFEFDFC90013C1202
FEC312028B700C9000AF12034B02DC6C
008015E47F02FEFDFC90013C1202FE12
01619000AF12033F9000AB1202F21203
CB0BF700B71B000BEF00F424000BE701
6E360000000BEF75EE01E47B02800E75
EE02E47B03800675EE03E47B04FAF9F8
9000AF1202F21201EC90014012033F53
F8FE53D9F822AC07EF131313541F9000
ABF0EF5407A3F0ED6060EC75F003A424
63F582E43400F58312039CD2AFD2A812
15D39000ABE0FF7011A3E0FE7401A806
088002C333D8FC42E922EFB401139000
ACE0FF7401A807088002C333D8FC42EA
229000ABE06402705CA3E0FF7401A807
088002C333D8FC42EB22C2A89000ABE0
FF7012A3E0FE7401A806088002C333D8
FCF452E922EFB401149000ACE0FF7401
A807088002C333D8FCF452EA229000AB
E0B40211A3E0FF7401A807088002C333
D8FCF452EB2290C018E4F07F08120066
E4FD7F08121293E4FD7F0812130C7D01
7F0812138590C01AE4F07F0A120066E4
FD7F0A121293E4FD7F0A12130C7D017F
0A12138590C01BE4F07F0B1200667D01
7F0B121293E4FD7F0B12130C7D017F0B
120D8B7BFF7A0079217D017F0B120C16
53AE7F43AE407F0C1200667D017F0C12
1293E4FD7F0C12130C7D017F0C120D8B
7BFF7A0079217D017F0C120C1653B0FE
43B00190C01DE4F07F0D1200667D017F
0D1212937D017F0D020D8BEF13131354
1FFEEF5407FFED604FEE701690C000C0
83C082E0FE7401A807088002C333D8FC
8033EEB4011690C001C083C082E0FE74
01A807088002C333D8FC8019EE640270
6D90C002C083C082E0FE7401A8070880
02C333D8FC4E8051EE701890C000C083
C082E0FE7401A807088002C333D8FCF4
5E8036EEB4011890C001C083C082E0FE
7401A807088002C333D8FCF45E801AEE
B4021B90C002C083C082E0FE7401A807
088002C333D8FCF45ED082D083F022C0
E0C0F0C083C082C0D075D000C000C001
C002C003C004C005C006C00790C809E0
30E01790C808E030E010A37401F09001
0C12037CE94A605D805890C809E030E1
1790C808E030E110A37402F090010F12
037CE94A603F803A90C809E030E21790
C808E030E210A37404F090011212037C
E94A6021801C90C809E030E31890C808
E030E311A37408F090011512037CE94A
6003120405D007D006D005D004D003D0
02D001D000D0D0D082D083D0F0D0E032
9000AB12039C90C9057407F0EF640170
4FED24FE601C14602E2402703D9000AB
12037C90011812039C90C904E04401F0
80289000AB12037C90011B12039C90C9
04E04402F080139000AB12037C90011E
12039C90C904E04404F0D2AF43B80122
ED24FE601B14602C2402703B9000AB12
037C90011812039C90C904E044FEF022
9000AB12037C90011B12039C90C904E0
44FDF0229000AB12037C90011E12039C
90C904E044FBF022C0E0C0F0C083C082
C0D075D000C000C001C002C003C004C0
05C006C00790C905E030E01C90C904E0
30E01590011812037CE94A6003120405
90C9057401F0804C90C905E030E11C90
C904E030E11590011B12037CE94A6003
12040590C9057402F0802990C905E030
E21C90C904E030E21590011E12037CE9
4A600312040590C9057404F0800690C9
057407F0D007D006D005D004D003D002
D001D000D0D0D082D083D0F0D0E032C0
E0C0F0C083C082C0D075D000C000C001
C002C003C004C005C006C00790CA05E0
30E01C90CA04E030E01590012112037C
E94A600312040590CA057401F0804C90
CA05E030E11C90CA04E030E115900124
12037CE94A600312040590CA057402F0
802990CA05E030E21C90CA04E030E215
90012712037CE94A600312040590CA05
7404F0800690CA057407F0D007D006D0
05D004D003D002D001D000D0D0D082D0
83D0F0D0E032C0E0C0F0C083C082C0D0
75D000C000C001C002C003C004C005C0
06C00790CB05E030E01C90CB04E030E0
1590012A12037CE94A600312040590CB
057401F0804C90CB05E030E11C90CB04
E030E11590012D12037CE94A60031204
0590CB057402F0802990CB05E030E21C
90CB04E030E21590013012037CE94A60
0312040590CB057404F0800690CB0574
07F0D007D006D005D004D003D002D001
D000D0D0D082D083D0F0D0E032787FE4
F6D8FD7581210211D40214ECE493A3F8
E493A34003F68001F208DFF48029E493
A3F85407240CC8C333C4540F4420C883
4004F456800146F6DFE4800B01020408
102040809009ABE47E019360BCA3FF54
3F30E509541FFEE493A360010ECF54C0
25E060A840B8E493A3FAE493A3F8E493
A3C8C582C8CAC583CAF0A3C8C582C8CA
C583CADFE9DEE780BEEF1203A5123901
124302124D04125708126110126B2012
7540127F8000001289E5B454F04401F5
B48049E5B454F04402F5B4803FE5B454
F04403F5B48035E5B454F04404F5B480
2BE5B454F04405F5B48021E5B454F044
06F5B48017E5B454F04407F5B4800DE5
B454F04408F5B4800353B4F053ADFB43
AD0422EF131313541FFEEF5407FFED60
34EE700D04A807088002C333D8FC42F9
22EEB4010E7401A807088002C333D8FC
42FA22EE6402704304A807088002C333
D8FC42FB22EE700E04A807088002C333
D8FCF452F922EEB4010F7401A8070880
02C333D8FCF452FA22EEB4020E7401A8
07088002C333D8FCF452FB22EF131313
541FFEEF5407FFED6034EE700D04A807
088002C333D8FC429722EEB4010E7401
A807088002C333D8FC42E522EE640270
4304A807088002C333D8FC42FC22EE70
0E04A807088002C333D8FCF4529722EE
B4010F7401A807088002C333D8FCF452
E522EEB4020E7401A807088002C333D8
FCF452FC22EF131313541FFEEF5407FF
ED6034EE700D04A807088002C333D8FC
428022EEB4010E7401A807088002C333
D8FC429022EE6402704304A807088002
C333D8FC42A022EE700E04A807088002
C333D8FCF4528022EEB4010F7401A807
088002C333D8FCF4529022EEB4020E74
01A807088002C333D8FCF452A0229000
AF12033FE47F10FEFDFC9000B31202FE
1201619000B712033FE47B02FAF9F890
00B71202F21201EC9000AF1202FE1201
549000B71202FE1201EC9000B712033F
9000B71202FEC3E49BFF74049AFEE499
FDE498FC9000B712033F9000B71202F2
780812029CAB079000B71202F2EB5403
F5BA8FAA22C0E0C0F0C083C082C0D075
D000C000C001C002C003C004C005C006
C007E5C830E11053C8FD90013312037C
E94A6003120405E5C930E11053C9FD90
013612037CE94A6003120405E5CA30E1
1053CAFD90013912037CE94A60031204
05D007D006D005D004D003D002D001D0
00D0D0D082D083D0F0D0E0321217BA12
0CD61217367D0F7C007F4C7E04121650
7BFF7A1779657D017F01120EF01217C5
9000AF7401F07B047A00E4FD7F011216
C07F031200067F06120094E4FF12178B
7F011217797F011217AE80FEC0E0C0F0
C083C082C0D075D000C000C001C002C0
03C004C005C006C007E5F630E00D9001
4812037CE94A600312040575F601D007
D006D005D004D003D002D001D000D0D0
D082D083D0F0D0E032C0E0C0F0C083C0
82C0D075D000C000C001C002C003C004
C005C006C00730980F90014512037CE9
4A6003120405C298D007D006D005D004
D003D002D001D000D0D0D082D083D0F0
D0E032EF131313541FFEEF5407FFEE70
0E04A807088002C333D8FCF452E122EE
B4010F7401A807088002C333D8FCF452
E222EEB4020E7401A807088002C333D8
FCF452E322EF131313541FFEEF5407FF
EE700DE5E1A807088002C313D8FC801C
EEB4010DE5E2A807088002C313D8FC80
0BE5E3A807088002C313D8FC5401FF22
AB07AA0643DF0843E70890C900E04440
F0EC90C90DF0ED90C90CF0EB24FFEA34
FF90C90FF0EB1490C90EF090C9067401
F090C905E04401F0229000AB12033F43
DE0143E601439E01E4900144F0C29FD2
9EC299C2989000AB1202F29000B31203
3F9001401202F21213FED29C53F33F22
9000AFE06401702743DE1043E610EFC4
333354C0FFE5AC54BF4FF5ACE4F5FEF5
FFEBF5FEEAF5FFE5FD54FE4DF5FD2253
DEEF53E6EF2212002E90005FE475F001
12013EFC741C25F0F58274003CF583EF
F090005C7401F022C0E0C083C082E5A6
30E30990014B7401F075A32075A3FFD0
82D083D0E032E490005CF0FF7EC27D01
FC1216897BFF7A1679F67F0102179D74
FFFDFC8F9920990AED1DAE0470011C4E
70F3C29922E4FD7F0A121385E4FD7F08
121385E4900105F022EFB4010753ADFE
53ADFD2243AD0243AD012243AC20EF70
0553ACFD800343AC0253B5FE22EFB401
0AD2AFD2AC90014502039CC2AC22EFB4
010443AC012253ACFE227F007E247DF4
7C00020AEB90C900E04401F02261646A
3A2564206164636D3A2564206164636E
3A25640D0A006164633A25640D0A006F
6E0D0A00

---------- Code Information -----------
Code Entrance:      0x00000000 
Code Run Entrance:  0x00000000 
Code Size:          0x000017F4 
Code CRC Value:     0xE4AC 
