021191020798E4FD7F0A121389E4FD7F
08121389E4FD7F0B121389E4900104F0
2222FF02158DAB0702176E021479AF99
22FFFF021540E5B7540FFEAFB6D3EF94
01EE9400400774052FFFE43EFED3EF94
FFEE940F40047E0F7FFF2202171C2564
0D0A00020DA1EF131313541FFEEF5407
9000ABF0EE700743DF0143E70122EEB4
010743DF0243E70222EEB4020643DF04
43E70422EF8FF553B4EF22021048FFFF
FFFFFF020FA1FFFFFFFFFF020EFABB01
0689828A83E0225002E722BBFE02E322
89828A83E49322BB010CE58229F582E5
833AF583E0225006E92582F8E622BBFE
06E92582F8E222E58229F582E5833AF5
83E49322BB010689828A83F0225002F7
22BBFE01F322F8BB010DE58229F582E5
833AF583E8F0225006E92582C8F622BB
FE05E92582C8F222C5F0F8A3E028F0C5
F0F8E582158270021583E038F022A3F8
E0C5F025F0F0E582158270021583E0C8
38F0E822EF2BFFEE3AFEED39FDEC38FC
22E88FF0A4CC8BF0A42CFCE98EF0A42C
FC8AF0EDA42CFCEA8EF0A4CDA8F08BF0
A42DCC3825F0FDE98FF0A42CCD35F0FC
EB8EF0A4FEA9F0EB8FF0A4CFC5F02ECD
39FEE43CFCEAA42DCE35F0FDE43CFC22
75F008758200EF2FFFEE33FECD33CDCC
33CCC58233C5829BED9AEC99E5829840
0CF582EE9BFEED9AFDEC99FC0FD5F0D6
E4CEFBE4CDFAE4CCF9A88222B800C1B9
0059BA002DEC8BF084CFCECDFCE5F0CB
F97818EF2FFFEE33FEED33FDEC33FCEB
33FB10D703994004EB99FB0FD8E5E4F9
FA227818EF2FFFEE33FEED33FDEC33FC
C933C910D7059BE99A4007EC9BFCE99A
F90FD8E0E4C9FAE4CCFB2275F010EF2F
FFEE33FEED33FDCC33CCC833C810D707
9BEC9AE899400AED9BFDEC9AFCE899F8
0FD5F0DAE4CDFBE4CCFAE4C8F922EF4B
FFEE4AFEED49FDEC48FC22EB9FF5F0EA
9E42F0E99D42F0E89C45F022E8600FEC
C313FCED13FDEE13FEEF13FFD8F122E8
600FEFC333FFEE33FEED33FDEC33FCD8
F122BB010DE58229F582E5833AF58302
02F25007E92582F802040BBBFE07E925
82F8020417E58229F582E5833AF58302
0423E0FCA3E0FDA3E0FEA3E0FF22E0F8
A3E0F9A3E0FAA3E0FB227401FF3395E0
FEFDFCA3A3A3E0CF2FF0E58215827002
1583E0CE3EF0E582158270021583E0CD
3DF0E582158270021583E0CC3CF022EC
F0A3EDF0A3EEF0A3EFF022A8828583F0
D083D082120362120362120362120362
E473E493A3C583C5F0C583C8C582C8F0
A3C583C5F0C583C8C582C822E0FBA3E0
FAA3E0F922F8E0FBA3A3E0F925F0F0E5
82158270021583E0FA38F022EBF0A3EA
F0A3E9F022D083D082F8E49370127401
93700DA3A393F8740193F5828883E473
7402936860EFA3A3A380DFD083D082E4
937012740193700DA3A393F8740193F5
828883E4737402936C70127403936D70
0C7404936E70067405936F60DDA3A3A3
A3A3A380CA8A838982E473E6FC08E6FD
08E6FE08E6FF22E2FC08E2FD08E2FE08
E2FF22E493FC740193FD740293FE7403
93FF22E50824BEF582E43400F583E005
08229000BB3007039000BEE475F00112
03850200AE2000E97F2ED2008018EF54
0F2490D43440D4FF30040BEF24BFB41A
0050032461FFE50960021509050CE50C
7002050B30070E9000BBE475F0011203
85EF0200F40200267403D2078003E4C2
07F5089000BB12039CE4F509F50BF50C
E50960077F2012047680F5750AFFC201
C200C202C203C205C206C208120442FF
700D3007057F00120487AF0CAE0B22B4
255FC2D5C204120442FF24D0B40A0050
1A75F00A780930D50508B6FF0106C6A4
26F620D5047002D20380D924CFB41A00
EF5004C2E5D204020688D20180C6D200
80C0D20280BCD2D580BAD20580B47F20
1204762002077401B5090040F1120433
FF1204760204B0D208D2068095120433
FB120433FA120433F94A4B700679597A
077BFF20022EE509602A7E008E827583
001200C760060EEE650A70F0C2D5EBC0
E0EAC0E0E9C0E0EE1206CFD0E0F9D0E0
FAD0E0FB1200AEFF60AAEBC0E0EAC0E0
E9C0E0120476D0E02401F9D0E03400FA
D0E0FBE50A0460DCD50AD980877BFF7A
0679CBD202809C791080027908C206C2
088008D2D5790A8004790AC2D5E50A04
7002F50AE4FAFDFEFF120433FC7B0820
0113120433FD7B1030000A120433FE12
0433FF7B20EC3382D592D55013C3E430
00069FFFE49EFEE42001039DFDE49CFC
E4CBF8C201EC700CCFCECDCCE824F8F8
70F38017C3EF33FFEE33FEED33FDEC33
FCEB33FB994002FB0FD8E9EB300105F8
D0E0C448B201C0E00AEC4D4E4F78207B
0070C2EAB50A0040BCC0E01206D1D0F0
D0E0200104C4C0E0C4B201C0F012045F
D0F0D5F0EB0204B01203A5054D5305C7
58051E4C051A4205CB4F05D34405D349
05334305D95505BD4605BD4505BD4707
795005222D05262E05492B052A230547
2007622A04E248000005413F3F3F0079
0AA2D5200314300509B910020404B908
0104A2D52006025001042002689202B5
09005034C0E07F203003197F30A20272
067205500F120728C202C206C205C208
7F30800F300503E9C0E0120476300503
D0E0F9D0E0B509CC3005177F30B9100C
1204767F583004077F788003B9080312
04763002057F2D0204767F202008F87F
2B2006F322920280CF286E756C6C2900
D2011204333001F8C201780930D50108
F60204E22D504349581204332403B405
004001E490077493120467743A120467
D2037509040205C7C0E0C0F0C083C082
C0D075D000C000C001C002C003C004C0
05C006C0077F0C121619EF70030209A1
90C900E054FEF07F0412121DE5AD20E2
FBE5F630E0FB75F6011200369000FDEE
F0A3EFF0C39000FEE094AC9000FDE094
0D4019A3E094FF9000FDE0940F500D90
00FB7409F0A374C4F00208F5C39000FE
E094809000FDE0940C4019A3E094AC90
00FDE0940D500D9000FB7407F0A374D0
F00208F5C39000FEE094B89000FDE094
0B4018A3E094809000FDE0940C500C90
00FB7407F0A304F00208F5C39000FEE0
948C9000FDE0940A4018A3E094B89000
FDE0940B500C9000FB7406F0A37440F0
8073C39000FEE094C49000FDE0940940
18A3E0948C9000FDE0940A500C9000FB
7405F0A37478F0804CC39000FEE09498
9000FDE094084018A3E094C49000FDE0
9409500C9000FB7404F0A374B0F08025
C39000FEE094D09000FDE094074016A3
E094989000FDE09408500A9000FB7403
F0A374E8F07F0212121DE5AD20E2FBE5
F630E0FB75F6011200369000EDEEF0A3
EFF07BFF7A00795E9000EDE0FFA3E090
00BECFF0A3EFF012049E9000FBE0FEA3
E0FFC39000EEE09F9000EDE09E4062A3
E094FF9000EDE0947F5056900104E014
604504704C900105E475F00112012890
0105E07004A3E06402703690C90AE0E4
F0A3E0E4F07D017F0A1213897D017F08
1213897D017F0B1213899001047401F0
A3E4F0A3F0800A90C90AE0E4F0A3E0E4
F090C900E04401F07F0C1215D7D007D0
06D005D004D003D002D001D000D0D0D0
82D083D0F0D0E03244013D0000000044
0139000000004201071F404200F4FA00
4200EB00004200ED00004200FD000042
00FB00644400FF000000004200E70000
4200E500004400F7000000004200EF00
0042010500004200E90000C10CC10D42
00F100004100F300410103004200E300
00410104004100F60060480063000000
00000000000000000000000000000000
00000000000000000000000000000000
00000000000000000000000000000000
00000000000000000000000000000000
00000000004101410043014200000043
01450000004901150000000000000000
0049011E000000000000000000490127
0000000000000000004C010900000000
00000000000000004101480049013000
000000000000000041001B0041000400
44000000000000420005000042005D00
0242005F00004200610000C10BC10AC1
09009000AB12033F9000AF12034B0000
000043F804E5F830E5FB9091AAE0FFE4
FCFDFE78101202AFC004C005C006C007
A3E0FFE4FCFDFE78181202AFD003D002
D001D00012027EC004C005C006C00790
91A9E0FFE4FCFDFE78081202AFD003D0
02D001D00012027EA804A905AA06AB07
9091A8E0FFE4FCFDFE12027E90013912
033F7FC07E0A7D707C019001391202FE
D312028B50167F407E617D6C7C019001
391202FEC312028B4002801274FFFFFE
FDFC9001391202FEC312028B700C9000
AF12034B02DC6C008015E47F02FEFDFC
9001391202FE1201619000AF12033F90
00AB1202F21203CB0C0E00B71B000C06
00F424000BFE016E360000000C0675EE
01E47B02800E75EE02E47B03800675EE
03E47B04FAF9F89000AF1202F21201EC
90013D12033F53F8FE53D9F822AC07EF
131313541F9000ABF0EF5407A3F0ED60
60EC75F003A42463F582E43400F58312
039CD2AFD2A81215D79000ABE0FF7011
A3E0FE7401A806088002C333D8FC42E9
22EFB401139000ACE0FF7401A8070880
02C333D8FC42EA229000ABE06402705C
A3E0FF7401A807088002C333D8FC42EB
22C2A89000ABE0FF7012A3E0FE7401A8
06088002C333D8FCF452E922EFB40114
9000ACE0FF7401A807088002C333D8FC
F452EA229000ABE0B40211A3E0FF7401
A807088002C333D8FCF452EB22EF1313
13541FFEEF5407FFED604FEE701690C0
00C083C082E0FE7401A807088002C333
D8FC8033EEB4011690C001C083C082E0
FE7401A807088002C333D8FC8019EE64
02706D90C002C083C082E0FE7401A807
088002C333D8FC4E8051EE701890C000
C083C082E0FE7401A807088002C333D8
FCF45E8036EEB4011890C001C083C082
E0FE7401A807088002C333D8FCF45E80
1AEEB4021B90C002C083C082E0FE7401
A807088002C333D8FCF45ED082D083F0
22C0E0C0F0C083C082C0D075D000C000
C001C002C003C004C005C006C00790C8
09E030E01790C808E030E010A37401F0
90010912037CE94A605D805890C809E0
30E11790C808E030E110A37402F09001
0C12037CE94A603F803A90C809E030E2
1790C808E030E210A37404F090010F12
037CE94A6021801C90C809E030E31890
C808E030E311A37408F090011212037C
E94A6003120405D007D006D005D004D0
03D002D001D000D0D0D082D083D0F0D0
E0329000AB12039C90C9057407F0EF64
01704FED24FE601C14602E2402703D90
00AB12037C90011512039C90C904E044
01F080289000AB12037C90011812039C
90C904E04402F080139000AB12037C90
011B12039C90C904E04404F0D2AF43B8
0122ED24FE601B14602C2402703B9000
AB12037C90011512039C90C904E044FE
F0229000AB12037C90011812039C90C9
04E044FDF0229000AB12037C90011B12
039C90C904E044FBF022C0E0C0F0C083
C082C0D075D000C000C001C002C003C0
04C005C006C00790C905E030E01C90C9
04E030E01590011512037CE94A600312
040590C9057401F0804C90C905E030E1
1C90C904E030E11590011812037CE94A
600312040590C9057402F0802990C905
E030E21C90C904E030E21590011B1203
7CE94A600312040590C9057404F08006
90C9057407F0D007D006D005D004D003
D002D001D000D0D0D082D083D0F0D0E0
32C0E0C0F0C083C082C0D075D000C000
C001C002C003C004C005C006C00790CA
05E030E01C90CA04E030E01590011E12
037CE94A600312040590CA057401F080
4C90CA05E030E11C90CA04E030E11590
012112037CE94A600312040590CA0574
02F0802990CA05E030E21C90CA04E030
E21590012412037CE94A600312040590
CA057404F0800690CA057407F0D007D0
06D005D004D003D002D001D000D0D0D0
82D083D0F0D0E032C0E0C0F0C083C082
C0D075D000C000C001C002C003C004C0
05C006C00790CB05E030E01C90CB04E0
30E01590012712037CE94A6003120405
90CB057401F0804C90CB05E030E11C90
CB04E030E11590012A12037CE94A6003
12040590CB057402F0802990CB05E030
E21C90CB04E030E21590012D12037CE9
4A600312040590CB057404F0800690CB
057407F0D007D006D005D004D003D002
D001D000D0D0D082D083D0F0D0E03290
C018E4F07F08120066E4FD7F08121297
E4FD7F081213107D017F0812138990C0
1AE4F07F0A120066E4FD7F0A121297E4
FD7F0A1213107D017F0A12138990C01B
E4F07F0B120066E4FD7F0B121297E4FD
7F0B121310E4FD7F0B1213897F0C1200
667D017F0C121297E4FD7F0C1213107D
017F0C120CED7BFF7A0079217D017F0C
120C2D53B0FE43B00190C01DE4F07F0D
1200667D017F0D1212977D017F0D020C
ED787FE4F6D8FD7581210211D80214F0
E493A3F8E493A34003F68001F208DFF4
8029E493A3F85407240CC8C333C4540F
4420C8834004F456800146F6DFE4800B
01020408102040809009C8E47E019360
BCA3FF543F30E509541FFEE493A36001
0ECF54C025E060A840B8E493A3FAE493
A3F8E493A3C8C582C8CAC583CAF0A3C8
C582C8CAC583CADFE9DEE780BEEF1203
A5123D01124702125104125B08126510
126F201279401283800000128DE5B454
F04401F5B48049E5B454F04402F5B480
3FE5B454F04403F5B48035E5B454F044
04F5B4802BE5B454F04405F5B48021E5
B454F04406F5B48017E5B454F04407F5
B4800DE5B454F04408F5B4800353B4F0
53ADFB43AD0422EF131313541FFEEF54
07FFED6034EE700D04A807088002C333
D8FC42F922EEB4010E7401A807088002
C333D8FC42FA22EE6402704304A80708
8002C333D8FC42FB22EE700E04A80708
8002C333D8FCF452F922EEB4010F7401
A807088002C333D8FCF452FA22EEB402
0E7401A807088002C333D8FCF452FB22
EF131313541FFEEF5407FFED6034EE70
0D04A807088002C333D8FC429722EEB4
010E7401A807088002C333D8FC42E522
EE6402704304A807088002C333D8FC42
FC22EE700E04A807088002C333D8FCF4
529722EEB4010F7401A807088002C333
D8FCF452E522EEB4020E7401A8070880
02C333D8FCF452FC22EF131313541FFE
EF5407FFED6034EE700D04A807088002
C333D8FC428022EEB4010E7401A80708
8002C333D8FC429022EE6402704304A8
07088002C333D8FC42A022EE700E04A8
07088002C333D8FCF4528022EEB4010F
7401A807088002C333D8FCF4529022EE
B4020E7401A807088002C333D8FCF452
A0229000AF12033FE47F10FEFDFC9000
B31202FE1201619000B712033FE47B02
FAF9F89000B71202F21201EC9000AF12
02FE1201549000B71202FE1201EC9000
B712033F9000B71202FEC3E49BFF7404
9AFEE499FDE498FC9000B712033F9000
B71202F2780812029CAB079000B71202
F2EB5403F5BA8FAA22C0E0C0F0C083C0
82C0D075D000C000C001C002C003C004
C005C006C007E5C830E11053C8FD9001
3012037CE94A6003120405E5C930E110
53C9FD90013312037CE94A6003120405
E5CA30E11053CAFD90013612037CE94A
6003120405D007D006D005D004D003D0
02D001D000D0D0D082D083D0F0D0E032
1217C51210EF1217557D0F7C007F4C7E
041216547BFF7A0079067D017F01120E
521217D09000AF7401F07B047A00E4FD
7F011216C47F0312173A7F06120094E4
FF1217967F011217847F011217B980FE
C0E0C0F0C083C082C0D075D000C000C0
01C002C003C004C005C006C007E5F630
E00D90014512037CE94A600312040575
F601D007D006D005D004D003D002D001
D000D0D0D082D083D0F0D0E032C0E0C0
F0C083C082C0D075D000C000C001C002
C003C004C005C006C00730980F900142
12037CE94A6003120405C298D007D006
D005D004D003D002D001D000D0D0D082
D083D0F0D0E032EF131313541FFEEF54
07FFEE700E04A807088002C333D8FCF4
52E122EEB4010F7401A807088002C333
D8FCF452E222EEB4020E7401A8070880
02C333D8FCF452E322EF131313541FFE
EF5407FFEE700DE5E1A807088002C313
D8FC801CEEB4010DE5E2A807088002C3
13D8FC800BE5E3A807088002C313D8FC
5401FF22AB07AA0643DF0843E70890C9
00E04440F0EC90C90DF0ED90C90CF0EB
24FFEA34FF90C90FF0EB1490C90EF090
C9067401F090C905E04401F0229000AB
12033F43DE0143E601439E01E4900141
F0C29FD29EC299C2989000AB1202F290
00B312033F90013D1202F2121402D29C
53F33F229000AFE06401702743DE1043
E610EFC4333354C0FFE5AC54BF4FF5AC
E4F5FEF5FFEBF5FEEAF5FFE5FD54FE4D
F5FD2253DEEF53E6EF2212002E90005F
E475F00112013EFC741C25F0F5827400
3CF583EFF090005C7401F022C0E0C083
C082E5A630E3099001487401F075A320
75A3FFD082D083D0E03253F7F8EF24FC
600B14600C2402700B43F7032243F704
2243F70522E490005CF0FF7EC27D01FC
12168D7BFF7A1679FA7F010217A874FF
FDFC8F9920990AED1DAE0470011C4E70
F3C29922EFB4010753ADFE53ADFD2243
AD0243AD012243AC20EF700553ACFD80
0343AC0253B5FE22EFB4010AD2AFD2AC
90014202039CC2AC22EFB4010443AC01
2253ACFE227F007E247DF47C00020B02
90C900E04401F022

---------- Code Information -----------
Code Entrance:      0x00000000 
Code Run Entrance:  0x00000000 
Code Size:          0x000017D8 
Code CRC Value:     0x8766 
