0211B2020798E4FD7F0A1213AAE4FD7F
081213AAE4FD7F0B1213AAE4900104F0
2222FF0215AEAB0702178F02149AAF99
22FFFF021561E5B7540FFEAFB6D3EF94
01EE9400400774052FFFE43EFED3EF94
FFEE940F40047E0F7FFF2202173DFFFF
FFFFFF020DC2EF131313541FFEEF5407
9000ABF0EE700743DF0143E70122EEB4
010743DF0243E70222EEB4020643DF04
43E70422EF8FF553B4EF22021069FFFF
FFFFFF020FC2FFFFFFFFFF020F1BBB01
0689828A83E0225002E722BBFE02E322
89828A83E49322BB010CE58229F582E5
833AF583E0225006E92582F8E622BBFE
06E92582F8E222E58229F582E5833AF5
83E49322BB010689828A83F0225002F7
22BBFE01F322F8BB010DE58229F582E5
833AF583E8F0225006E92582C8F622BB
FE05E92582C8F222C5F0F8A3E028F0C5
F0F8E582158270021583E038F022A3F8
E0C5F025F0F0E582158270021583E0C8
38F0E822EF2BFFEE3AFEED39FDEC38FC
22E88FF0A4CC8BF0A42CFCE98EF0A42C
FC8AF0EDA42CFCEA8EF0A4CDA8F08BF0
A42DCC3825F0FDE98FF0A42CCD35F0FC
EB8EF0A4FEA9F0EB8FF0A4CFC5F02ECD
39FEE43CFCEAA42DCE35F0FDE43CFC22
75F008758200EF2FFFEE33FECD33CDCC
33CCC58233C5829BED9AEC99E5829840
0CF582EE9BFEED9AFDEC99FC0FD5F0D6
E4CEFBE4CDFAE4CCF9A88222B800C1B9
0059BA002DEC8BF084CFCECDFCE5F0CB
F97818EF2FFFEE33FEED33FDEC33FCEB
33FB10D703994004EB99FB0FD8E5E4F9
FA227818EF2FFFEE33FEED33FDEC33FC
C933C910D7059BE99A4007EC9BFCE99A
F90FD8E0E4C9FAE4CCFB2275F010EF2F
FFEE33FEED33FDCC33CCC833C810D707
9BEC9AE899400AED9BFDEC9AFCE899F8
0FD5F0DAE4CDFBE4CCFAE4C8F922EF4B
FFEE4AFEED49FDEC48FC22EB9FF5F0EA
9E42F0E99D42F0E89C45F022E8600FEC
C313FCED13FDEE13FEEF13FFD8F122E8
600FEFC333FFEE33FEED33FDEC33FCD8
F122BB010DE58229F582E5833AF58302
02F25007E92582F802040BBBFE07E925
82F8020417E58229F582E5833AF58302
0423E0FCA3E0FDA3E0FEA3E0FF22E0F8
A3E0F9A3E0FAA3E0FB227401FF3395E0
FEFDFCA3A3A3E0CF2FF0E58215827002
1583E0CE3EF0E582158270021583E0CD
3DF0E582158270021583E0CC3CF022EC
F0A3EDF0A3EEF0A3EFF022A8828583F0
D083D082120362120362120362120362
E473E493A3C583C5F0C583C8C582C8F0
A3C583C5F0C583C8C582C822E0FBA3E0
FAA3E0F922F8E0FBA3A3E0F925F0F0E5
82158270021583E0FA38F022EBF0A3EA
F0A3E9F022D083D082F8E49370127401
93700DA3A393F8740193F5828883E473
7402936860EFA3A3A380DFD083D082E4
937012740193700DA3A393F8740193F5
828883E4737402936C70127403936D70
0C7404936E70067405936F60DDA3A3A3
A3A3A380CA8A838982E473E6FC08E6FD
08E6FE08E6FF22E2FC08E2FD08E2FE08
E2FF22E493FC740193FD740293FE7403
93FF22E50824BEF582E43400F583E005
08229000BB3007039000BEE475F00112
03850200AE2000E97F2ED2008018EF54
0F2490D43440D4FF30040BEF24BFB41A
0050032461FFE50960021509050CE50C
7002050B30070E9000BBE475F0011203
85EF0200F40200267403D2078003E4C2
07F5089000BB12039CE4F509F50BF50C
E50960077F2012047680F5750AFFC201
C200C202C203C205C206C208120442FF
700D3007057F00120487AF0CAE0B22B4
255FC2D5C204120442FF24D0B40A0050
1A75F00A780930D50508B6FF0106C6A4
26F620D5047002D20380D924CFB41A00
EF5004C2E5D204020688D20180C6D200
80C0D20280BCD2D580BAD20580B47F20
1204762002077401B5090040F1120433
FF1204760204B0D208D2068095120433
FB120433FA120433F94A4B700679597A
077BFF20022EE509602A7E008E827583
001200C760060EEE650A70F0C2D5EBC0
E0EAC0E0E9C0E0EE1206CFD0E0F9D0E0
FAD0E0FB1200AEFF60AAEBC0E0EAC0E0
E9C0E0120476D0E02401F9D0E03400FA
D0E0FBE50A0460DCD50AD980877BFF7A
0679CBD202809C791080027908C206C2
088008D2D5790A8004790AC2D5E50A04
7002F50AE4FAFDFEFF120433FC7B0820
0113120433FD7B1030000A120433FE12
0433FF7B20EC3382D592D55013C3E430
00069FFFE49EFEE42001039DFDE49CFC
E4CBF8C201EC700CCFCECDCCE824F8F8
70F38017C3EF33FFEE33FEED33FDEC33
FCEB33FB994002FB0FD8E9EB300105F8
D0E0C448B201C0E00AEC4D4E4F78207B
0070C2EAB50A0040BCC0E01206D1D0F0
D0E0200104C4C0E0C4B201C0F012045F
D0F0D5F0EB0204B01203A5054D5305C7
58051E4C051A4205CB4F05D34405D349
05334305D95505BD4605BD4505BD4707
795005222D05262E05492B052A230547
2007622A04E248000005413F3F3F0079
0AA2D5200314300509B910020404B908
0104A2D52006025001042002689202B5
09005034C0E07F203003197F30A20272
067205500F120728C202C206C205C208
7F30800F300503E9C0E0120476300503
D0E0F9D0E0B509CC3005177F30B9100C
1204767F583004077F788003B9080312
04763002057F2D0204767F202008F87F
2B2006F322920280CF286E756C6C2900
D2011204333001F8C201780930D50108
F60204E22D504349581204332403B405
004001E490077493120467743A120467
D2037509040205C7C0E0C0F0C083C082
C0D075D000C000C001C002C003C004C0
05C006C0077F0C12163AEF70030209C2
90C900E054FEF07F0412123EE5AD20E2
FBE5F630E0FB75F6011200369000FDEE
F0A3EFF07BFF7A1779F99000FDE0FFA3
E09000BECFF0A3EFF012049EC39000FE
E094AC9000FDE0940D4019A3E094FF90
00FDE0940F500D9000FB7409F0A374C4
F002090DC39000FEE094809000FDE094
0C4019A3E094AC9000FDE0940D500D90
00FB7407F0A374D0F002090DC39000FE
E094B89000FDE0940B4018A3E0948090
00FDE0940C500C9000FB7407F0A304F0
02090DC39000FEE0948C9000FDE0940A
4018A3E094B89000FDE0940B500C9000
FB7406F0A37440F08073C39000FEE094
C49000FDE094094018A3E0948C9000FD
E0940A500C9000FB7405F0A37478F080
4CC39000FEE094989000FDE094084018
A3E094C49000FDE09409500C9000FB74
04F0A374B0F08025C39000FEE094D090
00FDE094074016A3E094989000FDE094
08500A9000FB7403F0A374E8F07F0212
123EE5AD20E2FBE5F630E0FB75F60112
00369000EDEEF0A3EFF07BFF7A187902
9000EDE0FFA3E09000BECFF0A3EFF012
049E9000FBE0FEA3E0FFC39000EEE09F
9000EDE09E406BA3E094FF9000EDE094
7F505F7BFF7A18790B12049E900104E0
14604504704C900105E475F001120128
900105E07004A3E06402703690C90AE0
E4F0A3E0E4F07D017F0A1213AA7D017F
081213AA7D017F0B1213AA9001047401
F0A3E4F0A3F0800A90C90AE0E4F0A3E0
E4F090C900E04401F07F0C1215F8D007
D006D005D004D003D002D001D000D0D0
D082D083D0F0D0E03244013D00000000
440139000000004201071F404200F4FA
004200EB00004200ED00004200FD0000
4200FB00644400FF000000004200E700
004200E500004400F7000000004200EF
000042010500004200E90000C10CC10D
4200F100004100F300410103004200E3
0000410104004100F600604800630000
00000000000000000000000000000000
00000000000000000000000000000000
00000000000000000000000000000000
00000000000000000000000000000000
00000000000041014100430142000000
43014500000049011500000000000000
000049011E0000000000000000004901
270000000000000000004C0109000000
00000000000000000041014800490130
00000000000000000041001B00410004
0044000000000000420005000042005D
000242005F00004200610000C10BC10A
C109009000AB12033F9000AF12034B00
00000043F804E5F830E5FB9091AAE0FF
E4FCFDFE78101202AFC004C005C006C0
07A3E0FFE4FCFDFE78181202AFD003D0
02D001D00012027EC004C005C006C007
9091A9E0FFE4FCFDFE78081202AFD003
D002D001D00012027EA804A905AA06AB
079091A8E0FFE4FCFDFE12027E900139
12033F7FC07E0A7D707C019001391202
FED312028B50167F407E617D6C7C0190
01391202FEC312028B4002801274FFFF
FEFDFC9001391202FEC312028B700C90
00AF12034B02DC6C008015E47F02FEFD
FC9001391202FE1201619000AF12033F
9000AB1202F21203CB0C2F00B71B000C
2700F424000C1F016E360000000C2775
EE01E47B02800E75EE02E47B03800675
EE03E47B04FAF9F89000AF1202F21201
EC90013D12033F53F8FE53D9F822AC07
EF131313541F9000ABF0EF5407A3F0ED
6060EC75F003A42463F582E43400F583
12039CD2AFD2A81215F89000ABE0FF70
11A3E0FE7401A806088002C333D8FC42
E922EFB401139000ACE0FF7401A80708
8002C333D8FC42EA229000ABE0640270
5CA3E0FF7401A807088002C333D8FC42
EB22C2A89000ABE0FF7012A3E0FE7401
A806088002C333D8FCF452E922EFB401
149000ACE0FF7401A807088002C333D8
FCF452EA229000ABE0B40211A3E0FF74
01A807088002C333D8FCF452EB22EF13
1313541FFEEF5407FFED604FEE701690
C000C083C082E0FE7401A807088002C3
33D8FC8033EEB4011690C001C083C082
E0FE7401A807088002C333D8FC8019EE
6402706D90C002C083C082E0FE7401A8
07088002C333D8FC4E8051EE701890C0
00C083C082E0FE7401A807088002C333
D8FCF45E8036EEB4011890C001C083C0
82E0FE7401A807088002C333D8FCF45E
801AEEB4021B90C002C083C082E0FE74
01A807088002C333D8FCF45ED082D083
F022C0E0C0F0C083C082C0D075D000C0
00C001C002C003C004C005C006C00790
C809E030E01790C808E030E010A37401
F090010912037CE94A605D805890C809
E030E11790C808E030E110A37402F090
010C12037CE94A603F803A90C809E030
E21790C808E030E210A37404F090010F
12037CE94A6021801C90C809E030E318
90C808E030E311A37408F09001121203
7CE94A6003120405D007D006D005D004
D003D002D001D000D0D0D082D083D0F0
D0E0329000AB12039C90C9057407F0EF
6401704FED24FE601C14602E2402703D
9000AB12037C90011512039C90C904E0
4401F080289000AB12037C9001181203
9C90C904E04402F080139000AB12037C
90011B12039C90C904E04404F0D2AF43
B80122ED24FE601B14602C2402703B90
00AB12037C90011512039C90C904E044
FEF0229000AB12037C90011812039C90
C904E044FDF0229000AB12037C90011B
12039C90C904E044FBF022C0E0C0F0C0
83C082C0D075D000C000C001C002C003
C004C005C006C00790C905E030E01C90
C904E030E01590011512037CE94A6003
12040590C9057401F0804C90C905E030
E11C90C904E030E11590011812037CE9
4A600312040590C9057402F0802990C9
05E030E21C90C904E030E21590011B12
037CE94A600312040590C9057404F080
0690C9057407F0D007D006D005D004D0
03D002D001D000D0D0D082D083D0F0D0
E032C0E0C0F0C083C082C0D075D000C0
00C001C002C003C004C005C006C00790
CA05E030E01C90CA04E030E01590011E
12037CE94A600312040590CA057401F0
804C90CA05E030E11C90CA04E030E115
90012112037CE94A600312040590CA05
7402F0802990CA05E030E21C90CA04E0
30E21590012412037CE94A6003120405
90CA057404F0800690CA057407F0D007
D006D005D004D003D002D001D000D0D0
D082D083D0F0D0E032C0E0C0F0C083C0
82C0D075D000C000C001C002C003C004
C005C006C00790CB05E030E01C90CB04
E030E01590012712037CE94A60031204
0590CB057401F0804C90CB05E030E11C
90CB04E030E11590012A12037CE94A60
0312040590CB057402F0802990CB05E0
30E21C90CB04E030E21590012D12037C
E94A600312040590CB057404F0800690
CB057407F0D007D006D005D004D003D0
02D001D000D0D0D082D083D0F0D0E032
90C018E4F07F08120066E4FD7F081212
B8E4FD7F081213317D017F081213AA90
C01AE4F07F0A120066E4FD7F0A1212B8
E4FD7F0A1213317D017F0A1213AA90C0
1BE4F07F0B120066E4FD7F0B1212B8E4
FD7F0B121331E4FD7F0B1213AA7F0C12
00667D017F0C1212B8E4FD7F0C121331
7D017F0C120D0E7BFF7A0079217D017F
0C120C4E53B0FE43B00190C01DE4F07F
0D1200667D017F0D1212B87D017F0D02
0D0E787FE4F6D8FD7581210211F90215
11E493A3F8E493A34003F68001F208DF
F48029E493A3F85407240CC8C333C454
0F4420C8834004F456800146F6DFE480
0B01020408102040809009E9E47E0193
60BCA3FF543F30E509541FFEE493A360
010ECF54C025E060A840B8E493A3FAE4
93A3F8E493A3C8C582C8CAC583CAF0A3
C8C582C8CAC583CADFE9DEE780BEEF12
03A5125E01126802127204127C081286
10129020129A4012A480000012AEE5B4
54F04401F5B48049E5B454F04402F5B4
803FE5B454F04403F5B48035E5B454F0
4404F5B4802BE5B454F04405F5B48021
E5B454F04406F5B48017E5B454F04407
F5B4800DE5B454F04408F5B4800353B4
F053ADFB43AD0422EF131313541FFEEF
5407FFED6034EE700D04A807088002C3
33D8FC42F922EEB4010E7401A8070880
02C333D8FC42FA22EE6402704304A807
088002C333D8FC42FB22EE700E04A807
088002C333D8FCF452F922EEB4010F74
01A807088002C333D8FCF452FA22EEB4
020E7401A807088002C333D8FCF452FB
22EF131313541FFEEF5407FFED6034EE
700D04A807088002C333D8FC429722EE
B4010E7401A807088002C333D8FC42E5
22EE6402704304A807088002C333D8FC
42FC22EE700E04A807088002C333D8FC
F4529722EEB4010F7401A807088002C3
33D8FCF452E522EEB4020E7401A80708
8002C333D8FCF452FC22EF131313541F
FEEF5407FFED6034EE700D04A8070880
02C333D8FC428022EEB4010E7401A807
088002C333D8FC429022EE6402704304
A807088002C333D8FC42A022EE700E04
A807088002C333D8FCF4528022EEB401
0F7401A807088002C333D8FCF4529022
EEB4020E7401A807088002C333D8FCF4
52A0229000AF12033FE47F10FEFDFC90
00B31202FE1201619000B712033FE47B
02FAF9F89000B71202F21201EC9000AF
1202FE1201549000B71202FE1201EC90
00B712033F9000B71202FEC3E49BFF74
049AFEE499FDE498FC9000B712033F90
00B71202F2780812029CAB079000B712
02F2EB5403F5BA8FAA22C0E0C0F0C083
C082C0D075D000C000C001C002C003C0
04C005C006C007E5C830E11053C8FD90
013012037CE94A6003120405E5C930E1
1053C9FD90013312037CE94A60031204
05E5CA30E11053CAFD90013612037CE9
4A6003120405D007D006D005D004D003
D002D001D000D0D0D082D083D0F0D0E0
321217E61211101217767D0F7C007F4C
7E041216757BFF7A0079067D017F0112
0E731217F19000AF7401F07B047A00E4
FD7F011216E57F0312175B7F06120094
E4FF1217B77F011217A57F011217DA80
FEC0E0C0F0C083C082C0D075D000C000
C001C002C003C004C005C006C007E5F6
30E00D90014512037CE94A6003120405
75F601D007D006D005D004D003D002D0
01D000D0D0D082D083D0F0D0E032C0E0
C0F0C083C082C0D075D000C000C001C0
02C003C004C005C006C00730980F9001
4212037CE94A6003120405C298D007D0
06D005D004D003D002D001D000D0D0D0
82D083D0F0D0E032EF131313541FFEEF
5407FFEE700E04A807088002C333D8FC
F452E122EEB4010F7401A807088002C3
33D8FCF452E222EEB4020E7401A80708
8002C333D8FCF452E322EF131313541F
FEEF5407FFEE700DE5E1A807088002C3
13D8FC801CEEB4010DE5E2A807088002
C313D8FC800BE5E3A807088002C313D8
FC5401FF22AB07AA0643DF0843E70890
C900E04440F0EC90C90DF0ED90C90CF0
EB24FFEA34FF90C90FF0EB1490C90EF0
90C9067401F090C905E04401F0229000
AB12033F43DE0143E601439E01E49001
41F0C29FD29EC299C2989000AB1202F2
9000B312033F90013D1202F2121423D2
9C53F33F229000AFE06401702743DE10
43E610EFC4333354C0FFE5AC54BF4FF5
ACE4F5FEF5FFEBF5FEEAF5FFE5FD54FE
4DF5FD2253DEEF53E6EF2212002E9000
5FE475F00112013EFC741C25F0F58274
003CF583EFF090005C7401F022C0E0C0
83C082E5A630E3099001487401F075A3
2075A3FFD082D083D0E03253F7F8EF24
FC600B14600C2402700B43F7032243F7
042243F70522E490005CF0FF7EC27D01
FC1216AE7BFF7A17791B7F010217C974
FFFDFC8F9920990AED1DAE0470011C4E
70F3C29922EFB4010753ADFE53ADFD22
43AD0243AD012243AC20EF700553ACFD
800343AC0253B5FE22EFB4010AD2AFD2
AC90014202039CC2AC22EFB4010443AC
012253ACFE227F007E247DF47C00020B
2390C900E04401F02261646A3A25640D
0A006164633A25640D0A006F6E0D0A00

---------- Code Information -----------
Code Entrance:      0x00000000 
Code Run Entrance:  0x00000000 
Code Size:          0x00001810 
Code CRC Value:     0x7FD1 
