020EF202136F1217FEAD07AC06121848
9000BCECF0A3EDF0E49000BEF0A3F002
185F2202140FAF9922FFFF0211DAFFFF
FFFFFF0213C2E5B7540FFEAFB6D3EF94
01EE9400400774052FFFE43EFED3EF94
FFEE940F40047E0F7FFF220217A9FFFF
FFFFFF020910AB07AA061218EDC3EF9B
EE9A4007EF9BFFEE9A800EC374E89BFD
74039AFCED2FFFEC3E9000E2F0A3EFF0
9000E2E0FEA3E0FF22FFFF020D06FFFF
FFFFFF020C5FFFFFFFFFFF020BB8BB01
0689828A83E0225002E722BBFE02E322
89828A83E49322BB010CE58229F582E5
833AF583E0225006E92582F8E622BBFE
06E92582F8E222E58229F582E5833AF5
83E49322BB010689828A83F0225002F7
22BBFE01F322F8BB010DE58229F582E5
833AF583E8F0225006E92582C8F622BB
FE05E92582C8F222C5F0F8A3E028F0C5
F0F8E582158270021583E038F022A3F8
E0C5F025F0F0E582158270021583E0C8
38F0E822BB010A89828A83F0E5F0A3F0
225006F709A7F01922BBFE06F3E5F009
F31922EF2BFFEE3AFEED39FDEC38FC22
E88FF0A4CC8BF0A42CFCE98EF0A42CFC
8AF0EDA42CFCEA8EF0A4CDA8F08BF0A4
2DCC3825F0FDE98FF0A42CCD35F0FCEB
8EF0A4FEA9F0EB8FF0A4CFC5F02ECD39
FEE43CFCEAA42DCE35F0FDE43CFC2275
F008758200EF2FFFEE33FECD33CDCC33
CCC58233C5829BED9AEC99E58298400C
F582EE9BFEED9AFDEC99FC0FD5F0D6E4
CEFBE4CDFAE4CCF9A88222B800C1B900
59BA002DEC8BF084CFCECDFCE5F0CBF9
7818EF2FFFEE33FEED33FDEC33FCEB33
FB10D703994004EB99FB0FD8E5E4F9FA
227818EF2FFFEE33FEED33FDEC33FCC9
33C910D7059BE99A4007EC9BFCE99AF9
0FD8E0E4C9FAE4CCFB2275F010EF2FFF
EE33FEED33FDCC33CCC833C810D7079B
EC9AE899400AED9BFDEC9AFCE899F80F
D5F0DAE4CDFBE4CCFAE4C8F922EF4BFF
EE4AFEED49FDEC48FC22EB9FF5F0EA9E
42F0E99D42F0E89C45F022E8600FECC3
13FCED13FDEE13FEEF13FFD8F122E860
0FEFC333FFEE33FEED33FDEC33FCD8F1
22BB010DE58229F582E5833AF5830203
115007E92582F802042ABBFE07E92582
F8020436E58229F582E5833AF5830204
42E0FCA3E0FDA3E0FEA3E0FF22E0F8A3
E0F9A3E0FAA3E0FB227401FF3395E0FE
FDFCA3A3A3E0CF2FF0E5821582700215
83E0CE3EF0E582158270021583E0CD3D
F0E582158270021583E0CC3CF022ECF0
A3EDF0A3EEF0A3EFF022A8828583F0D0
83D082120381120381120381120381E4
73E493A3C583C5F0C583C8C582C8F0A3
C583C5F0C583C8C582C822E0FBA3E0FA
A3E0F922F8E0FBA3A3E0F925F0F0E582
158270021583E0FA38F022EBF0A3EAF0
A3E9F022D083D082F8E4937012740193
700DA3A393F8740193F5828883E47374
02936860EFA3A3A380DFD083D082E493
7012740193700DA3A393F8740193F582
8883E4737402936C70127403936D700C
7404936E70067405936F60DDA3A3A3A3
A3A380CA8A838982E473E6FC08E6FD08
E6FE08E6FF22E2FC08E2FD08E2FE08E2
FF22E493FC740193FD740293FE740393
FF224401180000000044011400000000
4200B500004200C400004200C201F442
00B700004200CE00004200B300004100
CA004100B1004100C9004100AD004100
BA004100C1004100B9004100C6004100
B0004200CC00004100CB004100AF0042
00BE00004200BC03704100AE004100B2
004200AB00004100BB004200C7000041
00C00060480063000000000000000000
00000000000000000000000000000000
00000000000000000000000000000000
00000000000000000000000000000000
00000000000000000000000000000041
011C0043011D00000043012000000049
00F00000000000000000004900F90000
00000000000000490102000000000000
0000004C00E400000000000000000000
00004101230049010B00000000000000
000041001B0041000400440000000000
00420005000042005D000242005F0000
4200610000C102C101C100009000D012
035E9000D412036A0000000043F804E5
F830E5FB9091AAE0FFE4FCFDFE781012
02CEC004C005C006C007A3E0FFE4FCFD
FE78181202CED003D002D001D0001202
9DC004C005C006C0079091A9E0FFE4FC
FDFE78081202CED003D002D001D00012
029DA804A905AA06AB079091A8E0FFE4
FCFDFE12029D90011412035E7FC07E0A
7D707C0190011412031DD31202AA5016
7F407E617D6C7C0190011412031DC312
02AA4002801274FFFFFEFDFC90011412
031DC31202AA700C9000D412036A02DC
6C008015E47F02FEFDFC90011412031D
1201809000D412035E9000D012031112
03EA06A800B71B0006A000F424000698
016E3600000006A075EE01E47B02800E
75EE02E47B03800675EE03E47B04FAF9
F89000D412031112020B90011812035E
53F8FE53D9F8229000ADE0700302079B
9000C9E09000D3F0E49000D0F0A3F07B
017A0079D07D64FC7F02120B11AB07AA
069000B5EAF0A3EBF09000D0E0FEA3E0
FF9000C4EEF0A3EFF09000CEEEF0A3EF
F09000BEE0FFA3E09000C7CFF0A3EFF0
AF03AE021216DB9000D2EFF0AE02AF03
12131C9000C0EFF0600B9000CAE0C394
01500E80099000B1E0C394015003E004
F09000AEE004F0E0C39401402DE4F090
00C9E07011A3E0940140169000C97401
F01218FA800B9000B1E060057F061212
BCE49000CAF09000B1F09000D2E0FF12
12519000ADE0600312159522AC07EF13
1313541F9000D4F0EF5407A3F0ED6060
EC75F003A42463F582E43400F5831203
BBD2AFD2A812149E9000D4E0FF7011A3
E0FE7401A806088002C333D8FC42E922
EFB401139000D5E0FF7401A807088002
C333D8FC42EA229000D4E06402705CA3
E0FF7401A807088002C333D8FC42EB22
C2A89000D4E0FF7012A3E0FE7401A806
088002C333D8FCF452E922EFB4011490
00D5E0FF7401A807088002C333D8FCF4
52EA229000D4E0B40211A3E0FF7401A8
07088002C333D8FCF452EB22EF131313
541FFEEF5407FFED604FEE701690C000
C083C082E0FE7401A807088002C333D8
FC8033EEB4011690C001C083C082E0FE
7401A807088002C333D8FC8019EE6402
706D90C002C083C082E0FE7401A80708
8002C333D8FC4E8051EE701890C000C0
83C082E0FE7401A807088002C333D8FC
F45E8036EEB4011890C001C083C082E0
FE7401A807088002C333D8FCF45E801A
EEB4021B90C002C083C082E0FE7401A8
07088002C333D8FCF45ED082D083F022
C0E0C0F0C083C082C0D075D000C000C0
01C002C003C004C005C006C00790C809
E030E01790C808E030E010A37401F090
00E412039BE94A605D805890C809E030
E11790C808E030E110A37402F09000E7
12039BE94A603F803A90C809E030E217
90C808E030E210A37404F09000EA1203
9BE94A6021801C90C809E030E31890C8
08E030E311A37408F09000ED12039BE9
4A6003120424D007D006D005D004D003
D002D001D000D0D0D082D083D0F0D0E0
329000D01203BB90C9057407F0EF6401
704FED24FE601C14602E2402703D9000
D012039B9000F01203BB90C904E04401
F080289000D012039B9000F31203BB90
C904E04402F080139000D012039B9000
F61203BB90C904E04404F0D2AF43B801
22ED24FE601B14602C2402703B9000D0
12039B9000F01203BB90C904E044FEF0
229000D012039B9000F31203BB90C904
E044FDF0229000D012039B9000F61203
BB90C904E044FBF0229000D01203BB90
CA057407F0EF6401704FED24FE601C14
602E2402703D9000D012039B9000F912
03BB90CA04E04401F080289000D01203
9B9000FC1203BB90CA04E04402F08013
9000D012039B9000FF1203BB90CA04E0
4404F0D2AF43B80422ED24FE601B1460
2C2402703B9000D012039B9000F91203
BB90CA04E044FEF0229000D012039B90
00FC1203BB90CA04E044FDF0229000D0
12039B9000FF1203BB90CA04E044FBF0
229000D4EFF0A3ECF0A3EDF0A31203BB
9000DE12036A00000000E49000DCF0A3
F01218ED9000DAEEF0A3EFF09000D4E0
FF12172AC3EF94FEEE947F501C9000DE
12031DE4FCFD1201739000DE12035E90
00DCE475F0011201289000DAE0FEA3E0
FF120066D39000D6E09F9000D5E09E50
BB9000D712039BE94A600D9000DCE0FF
A3E0CF8FF01201549000DCE0FCA3E0FD
4C70047E80FF22AB05AA04E4F9F89000
DE12031112020B22C0E0C0F0C083C082
C0D075D000C000C001C002C003C004C0
05C006C00790C905E030E01C90C904E0
30E0159000F012039BE94A6003120424
90C9057401F0804C90C905E030E11C90
C904E030E1159000F312039BE94A6003
12042490C9057402F0802990C905E030
E21C90C904E030E2159000F612039BE9
4A600312042490C9057404F0800690C9
057407F0D007D006D005D004D003D002
D001D000D0D0D082D083D0F0D0E032C0
E0C0F0C083C082C0D075D000C000C001
C002C003C004C005C006C00790CA05E0
30E01C90CA04E030E0159000F912039B
E94A600312042490CA057401F0804C90
CA05E030E11C90CA04E030E1159000FC
12039BE94A600312042490CA057402F0
802990CA05E030E21C90CA04E030E215
9000FF12039BE94A600312042490CA05
7404F0800690CA057407F0D007D006D0
05D004D003D002D001D000D0D0D082D0
83D0F0D0E032C0E0C0F0C083C082C0D0
75D000C000C001C002C003C004C005C0
06C00790CB05E030E01C90CB04E030E0
1590010212039BE94A600312042490CB
057401F0804C90CB05E030E11C90CB04
E030E11590010512039BE94A60031204
2490CB057402F0802990CB05E030E21C
90CB04E030E21590010812039BE94A60
0312042490CB057404F0800690CB0574
07F0D007D006D005D004D003D002D001
D000D0D0D082D083D0F0D0E03290C018
E4F07F081216ADE4FD7F08120FF8E4FD
7F081210717D017F081210EA90C01AE4
F07F0A1216ADE4FD7F0A120FF8E4FD7F
0A121071E4FD7F0A1210EA90C01BE4F0
7F0B1216ADE4FD7F0B120FF8E4FD7F0B
121071E4FD7F0B1210EA7F0C1216AD7D
017F0C120FF8E4FD7F0C1210717D017F
0C12085C7BFF7A0079227D017F0C1207
9C53B0FD43B00190C01C7420F0A3E4F0
7F0D1216AD7D017F0D120FF87D017F0D
02085C12191E120DAD1218177D177C00
7FE87E031215CE7BFF7A1479597D017F
011209C17D177C007FDC7E051216077B
FF7A1779C77D017F01120A691218CF12
18309000D47401F07B047A00E4FD7F01
1216777F031217E37F06121929E4FF12
18AC7F0112189A7F0112191212190612
18769000C1E0600BE4F09000ADE07003
1214E09000B9E0600312151E9000C6E0
600312178B9000BAE060D7E4F01206C7
80D0787FE4F6D8FD758120020F39020E
53E493A3F8E493A34003F68001F208DF
F48029E493A3F85407240CC8C333C454
0F4420C8834004F456800146F6DFE480
0B0102040810204080900452E47E0193
60BCA3FF543F30E509541FFEE493A360
010ECF54C025E060A840B8E493A3FAE4
93A3F8E493A3C8C582C8CAC583CAF0A3
C8C582C8CAC583CADFE9DEE780BEEF12
03C40F9E010FA8020FB2040FBC080FC6
100FD0200FDA400FE48000000FEEE5B4
54F04401F5B48049E5B454F04402F5B4
803FE5B454F04403F5B48035E5B454F0
4404F5B4802BE5B454F04405F5B48021
E5B454F04406F5B48017E5B454F04407
F5B4800DE5B454F04408F5B4800353B4
F053ADFB43AD0422EF131313541FFEEF
5407FFED6034EE700D04A807088002C3
33D8FC42F922EEB4010E7401A8070880
02C333D8FC42FA22EE6402704304A807
088002C333D8FC42FB22EE700E04A807
088002C333D8FCF452F922EEB4010F74
01A807088002C333D8FCF452FA22EEB4
020E7401A807088002C333D8FCF452FB
22EF131313541FFEEF5407FFED6034EE
700D04A807088002C333D8FC429722EE
B4010E7401A807088002C333D8FC42E5
22EE6402704304A807088002C333D8FC
42FC22EE700E04A807088002C333D8FC
F4529722EEB4010F7401A807088002C3
33D8FCF452E522EEB4020E7401A80708
8002C333D8FCF452FC22EF131313541F
FEEF5407FFED6034EE700D04A8070880
02C333D8FC428022EEB4010E7401A807
088002C333D8FC429022EE6402704304
A807088002C333D8FC42A022EE700E04
A807088002C333D8FCF4528022EEB401
0F7401A807088002C333D8FCF4529022
EEB4020E7401A807088002C333D8FCF4
52A0229000D412035EE47F10FEFDFC90
00D812031D1201809000DC12035EE47B
02FAF9F89000DC12031112020B9000D4
12031D1201739000DC12031D12020B90
00DC12035E9000DC12031DC3E49BFF74
049AFEE499FDE498FC9000DC12035E90
00DC12031178081202BBAB079000DC12
0311EB5403F5BA8FAA22C0E0C0F0C083
C082C0D075D000C000C001C002C003C0
04C005C006C007E5C830E11053C8FD90
010B12039BE94A6003120424E5C930E1
1053C9FD90010E12039BE94A60031204
24E5CA30E11053CAFD90011112039BE9
4A6003120424D007D006D005D004D003
D002D001D000D0D0D082D083D0F0D0E0
32EF70139000B2F09000ABF0A3F09000
BBF09000C9804F9000B2E0701104F0E4
9000ABF0A3F09000BB04F0FF803AC390
00ACE094FF9000ABE094FF5007E475F0
01120128C39000ACE094FA9000ABE094
004018E4F0A3F09000BBE07F0070027F
019000BBEFF0E0FF1218DE22E4FF9000
CAF09000B1F09000ADF09000BAF09000
C1F09000B9F09000C6F09000B0F09000
CCF0A3F09000CBF09000AFF09000BEF0
A3F09000C0F09000AEF09000B2F09000
ABF0A3F09000BBF01218CF1218301219
069000C9E06002E4F0021876AD07AC06
C3ED94FEEC947F4007E49000CBF0FF22
9000C2E0FFA3E09000D4CFF0A3EFF012
176B9000CBE07015D39000D5E09D9000
D4E09C50149000CB7401F0800CD3ED9F
EC9E5005E49000CBF09000CBE0FF22C0
E0C0F0C083C082C0D075D000C000C001
C002C003C004C005C006C0077F0C1215
5AEF60137F0C12149E9000ADE0700890
00C1E0700204F0D007D006D005D004D0
03D002D001D000D0D0D082D083D0F0D0
E032C0E0C0F0C083C082C0D075D000C0
00C001C002C003C004C005C006C007E5
F630E00D90012012039BE94A60031204
2475F601D007D006D005D004D003D002
D001D000D0D0D082D083D0F0D0E032C0
E0C0F0C083C082C0D075D000C000C001
C002C003C004C005C006C00730980F90
011D12039BE94A6003120424C298D007
D006D005D004D003D002D001D000D0D0
D082D083D0F0D0E0329000ADE0701390
00AFF090C900E054FEF090C90AE4F0A3
F0229000AFE06013E4F09000BCE0FFA3
E09000BECFF0A3EFF0800A9000BE7403
F0A374E8F09000BAE0700204F022EF13
1313541FFEEF5407FFEE700E04A80708
8002C333D8FCF452E122EEB4010F7401
A807088002C333D8FCF452E222EEB402
0E7401A807088002C333D8FCF452E322
1218309000AD7401F0E49000BAF09000
C1F09000B9F09000CCF0A3F09000CAF0
9000B1F09000AF04F0E49000BEF0A3F0
9000C0F09000AEF0121888020006E490
00B9F09000CCF0A3F09000ADF09000BA
F09000C1F09000C6F09000B0F09000AF
F09000BEF0A3F09000AEF01218CF9000
C9E0600312174B021876EF131313541F
FEEF5407FFEE700DE5E1A807088002C3
13D8FC801CEEB4010DE5E2A807088002
C313D8FC800BE5E3A807088002C313D8
FC5401FF229000ADE070079000CCF0A3
F022C39000CDE094FF9000CCE094FF50
07E475F001120128C39000CDE0940190
00CCE0940040069000B97401F022AB07
AA0643DF0843E70890C900E04440F0EC
90C90DF0ED90C90CF0EB24FFEA34FF90
C90FF0EB1490C90EF090C9067401F090
C905E04401F022AB07AA0643DF2043E7
2090CA00E04440F0EC90CA0DF0ED90CA
0CF0EB24FFEA34FF90CA0FF0EB1490CA
0EF090CA067401F090CA05E04401F022
9000D012035E43DE0143E601439E01E4
90011CF0C29FD29EC299C2989000D012
03119000D812035E9001181203111211
63D29C53F33F229000D4E06401702743
DE1043E610EFC4333354C0FFE5AC54BF
4FF5ACE4F5FEF5FFEBF5FEEAF5FFE5FD
54FE4DF5FD2253DEEF53E6EF22EF1313
13541FFEEF54079000D0F0EE700743DF
0143E70122EEB4010743DF0243E70222
EEB4020643DF0443E70422AD07AC06C3
ED94FEEC947F40037F002212176BD3ED
9FEC9E4010D39000C3E09D9000C2E09C
40037F01227F002212002690005FE475
F00112013EFC741C25F0F58274003CF5
83EFF090005C7401F022120F7EE5AD20
E2FBE5F630E0FB75F601120036D3EF94
FFEE940F40047E0F7FFF22E49000C6F0
9000B004F090CA00E054FEF090CA0AE4
F0A3F090CA00E04401F022D39000C3E0
94649000C2E09400400DA3E0249CFF90
00C2E034FFFE22E4FEFF229000C6E060
17E4F09000B0F09000ADE0700B9000C9
E060057F091212BC22C0E0C083C082E5
A630E3099001237401F075A32075A3FF
D082D083D0E03290CA00E054FEF090CA
0AE4F0A3F09000B0E06007E4F09000C6
04F02253F7F8EF24FC600B14600C2402
700B43F7032243F7042243F705227F70
7E03EF4E7003FE7F01D3EF94E8EE9403
40047E037FE822E490005CF0FF7EC27D
01FC1216407BFF7A1779087F010218BE
E49000B0F09000C6F090CA00E054FEF0
90CA0AE4F0A3F022C3EF94E8EE940340
04E4FEFF22C374E89FFF74039EFE2290
C900E054FEF0EF90C90AF0EEA3F090C9
00E04401F0227F0C12149E7BFF7A0079
227D017F0C02079C7F0C12149E7BFF7A
007922E4FD7F0C02079CEFB4010753AD
FE53ADFD2243AD0243AD012243AC20EF
700553ACFD800343AC0253B5FE22EFB4
010AD2AFD2AC90011D0203BBC2AC2290
C900E054FEF090C90AE4F0A3F022EF60
047D018002E4FD7F0B1210EA2290C90A
E0FDA3E0FCEDAE04FF227D017F0A1210
EA7F010218DEE4FD7F0A1210EAE4FF02
18DEEFB4010443AC012253ACFE227F00
7E367D6E7C0102059CEF8FF553B4EF22

---------- Code Information -----------
Code Entrance:      0x00000000 
Code Run Entrance:  0x00000000 
Code Size:          0x00001930 
Code CRC Value:     0x1A51 
