020C8A02064DE49000CBF09000BFF090
00CCF09000CAE06004E4F08000121301
0213600210F5AF992222FF020F72FFFF
FFFFFF0210A8E5B7540FFEAFB6D3EF94
01EE9400400774052FFFE43EFED3EF94
FFEE940F40047E0F7FFF22021284FFFF
FFFFFF020896EF131313541FFEEF5407
9000ABF0EE700743DF0143E70122EEB4
010743DF0243E70222EEB4020643DF04
43E70422EF8FF553B4EF22020B3DFFFF
FFFFFF020A96FFFFFFFFFF0209EFBB01
0689828A83E0225002E722BBFE02E322
89828A83E49322BB010CE58229F582E5
833AF583E0225006E92582F8E622BBFE
06E92582F8E222E58229F582E5833AF5
83E49322BB010689828A83F0225002F7
22BBFE01F322F8BB010DE58229F582E5
833AF583E8F0225006E92582C8F622BB
FE05E92582C8F222A3F8E0C5F025F0F0
E582158270021583E0C838F0E822EF2B
FFEE3AFEED39FDEC38FC22E88FF0A4CC
8BF0A42CFCE98EF0A42CFC8AF0EDA42C
FCEA8EF0A4CDA8F08BF0A42DCC3825F0
FDE98FF0A42CCD35F0FCEB8EF0A4FEA9
F0EB8FF0A4CFC5F02ECD39FEE43CFCEA
A42DCE35F0FDE43CFC2275F008758200
EF2FFFEE33FECD33CDCC33CCC58233C5
829BED9AEC99E58298400CF582EE9BFE
ED9AFDEC99FC0FD5F0D6E4CEFBE4CDFA
E4CCF9A88222B800C1B90059BA002DEC
8BF084CFCECDFCE5F0CBF97818EF2FFF
EE33FEED33FDEC33FCEB33FB10D70399
4004EB99FB0FD8E5E4F9FA227818EF2F
FFEE33FEED33FDEC33FCC933C910D705
9BE99A4007EC9BFCE99AF90FD8E0E4C9
FAE4CCFB2275F010EF2FFFEE33FEED33
FDCC33CCC833C810D7079BEC9AE89940
0AED9BFDEC9AFCE899F80FD5F0DAE4CD
FBE4CCFAE4C8F922EF4BFFEE4AFEED49
FDEC48FC22EB9FF5F0EA9E42F0E99D42
F0E89C45F022E8600FECC313FCED13FD
EE13FEEF13FFD8F122E8600FEFC333FF
EE33FEED33FDEC33FCD8F122BB010DE5
8229F582E5833AF5830202DC5007E925
82F80203F5BBFE07E92582F8020401E5
8229F582E5833AF58302040DE0FCA3E0
FDA3E0FEA3E0FF22E0F8A3E0F9A3E0FA
A3E0FB227401FF3395E0FEFDFCA3A3A3
E0CF2FF0E582158270021583E0CE3EF0
E582158270021583E0CD3DF0E5821582
70021583E0CC3CF022ECF0A3EDF0A3EE
F0A3EFF022A8828583F0D083D0821203
4C12034C12034C12034CE473E493A3C5
83C5F0C583C8C582C8F0A3C583C5F0C5
83C8C582C822E0FBA3E0FAA3E0F922F8
E0FBA3A3E0F925F0F0E5821582700215
83E0FA38F022EBF0A3EAF0A3E9F022D0
83D082F8E4937012740193700DA3A393
F8740193F5828883E4737402936860EF
A3A3A380DFD083D082E4937012740193
700DA3A393F8740193F5828883E47374
02936C70127403936D700C7404936E70
067405936F60DDA3A3A3A3A3A380CA8A
838982E473E6FC08E6FD08E6FE08E6FF
22E2FC08E2FD08E2FE08E2FF22E493FC
740193FD740293FE740393FF229000AB
1203299000AF1203350000000043F804
E5F830E5FB9091AAE0FFE4FCFDFE7810
120299C004C005C006C007A3E0FFE4FC
FDFE7818120299D003D002D001D00012
0268C004C005C006C0079091A9E0FFE4
FCFDFE7808120299D003D002D001D000
120268A804A905AA06AB079091A8E0FF
E4FCFDFE1202689000FF1203297FC07E
0A7D707C019000FF1202E8D312027550
167F407E617D6C7C019000FF1202E8C3
1202754002801274FFFFFEFDFC9000FF
1202E8C3120275700C9000AF12033502
DC6C008015E47F02FEFDFC9000FF1202
E812014B9000AF1203299000AB1202DC
1203B5052900B71B00052100F4240005
19016E36000000052175EE01E47B0280
0E75EE02E47B03800675EE03E47B04FA
F9F89000AF1202DC1201D69001031203
2953F8FE53D9F8224401030000000044
00FF000000004200C200004200C80000
4200C600C84200C400004200CD000042
00C000004100CB004100CA004100BF00
4100CC00604800630000000000000000
00000000000000000000000000000000
00000000000000000000000000000000
00000000000000000000000000000000
00000000000000000000000000000000
4101070043010800000043010B000000
4900DB0000000000000000004900E400
00000000000000004900ED0000000000
000000004C00CF000000000000000000
00000041010E004900F6000000000000
00000041001B00410004004400000000
0000420005000042005D000242005F00
004200610000C102C101C10000C0E0C0
F0C083C082C0D075D000C000C001C002
C003C004C005C006C0077F0C121181EF
70030207077F0C12113F12136F9000BB
EEF0A3EFF09000BFE0600FC39000BCE0
94589000BBE09402406D1213169000C2
EEF0A3EFF09000C2E0FEA3E0FF120FE9
EF60549000BFE06023D39000BCE09440
9000BBE0940640149000CAE06006A374
02F080149000CB7401F0800C9000CBE0
C394025003E004F09000BF7401F01212
D69000CAE07010A3E0C3940240099000
CA7401F01212ECD007D006D005D004D0
03D002D001D000D0D0D082D083D0F0D0
E032AC07EF131313541F9000ABF0EF54
07A3F0ED6060EC75F003A42463F582E4
3400F583120386D2AFD2A812113F9000
ABE0FF7011A3E0FE7401A806088002C3
33D8FC42E922EFB401139000ACE0FF74
01A807088002C333D8FC42EA229000AB
E06402705CA3E0FF7401A807088002C3
33D8FC42EB22C2A89000ABE0FF7012A3
E0FE7401A806088002C333D8FCF452E9
22EFB401149000ACE0FF7401A8070880
02C333D8FCF452EA229000ABE0B40211
A3E0FF7401A807088002C333D8FCF452
EB22EF131313541FFEEF5407FFED604F
EE701690C000C083C082E0FE7401A807
088002C333D8FC8033EEB4011690C001
C083C082E0FE7401A807088002C333D8
FC8019EE6402706D90C002C083C082E0
FE7401A807088002C333D8FC4E8051EE
701890C000C083C082E0FE7401A80708
8002C333D8FCF45E8036EEB4011890C0
01C083C082E0FE7401A807088002C333
D8FCF45E801AEEB4021B90C002C083C0
82E0FE7401A807088002C333D8FCF45E
D082D083F022C0E0C0F0C083C082C0D0
75D000C000C001C002C003C004C005C0
06C00790C809E030E01790C808E030E0
10A37401F09000CF120366E94A605D80
5890C809E030E11790C808E030E110A3
7402F09000D2120366E94A603F803A90
C809E030E21790C808E030E210A37404
F09000D5120366E94A6021801C90C809
E030E31890C808E030E311A37408F090
00D8120366E94A60031203EFD007D006
D005D004D003D002D001D000D0D0D082
D083D0F0D0E0329000AB12038690C905
7407F0EF6401704FED24FE601C14602E
2402703D9000AB1203669000DB120386
90C904E04401F080289000AB12036690
00DE12038690C904E04402F080139000
AB1203669000E112038690C904E04404
F0D2AF43B80122ED24FE601B14602C24
02703B9000AB1203669000DB12038690
C904E044FEF0229000AB1203669000DE
12038690C904E044FDF0229000AB1203
669000E112038690C904E044FBF022C0
E0C0F0C083C082C0D075D000C000C001
C002C003C004C005C006C00790C905E0
30E01C90C904E030E0159000DB120366
E94A60031203EF90C9057401F0804C90
C905E030E11C90C904E030E1159000DE
120366E94A60031203EF90C9057402F0
802990C905E030E21C90C904E030E215
9000E1120366E94A60031203EF90C905
7404F0800690C9057407F0D007D006D0
05D004D003D002D001D000D0D0D082D0
83D0F0D0E032C0E0C0F0C083C082C0D0
75D000C000C001C002C003C004C005C0
06C00790CA05E030E01C90CA04E030E0
159000E4120366E94A60031203EF90CA
057401F0804C90CA05E030E11C90CA04
E030E1159000E7120366E94A60031203
EF90CA057402F0802990CA05E030E21C
90CA04E030E2159000EA120366E94A60
031203EF90CA057404F0800690CA0574
07F0D007D006D005D004D003D002D001
D000D0D0D082D083D0F0D0E032C0E0C0
F0C083C082C0D075D000C000C001C002
C003C004C005C006C00790CB05E030E0
1C90CB04E030E0159000ED120366E94A
60031203EF90CB057401F0804C90CB05
E030E11C90CB04E030E1159000F01203
66E94A60031203EF90CB057402F08029
90CB05E030E21C90CB04E030E2159000
F3120366E94A60031203EF90CB057404
F0800690CB057407F0D007D006D005D0
04D003D002D001D000D0D0D082D083D0
F0D0E03290C018E4F07F08120066E4FD
7F08120D90E4FD7F08120E097D017F08
120E8290C01AE4F07F0A120066E4FD7F
0A120D90E4FD7F0A120E09E4FD7F0A12
0E8290C01BE4F07F0B120066E4FD7F0B
120D90E4FD7F0B120E09E4FD7F0B120E
827F0C1200667D017F0C120D90E4FD7F
0C120E097D017F0C1207E27BFF7A0079
297D017F0C12072253B0FD43B00190C0
1C7420F0A3E4F07F0D1200667D017F0D
120D907D017F0D0207E2787FE4F6D8FD
758120020CD1021055E493A3F8E493A3
4003F68001F208DFF48029E493A3F854
07240CC8C333C4540F4420C8834004F4
56800146F6DFE4800B01020408102040
80900548E47E019360BCA3FF543F30E5
09541FFEE493A360010ECF54C025E060
A840B8E493A3FAE493A3F8E493A3C8C5
82C8CAC583CAF0A3C8C582C8CAC583CA
DFE9DEE780BEEF12038F0D36010D4002
0D4A040D54080D5E100D68200D72400D
7C8000000D86E5B454F04401F5B48049
E5B454F04402F5B4803FE5B454F04403
F5B48035E5B454F04404F5B4802BE5B4
54F04405F5B48021E5B454F04406F5B4
8017E5B454F04407F5B4800DE5B454F0
4408F5B4800353B4F053ADFB43AD0422
EF131313541FFEEF5407FFED6034EE70
0D04A807088002C333D8FC42F922EEB4
010E7401A807088002C333D8FC42FA22
EE6402704304A807088002C333D8FC42
FB22EE700E04A807088002C333D8FCF4
52F922EEB4010F7401A807088002C333
D8FCF452FA22EEB4020E7401A8070880
02C333D8FCF452FB22EF131313541FFE
EF5407FFED6034EE700D04A807088002
C333D8FC429722EEB4010E7401A80708
8002C333D8FC42E522EE6402704304A8
07088002C333D8FC42FC22EE700E04A8
07088002C333D8FCF4529722EEB4010F
7401A807088002C333D8FCF452E522EE
B4020E7401A807088002C333D8FCF452
FC22EF131313541FFEEF5407FFED6034
EE700D04A807088002C333D8FC428022
EEB4010E7401A807088002C333D8FC42
9022EE6402704304A807088002C333D8
FC42A022EE700E04A807088002C333D8
FCF4528022EEB4010F7401A807088002
C333D8FCF4529022EEB4020E7401A807
088002C333D8FCF452A0229000AF1203
29E47F10FEFDFC9000B31202E812014B
9000B7120329E47B02FAF9F89000B712
02DC1201D69000AF1202E812013E9000
B71202E81201D69000B71203299000B7
1202E8C3E49BFF74049AFEE499FDE498
FC9000B71203299000B71202DC780812
0286AB079000B71202DCEB5403F5BA8F
AA22C0E0C0F0C083C082C0D075D000C0
00C001C002C003C004C005C006C007E5
C830E11053C8FD9000F6120366E94A60
031203EFE5C930E11053C9FD9000F912
0366E94A60031203EFE5CA30E11053CA
FD9000FC120366E94A60031203EFD007
D006D005D004D003D002D001D000D0D0
D082D083D0F0D0E032C3EF94FEEE947F
4007E49000CCF0FF229000C6E0FBA3E0
9000BDCBF0A3EBF0D39000C7E0943C90
00C6E09400400EA3E024C4FD9000C6E0
34FFFC8003E4FCFD9000CCE07015D390
00BEE09F9000BDE09E50149000CC7401
F0800CD3EF9DEE9C5005E49000CCF090
00CCE0FF22121388120BE41212BD7D17
7C007F347E081211BC7BFF7A0079067D
017F011209471213609000AF7401F07B
047A00E4FD7F0112122C7F031212A27F
06120094E4FF12133D7F0112132B7F01
12137C12130180FEC0E0C0F0C083C082
C0D075D000C000C001C002C003C004C0
05C006C007E5F630E00D90010B120366
E94A60031203EF75F601D007D006D005
D004D003D002D001D000D0D0D082D083
D0F0D0E032C0E0C0F0C083C082C0D075
D000C000C001C002C003C004C005C006
C00730980F900108120366E94A600312
03EFC298D007D006D005D004D003D002
D001D000D0D0D082D083D0F0D0E032EF
131313541FFEEF5407FFEE700E04A807
088002C333D8FCF452E122EEB4010F74
01A807088002C333D8FCF452E222EEB4
020E7401A807088002C333D8FCF452E3
22EF131313541FFEEF5407FFEE700DE5
E1A807088002C313D8FC801CEEB4010D
E5E2A807088002C313D8FC800BE5E3A8
07088002C313D8FC5401FF22AB07AA06
43DF0843E70890C900E04440F0EC90C9
0DF0ED90C90CF0EB24FFEA34FF90C90F
F0EB1490C90EF090C9067401F090C905
E04401F0229000AB12032943DE0143E6
01439E01E4900107F0C29FD29EC299C2
989000AB1202DC9000B3120329900103
1202DC120EFBD29C53F33F229000AFE0
6401702743DE1043E610EFC4333354C0
FFE5AC54BF4FF5ACE4F5FEF5FFEBF5FE
EAF5FFE5FD54FE4DF5FD2253DEEF53E6
EF2212002690005FE475F001120128FC
741C25F0F58274003CF583EFF090005C
7401F022C0E0C083C082E5A630E30990
010E7401F075A32075A3FFD082D083D0
E03253F7F8EF24FC600B14600C240270
0B43F7032243F7042243F70522E49000
5CF0FF7EC27D01FC1211F57BFF7A1279
627F0102134F90C900E054FEF090C90A
E4F0A3F090C900E04401F0227D017F0A
120E827D017F0B120E82E4FD7F08020E
82E4FD7F0A120E82E4FD7F0B120E827D
017F08020E827F02120D16E5AD20E2FB
E5F630E0FB75F601020036EFB4010753
ADFE53ADFD2243AD0243AD012243AC20
EF700553ACFD800343AC0253B5FE22EF
B4010AD2AFD2AC900108020386C2AC22
90C900E054FEF090C90AE4F0A3F02290
C90AE0FDA3E0FCEDAE04FF22EFB40104
43AC012253ACFE227F007E367D6E7C01
02041DFF

---------- Code Information -----------
Code Entrance:      0x00000000 
Code Run Entrance:  0x00000000 
Code Size:          0x00001394 
Code CRC Value:     0xB1D7 
