020ED702128912173DAD07AC06121787
9000B8ECF0A3EDF0E49000BAF0A3F002
179E2202137BAF9922FFFF0211BFFFFF
FFFFFF02132EE5B7540FFEAFB6D3EF94
01EE9400400774052FFFE43EFED3EF94
FFEE940F40047E0F7FFF220216E8FFFF
FFFFFF02099CAB07AA06121839C3EF9B
EE9A4007EF9BFFEE9A800EC374E89BFD
74039AFCED2FFFEC3E9000DDF0A3EFF0
9000DDE0FEA3E0FF22FFFF020CEBFFFF
FFFFFF020C44FFFFFFFFFF020B9DBB01
0689828A83E0225002E722BBFE02E322
89828A83E49322BB010CE58229F582E5
833AF583E0225006E92582F8E622BBFE
06E92582F8E222E58229F582E5833AF5
83E49322BB010689828A83F0225002F7
22BBFE01F322F8BB010DE58229F582E5
833AF583E8F0225006E92582C8F622BB
FE05E92582C8F222C5F0F8A3E028F0C5
F0F8E582158270021583E038F022A3F8
E0C5F025F0F0E582158270021583E0C8
38F0E822BB010A89828A83F0E5F0A3F0
225006F709A7F01922BBFE06F3E5F009
F31922EF2BFFEE3AFEED39FDEC38FC22
E88FF0A4CC8BF0A42CFCE98EF0A42CFC
8AF0EDA42CFCEA8EF0A4CDA8F08BF0A4
2DCC3825F0FDE98FF0A42CCD35F0FCEB
8EF0A4FEA9F0EB8FF0A4CFC5F02ECD39
FEE43CFCEAA42DCE35F0FDE43CFC2275
F008758200EF2FFFEE33FECD33CDCC33
CCC58233C5829BED9AEC99E58298400C
F582EE9BFEED9AFDEC99FC0FD5F0D6E4
CEFBE4CDFAE4CCF9A88222B800C1B900
59BA002DEC8BF084CFCECDFCE5F0CBF9
7818EF2FFFEE33FEED33FDEC33FCEB33
FB10D703994004EB99FB0FD8E5E4F9FA
227818EF2FFFEE33FEED33FDEC33FCC9
33C910D7059BE99A4007EC9BFCE99AF9
0FD8E0E4C9FAE4CCFB2275F010EF2FFF
EE33FEED33FDCC33CCC833C810D7079B
EC9AE899400AED9BFDEC9AFCE899F80F
D5F0DAE4CDFBE4CCFAE4C8F922EF4BFF
EE4AFEED49FDEC48FC22EB9FF5F0EA9E
42F0E99D42F0E89C45F022E8600FECC3
13FCED13FDEE13FEEF13FFD8F122E860
0FEFC333FFEE33FEED33FDEC33FCD8F1
22BB010DE58229F582E5833AF5830203
115007E92582F802042ABBFE07E92582
F8020436E58229F582E5833AF5830204
42E0FCA3E0FDA3E0FEA3E0FF22E0F8A3
E0F9A3E0FAA3E0FB227401FF3395E0FE
FDFCA3A3A3E0CF2FF0E5821582700215
83E0CE3EF0E582158270021583E0CD3D
F0E582158270021583E0CC3CF022ECF0
A3EDF0A3EEF0A3EFF022A8828583F0D0
83D082120381120381120381120381E4
73E493A3C583C5F0C583C8C582C8F0A3
C583C5F0C583C8C582C822E0FBA3E0FA
A3E0F922F8E0FBA3A3E0F925F0F0E582
158270021583E0FA38F022EBF0A3EAF0
A3E9F022D083D082F8E4937012740193
700DA3A393F8740193F5828883E47374
02936860EFA3A3A380DFD083D082E493
7012740193700DA3A393F8740193F582
8883E4737402936C70127403936D700C
7404936E70067405936F60DDA3A3A3A3
A3A380CA8A838982E473E6FC08E6FD08
E6FE08E6FF22E2FC08E2FD08E2FE08E2
FF22E493FC740193FD740293FE740393
FF224401130000000044010F00000000
4200B200004200C000004200BE01F442
00B400004200CA00004200B000004100
C6004100AF004100C5004100AB004100
B7004100BD004100B6004100C2004100
AE004200C800004100C7004100AD0042
00BA00004200B803704100AC004200C3
00004100BC0060480063000000000000
00000000000000000000000000000000
00000000000000000000000000000000
00000000000000000000000000000000
00000000000000000000000000000000
00004101170043011800000043011B00
00004900EB0000000000000000004900
F40000000000000000004900FD000000
0000000000004C00DF00000000000000
000000000041011E0049010600000000
000000000041001B0041000400440000
00000000420005000042005D00024200
5F00004200610000C102C101C1000090
00CC12035E9000D012036A0000000043
F804E5F830E5FB9091AAE0FFE4FCFDFE
78101202CEC004C005C006C007A3E0FF
E4FCFDFE78181202CED003D002D001D0
0012029DC004C005C006C0079091A9E0
FFE4FCFDFE78081202CED003D002D001
D00012029DA804A905AA06AB079091A8
E0FFE4FCFDFE12029D90010F12035E7F
C07E0A7D707C0190010F12031DD31202
AA50167F407E617D6C7C0190010F1203
1DC31202AA4002801274FFFFFEFDFC90
010F12031DC31202AA700C9000D01203
6A02DC6C008015E47F02FEFDFC90010F
12031D1201809000D012035E9000CC12
03111203EA069B00B71B00069300F424
00068B016E36000000069375EE01E47B
02800E75EE02E47B03800675EE03E47B
04FAF9F89000D012031112020B900113
12035E53F8FE53D9F822AC07EF131313
541F9000CFF0EF5407A3F0ED6060EC75
F003A42463F582E43400F5831203BBD2
AFD2A812140A9000CFE0FF7011A3E0FE
7401A806088002C333D8FC42E922EFB4
01139000D0E0FF7401A807088002C333
D8FC42EA229000CFE06402705CA3E0FF
7401A807088002C333D8FC42EB22C2A8
9000CFE0FF7012A3E0FE7401A8060880
02C333D8FCF452E922EFB401149000D0
E0FF7401A807088002C333D8FCF452EA
229000CFE0B40211A3E0FF7401A80708
8002C333D8FCF452EB229000ABE07003
0208329000C5E09000CEF0E49000CCF0
A3F07B017A0079CC7D64FC7F02120833
9000B2EEF0A3EFF09000CCE0FCA3E0FD
9000C0ECF0A3EDF09000CAECF0A3EDF0
9000BAE0FDA3E09000C3CDF0A3EDF012
12369000BCEFF0600B9000C6E0C39401
500E80099000AFE0C394015003E004F0
9000ACE004F0E0C39401402DE4F09000
C5E07011A3E0940140169000C57401F0
12181D800B9000AFE060057F061212DC
E49000C6F09000AFF09000ABE0600312
1501229000CFEFF0A3ECF0A3EDF0A312
03BB9000D912036A00000000E49000D7
F0A3F01218399000D5EEF0A3EFF0E4FD
7F081210CF9000CFE0FF121669C3EF94
FEEE947F501C9000D912031DE4FCFD12
01739000D912035E9000D7E475F00112
01289000D5E0FEA3E0FF120066D39000
D1E09F9000D0E09E50BB7D017F081210
CF9000D212039BE94A600D9000D7E0FF
A3E0CF8FF01201549000D7E0FCA3E0FD
4C70047E80FF22AB05AA04E4F9F89000
D912031112020B22EF131313541FFEEF
5407FFED604FEE701690C000C083C082
E0FE7401A807088002C333D8FC8033EE
B4011690C001C083C082E0FE7401A807
088002C333D8FC8019EE6402706D90C0
02C083C082E0FE7401A807088002C333
D8FC4E8051EE701890C000C083C082E0
FE7401A807088002C333D8FCF45E8036
EEB4011890C001C083C082E0FE7401A8
07088002C333D8FCF45E801AEEB4021B
90C002C083C082E0FE7401A807088002
C333D8FCF45ED082D083F022C0E0C0F0
C083C082C0D075D000C000C001C002C0
03C004C005C006C00790C809E030E017
90C808E030E010A37401F09000DF1203
9BE94A605D805890C809E030E11790C8
08E030E110A37402F09000E212039BE9
4A603F803A90C809E030E21790C808E0
30E210A37404F09000E512039BE94A60
21801C90C809E030E31890C808E030E3
11A37408F09000E812039BE94A600312
0424D007D006D005D004D003D002D001
D000D0D0D082D083D0F0D0E0329000CC
1203BB90C9057407F0EF6401704FED24
FE601C14602E2402703D9000CC12039B
9000EB1203BB90C904E04401F0802890
00CC12039B9000EE1203BB90C904E044
02F080139000CC12039B9000F11203BB
90C904E04404F0D2AF43B80122ED24FE
601B14602C2402703B9000CC12039B90
00EB1203BB90C904E044FEF0229000CC
12039B9000EE1203BB90C904E044FDF0
229000CC12039B9000F11203BB90C904
E044FBF0229000CC1203BB90CA057407
F0EF6401704FED24FE601C14602E2402
703D9000CC12039B9000F41203BB90CA
04E04401F080289000CC12039B9000F7
1203BB90CA04E04402F080139000CC12
039B9000FA1203BB90CA04E04404F0D2
AF43B80422ED24FE601B14602C240270
3B9000CC12039B9000F41203BB90CA04
E044FEF0229000CC12039B9000F71203
BB90CA04E044FDF0229000CC12039B90
00FA1203BB90CA04E044FBF022C0E0C0
F0C083C082C0D075D000C000C001C002
C003C004C005C006C00790C905E030E0
1C90C904E030E0159000EB12039BE94A
600312042490C9057401F0804C90C905
E030E11C90C904E030E1159000EE1203
9BE94A600312042490C9057402F08029
90C905E030E21C90C904E030E2159000
F112039BE94A600312042490C9057404
F0800690C9057407F0D007D006D005D0
04D003D002D001D000D0D0D082D083D0
F0D0E032C0E0C0F0C083C082C0D075D0
00C000C001C002C003C004C005C006C0
0790CA05E030E01C90CA04E030E01590
00F412039BE94A600312042490CA0574
01F0804C90CA05E030E11C90CA04E030
E1159000F712039BE94A600312042490
CA057402F0802990CA05E030E21C90CA
04E030E2159000FA12039BE94A600312
042490CA057404F0800690CA057407F0
D007D006D005D004D003D002D001D000
D0D0D082D083D0F0D0E032C0E0C0F0C0
83C082C0D075D000C000C001C002C003
C004C005C006C00790CB05E030E01C90
CB04E030E0159000FD12039BE94A6003
12042490CB057401F0804C90CB05E030
E11C90CB04E030E11590010012039BE9
4A600312042490CB057402F0802990CB
05E030E21C90CB04E030E21590010312
039BE94A600312042490CB057404F080
0690CB057407F0D007D006D005D004D0
03D002D001D000D0D0D082D083D0F0D0
E03290C018E4F07F08121619E4FD7F08
120FDDE4FD7F081210567D017F081210
CF90C01AE4F07F0A121619E4FD7F0A12
0FDDE4FD7F0A121056E4FD7F0A1210CF
90C01BE4F07F0B121619E4FD7F0B120F
DDE4FD7F0B121056E4FD7F0B1210CF7F
0C1216197D017F0C120FDDE4FD7F0C12
10567D017F0C1208E87BFF7A0079227D
017F0C1206BA53B0FD43B00190C01C74
20F0A3E4F07F0D1216197D017F0D120F
DD7D017F0D0208E8121852120D921217
567D177C007FE87E0312153A7BFF7A13
79C57D017F01120A4D7D177C007FDC7E
051215737BFF7A1779067D017F01120A
F512180E12176F9000D07401F07B047A
00E4FD7F011215E37F031217227F0612
185DE4FF1217EB7F011217D97F011218
4612182B1217B59000BDE0600BE4F090
00ABE0700312144C9000B6E060031214
8A9000C2E060031216CA9000B7E060D7
E4F012077A80D0787FE4F6D8FD758120
020F1E020E38E493A3F8E493A34003F6
8001F208DFF48029E493A3F85407240C
C8C333C4540F4420C8834004F4568001
46F6DFE4800B01020408102040809004
52E47E019360BCA3FF543F30E509541F
FEE493A360010ECF54C025E060A840B8
E493A3FAE493A3F8E493A3C8C582C8CA
C583CAF0A3C8C582C8CAC583CADFE9DE
E780BEEF1203C40F83010F8D020F9704
0FA1080FAB100FB5200FBF400FC98000
000FD3E5B454F04401F5B48049E5B454
F04402F5B4803FE5B454F04403F5B480
35E5B454F04404F5B4802BE5B454F044
05F5B48021E5B454F04406F5B48017E5
B454F04407F5B4800DE5B454F04408F5
B4800353B4F053ADFB43AD0422EF1313
13541FFEEF5407FFED6034EE700D04A8
07088002C333D8FC42F922EEB4010E74
01A807088002C333D8FC42FA22EE6402
704304A807088002C333D8FC42FB22EE
700E04A807088002C333D8FCF452F922
EEB4010F7401A807088002C333D8FCF4
52FA22EEB4020E7401A807088002C333
D8FCF452FB22EF131313541FFEEF5407
FFED6034EE700D04A807088002C333D8
FC429722EEB4010E7401A807088002C3
33D8FC42E522EE6402704304A8070880
02C333D8FC42FC22EE700E04A8070880
02C333D8FCF4529722EEB4010F7401A8
07088002C333D8FCF452E522EEB4020E
7401A807088002C333D8FCF452FC22EF
131313541FFEEF5407FFED6034EE700D
04A807088002C333D8FC428022EEB401
0E7401A807088002C333D8FC429022EE
6402704304A807088002C333D8FC42A0
22EE700E04A807088002C333D8FCF452
8022EEB4010F7401A807088002C333D8
FCF4529022EEB4020E7401A807088002
C333D8FCF452A0229000D012035EE47F
10FEFDFC9000D412031D1201809000D8
12035EE47B02FAF9F89000D812031112
020B9000D012031D1201739000D81203
1D12020B9000D812035E9000D812031D
C3E49BFF74049AFEE499FDE498FC9000
D812035E9000D812031178081202BBAB
079000D8120311EB5403F5BA8FAA22C0
E0C0F0C083C082C0D075D000C000C001
C002C003C004C005C006C007E5C830E1
1053C8FD90010612039BE94A60031204
24E5C930E11053C9FD90010912039BE9
4A6003120424E5CA30E11053CAFD9001
0C12039BE94A6003120424D007D006D0
05D004D003D002D001D000D0D0D082D0
83D0F0D0E032AD07AC06C3ED94FEEC94
7F4007E49000C7F0FF229000BEE0FFA3
E09000CFCFF0A3EFF01216AA9000C7E0
7015D39000D0E09D9000CFE09C501490
00C77401F0800CD3ED9FEC9E5005E490
00C7F09000C7E0FF22C0E0C0F0C083C0
82C0D075D000C000C001C002C003C004
C005C006C0077F0C1214C6EF60137F0C
12140A9000ABE070089000BDE0700204
F0D007D006D005D004D003D002D001D0
00D0D0D082D083D0F0D0E032E4FF9000
C6F09000AFF09000ABF09000B7F09000
BDF09000B6F09000C2F09000AEF09000
C8F0A3F09000C7F09000ADF09000BAF0
A3F09000BCF09000ACF012180E12176F
12182B9000C5E06002E4F00217B5C0E0
C0F0C083C082C0D075D000C000C001C0
02C003C004C005C006C007E5F630E00D
90011B12039BE94A600312042475F601
D007D006D005D004D003D002D001D000
D0D0D082D083D0F0D0E032C0E0C0F0C0
83C082C0D075D000C000C001C002C003
C004C005C006C00730980F9001181203
9BE94A6003120424C298D007D006D005
D004D003D002D001D000D0D0D082D083
D0F0D0E0329000ABE070139000ADF090
C900E054FEF090C90AE4F0A3F0229000
ADE06013E4F09000B8E0FFA3E09000BA
CFF0A3EFF0800A9000BA7403F0A374E8
F09000B7E0700204F022EF131313541F
FEEF5407FFEE700E04A807088002C333
D8FCF452E122EEB4010F7401A8070880
02C333D8FCF452E222EEB4020E7401A8
07088002C333D8FCF452E32212176F90
00AB7401F0E49000B7F09000BDF09000
B6F09000C8F0A3F09000C6F09000AFF0
9000AD04F0E49000BAF0A3F09000BCF0
9000ACF01217C7020006E49000B6F090
00C8F0A3F09000ABF09000B7F09000BD
F09000C2F09000AEF09000ADF09000BA
F0A3F09000ACF012180E9000C5E06003
12168A0217B5EF131313541FFEEF5407
FFEE700DE5E1A807088002C313D8FC80
1CEEB4010DE5E2A807088002C313D8FC
800BE5E3A807088002C313D8FC5401FF
229000ABE070079000C8F0A3F022C390
00C9E094FF9000C8E094FF5007E475F0
01120128C39000C9E094019000C8E094
0040069000B67401F022AB07AA0643DF
0843E70890C900E04440F0EC90C90DF0
ED90C90CF0EB24FFEA34FF90C90FF0EB
1490C90EF090C9067401F090C905E044
01F022AB07AA0643DF2043E72090CA00
E04440F0EC90CA0DF0ED90CA0CF0EB24
FFEA34FF90CA0FF0EB1490CA0EF090CA
067401F090CA05E04401F0229000CC12
035E43DE0143E601439E01E4900117F0
C29FD29EC299C2989000CC1203119000
D412035E900113120311121148D29C53
F33F229000D0E06401702743DE1043E6
10EFC4333354C0FFE5AC54BF4FF5ACE4
F5FEF5FFEBF5FEEAF5FFE5FD54FE4DF5
FD2253DEEF53E6EF22EF131313541FFE
EF54079000CCF0EE700743DF0143E701
22EEB4010743DF0243E70222EEB40206
43DF0443E7042212002690005FE475F0
0112013EFC741C25F0F58274003CF583
EFF090005C7401F022120F63E5AD20E2
FBE5F630E0FB75F601120036D3EF94FF
EE940F40047E0F7FFF22E49000C2F090
00AE04F090CA00E054FEF090CA0AE4F0
A3F090CA00E04401F022D39000BFE094
649000BEE09400400DA3E0249CFF9000
BEE034FFFE22E4FEFF229000C2E06017
E4F09000AEF09000ABE0700B9000C5E0
60057F091212DC22C0E0C083C082E5A6
30E30990011E7401F075A32075A3FFD0
82D083D0E03290CA00E054FEF090CA0A
E4F0A3F09000AEE06007E4F09000C204
F02253F7F8EF24FC600B14600C240270
0B43F7032243F7042243F705227F707E
03EF4E7003FE7F01D3EF94E8EE940340
047E037FE822E490005CF0FF7EC27D01
FC1215AC7BFF7A1679477F010217FDE4
9000AEF09000C2F090CA00E054FEF090
CA0AE4F0A3F022C3EF94E8EE94034004
E4FEFF22C374E89FFF74039EFE2290C9
00E054FEF0EF90C90AF0EEA3F090C900
E04401F0227F0C12140A7BFF7A007922
7D017F0C0206BA7F0C12140A7BFF7A00
7922E4FD7F0C0206BAEFB4010753ADFE
53ADFD2243AD0243AD012243AC20EF70
0553ACFD800343AC0253B5FE22EFB401
0AD2AFD2AC9001180203BBC2AC2290C9
00E054FEF090C90AE4F0A3F0227D017F
0A1210CF7D017F0B0210CFE4FD7F0A12
10CFE4FD7F0B0210CF90C90AE0FDA3E0
FCEDAE04FF22EFB4010443AC012253AC
FE227F007E367D6E7C0102058FEF8FF5
53B4EF22

---------- Code Information -----------
Code Entrance:      0x00000000 
Code Run Entrance:  0x00000000 
Code Size:          0x00001864 
Code CRC Value:     0xCB66 
