020C9802064DE49000CBF09000BFF090
00CCF09000CAE06004E4F08000121361
021344021103AF992222FF020F80FFFF
FFFFFF0210B6E5B7540FFEAFB6D3EF94
01EE9400400774052FFFE43EFED3EF94
FFEE940F40047E0F7FFF22021292FFFF
FFFFFF0208A4EF131313541FFEEF5407
9000ABF0EE700743DF0143E70122EEB4
010743DF0243E70222EEB4020643DF04
43E70422EF8FF553B4EF22020B4BFFFF
FFFFFF020AA4FFFFFFFFFF0209FDBB01
0689828A83E0225002E722BBFE02E322
89828A83E49322BB010CE58229F582E5
833AF583E0225006E92582F8E622BBFE
06E92582F8E222E58229F582E5833AF5
83E49322BB010689828A83F0225002F7
22BBFE01F322F8BB010DE58229F582E5
833AF583E8F0225006E92582C8F622BB
FE05E92582C8F222A3F8E0C5F025F0F0
E582158270021583E0C838F0E822EF2B
FFEE3AFEED39FDEC38FC22E88FF0A4CC
8BF0A42CFCE98EF0A42CFC8AF0EDA42C
FCEA8EF0A4CDA8F08BF0A42DCC3825F0
FDE98FF0A42CCD35F0FCEB8EF0A4FEA9
F0EB8FF0A4CFC5F02ECD39FEE43CFCEA
A42DCE35F0FDE43CFC2275F008758200
EF2FFFEE33FECD33CDCC33CCC58233C5
829BED9AEC99E58298400CF582EE9BFE
ED9AFDEC99FC0FD5F0D6E4CEFBE4CDFA
E4CCF9A88222B800C1B90059BA002DEC
8BF084CFCECDFCE5F0CBF97818EF2FFF
EE33FEED33FDEC33FCEB33FB10D70399
4004EB99FB0FD8E5E4F9FA227818EF2F
FFEE33FEED33FDEC33FCC933C910D705
9BE99A4007EC9BFCE99AF90FD8E0E4C9
FAE4CCFB2275F010EF2FFFEE33FEED33
FDCC33CCC833C810D7079BEC9AE89940
0AED9BFDEC9AFCE899F80FD5F0DAE4CD
FBE4CCFAE4C8F922EF4BFFEE4AFEED49
FDEC48FC22EB9FF5F0EA9E42F0E99D42
F0E89C45F022E8600FECC313FCED13FD
EE13FEEF13FFD8F122E8600FEFC333FF
EE33FEED33FDEC33FCD8F122BB010DE5
8229F582E5833AF5830202DC5007E925
82F80203F5BBFE07E92582F8020401E5
8229F582E5833AF58302040DE0FCA3E0
FDA3E0FEA3E0FF22E0F8A3E0F9A3E0FA
A3E0FB227401FF3395E0FEFDFCA3A3A3
E0CF2FF0E582158270021583E0CE3EF0
E582158270021583E0CD3DF0E5821582
70021583E0CC3CF022ECF0A3EDF0A3EE
F0A3EFF022A8828583F0D083D0821203
4C12034C12034C12034CE473E493A3C5
83C5F0C583C8C582C8F0A3C583C5F0C5
83C8C582C822E0FBA3E0FAA3E0F922F8
E0FBA3A3E0F925F0F0E5821582700215
83E0FA38F022EBF0A3EAF0A3E9F022D0
83D082F8E4937012740193700DA3A393
F8740193F5828883E4737402936860EF
A3A3A380DFD083D082E4937012740193
700DA3A393F8740193F5828883E47374
02936C70127403936D700C7404936E70
067405936F60DDA3A3A3A3A3A380CA8A
838982E473E6FC08E6FD08E6FE08E6FF
22E2FC08E2FD08E2FE08E2FF22E493FC
740193FD740293FE740393FF229000AB
1203299000AF1203350000000043F804
E5F830E5FB9091AAE0FFE4FCFDFE7810
120299C004C005C006C007A3E0FFE4FC
FDFE7818120299D003D002D001D00012
0268C004C005C006C0079091A9E0FFE4
FCFDFE7808120299D003D002D001D000
120268A804A905AA06AB079091A8E0FF
E4FCFDFE1202689000FF1203297FC07E
0A7D707C019000FF1202E8D312027550
167F407E617D6C7C019000FF1202E8C3
1202754002801274FFFFFEFDFC9000FF
1202E8C3120275700C9000AF12033502
DC6C008015E47F02FEFDFC9000FF1202
E812014B9000AF1203299000AB1202DC
1203B5052900B71B00052100F4240005
19016E36000000052175EE01E47B0280
0E75EE02E47B03800675EE03E47B04FA
F9F89000AF1202DC1201D69001031203
2953F8FE53D9F8224401030000000044
00FF000000004200C200004200C80000
4200C600C84200C400004200CD000042
00C000004100CB004100CA004100BF00
4100CC00604800630000000000000000
00000000000000000000000000000000
00000000000000000000000000000000
00000000000000000000000000000000
00000000000000000000000000000000
4101070043010800000043010B000000
4900DB0000000000000000004900E400
00000000000000004900ED0000000000
000000004C00CF000000000000000000
00000041010E004900F6000000000000
00000041001B00410004004400000000
0000420005000042005D000242005F00
004200610000C102C101C10000C0E0C0
F0C083C082C0D075D000C000C001C002
C003C004C005C006C0077F0C12118FEF
700302070E7F0C12114D12136F9000BB
EEF0A3EFF09000BFE0600FC39000BCE0
94589000BBE09402407B1212FA9000C2
EEF0A3EFF0E4FD7F08120E909000C2E0
FEA3E0FF120FF7EF605B9000BFE06023
D39000BCE094409000BBE09406401490
00CAE06006A37403F080149000CB7401
F0800C9000CBE0C394035003E004F090
00BF7401F01212E49000CAE07010A3E0
C3940340099000CA7401F01213537D01
7F08120E90D007D006D005D004D003D0
02D001D000D0D0D082D083D0F0D0E032
AC07EF131313541F9000ABF0EF5407A3
F0ED6060EC75F003A42463F582E43400
F583120386D2AFD2A812114D9000ABE0
FF7011A3E0FE7401A806088002C333D8
FC42E922EFB401139000ACE0FF7401A8
07088002C333D8FC42EA229000ABE064
02705CA3E0FF7401A807088002C333D8
FC42EB22C2A89000ABE0FF7012A3E0FE
7401A806088002C333D8FCF452E922EF
B401149000ACE0FF7401A807088002C3
33D8FCF452EA229000ABE0B40211A3E0
FF7401A807088002C333D8FCF452EB22
EF131313541FFEEF5407FFED604FEE70
1690C000C083C082E0FE7401A8070880
02C333D8FC8033EEB4011690C001C083
C082E0FE7401A807088002C333D8FC80
19EE6402706D90C002C083C082E0FE74
01A807088002C333D8FC4E8051EE7018
90C000C083C082E0FE7401A807088002
C333D8FCF45E8036EEB4011890C001C0
83C082E0FE7401A807088002C333D8FC
F45E801AEEB4021B90C002C083C082E0
FE7401A807088002C333D8FCF45ED082
D083F022C0E0C0F0C083C082C0D075D0
00C000C001C002C003C004C005C006C0
0790C809E030E01790C808E030E010A3
7401F09000CF120366E94A605D805890
C809E030E11790C808E030E110A37402
F09000D2120366E94A603F803A90C809
E030E21790C808E030E210A37404F090
00D5120366E94A6021801C90C809E030
E31890C808E030E311A37408F09000D8
120366E94A60031203EFD007D006D005
D004D003D002D001D000D0D0D082D083
D0F0D0E0329000AB12038690C9057407
F0EF6401704FED24FE601C14602E2402
703D9000AB1203669000DB12038690C9
04E04401F080289000AB1203669000DE
12038690C904E04402F080139000AB12
03669000E112038690C904E04404F0D2
AF43B80122ED24FE601B14602C240270
3B9000AB1203669000DB12038690C904
E044FEF0229000AB1203669000DE1203
8690C904E044FDF0229000AB12036690
00E112038690C904E044FBF022C0E0C0
F0C083C082C0D075D000C000C001C002
C003C004C005C006C00790C905E030E0
1C90C904E030E0159000DB120366E94A
60031203EF90C9057401F0804C90C905
E030E11C90C904E030E1159000DE1203
66E94A60031203EF90C9057402F08029
90C905E030E21C90C904E030E2159000
E1120366E94A60031203EF90C9057404
F0800690C9057407F0D007D006D005D0
04D003D002D001D000D0D0D082D083D0
F0D0E032C0E0C0F0C083C082C0D075D0
00C000C001C002C003C004C005C006C0
0790CA05E030E01C90CA04E030E01590
00E4120366E94A60031203EF90CA0574
01F0804C90CA05E030E11C90CA04E030
E1159000E7120366E94A60031203EF90
CA057402F0802990CA05E030E21C90CA
04E030E2159000EA120366E94A600312
03EF90CA057404F0800690CA057407F0
D007D006D005D004D003D002D001D000
D0D0D082D083D0F0D0E032C0E0C0F0C0
83C082C0D075D000C000C001C002C003
C004C005C006C00790CB05E030E01C90
CB04E030E0159000ED120366E94A6003
1203EF90CB057401F0804C90CB05E030
E11C90CB04E030E1159000F0120366E9
4A60031203EF90CB057402F0802990CB
05E030E21C90CB04E030E2159000F312
0366E94A60031203EF90CB057404F080
0690CB057407F0D007D006D005D004D0
03D002D001D000D0D0D082D083D0F0D0
E03290C018E4F07F08120066E4FD7F08
120D9EE4FD7F08120E177D017F08120E
9090C01AE4F07F0A120066E4FD7F0A12
0D9EE4FD7F0A120E17E4FD7F0A120E90
90C01BE4F07F0B120066E4FD7F0B120D
9EE4FD7F0B120E17E4FD7F0B120E907F
0C1200667D017F0C120D9EE4FD7F0C12
0E177D017F0C1207F07BFF7A0079297D
017F0C12073053B0FD43B00190C01C74
20F0A3E4F07F0D1200667D017F0D120D
9E7D017F0D0207F0787FE4F6D8FD7581
20020CDF021063E493A3F8E493A34003
F68001F208DFF48029E493A3F8540724
0CC8C333C4540F4420C8834004F45680
0146F6DFE4800B010204081020408090
0548E47E019360BCA3FF543F30E50954
1FFEE493A360010ECF54C025E060A840
B8E493A3FAE493A3F8E493A3C8C582C8
CAC583CAF0A3C8C582C8CAC583CADFE9
DEE780BEEF12038F0D44010D4E020D58
040D62080D6C100D76200D80400D8A80
00000D94E5B454F04401F5B48049E5B4
54F04402F5B4803FE5B454F04403F5B4
8035E5B454F04404F5B4802BE5B454F0
4405F5B48021E5B454F04406F5B48017
E5B454F04407F5B4800DE5B454F04408
F5B4800353B4F053ADFB43AD0422EF13
1313541FFEEF5407FFED6034EE700D04
A807088002C333D8FC42F922EEB4010E
7401A807088002C333D8FC42FA22EE64
02704304A807088002C333D8FC42FB22
EE700E04A807088002C333D8FCF452F9
22EEB4010F7401A807088002C333D8FC
F452FA22EEB4020E7401A807088002C3
33D8FCF452FB22EF131313541FFEEF54
07FFED6034EE700D04A807088002C333
D8FC429722EEB4010E7401A807088002
C333D8FC42E522EE6402704304A80708
8002C333D8FC42FC22EE700E04A80708
8002C333D8FCF4529722EEB4010F7401
A807088002C333D8FCF452E522EEB402
0E7401A807088002C333D8FCF452FC22
EF131313541FFEEF5407FFED6034EE70
0D04A807088002C333D8FC428022EEB4
010E7401A807088002C333D8FC429022
EE6402704304A807088002C333D8FC42
A022EE700E04A807088002C333D8FCF4
528022EEB4010F7401A807088002C333
D8FCF4529022EEB4020E7401A8070880
02C333D8FCF452A0229000AF120329E4
7F10FEFDFC9000B31202E812014B9000
B7120329E47B02FAF9F89000B71202DC
1201D69000AF1202E812013E9000B712
02E81201D69000B71203299000B71202
E8C3E49BFF74049AFEE499FDE498FC90
00B71203299000B71202DC7808120286
AB079000B71202DCEB5403F5BA8FAA22
C0E0C0F0C083C082C0D075D000C000C0
01C002C003C004C005C006C007E5C830
E11053C8FD9000F6120366E94A600312
03EFE5C930E11053C9FD9000F9120366
E94A60031203EFE5CA30E11053CAFD90
00FC120366E94A60031203EFD007D006
D005D004D003D002D001D000D0D0D082
D083D0F0D0E032C3EF94FEEE947F4007
E49000CCF0FF229000C6E0FBA3E09000
BDCBF0A3EBF0D39000C7E094789000C6
E09400400EA3E02488FD9000C6E034FF
FC8003E4FCFD9000CCE07015D39000BE
E09F9000BDE09E50149000CC7401F080
0CD3EF9DEE9C5005E49000CCF09000CC
E0FF22121388120BF21212CB7D177C00
7FDC7E051211CA7BFF7A0079067D017F
011209551213449000AF7401F07B047A
00E4FD7F0112123A7F031212B07F0612
0094E4FF1213217F0112130F7F011213
7C12136180FEC0E0C0F0C083C082C0D0
75D000C000C001C002C003C004C005C0
06C007E5F630E00D90010B120366E94A
60031203EF75F601D007D006D005D004
D003D002D001D000D0D0D082D083D0F0
D0E032C0E0C0F0C083C082C0D075D000
C000C001C002C003C004C005C006C007
30980F900108120366E94A60031203EF
C298D007D006D005D004D003D002D001
D000D0D0D082D083D0F0D0E032EF1313
13541FFEEF5407FFEE700E04A8070880
02C333D8FCF452E122EEB4010F7401A8
07088002C333D8FCF452E222EEB4020E
7401A807088002C333D8FCF452E322EF
131313541FFEEF5407FFEE700DE5E1A8
07088002C313D8FC801CEEB4010DE5E2
A807088002C313D8FC800BE5E3A80708
8002C313D8FC5401FF22AB07AA0643DF
0843E70890C900E04440F0EC90C90DF0
ED90C90CF0EB24FFEA34FF90C90FF0EB
1490C90EF090C9067401F090C905E044
01F0229000AB12032943DE0143E60143
9E01E4900107F0C29FD29EC299C29890
00AB1202DC9000B31203299001031202
DC120F09D29C53F33F229000AFE06401
702743DE1043E610EFC4333354C0FFE5
AC54BF4FF5ACE4F5FEF5FFEBF5FEEAF5
FFE5FD54FE4DF5FD2253DEEF53E6EF22
12002690005FE475F001120128FC741C
25F0F58274003CF583EFF090005C7401
F022C0E0C083C082E5A630E30990010E
7401F075A32075A3FFD082D083D0E032
53F7F8EF24FC600B14600C2402700B43
F7032243F7042243F70522E490005CF0
FF7EC27D01FC1212037BFF7A1279707F
0102133390C900E054FEF090C90AE4F0
A3F090C900E04401F0227F02120D24E5
AD20E2FBE5F630E0FB75F601020036EF
B4010753ADFE53ADFD2243AD0243AD01
2243AC20EF700553ACFD800343AC0253
B5FE22EFB4010AD2AFD2AC9001080203
86C2AC2290C900E054FEF090C90AE4F0
A3F0227D017F0A120E907D017F0B020E
90E4FD7F0A120E90E4FD7F0B020E9090
C90AE0FDA3E0FCEDAE04FF22EFB40104
43AC012253ACFE227F007E367D6E7C01
02041DFF

---------- Code Information -----------
Code Entrance:      0x00000000 
Code Run Entrance:  0x00000000 
Code Size:          0x00001394 
Code CRC Value:     0x2142 
