020EC2021274121730AD07AC0612177A
9000B8ECF0A3EDF0E49000BAF0A3F002
179122021366AF9922FFFF0211AAFFFF
FFFFFF021319E5B7540FFEAFB6D3EF94
01EE9400400774052FFFE43EFED3EF94
FFEE940F40047E0F7FFF220216DBFFFF
FFFFFF0208E3AB07AA0612182CC3EF9B
EE9A4007EF9BFFEE9A800EC374E89BFD
74039AFCED2FFFEC3E9000DCF0A3EFF0
9000DCE0FEA3E0FF22FFFF020C32FFFF
FFFFFF020B8BFFFFFFFFFF020AE4BB01
0689828A83E0225002E722BBFE02E322
89828A83E49322BB010CE58229F582E5
833AF583E0225006E92582F8E622BBFE
06E92582F8E222E58229F582E5833AF5
83E49322BB010689828A83F0225002F7
22BBFE01F322F8BB010DE58229F582E5
833AF583E8F0225006E92582C8F622BB
FE05E92582C8F222C5F0F8A3E028F0C5
F0F8E582158270021583E038F022A3F8
E0C5F025F0F0E582158270021583E0C8
38F0E822BB010A89828A83F0E5F0A3F0
225006F709A7F01922BBFE06F3E5F009
F31922EF2BFFEE3AFEED39FDEC38FC22
E88FF0A4CC8BF0A42CFCE98EF0A42CFC
8AF0EDA42CFCEA8EF0A4CDA8F08BF0A4
2DCC3825F0FDE98FF0A42CCD35F0FCEB
8EF0A4FEA9F0EB8FF0A4CFC5F02ECD39
FEE43CFCEAA42DCE35F0FDE43CFC2275
F008758200EF2FFFEE33FECD33CDCC33
CCC58233C5829BED9AEC99E58298400C
F582EE9BFEED9AFDEC99FC0FD5F0D6E4
CEFBE4CDFAE4CCF9A88222B800C1B900
59BA002DEC8BF084CFCECDFCE5F0CBF9
7818EF2FFFEE33FEED33FDEC33FCEB33
FB10D703994004EB99FB0FD8E5E4F9FA
227818EF2FFFEE33FEED33FDEC33FCC9
33C910D7059BE99A4007EC9BFCE99AF9
0FD8E0E4C9FAE4CCFB2275F010EF2FFF
EE33FEED33FDCC33CCC833C810D7079B
EC9AE899400AED9BFDEC9AFCE899F80F
D5F0DAE4CDFBE4CCFAE4C8F922EF4BFF
EE4AFEED49FDEC48FC22EB9FF5F0EA9E
42F0E99D42F0E89C45F022E8600FECC3
13FCED13FDEE13FEEF13FFD8F122E860
0FEFC333FFEE33FEED33FDEC33FCD8F1
22BB010DE58229F582E5833AF5830203
115007E92582F802042ABBFE07E92582
F8020436E58229F582E5833AF5830204
42E0FCA3E0FDA3E0FEA3E0FF22E0F8A3
E0F9A3E0FAA3E0FB227401FF3395E0FE
FDFCA3A3A3E0CF2FF0E5821582700215
83E0CE3EF0E582158270021583E0CD3D
F0E582158270021583E0CC3CF022ECF0
A3EDF0A3EEF0A3EFF022A8828583F0D0
83D082120381120381120381120381E4
73E493A3C583C5F0C583C8C582C8F0A3
C583C5F0C583C8C582C822E0FBA3E0FA
A3E0F922F8E0FBA3A3E0F925F0F0E582
158270021583E0FA38F022EBF0A3EAF0
A3E9F022D083D082F8E4937012740193
700DA3A393F8740193F5828883E47374
02936860EFA3A3A380DFD083D082E493
7012740193700DA3A393F8740193F582
8883E4737402936C70127403936D700C
7404936E70067405936F60DDA3A3A3A3
A3A380CA8A838982E473E6FC08E6FD08
E6FE08E6FF22E2FC08E2FD08E2FE08E2
FF22E493FC740193FD740293FE740393
FF224401120000000044010E00000000
4200B200004200C000004200BE00C842
00B400004200CA00004200B000004100
C6004100AF004100C5004100AB004100
B7004100BD004100B6004100C2004100
AE004200C800004100C7004100AD0042
00BA00004200B803704100AC004200C3
00004100BC0060480063000000000000
00000000000000000000000000000000
00000000000000000000000000000000
00000000000000000000000000000000
00000000000000000000000000000000
00004101160043011700000043011A00
00004900EA0000000000000000004900
F30000000000000000004900FC000000
0000000000004C00DE00000000000000
000000000041011D0049010500000000
000000000041001B0041000400440000
00000000420005000042005D00024200
5F00004200610000C102C101C1000090
00CC12035E9000D012036A0000000043
F804E5F830E5FB9091AAE0FFE4FCFDFE
78101202CEC004C005C006C007A3E0FF
E4FCFDFE78181202CED003D002D001D0
0012029DC004C005C006C0079091A9E0
FFE4FCFDFE78081202CED003D002D001
D00012029DA804A905AA06AB079091A8
E0FFE4FCFDFE12029D90010E12035E7F
C07E0A7D707C0190010E12031DD31202
AA50167F407E617D6C7C0190010E1203
1DC31202AA4002801274FFFFFEFDFC90
010E12031DC31202AA700C9000D01203
6A02DC6C008015E47F02FEFDFC90010E
12031D1201809000D012035E9000CC12
03111203EA069B00B71B00069300F424
00068B016E36000000069375EE01E47B
02800E75EE02E47B03800675EE03E47B
04FAF9F89000D012031112020B900112
12035E53F8FE53D9F822AC07EF131313
541F9000CCF0EF5407A3F0ED6060EC75
F003A42463F582E43400F5831203BBD2
AFD2A81214379000CCE0FF7011A3E0FE
7401A806088002C333D8FC42E922EFB4
01139000CDE0FF7401A807088002C333
D8FC42EA229000CCE06402705CA3E0FF
7401A807088002C333D8FC42EB22C2A8
9000CCE0FF7012A3E0FE7401A8060880
02C333D8FCF452E922EFB401149000CD
E0FF7401A807088002C333D8FCF452EA
229000CCE0B40211A3E0FF7401A80708
8002C333D8FCF452EB229000CEEFF0A3
ECF0A3EDF0A31203BB9000D812036A00
000000E49000D6F0A3F012182C9000D4
EEF0A3EFF0E4FD7F081210BA9000CEE0
FF12165CC3EF94FEEE947F501C9000D8
12031DE4FCFD1201739000D812035E90
00D6E475F0011201289000D4E0FEA3E0
FF120066D39000D0E09F9000CFE09E50
BB7D017F081210BA9000D112039BE94A
600D9000D6E0FFA3E0CF8FF012015490
00D6E0FCA3E0FD4C70047E80FF22AB05
AA04E4F9F89000D812031112020B22EF
131313541FFEEF5407FFED604FEE7016
90C000C083C082E0FE7401A807088002
C333D8FC8033EEB4011690C001C083C0
82E0FE7401A807088002C333D8FC8019
EE6402706D90C002C083C082E0FE7401
A807088002C333D8FC4E8051EE701890
C000C083C082E0FE7401A807088002C3
33D8FCF45E8036EEB4011890C001C083
C082E0FE7401A807088002C333D8FCF4
5E801AEEB4021B90C002C083C082E0FE
7401A807088002C333D8FCF45ED082D0
83F022C0E0C0F0C083C082C0D075D000
C000C001C002C003C004C005C006C007
90C809E030E01790C808E030E010A374
01F09000DE12039BE94A605D805890C8
09E030E11790C808E030E110A37402F0
9000E112039BE94A603F803A90C809E0
30E21790C808E030E210A37404F09000
E412039BE94A6021801C90C809E030E3
1890C808E030E311A37408F09000E712
039BE94A6003120424D007D006D005D0
04D003D002D001D000D0D0D082D083D0
F0D0E0329000CC1203BB90C9057407F0
EF6401704FED24FE601C14602E240270
3D9000CC12039B9000EA1203BB90C904
E04401F080289000CC12039B9000ED12
03BB90C904E04402F080139000CC1203
9B9000F01203BB90C904E04404F0D2AF
43B80122ED24FE601B14602C2402703B
9000CC12039B9000EA1203BB90C904E0
44FEF0229000CC12039B9000ED1203BB
90C904E044FDF0229000CC12039B9000
F01203BB90C904E044FBF0229000CC12
03BB90CA057407F0EF6401704FED24FE
601C14602E2402703D9000CC12039B90
00F31203BB90CA04E04401F080289000
CC12039B9000F61203BB90CA04E04402
F080139000CC12039B9000F91203BB90
CA04E04404F0D2AF43B80422ED24FE60
1B14602C2402703B9000CC12039B9000
F31203BB90CA04E044FEF0229000CC12
039B9000F61203BB90CA04E044FDF022
9000CC12039B9000F91203BB90CA04E0
44FBF022C0E0C0F0C083C082C0D075D0
00C000C001C002C003C004C005C006C0
0790C905E030E01C90C904E030E01590
00EA12039BE94A600312042490C90574
01F0804C90C905E030E11C90C904E030
E1159000ED12039BE94A600312042490
C9057402F0802990C905E030E21C90C9
04E030E2159000F012039BE94A600312
042490C9057404F0800690C9057407F0
D007D006D005D004D003D002D001D000
D0D0D082D083D0F0D0E032C0E0C0F0C0
83C082C0D075D000C000C001C002C003
C004C005C006C00790CA05E030E01C90
CA04E030E0159000F312039BE94A6003
12042490CA057401F0804C90CA05E030
E11C90CA04E030E1159000F612039BE9
4A600312042490CA057402F0802990CA
05E030E21C90CA04E030E2159000F912
039BE94A600312042490CA057404F080
0690CA057407F0D007D006D005D004D0
03D002D001D000D0D0D082D083D0F0D0
E032C0E0C0F0C083C082C0D075D000C0
00C001C002C003C004C005C006C00790
CB05E030E01C90CB04E030E0159000FC
12039BE94A600312042490CB057401F0
804C90CB05E030E11C90CB04E030E115
9000FF12039BE94A600312042490CB05
7402F0802990CB05E030E21C90CB04E0
30E21590010212039BE94A6003120424
90CB057404F0800690CB057407F0D007
D006D005D004D003D002D001D000D0D0
D082D083D0F0D0E03290C018E4F07F08
12160CE4FD7F08120FC8E4FD7F081210
417D017F081210BA90C01AE4F07F0A12
160CE4FD7F0A120FC8E4FD7F0A121041
E4FD7F0A1210BA90C01BE4F07F0B1216
0CE4FD7F0B120FC8E4FD7F0B121041E4
FD7F0B1210BA7F0C12160C7D017F0C12
0FC8E4FD7F0C1210417D017F0C12082F
7BFF7A0079227D017F0C1206BA53B0FD
43B00190C01C7420F0A3E4F07F0D1216
0C7D017F0D120FC87D017F0D02082F90
00ABE07003020E22E49000CCF0A3F07B
017A0079CC7D64FC7F0212077A9000B2
EEF0A3EFF09000CCE0FCA3E0FD9000C0
ECF0A3EDF09000CAECF0A3EDF09000BA
E0FDA3E09000C3CDF0A3EDF012122190
00BCEFF0600B9000C6E0C39401500E80
099000AFE0C394015003E004F09000AC
E004F0E0C394014020E4F09000C5E070
0FA3E0940140099000C57401F0121810
E49000C6F09000AFF09000ABE0600312
14F422121845120CD91217497D177C00
7FE87E0312152D7BFF7A1379B07D017F
011209947D177C007FDC7E051215667B
FF7A1679F97D017F01120A3C12180112
17629000D07401F07B047A00E4FD7F01
1215D67F031217157F06121850E4FF12
17DE7F011217CC7F0112183912181E12
17A89000BDE0600BE4F09000ABE07003
1213F59000B6E060031214799000C2E0
60031216BD9000B7E060D7E4F0120D7F
80D0787FE4F6D8FD758120020F09020E
23E493A3F8E493A34003F68001F208DF
F48029E493A3F85407240CC8C333C454
0F4420C8834004F456800146F6DFE480
0B0102040810204080900452E47E0193
60BCA3FF543F30E509541FFEE493A360
010ECF54C025E060A840B8E493A3FAE4
93A3F8E493A3C8C582C8CAC583CAF0A3
C8C582C8CAC583CADFE9DEE780BEEF12
03C40F6E010F78020F82040F8C080F96
100FA0200FAA400FB48000000FBEE5B4
54F04401F5B48049E5B454F04402F5B4
803FE5B454F04403F5B48035E5B454F0
4404F5B4802BE5B454F04405F5B48021
E5B454F04406F5B48017E5B454F04407
F5B4800DE5B454F04408F5B4800353B4
F053ADFB43AD0422EF131313541FFEEF
5407FFED6034EE700D04A807088002C3
33D8FC42F922EEB4010E7401A8070880
02C333D8FC42FA22EE6402704304A807
088002C333D8FC42FB22EE700E04A807
088002C333D8FCF452F922EEB4010F74
01A807088002C333D8FCF452FA22EEB4
020E7401A807088002C333D8FCF452FB
22EF131313541FFEEF5407FFED6034EE
700D04A807088002C333D8FC429722EE
B4010E7401A807088002C333D8FC42E5
22EE6402704304A807088002C333D8FC
42FC22EE700E04A807088002C333D8FC
F4529722EEB4010F7401A807088002C3
33D8FCF452E522EEB4020E7401A80708
8002C333D8FCF452FC22EF131313541F
FEEF5407FFED6034EE700D04A8070880
02C333D8FC428022EEB4010E7401A807
088002C333D8FC429022EE6402704304
A807088002C333D8FC42A022EE700E04
A807088002C333D8FCF4528022EEB401
0F7401A807088002C333D8FCF4529022
EEB4020E7401A807088002C333D8FCF4
52A0229000D012035EE47F10FEFDFC90
00D412031D1201809000D812035EE47B
02FAF9F89000D812031112020B9000D0
12031D1201739000D812031D12020B90
00D812035E9000D812031DC3E49BFF74
049AFEE499FDE498FC9000D812035E90
00D812031178081202BBAB079000D812
0311EB5403F5BA8FAA22C0E0C0F0C083
C082C0D075D000C000C001C002C003C0
04C005C006C007E5C830E11053C8FD90
010512039BE94A6003120424E5C930E1
1053C9FD90010812039BE94A60031204
24E5CA30E11053CAFD90010B12039BE9
4A6003120424D007D006D005D004D003
D002D001D000D0D0D082D083D0F0D0E0
32AD07AC06C3ED94FEEC947F4007E490
00C7F0FF229000BEE0FFA3E09000CECF
F0A3EFF012169D9000C7E07015D39000
CFE09D9000CEE09C50149000C77401F0
800CD3ED9FEC9E5005E49000C7F09000
C7E0FF22C0E0C0F0C083C082C0D075D0
00C000C001C002C003C004C005C006C0
077F0C1214B9EF60137F0C1214379000
ABE070089000BDE0700204F0D007D006
D005D004D003D002D001D000D0D0D082
D083D0F0D0E032E4FF9000C6F09000AF
F09000ABF09000B7F09000BDF09000B6
F09000C2F09000AEF09000C8F0A3F090
00C7F09000ADF09000BAF0A3F09000BC
F09000ACF012180112176212181E9000
C5E06002E4F00217A8C0E0C0F0C083C0
82C0D075D000C000C001C002C003C004
C005C006C007E5F630E00D90011A1203
9BE94A600312042475F601D007D006D0
05D004D003D002D001D000D0D0D082D0
83D0F0D0E032C0E0C0F0C083C082C0D0
75D000C000C001C002C003C004C005C0
06C00730980F90011712039BE94A6003
120424C298D007D006D005D004D003D0
02D001D000D0D0D082D083D0F0D0E032
9000ABE070139000ADF090C900E054FE
F090C90AE4F0A3F0229000ADE06013E4
F09000B8E0FFA3E09000BACFF0A3EFF0
800A9000BA7403F0A374E8F09000B7E0
700204F0221217629000AB7401F0E490
00B7F09000BDF09000B6F09000C8F0A3
F09000C6F09000AFF09000C7F09000AD
04F0E49000BAF0A3F09000BCF09000AC
F01217BA020006EF131313541FFEEF54
07FFEE700E04A807088002C333D8FCF4
52E122EEB4010F7401A807088002C333
D8FCF452E222EEB4020E7401A8070880
02C333D8FCF452E322E49000B6F09000
C8F0A3F09000ABF09000B7F09000BDF0
9000C2F09000AEF09000C7F09000ADF0
9000BAF0A3F09000ACF01218019000C5
E0600312167D0217A8EF131313541FFE
EF5407FFEE700DE5E1A807088002C313
D8FC801CEEB4010DE5E2A807088002C3
13D8FC800BE5E3A807088002C313D8FC
5401FF229000ABE070079000C8F0A3F0
22C39000C9E094FF9000C8E094FF5007
E475F001120128C39000C9E094019000
C8E0940040069000B67401F022AB07AA
0643DF0843E70890C900E04440F0EC90
C90DF0ED90C90CF0EB24FFEA34FF90C9
0FF0EB1490C90EF090C9067401F090C9
05E04401F022AB07AA0643DF2043E720
90CA00E04440F0EC90CA0DF0ED90CA0C
F0EB24FFEA34FF90CA0FF0EB1490CA0E
F090CA067401F090CA05E04401F02290
00CC12035E43DE0143E601439E01E490
0116F0C29FD29EC299C2989000CC1203
119000D412035E900112120311121133
D29C53F33F229000D0E06401702743DE
1043E610EFC4333354C0FFE5AC54BF4F
F5ACE4F5FEF5FFEBF5FEEAF5FFE5FD54
FE4DF5FD2253DEEF53E6EF22EF131313
541FFEEF54079000CCF0EE700743DF01
43E70122EEB4010743DF0243E70222EE
B4020643DF0443E7042212002690005F
E475F00112013EFC741C25F0F5827400
3CF583EFF090005C7401F022120F4EE5
AD20E2FBE5F630E0FB75F601120036D3
EF94FFEE940F40047E0F7FFF22E49000
C2F09000AE04F090CA00E054FEF090CA
0AE4F0A3F090CA00E04401F022D39000
BFE094199000BEE09400400DA3E024E7
FF9000BEE034FFFE22E4FEFF229000C2
E06017E4F09000AEF09000ABE0700B90
00C5E060057F091212C722C0E0C083C0
82E5A630E30990011D7401F075A32075
A3FFD082D083D0E03290CA00E054FEF0
90CA0AE4F0A3F09000AEE06007E4F090
00C204F02253F7F8EF24FC600B14600C
2402700B43F7032243F7042243F70522
7F707E03EF4E7003FE7F01D3EF94E8EE
940340047E037FE822E490005CF0FF7E
C27D01FC12159F7BFF7A16793A7F0102
17F0E49000AEF09000C2F090CA00E054
FEF090CA0AE4F0A3F022C3EF94E8EE94
034004E4FEFF22C374E89FFF74039EFE
2290C900E054FEF0EF90C90AF0EEA3F0
90C900E04401F0227F0C1214377BFF7A
0079227D017F0C0206BA7F0C1214377B
FF7A007922E4FD7F0C0206BAEFB40107
53ADFE53ADFD2243AD0243AD012243AC
20EF700553ACFD800343AC0253B5FE22
EFB4010AD2AFD2AC9001170203BBC2AC
2290C900E054FEF090C90AE4F0A3F022
7D017F0A1210BA7D017F0B0210BAE4FD
7F0A1210BAE4FD7F0B0210BA90C90AE0
FDA3E0FCEDAE04FF22EFB4010443AC01
2253ACFE227F007E367D6E7C0102058F
EF8FF553B4EF22FF

---------- Code Information -----------
Code Entrance:      0x00000000 
Code Run Entrance:  0x00000000 
Code Size:          0x00001858 
Code CRC Value:     0xA058 
