020EAB02120A1216E0AD07AC0612172A
9000B7ECF0A3EDF0E49000B9F0A3F002
174122021358AF9922FFFF021193FFFF
FFFFFF02130BE5B7540FFEAFB6D3EF94
01EE9400400774052FFFE43EFED3EF94
FFEE940F40047E0F7FFF2202168BFFFF
FFFFFF0208DFAB07AA061217DCC3EF9B
EE9A4007EF9BFFEE9A800EC374E89BFD
74039AFCED2FFFEC3E9000DBF0A3EFF0
9000DBE0FEA3E0FF22FFFF020C2EFFFF
FFFFFF020B87FFFFFFFFFF020AE0BB01
0689828A83E0225002E722BBFE02E322
89828A83E49322BB010CE58229F582E5
833AF583E0225006E92582F8E622BBFE
06E92582F8E222E58229F582E5833AF5
83E49322BB010689828A83F0225002F7
22BBFE01F322F8BB010DE58229F582E5
833AF583E8F0225006E92582C8F622BB
FE05E92582C8F222C5F0F8A3E028F0C5
F0F8E582158270021583E038F022A3F8
E0C5F025F0F0E582158270021583E0C8
38F0E822BB010A89828A83F0E5F0A3F0
225006F709A7F01922BBFE06F3E5F009
F31922EF2BFFEE3AFEED39FDEC38FC22
E88FF0A4CC8BF0A42CFCE98EF0A42CFC
8AF0EDA42CFCEA8EF0A4CDA8F08BF0A4
2DCC3825F0FDE98FF0A42CCD35F0FCEB
8EF0A4FEA9F0EB8FF0A4CFC5F02ECD39
FEE43CFCEAA42DCE35F0FDE43CFC2275
F008758200EF2FFFEE33FECD33CDCC33
CCC58233C5829BED9AEC99E58298400C
F582EE9BFEED9AFDEC99FC0FD5F0D6E4
CEFBE4CDFAE4CCF9A88222B800C1B900
59BA002DEC8BF084CFCECDFCE5F0CBF9
7818EF2FFFEE33FEED33FDEC33FCEB33
FB10D703994004EB99FB0FD8E5E4F9FA
227818EF2FFFEE33FEED33FDEC33FCC9
33C910D7059BE99A4007EC9BFCE99AF9
0FD8E0E4C9FAE4CCFB2275F010EF2FFF
EE33FEED33FDCC33CCC833C810D7079B
EC9AE899400AED9BFDEC9AFCE899F80F
D5F0DAE4CDFBE4CCFAE4C8F922EF4BFF
EE4AFEED49FDEC48FC22EB9FF5F0EA9E
42F0E99D42F0E89C45F022E8600FECC3
13FCED13FDEE13FEEF13FFD8F122E860
0FEFC333FFEE33FEED33FDEC33FCD8F1
22BB010DE58229F582E5833AF5830203
115007E92582F802042ABBFE07E92582
F8020436E58229F582E5833AF5830204
42E0FCA3E0FDA3E0FEA3E0FF22E0F8A3
E0F9A3E0FAA3E0FB227401FF3395E0FE
FDFCA3A3A3E0CF2FF0E5821582700215
83E0CE3EF0E582158270021583E0CD3D
F0E582158270021583E0CC3CF022ECF0
A3EDF0A3EEF0A3EFF022A8828583F0D0
83D082120381120381120381120381E4
73E493A3C583C5F0C583C8C582C8F0A3
C583C5F0C583C8C582C822E0FBA3E0FA
A3E0F922F8E0FBA3A3E0F925F0F0E582
158270021583E0FA38F022EBF0A3EAF0
A3E9F022D083D082F8E4937012740193
700DA3A393F8740193F5828883E47374
02936860EFA3A3A380DFD083D082E493
7012740193700DA3A393F8740193F582
8883E4737402936C70127403936D700C
7404936E70067405936F60DDA3A3A3A3
A3A380CA8A838982E473E6FC08E6FD08
E6FE08E6FF22E2FC08E2FD08E2FE08E2
FF22E493FC740193FD740293FE740393
FF224401110000000044010D00000000
4200B100004200BF00004200BD00C842
00B300004200C900004200AF00004100
C5004100AE004100C4004100AB004100
B6004100BC004100B5004100C1004100
AD004200C700004100C6004100AC0042
00B900004200B703704200C200004100
BB006048006300000000000000000000
00000000000000000000000000000000
00000000000000000000000000000000
00000000000000000000000000000000
00000000000000000000000000004101
15004301160000004301190000004900
E90000000000000000004900F2000000
0000000000004900FB00000000000000
00004C00DD0000000000000000000000
0041011C004901040000000000000000
0041001B004100040044000000000000
420005000042005D000242005F000042
00610000C102C101C100009000CB1203
5E9000CF12036A0000000043F804E5F8
30E5FB9091AAE0FFE4FCFDFE78101202
CEC004C005C006C007A3E0FFE4FCFDFE
78181202CED003D002D001D00012029D
C004C005C006C0079091A9E0FFE4FCFD
FE78081202CED003D002D001D0001202
9DA804A905AA06AB079091A8E0FFE4FC
FDFE12029D90010D12035E7FC07E0A7D
707C0190010D12031DD31202AA50167F
407E617D6C7C0190010D12031DC31202
AA4002801274FFFFFEFDFC90010D1203
1DC31202AA700C9000CF12036A02DC6C
008015E47F02FEFDFC90010D12031D12
01809000CF12035E9000CB1203111203
EA069700B71B00068F00F42400068701
6E36000000068F75EE01E47B02800E75
EE02E47B03800675EE03E47B04FAF9F8
9000CF12031112020B90011112035E53
F8FE53D9F822AC07EF131313541F9000
CEF0EF5407A3F0ED6060EC75F003A424
63F582E43400F5831203BBD2AFD2A812
13E59000CEE0FF7011A3E0FE7401A806
088002C333D8FC42E922EFB401139000
CFE0FF7401A807088002C333D8FC42EA
229000CEE06402705CA3E0FF7401A807
088002C333D8FC42EB22C2A89000CEE0
FF7012A3E0FE7401A806088002C333D8
FCF452E922EFB401149000CFE0FF7401
A807088002C333D8FCF452EA229000CE
E0B40211A3E0FF7401A807088002C333
D8FCF452EB229000CDEFF0A3ECF0A3ED
F0A31203BB9000D712036A00000000E4
9000D5F0A3F01217DC9000D3EEF0A3EF
F0E4FD7F081210A39000CDE0FF12160C
C3EF94FEEE947F501C9000D712031DE4
FCFD1201739000D712035E9000D5E475
F0011201289000D3E0FEA3E0FF120066
D39000CFE09F9000CEE09E50BB7D017F
081210A39000D012039BE94A600D9000
D5E0FFA3E0CF8FF01201549000D5E0FC
A3E0FD4C70047E80FF22AB05AA04E4F9
F89000D712031112020B22EF13131354
1FFEEF5407FFED604FEE701690C000C0
83C082E0FE7401A807088002C333D8FC
8033EEB4011690C001C083C082E0FE74
01A807088002C333D8FC8019EE640270
6D90C002C083C082E0FE7401A8070880
02C333D8FC4E8051EE701890C000C083
C082E0FE7401A807088002C333D8FCF4
5E8036EEB4011890C001C083C082E0FE
7401A807088002C333D8FCF45E801AEE
B4021B90C002C083C082E0FE7401A807
088002C333D8FCF45ED082D083F022C0
E0C0F0C083C082C0D075D000C000C001
C002C003C004C005C006C00790C809E0
30E01790C808E030E010A37401F09000
DD12039BE94A605D805890C809E030E1
1790C808E030E110A37402F09000E012
039BE94A603F803A90C809E030E21790
C808E030E210A37404F09000E312039B
E94A6021801C90C809E030E31890C808
E030E311A37408F09000E612039BE94A
6003120424D007D006D005D004D003D0
02D001D000D0D0D082D083D0F0D0E032
9000CB1203BB90C9057407F0EF640170
4FED24FE601C14602E2402703D9000CB
12039B9000E91203BB90C904E04401F0
80289000CB12039B9000EC1203BB90C9
04E04402F080139000CB12039B9000EF
1203BB90C904E04404F0D2AF43B80122
ED24FE601B14602C2402703B9000CB12
039B9000E91203BB90C904E044FEF022
9000CB12039B9000EC1203BB90C904E0
44FDF0229000CB12039B9000EF1203BB
90C904E044FBF0229000CB1203BB90CA
057407F0EF6401704FED24FE601C1460
2E2402703D9000CB12039B9000F21203
BB90CA04E04401F080289000CB12039B
9000F51203BB90CA04E04402F0801390
00CB12039B9000F81203BB90CA04E044
04F0D2AF43B80422ED24FE601B14602C
2402703B9000CB12039B9000F21203BB
90CA04E044FEF0229000CB12039B9000
F51203BB90CA04E044FDF0229000CB12
039B9000F81203BB90CA04E044FBF022
C0E0C0F0C083C082C0D075D000C000C0
01C002C003C004C005C006C00790C905
E030E01C90C904E030E0159000E91203
9BE94A600312042490C9057401F0804C
90C905E030E11C90C904E030E1159000
EC12039BE94A600312042490C9057402
F0802990C905E030E21C90C904E030E2
159000EF12039BE94A600312042490C9
057404F0800690C9057407F0D007D006
D005D004D003D002D001D000D0D0D082
D083D0F0D0E032C0E0C0F0C083C082C0
D075D000C000C001C002C003C004C005
C006C00790CA05E030E01C90CA04E030
E0159000F212039BE94A600312042490
CA057401F0804C90CA05E030E11C90CA
04E030E1159000F512039BE94A600312
042490CA057402F0802990CA05E030E2
1C90CA04E030E2159000F812039BE94A
600312042490CA057404F0800690CA05
7407F0D007D006D005D004D003D002D0
01D000D0D0D082D083D0F0D0E032C0E0
C0F0C083C082C0D075D000C000C001C0
02C003C004C005C006C00790CB05E030
E01C90CB04E030E0159000FB12039BE9
4A600312042490CB057401F0804C90CB
05E030E11C90CB04E030E1159000FE12
039BE94A600312042490CB057402F080
2990CB05E030E21C90CB04E030E21590
010112039BE94A600312042490CB0574
04F0800690CB057407F0D007D006D005
D004D003D002D001D000D0D0D082D083
D0F0D0E03290C018E4F07F081215BCE4
FD7F08120FB1E4FD7F0812102A7D017F
081210A390C01AE4F07F0A1215BCE4FD
7F0A120FB1E4FD7F0A12102AE4FD7F0A
1210A390C01BE4F07F0B1215BCE4FD7F
0B120FB1E4FD7F0B12102AE4FD7F0B12
10A37F0C1215BC7D017F0C120FB1E4FD
7F0C12102A7D017F0C12082B7BFF7A00
79227D017F0C1206B653B0FD43B00190
C01C7420F0A3E4F07F0D1215BC7D017F
0D120FB17D017F0D02082B1217F5120C
D51216F97D177C007FE87E031214DD7B
FF7A1379A27D017F011209907D177C00
7FD07E071215167BFF7A1679A97D017F
01120A381217B11217129000CF7401F0
7B047A00E4FD7F011215867F031216C5
7F06121800E4FF12178E7F0112177C7F
011217E91217CE1217589000BCE0600B
E4F09000ABE070031214279000C1E060
0312166D9000B6E06005E4F0120E1A90
00B5E060D512146580D09000ABE07003
020EAAE49000CBF0A3F07B017A0079CB
7D64FC7F021207769000B1EEF0A3EFF0
9000CBE0FCA3E0FD9000BFECF0A3EDF0
9000C9ECF0A3EDF09000B9E0FDA3E090
00C2CDF0A3EDF01212669000BBEFF070
0E9000C5F09000AE04F07F060212B9E4
9000AEF09000C5E0C394035003E004F0
9000C5E0C3940340119000C4E0700204
F01217C09000B57401F022787FE4F6D8
FD758120020EF2020D7BE493A3F8E493
A34003F68001F208DFF48029E493A3F8
5407240CC8C333C4540F4420C8834004
F456800146F6DFE4800B010204081020
4080900452E47E019360BCA3FF543F30
E509541FFEE493A360010ECF54C025E0
60A840B8E493A3FAE493A3F8E493A3C8
C582C8CAC583CAF0A3C8C582C8CAC583
CADFE9DEE780BEEF1203C40F57010F61
020F6B040F75080F7F100F89200F9340
0F9D8000000FA7E5B454F04401F5B480
49E5B454F04402F5B4803FE5B454F044
03F5B48035E5B454F04404F5B4802BE5
B454F04405F5B48021E5B454F04406F5
B48017E5B454F04407F5B4800DE5B454
F04408F5B4800353B4F053ADFB43AD04
22EF131313541FFEEF5407FFED6034EE
700D04A807088002C333D8FC42F922EE
B4010E7401A807088002C333D8FC42FA
22EE6402704304A807088002C333D8FC
42FB22EE700E04A807088002C333D8FC
F452F922EEB4010F7401A807088002C3
33D8FCF452FA22EEB4020E7401A80708
8002C333D8FCF452FB22EF131313541F
FEEF5407FFED6034EE700D04A8070880
02C333D8FC429722EEB4010E7401A807
088002C333D8FC42E522EE6402704304
A807088002C333D8FC42FC22EE700E04
A807088002C333D8FCF4529722EEB401
0F7401A807088002C333D8FCF452E522
EEB4020E7401A807088002C333D8FCF4
52FC22EF131313541FFEEF5407FFED60
34EE700D04A807088002C333D8FC4280
22EEB4010E7401A807088002C333D8FC
429022EE6402704304A807088002C333
D8FC42A022EE700E04A807088002C333
D8FCF4528022EEB4010F7401A8070880
02C333D8FCF4529022EEB4020E7401A8
07088002C333D8FCF452A0229000CF12
035EE47F10FEFDFC9000D312031D1201
809000D712035EE47B02FAF9F89000D7
12031112020B9000CF12031D12017390
00D712031D12020B9000D712035E9000
D712031DC3E49BFF74049AFEE499FDE4
98FC9000D712035E9000D71203117808
1202BBAB079000D7120311EB5403F5BA
8FAA22C0E0C0F0C083C082C0D075D000
C000C001C002C003C004C005C006C007
E5C830E11053C8FD90010412039BE94A
6003120424E5C930E11053C9FD900107
12039BE94A6003120424E5CA30E11053
CAFD90010A12039BE94A6003120424D0
07D006D005D004D003D002D001D000D0
D0D082D083D0F0D0E032C0E0C0F0C083
C082C0D075D000C000C001C002C003C0
04C005C006C0077F0C1214A2EF601C7F
0C1213E59000ABE070119000BCE0700B
9000C1E070059000BC04F0D007D006D0
05D004D003D002D001D000D0D0D082D0
83D0F0D0E032AD07AC06C3ED94FEEC94
7F4007E49000C6F0FF229000BDE0FFA3
E09000CDCFF0A3EFF012164D9000C6E0
7015D39000CEE09D9000CDE09C501490
00C67401F0800CD3ED9FEC9E5005E490
00C6F09000C6E0FF229000CDEFF0E490
00C5F09000AEF09000ABF09000B6F090
00BCF09000B5F09000C1F09000ADF090
00C7F0A3F09000C6F09000ACF09000B9
F0A3F09000BBF01217B11217121217CE
9000C4E06002E4F0021758C0E0C0F0C0
83C082C0D075D000C000C001C002C003
C004C005C006C007E5F630E00D900119
12039BE94A600312042475F601D007D0
06D005D004D003D002D001D000D0D0D0
82D083D0F0D0E032C0E0C0F0C083C082
C0D075D000C000C001C002C003C004C0
05C006C00730980F90011612039BE94A
6003120424C298D007D006D005D004D0
03D002D001D000D0D0D082D083D0F0D0
E0329000ABE07011A3F090C900E054FE
F090C90AE4F0A3F0229000ACE06013E4
F09000B7E0FFA3E09000B9CFF0A3EFF0
800A9000B97403F0A374E8F09000B6E0
700204F022EF131313541FFEEF5407FF
EE700E04A807088002C333D8FCF452E1
22EEB4010F7401A807088002C333D8FC
F452E222EEB4020E7401A807088002C3
33D8FCF452E3221217129000AB7401F0
E49000B6F09000BCF09000B5F09000C7
F0A3F09000C5F09000AEF09000C6F090
00AC04F0E49000B9F0A3F09000BBF012
176A020006E49000B5F09000C7F0A3F0
9000ABF09000B6F09000BCF09000C1F0
9000ADF09000C6F09000ACF09000B9F0
A3F01217B11217589000C4E060031216
2D22EF131313541FFEEF5407FFEE700D
E5E1A807088002C313D8FC801CEEB401
0DE5E2A807088002C313D8FC800BE5E3
A807088002C313D8FC5401FF22AB07AA
0643DF0843E70890C900E04440F0EC90
C90DF0ED90C90CF0EB24FFEA34FF90C9
0FF0EB1490C90EF090C9067401F090C9
05E04401F022AB07AA0643DF2043E720
90CA00E04440F0EC90CA0DF0ED90CA0C
F0EB24FFEA34FF90CA0FF0EB1490CA0E
F090CA067401F090CA05E04401F02290
00CB12035E43DE0143E601439E01E490
0115F0C29FD29EC299C2989000CB1203
119000D312035E90011112031112111C
D29C53F33F229000CFE06401702743DE
1043E610EFC4333354C0FFE5AC54BF4F
F5ACE4F5FEF5FFEBF5FEEAF5FFE5FD54
FE4DF5FD2253DEEF53E6EF22EF131313
541FFEEF54079000CBF0EE700743DF01
43E70122EEB4010743DF0243E70222EE
B4020643DF0443E7042212002690005F
E475F00112013EFC741C25F0F5827400
3CF583EFF090005C7401F022120F37E5
AD20E2FBE5F630E0FB75F601120036D3
EF94FFEE940F40047E0F7FFF22E49000
C1F09000AD04F090CA00E054FEF090CA
0AE4F0A3F090CA00E04401F022D39000
BEE0941E9000BDE09400400DA3E024E2
FF9000BDE034FFFE22E4FEFF229000C1
E06017E4F09000ADF09000ABE0700B90
00C4E060057F091212B922C0E0C083C0
82E5A630E30990011C7401F075A32075
A3FFD082D083D0E03290CA00E054FEF0
90CA0AE4F0A3F09000ADE06007E4F090
00C104F02253F7F8EF24FC600B14600C
2402700B43F7032243F7042243F70522
7F707E03EF4E7003FE7F01D3EF94E8EE
940340047E037FE822E490005CF0FF7E
C27D01FC12154F7BFF7A1579EA7F0102
17A0E49000ADF09000C1F090CA00E054
FEF090CA0AE4F0A3F022C3EF94E8EE94
034004E4FEFF22C374E89FFF74039EFE
2290C900E054FEF0EF90C90AF0EEA3F0
90C900E04401F0227F0C1213E57BFF7A
0079227D017F0C0206B67F0C1213E57B
FF7A007922E4FD7F0C0206B6EFB40107
53ADFE53ADFD2243AD0243AD012243AC
20EF700553ACFD800343AC0253B5FE22
EFB4010AD2AFD2AC9001160203BBC2AC
2290C900E054FEF090C90AE4F0A3F022
7D017F0A1210A37D017F0B0210A3E4FD
7F0A1210A3E4FD7F0B0210A390C90AE0
FDA3E0FCEDAE04FF22EFB4010443AC01
2253ACFE227F007E367D6E7C0102058B
EF8FF553B4EF22FF

---------- Code Information -----------
Code Entrance:      0x00000000 
Code Run Entrance:  0x00000000 
Code Size:          0x00001808 
Code CRC Value:     0x0B56 
