020C9D020E2053F7F8EF24FC600B1460
0C2402700B43F7032243F7042243F705
22FFFF02113FAF9922FFFF02107BFFFF
FFFFFF0210F2E5B7540FFEAFB6D3EF94
01EE9400400774052FFFE43EFED3EF94
FFEE940F40047E0F7FFF220212CEFFFF
FFFFFF02094FEF131313541FFEEF5407
9000C6F0EE700743DF0143E70122EEB4
010743DF0243E70222EEB4020643DF04
43E70422EF8FF553B4EF22020BF6FFFF
FFFFFF020B4FFFFFFFFFFF020AA8BB01
0689828A83E0225002E722BBFE02E322
89828A83E49322BB010CE58229F582E5
833AF583E0225006E92582F8E622BBFE
06E92582F8E222E58229F582E5833AF5
83E49322BB010689828A83F0225002F7
22BBFE01F322F8BB010DE58229F582E5
833AF583E8F0225006E92582C8F622BB
FE05E92582C8F222C5F0F8A3E028F0C5
F0F8E582158270021583E038F022A3F8
E0C5F025F0F0E582158270021583E0C8
38F0E822EF2BFFEE3AFEED39FDEC38FC
22E88FF0A4CC8BF0A42CFCE98EF0A42C
FC8AF0EDA42CFCEA8EF0A4CDA8F08BF0
A42DCC3825F0FDE98FF0A42CCD35F0FC
EB8EF0A4FEA9F0EB8FF0A4CFC5F02ECD
39FEE43CFCEAA42DCE35F0FDE43CFC22
75F008758200EF2FFFEE33FECD33CDCC
33CCC58233C5829BED9AEC99E5829840
0CF582EE9BFEED9AFDEC99FC0FD5F0D6
E4CEFBE4CDFAE4CCF9A88222B800C1B9
0059BA002DEC8BF084CFCECDFCE5F0CB
F97818EF2FFFEE33FEED33FDEC33FCEB
33FB10D703994004EB99FB0FD8E5E4F9
FA227818EF2FFFEE33FEED33FDEC33FC
C933C910D7059BE99A4007EC9BFCE99A
F90FD8E0E4C9FAE4CCFB2275F010EF2F
FFEE33FEED33FDCC33CCC833C810D707
9BEC9AE899400AED9BFDEC9AFCE899F8
0FD5F0DAE4CDFBE4CCFAE4C8F922EF4B
FFEE4AFEED49FDEC48FC22EB9FF5F0EA
9E42F0E99D42F0E89C45F022E8600FEC
C313FCED13FDEE13FEEF13FFD8F122E8
600FEFC333FFEE33FEED33FDEC33FCD8
F122BB010DE58229F582E5833AF58302
02F25007E92582F802040BBBFE07E925
82F8020417E58229F582E5833AF58302
0423E0FCA3E0FDA3E0FEA3E0FF22E0F8
A3E0F9A3E0FAA3E0FB227401FF3395E0
FEFDFCA3A3A3E0CF2FF0E58215827002
1583E0CE3EF0E582158270021583E0CD
3DF0E582158270021583E0CC3CF022EC
F0A3EDF0A3EEF0A3EFF022A8828583F0
D083D082120362120362120362120362
E473E493A3C583C5F0C583C8C582C8F0
A3C583C5F0C583C8C582C822E0FBA3E0
FAA3E0F922F8E0FBA3A3E0F925F0F0E5
82158270021583E0FA38F022EBF0A3EA
F0A3E9F022D083D082F8E49370127401
93700DA3A393F8740193F5828883E473
7402936860EFA3A3A380DFD083D082E4
937012740193700DA3A393F8740193F5
828883E4737402936C70127403936D70
0C7404936E70067405936F60DDA3A3A3
A3A3A380CA8A838982E473E6FC08E6FD
08E6FE08E6FF22E2FC08E2FD08E2FE08
E2FF22E493FC740193FD740293FE7403
93FF22121354120D291212EC7DC37C09
7F107E001212067BFF7A13793A7D017F
01120A0012135F9000CA7401F07B047A
00E4FD7F011212767F031200067F0612
0094E4FF1213177F011213057F011213
487F04120DA6E5AD20E2FBE5F630E0FB
75F6011200369000B3EEF0A3EFF0C394
ACEE940D401EE094FF9000B3E0940F50
13E4FD7F0B120F8B9000C0740BF0A374
B8F080639000B3E0FEA3E0FFC394B8EE
940B400CEF94ACEE940D50047D01801A
9000B3E0FEA3E0FFC394C4EE94094011
EF94B8EE940B5009E4FD7F0B120F8B80
269000B3E0FEA3E0FFC394D0EE940740
16EF94C4EE9409500E7D017F0B120F8B
E49000C0F0A3F07F02120DA6E5AD20E2
FBE5F630E0FB75F6011200369000B3EE
F0A3EFF0D39000C1E09F9000C0E09E40
03020481C39000B4E094FF9000B3E094
7F40030204819000C2E475F001120128
9000C2E07004A3E06402600302048190
00C2F0A3F090C90AE0E4F0A3E0E4F0FD
7F08120F8B7D017F0A120F8B02048190
00C612033F9000CA12034B0000000043
F804E5F830E5FB9091AAE0FFE4FCFDFE
78101202AFC004C005C006C007A3E0FF
E4FCFDFE78181202AFD003D002D001D0
0012027EC004C005C006C0079091A9E0
FFE4FCFDFE78081202AFD003D002D001
D00012027EA804A905AA06AB079091A8
E0FFE4FCFDFE12027E90010712033F7F
C07E0A7D707C019001071202FED31202
8B50167F407E617D6C7C019001071202
FEC312028B4002801274FFFFFEFDFC90
01071202FEC312028B700C9000CA1203
4B02DC6C008015E47F02FEFDFC900107
1202FE1201619000CA12033F9000C612
02F21203CB06AB00B71B0006A300F424
00069B016E3600000006A375EE01E47B
02800E75EE02E47B03800675EE03E47B
04FAF9F89000CA1202F21201EC90010B
12033F53F8FE53D9F82244010B000000
00440107000000004200C41F404200BA
FA004200B100004200B300004200AD00
004200AB00004200C000004400BC0000
00004200B500004200C200004200AF00
00C103C1044200B700004100B9006048
00630000000000000000000000000000
00000000000000000000000000000000
00000000000000000000000000000000
00000000000000000000000000000000
0000000000000000000041010F004301
100000004301130000004900E3000000
0000000000004900EC00000000000000
00004900F50000000000000000004C00
D7000000000000000000000000410116
004900FE00000000000000000041001B
00410004004400000000000042000500
0042005D000242005F00004200610000
C102C101C10000EF131313541FFEEF54
07FFED604FEE701690C000C083C082E0
FE7401A807088002C333D8FC8033EEB4
011690C001C083C082E0FE7401A80708
8002C333D8FC8019EE6402706D90C002
C083C082E0FE7401A807088002C333D8
FC4E8051EE701890C000C083C082E0FE
7401A807088002C333D8FCF45E8036EE
B4011890C001C083C082E0FE7401A807
088002C333D8FCF45E801AEEB4021B90
C002C083C082E0FE7401A807088002C3
33D8FCF45ED082D083F022EF13131354
1FFEEF5407FFED604FEE701690C005C0
83C082E0FE7401A807088002C333D8FC
8033EEB4011690C006C083C082E0FE74
01A807088002C333D8FC8019EE640270
6D90C007C083C082E0FE7401A8070880
02C333D8FC4E8051EE701890C005C083
C082E0FE7401A807088002C333D8FCF4
5E8036EEB4011890C006C083C082E0FE
7401A807088002C333D8FCF45E801AEE
B4021B90C007C083C082E0FE7401A807
088002C333D8FCF45ED082D083F022C0
E0C0F0C083C082C0D075D000C000C001
C002C003C004C005C006C00790C809E0
30E01790C808E030E010A37401F09000
D712037CE94A605D805890C809E030E1
1790C808E030E110A37402F09000DA12
037CE94A603F803A90C809E030E21790
C808E030E210A37404F09000DD12037C
E94A6021801C90C809E030E31890C808
E030E311A37408F09000E012037CE94A
6003120405D007D006D005D004D003D0
02D001D000D0D0D082D083D0F0D0E032
9000C612039C90C9057407F0EF640170
4FED24FE601C14602E2402703D9000C6
12037C9000E312039C90C904E04401F0
80289000C612037C9000E612039C90C9
04E04402F080139000C612037C9000E9
12039C90C904E04404F0D2AF43B80122
ED24FE601B14602C2402703B9000C612
037C9000E312039C90C904E044FEF022
9000C612037C9000E612039C90C904E0
44FDF0229000C612037C9000E912039C
90C904E044FBF022C0E0C0F0C083C082
C0D075D000C000C001C002C003C004C0
05C006C00790C905E030E01C90C904E0
30E0159000E312037CE94A6003120405
90C9057401F0804C90C905E030E11C90
C904E030E1159000E612037CE94A6003
12040590C9057402F0802990C905E030
E21C90C904E030E2159000E912037CE9
4A600312040590C9057404F0800690C9
057407F0D007D006D005D004D003D002
D001D000D0D0D082D083D0F0D0E032C0
E0C0F0C083C082C0D075D000C000C001
C002C003C004C005C006C00790CA05E0
30E01C90CA04E030E0159000EC12037C
E94A600312040590CA057401F0804C90
CA05E030E11C90CA04E030E1159000EF
12037CE94A600312040590CA057402F0
802990CA05E030E21C90CA04E030E215
9000F212037CE94A600312040590CA05
7404F0800690CA057407F0D007D006D0
05D004D003D002D001D000D0D0D082D0
83D0F0D0E032C0E0C0F0C083C082C0D0
75D000C000C001C002C003C004C005C0
06C00790CB05E030E01C90CB04E030E0
159000F512037CE94A600312040590CB
057401F0804C90CB05E030E11C90CB04
E030E1159000F812037CE94A60031204
0590CB057402F0802990CB05E030E21C
90CB04E030E2159000FB12037CE94A60
0312040590CB057404F0800690CB0574
07F0D007D006D005D004D003D002D001
D000D0D0D082D083D0F0D0E032787FE4
F6D8FD758120020CE4020433E493A3F8
E493A34003F68001F208DFF48029E493
A3F85407240CC8C333C4540F4420C883
4004F456800146F6DFE4800B01020408
102040809006CAE47E019360BCA3FF54
3F30E509541FFEE493A360010ECF54C0
25E060A840B8E493A3FAE493A3F8E493
A3C8C582C8CAC583CAF0A3C8C582C8CA
C583CADFE9DEE780BE90C018E4F07F08
120066E4FD7F08120E99E4FD7F08120F
127D017F08120F8B90C01AE4F07F0A12
0066E4FD7F0A120E99E4FD7F0A120F12
7D017F0A120F8B7F0B120066E4FD7F0B
120E99E4FD7F0B120F127D017F0B120F
8B90C01C7420F0E4FD7F0C12089B90C0
1DE4F07F0D1200667D017F0D120E997D
017F0D0207E7EF1203A50DC6010DD002
0DDA040DE4080DEE100DF8200E02400E
0C8000000E16E5B454F04401F5B48049
E5B454F04402F5B4803FE5B454F04403
F5B48035E5B454F04404F5B4802BE5B4
54F04405F5B48021E5B454F04406F5B4
8017E5B454F04407F5B4800DE5B454F0
4408F5B4800353B4F053ADFB43AD0422
C0E0C0F0C083C082C0D075D000C000C0
01C002C003C004C005C006C0079000D6
E4F0F09000D6E0FFC3941850311211CB
BF01239000D6E075F003A42463F582E4
3400F58312037CE94A60031204059000
D6E0FF1211899000D6E004F080C5D007
D006D005D004D003D002D001D000D0D0
D082D083D0F0D0E032EF131313541FFE
EF5407FFED6034EE700D04A807088002
C333D8FC42F922EEB4010E7401A80708
8002C333D8FC42FA22EE6402704304A8
07088002C333D8FC42FB22EE700E04A8
07088002C333D8FCF452F922EEB4010F
7401A807088002C333D8FCF452FA22EE
B4020E7401A807088002C333D8FCF452
FB22EF131313541FFEEF5407FFED6034
EE700D04A807088002C333D8FC429722
EEB4010E7401A807088002C333D8FC42
E522EE6402704304A807088002C333D8
FC42FC22EE700E04A807088002C333D8
FCF4529722EEB4010F7401A807088002
C333D8FCF452E522EEB4020E7401A807
088002C333D8FCF452FC22EF13131354
1FFEEF5407FFED6034EE700D04A80708
8002C333D8FC428022EEB4010E7401A8
07088002C333D8FC429022EE64027043
04A807088002C333D8FC42A022EE700E
04A807088002C333D8FCF4528022EEB4
010F7401A807088002C333D8FCF45290
22EEB4020E7401A807088002C333D8FC
F452A0229000CA12033FE47F10FEFDFC
9000CE1202FE1201619000D212033FE4
7B02FAF9F89000D21202F21201EC9000
CA1202FE1201549000D21202FE1201EC
9000D212033F9000D21202FEC3E49BFF
74049AFEE499FDE498FC9000D212033F
9000D21202F2780812029CAB079000D2
1202F2EB5403F5BA8FAA22C0E0C0F0C0
83C082C0D075D000C000C001C002C003
C004C005C006C007E5C830E11053C8FD
9000FE12037CE94A6003120405E5C930
E11053C9FD90010112037CE94A600312
0405E5CA30E11053CAFD90010412037C
E94A6003120405D007D006D005D004D0
03D002D001D000D0D0D082D083D0F0D0
E032C0E0C0F0C083C082C0D075D000C0
00C001C002C003C004C005C006C007E5
F630E00D90011312037CE94A60031204
0575F601D007D006D005D004D003D002
D001D000D0D0D082D083D0F0D0E032C0
E0C0F0C083C082C0D075D000C000C001
C002C003C004C005C006C00730980F90
011012037CE94A6003120405C298D007
D006D005D004D003D002D001D000D0D0
D082D083D0F0D0E032EF131313541FFE
EF5407FFEE700E04A807088002C333D8
FCF452E122EEB4010F7401A807088002
C333D8FCF452E222EEB4020E7401A807
088002C333D8FCF452E322EF13131354
1FFEEF5407FFEE700DE5E1A807088002
C313D8FC801CEEB4010DE5E2A8070880
02C313D8FC800BE5E3A807088002C313
D8FC5401FF22AB07AA0643DF0843E708
90C900E04440F0EC90C90DF0ED90C90C
F0EB24FFEA34FF90C90FF0EB1490C90E
F090C9067401F090C905E04401F02290
00C612033F43DE0143E601439E01E490
010FF0C29FD29EC299C2989000C61202
F29000CE12033F90010B1202F2121004
D29C53F33F229000CAE06401702743DE
1043E610EFC4333354C0FFE5AC54BF4F
F5ACE4F5FEF5FFEBF5FEEAF5FFE5FD54
FE4DF5FD2253DEEF53E6EF2212002690
005FE475F00112013EFC741C25F0F582
74003CF583EFF090005C7401F022C0E0
C083C082E5A630E3099001167401F075
A32075A3FFD082D083D0E032E490005C
F0FF7EC27D01FC12123F7BFF7A1279AC
7F01021329EFB4010753ADFE53ADFD22
43AD0243AD012243AC20EF700553ACFD
800343AC0253B5FE22EFB4010AD2AFD2
AC90011002039CC2AC227D017F08120F
8BE4FD7F0A020F8BEFB4010443AC0122
53ACFE227F007E247DF47C0002059F90
C900E04401F022FF

---------- Code Information -----------
Code Entrance:      0x00000000 
Code Run Entrance:  0x00000000 
Code Size:          0x00001368 
Code CRC Value:     0xFF15 
