020C55020BC753F7F8EF24FC600B1460
0C2402700B43F7032243F7042243F705
2222FF02100AAF9922FFFF020F46FFFF
FFFFFF020FBD9000C77401F0E4A3F0A3
F0FD7F0A120E56E4FD7F0B120E567D01
7F08020E56FFFFFFFFFFFF0211B0FFFF
FFFFFF0207D3EF131313541FFEEF5407
9000ABF0EE700743DF0143E70122EEB4
010743DF0243E70222EEB4020643DF04
43E70422EF8FF553B4EF22020A7AFFFF
FFFFFF0209D3FFFFFFFFFF02092CBB01
0689828A83E0225002E722BBFE02E322
89828A83E49322BB010CE58229F582E5
833AF583E0225006E92582F8E622BBFE
06E92582F8E222E58229F582E5833AF5
83E49322BB010689828A83F0225002F7
22BBFE01F322F8BB010DE58229F582E5
833AF583E8F0225006E92582C8F622BB
FE05E92582C8F222C5F0F8A3E028F0C5
F0F8E582158270021583E038F022A3F8
E0C5F025F0F0E582158270021583E0C8
38F0E822EF2BFFEE3AFEED39FDEC38FC
22E88FF0A4CC8BF0A42CFCE98EF0A42C
FC8AF0EDA42CFCEA8EF0A4CDA8F08BF0
A42DCC3825F0FDE98FF0A42CCD35F0FC
EB8EF0A4FEA9F0EB8FF0A4CFC5F02ECD
39FEE43CFCEAA42DCE35F0FDE43CFC22
75F008758200EF2FFFEE33FECD33CDCC
33CCC58233C5829BED9AEC99E5829840
0CF582EE9BFEED9AFDEC99FC0FD5F0D6
E4CEFBE4CDFAE4CCF9A88222B800C1B9
0059BA002DEC8BF084CFCECDFCE5F0CB
F97818EF2FFFEE33FEED33FDEC33FCEB
33FB10D703994004EB99FB0FD8E5E4F9
FA227818EF2FFFEE33FEED33FDEC33FC
C933C910D7059BE99A4007EC9BFCE99A
F90FD8E0E4C9FAE4CCFB2275F010EF2F
FFEE33FEED33FDCC33CCC833C810D707
9BEC9AE899400AED9BFDEC9AFCE899F8
0FD5F0DAE4CDFBE4CCFAE4C8F922EF4B
FFEE4AFEED49FDEC48FC22EB9FF5F0EA
9E42F0E99D42F0E89C45F022E8600FEC
C313FCED13FDEE13FEEF13FFD8F122E8
600FEFC333FFEE33FEED33FDEC33FCD8
F122BB010DE58229F582E5833AF58302
02F25007E92582F802040BBBFE07E925
82F8020417E58229F582E5833AF58302
0423E0FCA3E0FDA3E0FEA3E0FF22E0F8
A3E0F9A3E0FAA3E0FB227401FF3395E0
FEFDFCA3A3A3E0CF2FF0E58215827002
1583E0CE3EF0E582158270021583E0CD
3DF0E582158270021583E0CC3CF022EC
F0A3EDF0A3EEF0A3EFF022A8828583F0
D083D082120362120362120362120362
E473E493A3C583C5F0C583C8C582C8F0
A3C583C5F0C583C8C582C822E0FBA3E0
FAA3E0F922F8E0FBA3A3E0F925F0F0E5
82158270021583E0FA38F022EBF0A3EA
F0A3E9F022D083D082F8E49370127401
93700DA3A393F8740193F5828883E473
7402936860EFA3A3A380DFD083D082E4
937012740193700DA3A393F8740193F5
828883E4737402936C70127403936D70
0C7404936E70067405936F60DDA3A3A3
A3A3A380CA8A838982E473E6FC08E6FD
08E6FE08E6FF22E2FC08E2FD08E2FE08
E2FF22E493FC740193FD740293FE7403
93FF229000AB12033F9000AF12034B00
00000043F804E5F830E5FB9091AAE0FF
E4FCFDFE78101202AFC004C005C006C0
07A3E0FFE4FCFDFE78181202AFD003D0
02D001D00012027EC004C005C006C007
9091A9E0FFE4FCFDFE78081202AFD003
D002D001D00012027EA804A905AA06AB
079091A8E0FFE4FCFDFE12027E9000FA
12033F7FC07E0A7D707C019000FA1202
FED312028B50167F407E617D6C7C0190
00FA1202FEC312028B4002801274FFFF
FEFDFC9000FA1202FEC312028B700C90
00AF12034B02DC6C008015E47F02FEFD
FC9000FA1202FE1201619000AF12033F
9000AB1202F21203CB053F00B71B0005
3700F42400052F016E36000000053775
EE01E47B02800E75EE02E47B03800675
EE03E47B04FAF9F89000AF1202F21201
EC9000FE12033F53F8FE53D9F8224400
FE000000004400FA000000004200BE00
004200C500004200C300C84200C00000
4200C800004200BC00004100C7004100
C2004100BB0060480063000000000000
00000000000000000000000000000000
00000000000000000000000000000000
00000000000000000000000000000000
00000000000000000000000000000000
00004101020043010300000043010600
00004900D60000000000000000004900
DF0000000000000000004900E8000000
0000000000004C00CA00000000000000
0000000000410109004900F100000000
000000000041001B0041000400440000
00000000420005000042005D00024200
5F00004200610000C102C101C10000AC
07EF131313541F9000ABF0EF5407A3F0
ED6060EC75F003A42463F582E43400F5
8312039CD2AFD2A81210549000ABE0FF
7011A3E0FE7401A806088002C333D8FC
42E922EFB401139000ACE0FF7401A807
088002C333D8FC42EA229000ABE06402
705CA3E0FF7401A807088002C333D8FC
42EB22C2A89000ABE0FF7012A3E0FE74
01A806088002C333D8FCF452E922EFB4
01149000ACE0FF7401A807088002C333
D8FCF452EA229000ABE0B40211A3E0FF
7401A807088002C333D8FCF452EB22EF
131313541FFEEF5407FFED604FEE7016
90C000C083C082E0FE7401A807088002
C333D8FC8033EEB4011690C001C083C0
82E0FE7401A807088002C333D8FC8019
EE6402706D90C002C083C082E0FE7401
A807088002C333D8FC4E8051EE701890
C000C083C082E0FE7401A807088002C3
33D8FCF45E8036EEB4011890C001C083
C082E0FE7401A807088002C333D8FCF4
5E801AEEB4021B90C002C083C082E0FE
7401A807088002C333D8FCF45ED082D0
83F022C0E0C0F0C083C082C0D075D000
C000C001C002C003C004C005C006C007
90C809E030E01790C808E030E010A374
01F09000CA12037CE94A605D805890C8
09E030E11790C808E030E110A37402F0
9000CD12037CE94A603F803A90C809E0
30E21790C808E030E210A37404F09000
D012037CE94A6021801C90C809E030E3
1890C808E030E311A37408F09000D312
037CE94A6003120405D007D006D005D0
04D003D002D001D000D0D0D082D083D0
F0D0E0329000AB12039C90C9057407F0
EF6401704FED24FE601C14602E240270
3D9000AB12037C9000D612039C90C904
E04401F080289000AB12037C9000D912
039C90C904E04402F080139000AB1203
7C9000DC12039C90C904E04404F0D2AF
43B80122ED24FE601B14602C2402703B
9000AB12037C9000D612039C90C904E0
44FEF0229000AB12037C9000D912039C
90C904E044FDF0229000AB12037C9000
DC12039C90C904E044FBF022C0E0C0F0
C083C082C0D075D000C000C001C002C0
03C004C005C006C00790C905E030E01C
90C904E030E0159000D612037CE94A60
0312040590C9057401F0804C90C905E0
30E11C90C904E030E1159000D912037C
E94A600312040590C9057402F0802990
C905E030E21C90C904E030E2159000DC
12037CE94A600312040590C9057404F0
800690C9057407F0D007D006D005D004
D003D002D001D000D0D0D082D083D0F0
D0E032C0E0C0F0C083C082C0D075D000
C000C001C002C003C004C005C006C007
90CA05E030E01C90CA04E030E0159000
DF12037CE94A600312040590CA057401
F0804C90CA05E030E11C90CA04E030E1
159000E212037CE94A600312040590CA
057402F0802990CA05E030E21C90CA04
E030E2159000E512037CE94A60031204
0590CA057404F0800690CA057407F0D0
07D006D005D004D003D002D001D000D0
D0D082D083D0F0D0E032C0E0C0F0C083
C082C0D075D000C000C001C002C003C0
04C005C006C00790CB05E030E01C90CB
04E030E0159000E812037CE94A600312
040590CB057401F0804C90CB05E030E1
1C90CB04E030E1159000EB12037CE94A
600312040590CB057402F0802990CB05
E030E21C90CB04E030E2159000EE1203
7CE94A600312040590CB057404F08006
90CB057407F0D007D006D005D004D003
D002D001D000D0D0D082D083D0F0D0E0
3290C018E4F07F08120066E4FD7F0812
0D64E4FD7F08120DDD7D017F08120E56
90C01AE4F07F0A120066E4FD7F0A120D
64E4FD7F0A120DDD7D017F0A120E5690
C01BE4F07F0B120066E4FD7F0B120D64
E4FD7F0B120DDDE4FD7F0B120E567F0C
1200667D017F0C120D64E4FD7F0C120D
DD7D017F0C12071F7BFF7A0079217D01
7F0C12065F53B0FD43B00190C01C7420
F0A3E4F07F0D1200667D017F0D120D64
7D017F0D02071FC0E0C0F0C083C082C0
D075D000C000C001C002C003C004C005
C006C0077F0C121096EF604E7F0C1210
5490C900E054FEF090C90AE4F0A3F090
00C875F001120128C39000C9E0940290
00C8E09400401C7D017F0A120E567D01
7F0B120E56E4FD7F08120E569000C8E4
F0A3F090C900E04401F0D007D006D005
D004D003D002D001D000D0D0D082D083
D0F0D0E032787FE4F6D8FD758120020C
9C020CE1E493A3F8E493A34003F68001
F208DFF48029E493A3F85407240CC8C3
33C4540F4420C8834004F456800146F6
DFE4800B010204081020408090055EE4
7E019360BCA3FF543F30E509541FFEE4
93A360010ECF54C025E060A840B8E493
A3FAE493A3F8E493A3C8C582C8CAC583
CAF0A3C8C582C8CAC583CADFE9DEE780
BE121234A2DFE4339000C2F0C2DF1212
287F0112123F120B217F011212481211
CE7F011212487D177C007F987E081210
D17BFF7A0079367D017F011208841212
517F011212489000AF7401F07B047A00
E4FD7F0112117A7F031200067F061200
94E4FF1211F97F011211E77F0112121C
7F011212489000C7E060FAE4F07F0112
124880F1EF131313541FFEEF5407FFED
6034EE700D04A807088002C333D8FC42
F922EEB4010E7401A807088002C333D8
FC42FA22EE6402704304A807088002C3
33D8FC42FB22EE700E04A807088002C3
33D8FCF452F922EEB4010F7401A80708
8002C333D8FCF452FA22EEB4020E7401
A807088002C333D8FCF452FB22EF1313
13541FFEEF5407FFED6034EE700D04A8
07088002C333D8FC429722EEB4010E74
01A807088002C333D8FC42E522EE6402
704304A807088002C333D8FC42FC22EE
700E04A807088002C333D8FCF4529722
EEB4010F7401A807088002C333D8FCF4
52E522EEB4020E7401A807088002C333
D8FCF452FC22EF131313541FFEEF5407
FFED6034EE700D04A807088002C333D8
FC428022EEB4010E7401A807088002C3
33D8FC429022EE6402704304A8070880
02C333D8FC42A022EE700E04A8070880
02C333D8FCF4528022EEB4010F7401A8
07088002C333D8FCF4529022EEB4020E
7401A807088002C333D8FCF452A02290
00AF12033FE47F10FEFDFC9000B31202
FE1201619000B712033FE47B02FAF9F8
9000B71202F21201EC9000AF1202FE12
01549000B71202FE1201EC9000B71203
3F9000B71202FEC3E49BFF74049AFEE4
99FDE498FC9000B712033F9000B71202
F2780812029CAB079000B71202F2EB54
03F5BA8FAA22C0E0C0F0C083C082C0D0
75D000C000C001C002C003C004C005C0
06C007E5C830E11053C8FD9000F11203
7CE94A6003120405E5C930E11053C9FD
9000F412037CE94A6003120405E5CA30
E11053CAFD9000F712037CE94A600312
0405D007D006D005D004D003D002D001
D000D0D0D082D083D0F0D0E032C0E0C0
F0C083C082C0D075D000C000C001C002
C003C004C005C006C007E5F630E00D90
010612037CE94A600312040575F601D0
07D006D005D004D003D002D001D000D0
D0D082D083D0F0D0E032C0E0C0F0C083
C082C0D075D000C000C001C002C003C0
04C005C006C00730980F90010312037C
E94A6003120405C298D007D006D005D0
04D003D002D001D000D0D0D082D083D0
F0D0E032EF131313541FFEEF5407FFEE
700E04A807088002C333D8FCF452E122
EEB4010F7401A807088002C333D8FCF4
52E222EEB4020E7401A807088002C333
D8FCF452E322EF131313541FFEEF5407
FFEE700DE5E1A807088002C313D8FC80
1CEEB4010DE5E2A807088002C313D8FC
800BE5E3A807088002C313D8FC5401FF
22AB07AA0643DF0843E70890C900E044
40F0EC90C90DF0ED90C90CF0EB24FFEA
34FF90C90FF0EB1490C90EF090C90674
01F090C905E04401F022120026C39000
60E0942090005FE094004004E4F0A3F0
90005FE0FCA3E0241CF58274003CF583
EFF090005FE475F00112012890005C74
01F0229000AB12033F43DE0143E60143
9E01E4900102F0C29FD29EC299C29890
00AB1202F29000B312033F9000FE1202
F2120ECFD29C53F33F229000AFE06401
702743DE1043E610EFC4333354C0FFE5
AC54BF4FF5ACE4F5FEF5FFEBF5FEEAF5
FFE5FD54FE4DF5FD2253DEEF53E6EF22
C0E0C083C082E5A630E3099001097401
F075A32075A3FFD082D083D0E032E490
005CF0FF7EC27D01FC1211437BFF7A11
790A7F0102120BEFB4010753ADFE53AD
FD2243AD0243AD012243AC20EF700553
ACFD800343AC0253B5FE22EFB4010AD2
AFD2AC90010302039CC2AC22EFB40104
43AC012253ACFE2243F80843DE0443E6
04D2DE227F007E367D6E7C01020433EF
540753D8F842D822EF540753D8F842D8
2290C900E04401F022FFFFFF

---------- Code Information -----------
Code Entrance:      0x00000000 
Code Run Entrance:  0x00000000 
Code Size:          0x0000125C 
Code CRC Value:     0xB0D6 
