021095021447121908AD07AC06121952
9000F1ECF0A3EDF0E49000F3F0A3F002
196922021539AF9922FFFF02137DFFFF
FFFFFF0214ECE5B7540FFEAFB6D3EF94
01EE9400400774052FFFE43EFED3EF94
FFEE940F40047E0F7FFF220218B3FFFF
FFFFFF020B5AEF131313541FFEEF5407
9000ABF0EE700743DF0143E70122EEB4
010743DF0243E70222EEB4020643DF04
43E70422EF8FF553B4EF22020EA9FFFF
FFFFFF020E02FFFFFFFFFF020D5BBB01
0689828A83E0225002E722BBFE02E322
89828A83E49322BB010CE58229F582E5
833AF583E0225006E92582F8E622BBFE
06E92582F8E222E58229F582E5833AF5
83E49322BB010689828A83F0225002F7
22BBFE01F322F8BB010DE58229F582E5
833AF583E8F0225006E92582C8F622BB
FE05E92582C8F222C5F0F8A3E028F0C5
F0F8E582158270021583E038F022A3F8
E0C5F025F0F0E582158270021583E0C8
38F0E822BB010A89828A83F0E5F0A3F0
225006F709A7F01922BBFE06F3E5F009
F31922EF2BFFEE3AFEED39FDEC38FC22
E88FF0A4CC8BF0A42CFCE98EF0A42CFC
8AF0EDA42CFCEA8EF0A4CDA8F08BF0A4
2DCC3825F0FDE98FF0A42CCD35F0FCEB
8EF0A4FEA9F0EB8FF0A4CFC5F02ECD39
FEE43CFCEAA42DCE35F0FDE43CFC2275
F008758200EF2FFFEE33FECD33CDCC33
CCC58233C5829BED9AEC99E58298400C
F582EE9BFEED9AFDEC99FC0FD5F0D6E4
CEFBE4CDFAE4CCF9A88222B800C1B900
59BA002DEC8BF084CFCECDFCE5F0CBF9
7818EF2FFFEE33FEED33FDEC33FCEB33
FB10D703994004EB99FB0FD8E5E4F9FA
227818EF2FFFEE33FEED33FDEC33FCC9
33C910D7059BE99A4007EC9BFCE99AF9
0FD8E0E4C9FAE4CCFB2275F010EF2FFF
EE33FEED33FDCC33CCC833C810D7079B
EC9AE899400AED9BFDEC9AFCE899F80F
D5F0DAE4CDFBE4CCFAE4C8F922EF4BFF
EE4AFEED49FDEC48FC22EB9FF5F0EA9E
42F0E99D42F0E89C45F022E8600FECC3
13FCED13FDEE13FEEF13FFD8F122E860
0FEFC333FFEE33FEED33FDEC33FCD8F1
22BB010DE58229F582E5833AF5830203
115007E92582F802042ABBFE07E92582
F8020436E58229F582E5833AF5830204
42E0FCA3E0FDA3E0FEA3E0FF22E0F8A3
E0F9A3E0FAA3E0FB227401FF3395E0FE
FDFCA3A3A3E0CF2FF0E5821582700215
83E0CE3EF0E582158270021583E0CD3D
F0E582158270021583E0CC3CF022ECF0
A3EDF0A3EEF0A3EFF022A8828583F0D0
83D082120381120381120381120381E4
73E493A3C583C5F0C583C8C582C8F0A3
C583C5F0C583C8C582C822E0FBA3E0FA
A3E0F922F8E0FBA3A3E0F925F0F0E582
158270021583E0FA38F022EBF0A3EAF0
A3E9F022D083D082F8E4937012740193
700DA3A393F8740193F5828883E47374
02936860EFA3A3A380DFD083D082E493
7012740193700DA3A393F8740193F582
8883E4737402936C70127403936D700C
7404936E70067405936F60DDA3A3A3A3
A3A380CA8A838982E473E6FC08E6FD08
E6FE08E6FF22E2FC08E2FD08E2FE08E2
FF22E493FC740193FD740293FE740393
FF229000B6EFF0A3ECF0A3EDF0A31203
BBE49000CCF0A3F0A3F0A3F0A3F0A3F0
A3F0A3F0A37480F0A3E4F0A3F0A3F0A3
F0A3F0A3F0A3F0A3F0A3F0121A049000
C8EEF0A3EFF0E4FD7F0812128D9000B6
E0FF1218349000CAEEF0A3EFF0121684
C39000CFE094FF9000CEE094FF5007E4
75F0011201289000D6E070139000CAE0
FDA3E09000D4CDF0A3EDF0A37401F090
00CAE0FCA3E0FDC394FEEC947F5075A3
E475F0011201289000D0E0FAA3E0FBD3
ED9BEC9A401E9000CAE0FDA3E09000D0
CDF0A3EDF09000CEE0FDA3E09000D2CD
F0A3EDF0C39000CBE094909000CAE094
0140319000D8E094FF9000D7E094FF50
07E475F0011201289000DDE0700E9000
D9EEF0A3EFF09000DD7401F09000DBEE
F0A3EFF0121684D39000B8E09F9000B7
E09E400302049D7D017F0812128D9000
B912039BE94A600D9000CCE0FFA3E0CF
8FF01201549000BC12039BE94A600D90
00D0E0FFA3E0CF8FF01201549000BF12
039BE94A600D9000D2E0FFA3E0CF8FF0
1201549000C212039BE94A600D9000D7
E0FFA3E0CF8FF01201549000C512039B
E94A60249000DDE060189000D9E0FEA3
E0FFC39000DCE09FFF9000DBE09E8FF0
8003E4F5F01201549000CCE07002A3E0
60189000D6E0700280109000D4E0FCA3
E0FDC394FEEC947F40057E807F0022AF
05AE042244013D000000004401390000
00004200E900004200F900004200ED00
004200E400004200FC00004201070000
4200F703E84200EB0000420105000042
00E70000410101004100E60041010000
4100E0004100F0004100F6004100EF00
4100FB004100E3004201030000410102
004100E2004200F300004200F1037041
00E1004200FE00004100F50060480063
00000000000000000000000000000000
00000000000000000000000000000000
00000000000000000000000000000000
00000000000000000000000000000000
00000000000000004101410043014200
00004301450000004901150000000000
0000000049011E000000000000000000
4901270000000000000000004C010900
00000000000000000000004101480049
013000000000000000000041001B0041
00040044000000000000420005000042
005D000242005F00004200610000C102
C101C100009000E0E070030208BA9001
00E09000B5F0E49000ABF0A3F0A3F0A3
F0A3F0A3F0A3F0A3F0A3F0A3F07B017A
0079AD9000BC1203BB7A0079AF9000BF
1203BB7A0079B19000C21203BB7A0079
B39000C51203BB7A0079AB7D647C007F
021204529000E9EEF0A3EFF09000ABE0
FEA3E0FF9000F9EEF0A3EFF09000ADE0
FDA3E09000EDCDF0A3EDF09000AFE0FD
A3E09000E4CDF0A3EDF09000B1E0FDA3
E09000FCCDF0A3EDF09000B3E0FDA3E0
900107CDF0A3EDF0900105EEF0A3EFF0
9000F3E0FFA3E09000FECFF0A3EFF090
00EDE0FEA3E0FF1213F49000F5EFF060
0B900101E0C39401500E80099000E6E0
C394015003E004F09000E1E004F0E0C3
9401402DE4F0900100E07011A3E09401
40169001007401F01219E8800B9000E6
E060057F0612149AE4900101F09000E6
F09000E0E060031216FA229000AB1203
5E9000AF12036A0000000043F804E5F8
30E5FB9091AAE0FFE4FCFDFE78101202
CEC004C005C006C007A3E0FFE4FCFDFE
78181202CED003D002D001D00012029D
C004C005C006C0079091A9E0FFE4FCFD
FE78081202CED003D002D001D0001202
9DA804A905AA06AB079091A8E0FFE4FC
FDFE12029D90013912035E7FC07E0A7D
707C0190013912031DD31202AA50167F
407E617D6C7C0190013912031DC31202
AA4002801274FFFFFEFDFC9001391203
1DC31202AA700C9000AF12036A02DC6C
008015E47F02FEFDFC90013912031D12
01809000AF12035E9000AB1203111203
EA09C700B71B0009BF00F4240009B701
6E3600000009BF75EE01E47B02800E75
EE02E47B03800675EE03E47B04FAF9F8
9000AF12031112020B90013D12035E53
F8FE53D9F822AC07EF131313541F9000
B6F0EF5407A3F0ED6060EC75F003A424
63F582E43400F5831203BBD2AFD2A812
15C89000B6E0FF7011A3E0FE7401A806
088002C333D8FC42E922EFB401139000
B7E0FF7401A807088002C333D8FC42EA
229000B6E06402705CA3E0FF7401A807
088002C333D8FC42EB22C2A89000B6E0
FF7012A3E0FE7401A806088002C333D8
FCF452E922EFB401149000B7E0FF7401
A807088002C333D8FCF452EA229000B6
E0B40211A3E0FF7401A807088002C333
D8FCF452EB22EF131313541FFEEF5407
FFED604FEE701690C000C083C082E0FE
7401A807088002C333D8FC8033EEB401
1690C001C083C082E0FE7401A8070880
02C333D8FC8019EE6402706D90C002C0
83C082E0FE7401A807088002C333D8FC
4E8051EE701890C000C083C082E0FE74
01A807088002C333D8FCF45E8036EEB4
011890C001C083C082E0FE7401A80708
8002C333D8FCF45E801AEEB4021B90C0
02C083C082E0FE7401A807088002C333
D8FCF45ED082D083F022C0E0C0F0C083
C082C0D075D000C000C001C002C003C0
04C005C006C00790C809E030E01790C8
08E030E010A37401F090010912039BE9
4A605D805890C809E030E11790C808E0
30E110A37402F090010C12039BE94A60
3F803A90C809E030E21790C808E030E2
10A37404F090010F12039BE94A602180
1C90C809E030E31890C808E030E311A3
7408F090011212039BE94A6003120424
D007D006D005D004D003D002D001D000
D0D0D082D083D0F0D0E0329000AB1203
BB90C9057407F0EF6401704FED24FE60
1C14602E2402703D9000AB12039B9001
151203BB90C904E04401F080289000AB
12039B9001181203BB90C904E04402F0
80139000AB12039B90011B1203BB90C9
04E04404F0D2AF43B80122ED24FE601B
14602C2402703B9000AB12039B900115
1203BB90C904E044FEF0229000AB1203
9B9001181203BB90C904E044FDF02290
00AB12039B90011B1203BB90C904E044
FBF0229000AB1203BB90CA057407F0EF
6401704FED24FE601C14602E2402703D
9000AB12039B90011E1203BB90CA04E0
4401F080289000AB12039B9001211203
BB90CA04E04402F080139000AB12039B
9001241203BB90CA04E04404F0D2AF43
B80422ED24FE601B14602C2402703B90
00AB12039B90011E1203BB90CA04E044
FEF0229000AB12039B9001211203BB90
CA04E044FDF0229000AB12039B900124
1203BB90CA04E044FBF022C0E0C0F0C0
83C082C0D075D000C000C001C002C003
C004C005C006C00790C905E030E01C90
C904E030E01590011512039BE94A6003
12042490C9057401F0804C90C905E030
E11C90C904E030E11590011812039BE9
4A600312042490C9057402F0802990C9
05E030E21C90C904E030E21590011B12
039BE94A600312042490C9057404F080
0690C9057407F0D007D006D005D004D0
03D002D001D000D0D0D082D083D0F0D0
E032C0E0C0F0C083C082C0D075D000C0
00C001C002C003C004C005C006C00790
CA05E030E01C90CA04E030E01590011E
12039BE94A600312042490CA057401F0
804C90CA05E030E11C90CA04E030E115
90012112039BE94A600312042490CA05
7402F0802990CA05E030E21C90CA04E0
30E21590012412039BE94A6003120424
90CA057404F0800690CA057407F0D007
D006D005D004D003D002D001D000D0D0
D082D083D0F0D0E032C0E0C0F0C083C0
82C0D075D000C000C001C002C003C004
C005C006C00790CB05E030E01C90CB04
E030E01590012712039BE94A60031204
2490CB057401F0804C90CB05E030E11C
90CB04E030E11590012A12039BE94A60
0312042490CB057402F0802990CB05E0
30E21C90CB04E030E21590012D12039B
E94A600312042490CB057404F0800690
CB057407F0D007D006D005D004D003D0
02D001D000D0D0D082D083D0F0D0E032
90C018E4F07F08120066E4FD7F081211
9BE4FD7F081212147D017F0812128D90
C01AE4F07F0A120066E4FD7F0A12119B
E4FD7F0A121214E4FD7F0A12128D90C0
1BE4F07F0B120066E4FD7F0B12119BE4
FD7F0B121214E4FD7F0B12128D7F0C12
00667D017F0C12119BE4FD7F0C121214
7D017F0C120AA67BFF7A0079227D017F
0C1209E653B0FD43B00190C01C7420F0
A3E4F07F0D1200667D017F0D12119B7D
017F0D020AA6121A1D120F501219217D
177C007FE87E031217337BFF7A157983
7D017F01120C0B7D177C007FDC7E0512
176C7BFF7A1879D17D017F01120CB312
19D912193A9000AF7401F07B047A00E4
FD7F011217DC7F031218ED7F06120094
E4FF1219B67F011219A47F01121A1112
19F61219809000F6E0600BE4F09000E0
E0700312160A9000EFE0600312164890
00FBE060031218959000F0E060D7E4F0
12078580D0787FE4F6D8FD7581200210
DC020FF6E493A3F8E493A34003F68001
F208DFF48029E493A3F85407240CC8C3
33C4540F4420C8834004F456800146F6
DFE4800B0102040810204080900634E4
7E019360BCA3FF543F30E509541FFEE4
93A360010ECF54C025E060A840B8E493
A3FAE493A3F8E493A3C8C582C8CAC583
CAF0A3C8C582C8CAC583CADFE9DEE780
BEEF1203C4114101114B02115504115F
08116910117320117D40118780000011
91E5B454F04401F5B48049E5B454F044
02F5B4803FE5B454F04403F5B48035E5
B454F04404F5B4802BE5B454F04405F5
B48021E5B454F04406F5B48017E5B454
F04407F5B4800DE5B454F04408F5B480
0353B4F053ADFB43AD0422EF13131354
1FFEEF5407FFED6034EE700D04A80708
8002C333D8FC42F922EEB4010E7401A8
07088002C333D8FC42FA22EE64027043
04A807088002C333D8FC42FB22EE700E
04A807088002C333D8FCF452F922EEB4
010F7401A807088002C333D8FCF452FA
22EEB4020E7401A807088002C333D8FC
F452FB22EF131313541FFEEF5407FFED
6034EE700D04A807088002C333D8FC42
9722EEB4010E7401A807088002C333D8
FC42E522EE6402704304A807088002C3
33D8FC42FC22EE700E04A807088002C3
33D8FCF4529722EEB4010F7401A80708
8002C333D8FCF452E522EEB4020E7401
A807088002C333D8FCF452FC22EF1313
13541FFEEF5407FFED6034EE700D04A8
07088002C333D8FC428022EEB4010E74
01A807088002C333D8FC429022EE6402
704304A807088002C333D8FC42A022EE
700E04A807088002C333D8FCF4528022
EEB4010F7401A807088002C333D8FCF4
529022EEB4020E7401A807088002C333
D8FCF452A0229000AF12035EE47F10FE
FDFC9000B312031D1201809000B71203
5EE47B02FAF9F89000B712031112020B
9000AF12031D1201739000B712031D12
020B9000B712035E9000B712031DC3E4
9BFF74049AFEE499FDE498FC9000B712
035E9000B712031178081202BBAB0790
00B7120311EB5403F5BA8FAA22C0E0C0
F0C083C082C0D075D000C000C001C002
C003C004C005C006C007E5C830E11053
C8FD90013012039BE94A6003120424E5
C930E11053C9FD90013312039BE94A60
03120424E5CA30E11053CAFD90013612
039BE94A6003120424D007D006D005D0
04D003D002D001D000D0D0D082D083D0
F0D0E032AD07AC06C3ED94FEEC947F40
07E4900102F0FF229000F7E0FFA3E090
00B6CFF0A3EFF0121875900102E07015
D39000B7E09D9000B6E09C5014900102
7401F0800CD3ED9FEC9E5005E4900102
F0900102E0FF22C0E0C0F0C083C082C0
D075D000C000C001C002C003C004C005
C006C0077F0C1216BFEF60137F0C1215
C89000E0E070089000F6E0700204F0D0
07D006D005D004D003D002D001D000D0
D0D082D083D0F0D0E032E4FF900101F0
9000E6F09000E0F09000F0F09000F6F0
9000EFF09000FBF09000E3F0900103F0
A3F0900102F09000E2F09000F3F0A3F0
9000F5F09000E1F01219D912193A1219
F6900100E06002E4F0021980C0E0C0F0
C083C082C0D075D000C000C001C002C0
03C004C005C006C007E5F630E00D9001
4512039BE94A600312042475F601D007
D006D005D004D003D002D001D000D0D0
D082D083D0F0D0E032C0E0C0F0C083C0
82C0D075D000C000C001C002C003C004
C005C006C00730980F90014212039BE9
4A6003120424C298D007D006D005D004
D003D002D001D000D0D0D082D083D0F0
D0E0329000E0E070139000E2F090C900
E054FEF090C90AE4F0A3F0229000E2E0
6013E4F09000F1E0FFA3E09000F3CFF0
A3EFF0800A9000F37403F0A374E8F090
00F0E0700204F022EF131313541FFEEF
5407FFEE700E04A807088002C333D8FC
F452E122EEB4010F7401A807088002C3
33D8FCF452E222EEB4020E7401A80708
8002C333D8FCF452E32212193A9000E0
7401F0E49000F0F09000F6F09000EFF0
900103F0A3F0900101F09000E6F09000
E204F0E49000F3F0A3F09000F5F09000
E1F0121992020006E49000EFF0900103
F0A3F09000E0F09000F0F09000F6F090
00FBF09000E3F09000E2F09000F3F0A3
F09000E1F01219D9900100E060031218
550219809000C8E0FEA3E0FFAB07AA06
121A04C3EF9BEE9A4007EF9BFFEE9A80
0EC374E89BFD74039AFCED2FFFEC3E90
00DEF0A3EFF09000DEE0FEA3E0FF22EF
131313541FFEEF5407FFEE700DE5E1A8
07088002C313D8FC801CEEB4010DE5E2
A807088002C313D8FC800BE5E3A80708
8002C313D8FC5401FF229000E0E07007
900103F0A3F022C3900104E094FF9001
03E094FF5007E475F001120128C39001
04E09401900103E0940040069000EF74
01F022AB07AA0643DF0843E70890C900
E04440F0EC90C90DF0ED90C90CF0EB24
FFEA34FF90C90FF0EB1490C90EF090C9
067401F090C905E04401F022AB07AA06
43DF2043E72090CA00E04440F0EC90CA
0DF0ED90CA0CF0EB24FFEA34FF90CA0F
F0EB1490CA0EF090CA067401F090CA05
E04401F0229000AB12035E43DE0143E6
01439E01E4900141F0C29FD29EC299C2
989000AB1203119000B312035E90013D
120311121306D29C53F33F229000AFE0
6401702743DE1043E610EFC4333354C0
FFE5AC54BF4FF5ACE4F5FEF5FFEBF5FE
EAF5FFE5FD54FE4DF5FD2253DEEF53E6
EF2212002690005FE475F00112013EFC
741C25F0F58274003CF583EFF090005C
7401F022121121E5AD20E2FBE5F630E0
FB75F601120036D3EF94FFEE940F4004
7E0F7FFF22E49000FBF09000E304F090
CA00E054FEF090CA0AE4F0A3F090CA00
E04401F022D39000F8E094F49000F7E0
9401400DA3E0240CFF9000F7E034FEFE
22E4FEFF229000FBE06017E4F09000E3
F09000E0E0700B900100E060057F0912
149A22C0E0C083C082E5A630E3099001
487401F075A32075A3FFD082D083D0E0
3290CA00E054FEF090CA0AE4F0A3F090
00E3E06007E4F09000FB04F02253F7F8
EF24FC600B14600C2402700B43F70322
43F7042243F705227F707E03EF4E7003
FE7F01D3EF94E8EE940340047E037FE8
22E490005CF0FF7EC27D01FC1217A57B
FF7A1879127F010219C8E49000E3F090
00FBF090CA00E054FEF090CA0AE4F0A3
F022C3EF94E8EE94034004E4FEFF22C3
74E89FFF74039EFE2290C900E054FEF0
EF90C90AF0EEA3F090C900E04401F022
7F0C1215C87BFF7A0079227D017F0C02
09E67F0C1215C87BFF7A007922E4FD7F
0C0209E6EFB4010753ADFE53ADFD2243
AD0243AD012243AC20EF700553ACFD80
0343AC0253B5FE22EFB4010AD2AFD2AC
9001420203BBC2AC2290C900E054FEF0
90C90AE4F0A3F0227D017F0A12128D7D
017F0B02128DE4FD7F0A12128DE4FD7F
0B02128D90C90AE0FDA3E0FCEDAE04FF
22EFB4010443AC012253ACFE227F007E
367D6E7C010208BB

---------- Code Information -----------
Code Entrance:      0x00000000 
Code Run Entrance:  0x00000000 
Code Size:          0x00001A28 
Code CRC Value:     0xEFFA 
