020E3E020433E4FD7F0A121036E4FD7F
08121036E4FD7F0B121036E49000CBF0
2222FF02123AAF9922FFFF021126FFFF
FFFFFF0211EDE5B7540FFEAFB6D3EF94
01EE9400400774052FFFE43EFED3EF94
FFEE940F40047E0F7FFF220213C9FFFF
FFFFFF020A4EEF131313541FFEEF5407
9000D0F0EE700743DF0143E70122EEB4
010743DF0243E70222EEB4020643DF04
43E70422EF8FF553B4EF22020CF5FFFF
FFFFFF020C4EFFFFFFFFFF020BA7BB01
0689828A83E0225002E722BBFE02E322
89828A83E49322BB010CE58229F582E5
833AF583E0225006E92582F8E622BBFE
06E92582F8E222E58229F582E5833AF5
83E49322BB010689828A83F0225002F7
22BBFE01F322F8BB010DE58229F582E5
833AF583E8F0225006E92582C8F622BB
FE05E92582C8F222C5F0F8A3E028F0C5
F0F8E582158270021583E038F022A3F8
E0C5F025F0F0E582158270021583E0C8
38F0E822EF2BFFEE3AFEED39FDEC38FC
22E88FF0A4CC8BF0A42CFCE98EF0A42C
FC8AF0EDA42CFCEA8EF0A4CDA8F08BF0
A42DCC3825F0FDE98FF0A42CCD35F0FC
EB8EF0A4FEA9F0EB8FF0A4CFC5F02ECD
39FEE43CFCEAA42DCE35F0FDE43CFC22
75F008758200EF2FFFEE33FECD33CDCC
33CCC58233C5829BED9AEC99E5829840
0CF582EE9BFEED9AFDEC99FC0FD5F0D6
E4CEFBE4CDFAE4CCF9A88222B800C1B9
0059BA002DEC8BF084CFCECDFCE5F0CB
F97818EF2FFFEE33FEED33FDEC33FCEB
33FB10D703994004EB99FB0FD8E5E4F9
FA227818EF2FFFEE33FEED33FDEC33FC
C933C910D7059BE99A4007EC9BFCE99A
F90FD8E0E4C9FAE4CCFB2275F010EF2F
FFEE33FEED33FDCC33CCC833C810D707
9BEC9AE899400AED9BFDEC9AFCE899F8
0FD5F0DAE4CDFBE4CCFAE4C8F922EF4B
FFEE4AFEED49FDEC48FC22EB9FF5F0EA
9E42F0E99D42F0E89C45F022E8600FEC
C313FCED13FDEE13FEEF13FFD8F122E8
600FEFC333FFEE33FEED33FDEC33FCD8
F122BB010DE58229F582E5833AF58302
02F25007E92582F802040BBBFE07E925
82F8020417E58229F582E5833AF58302
0423E0FCA3E0FDA3E0FEA3E0FF22E0F8
A3E0F9A3E0FAA3E0FB227401FF3395E0
FEFDFCA3A3A3E0CF2FF0E58215827002
1583E0CE3EF0E582158270021583E0CD
3DF0E582158270021583E0CC3CF022EC
F0A3EDF0A3EEF0A3EFF022A8828583F0
D083D082120362120362120362120362
E473E493A3C583C5F0C583C8C582C8F0
A3C583C5F0C583C8C582C822E0FBA3E0
FAA3E0F922F8E0FBA3A3E0F925F0F0E5
82158270021583E0FA38F022EBF0A3EA
F0A3E9F022D083D082F8E49370127401
93700DA3A393F8740193F5828883E473
7402936860EFA3A3A380DFD083D082E4
937012740193700DA3A393F8740193F5
828883E4737402936C70127403936D70
0C7404936E70067405936F60DDA3A3A3
A3A3A380CA8A838982E473E6FC08E6FD
08E6FE08E6FF22E2FC08E2FD08E2FE08
E2FF22E493FC740193FD740293FE7403
93FF22C0E0C0F0C083C082C0D075D000
C000C001C002C003C004C005C006C007
7F0C1212C6EF700302065E90C900E054
FEF07F04120ECAE5AD20E2FBE5F630E0
FB75F6011200369000C4EEF0A3EFF0C3
9000C5E094AC9000C4E0940D4019A3E0
94FF9000C4E0940F500D9000C27409F0
A374C4F0020590C39000C5E094809000
C4E0940C4019A3E094AC9000C4E0940D
500D9000C27407F0A374D0F0020590C3
9000C5E094B89000C4E0940B4018A3E0
94809000C4E0940C500C9000C27407F0
A304F0020590C39000C5E0948C9000C4
E0940A4018A3E094B89000C4E0940B50
0C9000C27406F0A37440F08073C39000
C5E094C49000C4E094094018A3E0948C
9000C4E0940A500C9000C27405F0A374
78F0804CC39000C5E094989000C4E094
084018A3E094C49000C4E09409500C90
00C27404F0A374B0F08025C39000C5E0
94D09000C4E094074016A3E094989000
C4E09408500A9000C27403F0A374E8F0
7F02120ECAE5AD20E2FBE5F630E0FB75
F6011200369000B5EEF0A3EFF07F0212
0ECAE5AD20E2FBE5F630E0FB75F60112
00369000B5EEF0A3EFF07F02120ECAE5
AD20E2FBE5F630E0FB75F60112003690
00B5EEF0A3EFF09000C2E0FEA3E0FFC3
9000B6E09F9000B5E09E40569000CBE0
14604504704C9000CCE475F001120128
9000CCE07004A3E06402703690C90AE0
E4F0A3E0E4F07D017F0A1210367D017F
081210367D017F0B1210369000CB7401
F0A3E4F0A3F0800A90C90AE0E4F0A3E0
E4F090C900E04401F07F0C121284D007
D006D005D004D003D002D001D000D0D0
D082D083D0F0D0E03244011400000000
440110000000004200CE1F404200BCFA
004200B300004200B500004200C40000
4200C200644400C6000000004200AF00
004200AD00004400BE000000004200B7
00004200CC00004200B10000C103C104
4200B900004100BB004100CA004200AB
00004100CB0060480063000000000000
00000000000000000000000000000000
00000000000000000000000000000000
00000000000000000000000000000000
00000000000000000000000000000000
00004101180043011900000043011C00
00004900EC0000000000000000004900
F50000000000000000004900FE000000
0000000000004C00E000000000000000
000000000041011F0049010700000000
000000000041001B0041000400440000
00000000420005000042005D00024200
5F00004200610000C102C101C1000090
00D012033F9000D412034B0000000043
F804E5F830E5FB9091AAE0FFE4FCFDFE
78101202AFC004C005C006C007A3E0FF
E4FCFDFE78181202AFD003D002D001D0
0012027EC004C005C006C0079091A9E0
FFE4FCFDFE78081202AFD003D002D001
D00012027EA804A905AA06AB079091A8
E0FFE4FCFDFE12027E90011012033F7F
C07E0A7D707C019001101202FED31202
8B50167F407E617D6C7C019001101202
FEC312028B4002801274FFFFFEFDFC90
01101202FEC312028B700C9000D41203
4B02DC6C008015E47F02FEFDFC900110
1202FE1201619000D412033F9000D012
02F21203CB08BB00B71B0008B300F424
0008AB016E3600000008B375EE01E47B
02800E75EE02E47B03800675EE03E47B
04FAF9F89000D41202F21201EC900114
12033F53F8FE53D9F822AC07EF131313
541F9000D0F0EF5407A3F0ED6060EC75
F003A42463F582E43400F58312039CD2
AFD2A81212849000D0E0FF7011A3E0FE
7401A806088002C333D8FC42E922EFB4
01139000D1E0FF7401A807088002C333
D8FC42EA229000D0E06402705CA3E0FF
7401A807088002C333D8FC42EB22C2A8
9000D0E0FF7012A3E0FE7401A8060880
02C333D8FCF452E922EFB401149000D1
E0FF7401A807088002C333D8FCF452EA
229000D0E0B40211A3E0FF7401A80708
8002C333D8FCF452EB22EF131313541F
FEEF5407FFED604FEE701690C000C083
C082E0FE7401A807088002C333D8FC80
33EEB4011690C001C083C082E0FE7401
A807088002C333D8FC8019EE6402706D
90C002C083C082E0FE7401A807088002
C333D8FC4E8051EE701890C000C083C0
82E0FE7401A807088002C333D8FCF45E
8036EEB4011890C001C083C082E0FE74
01A807088002C333D8FCF45E801AEEB4
021B90C002C083C082E0FE7401A80708
8002C333D8FCF45ED082D083F022C0E0
C0F0C083C082C0D075D000C000C001C0
02C003C004C005C006C00790C809E030
E01790C808E030E010A37401F09000E0
12037CE94A605D805890C809E030E117
90C808E030E110A37402F09000E31203
7CE94A603F803A90C809E030E21790C8
08E030E210A37404F09000E612037CE9
4A6021801C90C809E030E31890C808E0
30E311A37408F09000E912037CE94A60
03120405D007D006D005D004D003D002
D001D000D0D0D082D083D0F0D0E03290
00D012039C90C9057407F0EF6401704F
ED24FE601C14602E2402703D9000D012
037C9000EC12039C90C904E04401F080
289000D012037C9000EF12039C90C904
E04402F080139000D012037C9000F212
039C90C904E04404F0D2AF43B80122ED
24FE601B14602C2402703B9000D01203
7C9000EC12039C90C904E044FEF02290
00D012037C9000EF12039C90C904E044
FDF0229000D012037C9000F212039C90
C904E044FBF022C0E0C0F0C083C082C0
D075D000C000C001C002C003C004C005
C006C00790C905E030E01C90C904E030
E0159000EC12037CE94A600312040590
C9057401F0804C90C905E030E11C90C9
04E030E1159000EF12037CE94A600312
040590C9057402F0802990C905E030E2
1C90C904E030E2159000F212037CE94A
600312040590C9057404F0800690C905
7407F0D007D006D005D004D003D002D0
01D000D0D0D082D083D0F0D0E032C0E0
C0F0C083C082C0D075D000C000C001C0
02C003C004C005C006C00790CA05E030
E01C90CA04E030E0159000F512037CE9
4A600312040590CA057401F0804C90CA
05E030E11C90CA04E030E1159000F812
037CE94A600312040590CA057402F080
2990CA05E030E21C90CA04E030E21590
00FB12037CE94A600312040590CA0574
04F0800690CA057407F0D007D006D005
D004D003D002D001D000D0D0D082D083
D0F0D0E032C0E0C0F0C083C082C0D075
D000C000C001C002C003C004C005C006
C00790CB05E030E01C90CB04E030E015
9000FE12037CE94A600312040590CB05
7401F0804C90CB05E030E11C90CB04E0
30E11590010112037CE94A6003120405
90CB057402F0802990CB05E030E21C90
CB04E030E21590010412037CE94A6003
12040590CB057404F0800690CB057407
F0D007D006D005D004D003D002D001D0
00D0D0D082D083D0F0D0E03290C018E4
F07F08120066E4FD7F08120F44E4FD7F
08120FBD7D017F0812103690C01AE4F0
7F0A120066E4FD7F0A120F44E4FD7F0A
120FBD7D017F0A12103690C01BE4F07F
0B120066E4FD7F0B120F44E4FD7F0B12
0FBD7D017F0B1210367F0C1200667D01
7F0C120F44E4FD7F0C120FBD7D017F0C
12099A7BFF7A0079217D017F0C1208DA
53B0FE43B00190C01DE4F07F0D120066
7D017F0D120F447D017F0D02099A787F
E4F6D8FD758120020E8502119DE493A3
F8E493A34003F68001F208DFF48029E4
93A3F85407240CC8C333C4540F4420C8
834004F456800146F6DFE4800B010204
0810204080900679E47E019360BCA3FF
543F30E509541FFEE493A360010ECF54
C025E060A840B8E493A3FAE493A3F8E4
93A3C8C582C8CAC583CAF0A3C8C582C8
CAC583CADFE9DEE780BEEF1203A50EEA
010EF4020EFE040F08080F12100F1C20
0F26400F308000000F3AE5B454F04401
F5B48049E5B454F04402F5B4803FE5B4
54F04403F5B48035E5B454F04404F5B4
802BE5B454F04405F5B48021E5B454F0
4406F5B48017E5B454F04407F5B4800D
E5B454F04408F5B4800353B4F053ADFB
43AD0422EF131313541FFEEF5407FFED
6034EE700D04A807088002C333D8FC42
F922EEB4010E7401A807088002C333D8
FC42FA22EE6402704304A807088002C3
33D8FC42FB22EE700E04A807088002C3
33D8FCF452F922EEB4010F7401A80708
8002C333D8FCF452FA22EEB4020E7401
A807088002C333D8FCF452FB22EF1313
13541FFEEF5407FFED6034EE700D04A8
07088002C333D8FC429722EEB4010E74
01A807088002C333D8FC42E522EE6402
704304A807088002C333D8FC42FC22EE
700E04A807088002C333D8FCF4529722
EEB4010F7401A807088002C333D8FCF4
52E522EEB4020E7401A807088002C333
D8FCF452FC22EF131313541FFEEF5407
FFED6034EE700D04A807088002C333D8
FC428022EEB4010E7401A807088002C3
33D8FC429022EE6402704304A8070880
02C333D8FC42A022EE700E04A8070880
02C333D8FCF4528022EEB4010F7401A8
07088002C333D8FCF4529022EEB4020E
7401A807088002C333D8FCF452A02290
00D412033FE47F10FEFDFC9000D81202
FE1201619000DC12033FE47B02FAF9F8
9000DC1202F21201EC9000D41202FE12
01549000DC1202FE1201EC9000DC1203
3F9000DC1202FEC3E49BFF74049AFEE4
99FDE498FC9000DC12033F9000DC1202
F2780812029CAB079000DC1202F2EB54
03F5BA8FAA22C0E0C0F0C083C082C0D0
75D000C000C001C002C003C004C005C0
06C007E5C830E11053C8FD9001071203
7CE94A6003120405E5C930E11053C9FD
90010A12037CE94A6003120405E5CA30
E11053CAFD90010D12037CE94A600312
0405D007D006D005D004D003D002D001
D000D0D0D082D083D0F0D0E03212145C
120D9C1214027D0F7C007F4C7E041213
017BFF7A0079067D017F01120AFF1214
679000D47401F07B047A00E4FD7F0112
13717F031213E77F06120094E4FF1214
2D7F0112141B7F0112145080FEC0E0C0
F0C083C082C0D075D000C000C001C002
C003C004C005C006C007E5F630E00D90
011C12037CE94A600312040575F601D0
07D006D005D004D003D002D001D000D0
D0D082D083D0F0D0E032C0E0C0F0C083
C082C0D075D000C000C001C002C003C0
04C005C006C00730980F90011912037C
E94A6003120405C298D007D006D005D0
04D003D002D001D000D0D0D082D083D0
F0D0E032EF131313541FFEEF5407FFEE
700E04A807088002C333D8FCF452E122
EEB4010F7401A807088002C333D8FCF4
52E222EEB4020E7401A807088002C333
D8FCF452E322EF131313541FFEEF5407
FFEE700DE5E1A807088002C313D8FC80
1CEEB4010DE5E2A807088002C313D8FC
800BE5E3A807088002C313D8FC5401FF
22AB07AA0643DF0843E70890C900E044
40F0EC90C90DF0ED90C90CF0EB24FFEA
34FF90C90FF0EB1490C90EF090C90674
01F090C905E04401F0229000D012033F
43DE0143E601439E01E4900118F0C29F
D29EC299C2989000D01202F29000D812
033F9001141202F21210AFD29C53F33F
229000D4E06401702743DE1043E610EF
C4333354C0FFE5AC54BF4FF5ACE4F5FE
F5FFEBF5FEEAF5FFE5FD54FE4DF5FD22
53DEEF53E6EF2212002690005FE475F0
0112013EFC741C25F0F58274003CF583
EFF090005C7401F022C0E0C083C082E5
A630E30990011F7401F075A32075A3FF
D082D083D0E03253F7F8EF24FC600B14
600C2402700B43F7032243F7042243F7
0522E490005CF0FF7EC27D01FC12133A
7BFF7A1379A77F0102143FEFB4010753
ADFE53ADFD2243AD0243AD012243AC20
EF700553ACFD800343AC0253B5FE22EF
B4010AD2AFD2AC90011902039CC2AC22
EFB4010443AC012253ACFE227F007E24
7DF47C000207AF90C900E04401F022FF

---------- Code Information -----------
Code Entrance:      0x00000000 
Code Run Entrance:  0x00000000 
Code Size:          0x00001470 
Code CRC Value:     0xAAB2 
