020ECE02122D12173FAD07AC06121789
9000B7ECF0A3EDF0E49000B9F0A3F002
17A02202137BAF9922FFFF0211B6FFFF
FFFFFF02132EE5B7540FFEAFB6D3EF94
01EE9400400774052FFFE43EFED3EF94
FFEE940F40047E0F7FFF220216EAFFFF
FFFFFF020993AB07AA0612183BC3EF9B
EE9A4007EF9BFFEE9A800EC374E89BFD
74039AFCED2FFFEC3E9000DCF0A3EFF0
9000DCE0FEA3E0FF22FFFF020CE2FFFF
FFFFFF020C3BFFFFFFFFFF020B94BB01
0689828A83E0225002E722BBFE02E322
89828A83E49322BB010CE58229F582E5
833AF583E0225006E92582F8E622BBFE
06E92582F8E222E58229F582E5833AF5
83E49322BB010689828A83F0225002F7
22BBFE01F322F8BB010DE58229F582E5
833AF583E8F0225006E92582C8F622BB
FE05E92582C8F222C5F0F8A3E028F0C5
F0F8E582158270021583E038F022A3F8
E0C5F025F0F0E582158270021583E0C8
38F0E822BB010A89828A83F0E5F0A3F0
225006F709A7F01922BBFE06F3E5F009
F31922EF2BFFEE3AFEED39FDEC38FC22
E88FF0A4CC8BF0A42CFCE98EF0A42CFC
8AF0EDA42CFCEA8EF0A4CDA8F08BF0A4
2DCC3825F0FDE98FF0A42CCD35F0FCEB
8EF0A4FEA9F0EB8FF0A4CFC5F02ECD39
FEE43CFCEAA42DCE35F0FDE43CFC2275
F008758200EF2FFFEE33FECD33CDCC33
CCC58233C5829BED9AEC99E58298400C
F582EE9BFEED9AFDEC99FC0FD5F0D6E4
CEFBE4CDFAE4CCF9A88222B800C1B900
59BA002DEC8BF084CFCECDFCE5F0CBF9
7818EF2FFFEE33FEED33FDEC33FCEB33
FB10D703994004EB99FB0FD8E5E4F9FA
227818EF2FFFEE33FEED33FDEC33FCC9
33C910D7059BE99A4007EC9BFCE99AF9
0FD8E0E4C9FAE4CCFB2275F010EF2FFF
EE33FEED33FDCC33CCC833C810D7079B
EC9AE899400AED9BFDEC9AFCE899F80F
D5F0DAE4CDFBE4CCFAE4C8F922EF4BFF
EE4AFEED49FDEC48FC22EB9FF5F0EA9E
42F0E99D42F0E89C45F022E8600FECC3
13FCED13FDEE13FEEF13FFD8F122E860
0FEFC333FFEE33FEED33FDEC33FCD8F1
22BB010DE58229F582E5833AF5830203
115007E92582F802042ABBFE07E92582
F8020436E58229F582E5833AF5830204
42E0FCA3E0FDA3E0FEA3E0FF22E0F8A3
E0F9A3E0FAA3E0FB227401FF3395E0FE
FDFCA3A3A3E0CF2FF0E5821582700215
83E0CE3EF0E582158270021583E0CD3D
F0E582158270021583E0CC3CF022ECF0
A3EDF0A3EEF0A3EFF022A8828583F0D0
83D082120381120381120381120381E4
73E493A3C583C5F0C583C8C582C8F0A3
C583C5F0C583C8C582C822E0FBA3E0FA
A3E0F922F8E0FBA3A3E0F925F0F0E582
158270021583E0FA38F022EBF0A3EAF0
A3E9F022D083D082F8E4937012740193
700DA3A393F8740193F5828883E47374
02936860EFA3A3A380DFD083D082E493
7012740193700DA3A393F8740193F582
8883E4737402936C70127403936D700C
7404936E70067405936F60DDA3A3A3A3
A3A380CA8A838982E473E6FC08E6FD08
E6FE08E6FF22E2FC08E2FD08E2FE08E2
FF22E493FC740193FD740293FE740393
FF224401120000000044010E00000000
4200B100004200BF00004200BD00C842
00B300004200C900004200AF00004100
C5004100AE004100C4004100AB004100
B6004100BC004100B5004100C1004100
AD004200C700004100C6004100AC0042
00B900004200B703844200C200004100
BB006048006300000000000000000000
00000000000000000000000000000000
00000000000000000000000000000000
00000000000000000000000000000000
00000000000000000000000000004101
160043011700000043011A0000004900
EA0000000000000000004900F3000000
0000000000004900FC00000000000000
00004C00DE0000000000000000000000
0041011D004901050000000000000000
0041001B004100040044000000000000
420005000042005D000242005F000042
00610000C102C101C100009000CB1203
5E9000CF12036A0000000043F804E5F8
30E5FB9091AAE0FFE4FCFDFE78101202
CEC004C005C006C007A3E0FFE4FCFDFE
78181202CED003D002D001D00012029D
C004C005C006C0079091A9E0FFE4FCFD
FE78081202CED003D002D001D0001202
9DA804A905AA06AB079091A8E0FFE4FC
FDFE12029D90010E12035E7FC07E0A7D
707C0190010E12031DD31202AA50167F
407E617D6C7C0190010E12031DC31202
AA4002801274FFFFFEFDFC90010E1203
1DC31202AA700C9000CF12036A02DC6C
008015E47F02FEFDFC90010E12031D12
01809000CF12035E9000CB1203111203
EA069700B71B00068F00F42400068701
6E36000000068F75EE01E47B02800E75
EE02E47B03800675EE03E47B04FAF9F8
9000CF12031112020B90011212035E53
F8FE53D9F822AC07EF131313541F9000
CFF0EF5407A3F0ED6060EC75F003A424
63F582E43400F5831203BBD2AFD2A812
14089000CFE0FF7011A3E0FE7401A806
088002C333D8FC42E922EFB401139000
D0E0FF7401A807088002C333D8FC42EA
229000CFE06402705CA3E0FF7401A807
088002C333D8FC42EB22C2A89000CFE0
FF7012A3E0FE7401A806088002C333D8
FCF452E922EFB401149000D0E0FF7401
A807088002C333D8FCF452EA229000CF
E0B40211A3E0FF7401A807088002C333
D8FCF452EB229000CEEFF0A3ECF0A3ED
F0A31203BB9000D812036A00000000E4
9000D6F0A3F012183B9000D4EEF0A3EF
F0E4FD7F081210C69000CEE0FF12166B
C3EF94FEEE947F501C9000D812031DE4
FCFD1201739000D812035E9000D6E475
F0011201289000D4E0FEA3E0FF120066
D39000D0E09F9000CFE09E50BB7D017F
081210C69000D112039BE94A600D9000
D6E0FFA3E0CF8FF01201549000D6E0FC
A3E0FD4C70047E80FF22AB05AA04E4F9
F89000D812031112020B229000ABE070
030208DEE49000CBF0A3F07B017A0079
CB7D64FC7F021207769000B1EEF0A3EF
F09000CBE0FCA3E0FD9000BFECF0A3ED
F09000C9ECF0A3EDF09000B9E0FDA3E0
9000C2CDF0A3EDF01212899000CDEFF0
9000BBF0602BE49000AEF09000C5E0C3
94035003E004F09000C4E07012A3E0C3
9403400B9000C47401F012181F802180
1FE49000C5F09000AEE0C394035003E0
04F09000AEE0C3940340057F061212DC
9000ABE060089000CDE0FF1214C522EF
131313541FFEEF5407FFED604FEE7016
90C000C083C082E0FE7401A807088002
C333D8FC8033EEB4011690C001C083C0
82E0FE7401A807088002C333D8FC8019
EE6402706D90C002C083C082E0FE7401
A807088002C333D8FC4E8051EE701890
C000C083C082E0FE7401A807088002C3
33D8FCF45E8036EEB4011890C001C083
C082E0FE7401A807088002C333D8FCF4
5E801AEEB4021B90C002C083C082E0FE
7401A807088002C333D8FCF45ED082D0
83F022C0E0C0F0C083C082C0D075D000
C000C001C002C003C004C005C006C007
90C809E030E01790C808E030E010A374
01F09000DE12039BE94A605D805890C8
09E030E11790C808E030E110A37402F0
9000E112039BE94A603F803A90C809E0
30E21790C808E030E210A37404F09000
E412039BE94A6021801C90C809E030E3
1890C808E030E311A37408F09000E712
039BE94A6003120424D007D006D005D0
04D003D002D001D000D0D0D082D083D0
F0D0E0329000CB1203BB90C9057407F0
EF6401704FED24FE601C14602E240270
3D9000CB12039B9000EA1203BB90C904
E04401F080289000CB12039B9000ED12
03BB90C904E04402F080139000CB1203
9B9000F01203BB90C904E04404F0D2AF
43B80122ED24FE601B14602C2402703B
9000CB12039B9000EA1203BB90C904E0
44FEF0229000CB12039B9000ED1203BB
90C904E044FDF0229000CB12039B9000
F01203BB90C904E044FBF0229000CB12
03BB90CA057407F0EF6401704FED24FE
601C14602E2402703D9000CB12039B90
00F31203BB90CA04E04401F080289000
CB12039B9000F61203BB90CA04E04402
F080139000CB12039B9000F91203BB90
CA04E04404F0D2AF43B80422ED24FE60
1B14602C2402703B9000CB12039B9000
F31203BB90CA04E044FEF0229000CB12
039B9000F61203BB90CA04E044FDF022
9000CB12039B9000F91203BB90CA04E0
44FBF022C0E0C0F0C083C082C0D075D0
00C000C001C002C003C004C005C006C0
0790C905E030E01C90C904E030E01590
00EA12039BE94A600312042490C90574
01F0804C90C905E030E11C90C904E030
E1159000ED12039BE94A600312042490
C9057402F0802990C905E030E21C90C9
04E030E2159000F012039BE94A600312
042490C9057404F0800690C9057407F0
D007D006D005D004D003D002D001D000
D0D0D082D083D0F0D0E032C0E0C0F0C0
83C082C0D075D000C000C001C002C003
C004C005C006C00790CA05E030E01C90
CA04E030E0159000F312039BE94A6003
12042490CA057401F0804C90CA05E030
E11C90CA04E030E1159000F612039BE9
4A600312042490CA057402F0802990CA
05E030E21C90CA04E030E2159000F912
039BE94A600312042490CA057404F080
0690CA057407F0D007D006D005D004D0
03D002D001D000D0D0D082D083D0F0D0
E032C0E0C0F0C083C082C0D075D000C0
00C001C002C003C004C005C006C00790
CB05E030E01C90CB04E030E0159000FC
12039BE94A600312042490CB057401F0
804C90CB05E030E11C90CB04E030E115
9000FF12039BE94A600312042490CB05
7402F0802990CB05E030E21C90CB04E0
30E21590010212039BE94A6003120424
90CB057404F0800690CB057407F0D007
D006D005D004D003D002D001D000D0D0
D082D083D0F0D0E03290C018E4F07F08
12161BE4FD7F08120FD4E4FD7F081210
4D7D017F081210C690C01AE4F07F0A12
161BE4FD7F0A120FD4E4FD7F0A12104D
E4FD7F0A1210C690C01BE4F07F0B1216
1BE4FD7F0B120FD4E4FD7F0B12104DE4
FD7F0B1210C67F0C12161B7D017F0C12
0FD4E4FD7F0C12104D7D017F0C1208DF
7BFF7A0079227D017F0C1206B653B0FD
43B00190C01C7420F0A3E4F07F0D1216
1B7D017F0D120FD47D017F0D0208DF12
1854120D891217587D177C007FE87E03
12153C7BFF7A1379C57D017F01120A44
7D177C007FD07E071215757BFF7A1779
087D017F01120AEC1218101217719000
CF7401F07B047A00E4FD7F011215E57F
031217247F0612185FE4FF1217ED7F01
1217DB7F0112184812182D1217B79000
BCE0600BE4F09000ABE0700312144A90
00C1E060031216CC9000B6E06005E4F0
12082B9000B5E060D512148880D0787F
E4F6D8FD758120020F15020E2FE493A3
F8E493A34003F68001F208DFF48029E4
93A3F85407240CC8C333C4540F4420C8
834004F456800146F6DFE4800B010204
0810204080900452E47E019360BCA3FF
543F30E509541FFEE493A360010ECF54
C025E060A840B8E493A3FAE493A3F8E4
93A3C8C582C8CAC583CAF0A3C8C582C8
CAC583CADFE9DEE780BEEF1203C40F7A
010F84020F8E040F98080FA2100FAC20
0FB6400FC08000000FCAE5B454F04401
F5B48049E5B454F04402F5B4803FE5B4
54F04403F5B48035E5B454F04404F5B4
802BE5B454F04405F5B48021E5B454F0
4406F5B48017E5B454F04407F5B4800D
E5B454F04408F5B4800353B4F053ADFB
43AD0422EF131313541FFEEF5407FFED
6034EE700D04A807088002C333D8FC42
F922EEB4010E7401A807088002C333D8
FC42FA22EE6402704304A807088002C3
33D8FC42FB22EE700E04A807088002C3
33D8FCF452F922EEB4010F7401A80708
8002C333D8FCF452FA22EEB4020E7401
A807088002C333D8FCF452FB22EF1313
13541FFEEF5407FFED6034EE700D04A8
07088002C333D8FC429722EEB4010E74
01A807088002C333D8FC42E522EE6402
704304A807088002C333D8FC42FC22EE
700E04A807088002C333D8FCF4529722
EEB4010F7401A807088002C333D8FCF4
52E522EEB4020E7401A807088002C333
D8FCF452FC22EF131313541FFEEF5407
FFED6034EE700D04A807088002C333D8
FC428022EEB4010E7401A807088002C3
33D8FC429022EE6402704304A8070880
02C333D8FC42A022EE700E04A8070880
02C333D8FCF4528022EEB4010F7401A8
07088002C333D8FCF4529022EEB4020E
7401A807088002C333D8FCF452A02290
00CF12035EE47F10FEFDFC9000D31203
1D1201809000D712035EE47B02FAF9F8
9000D712031112020B9000CF12031D12
01739000D712031D12020B9000D71203
5E9000D712031DC3E49BFF74049AFEE4
99FDE498FC9000D712035E9000D71203
1178081202BBAB079000D7120311EB54
03F5BA8FAA22C0E0C0F0C083C082C0D0
75D000C000C001C002C003C004C005C0
06C007E5C830E11053C8FD9001051203
9BE94A6003120424E5C930E11053C9FD
90010812039BE94A6003120424E5CA30
E11053CAFD90010B12039BE94A600312
0424D007D006D005D004D003D002D001
D000D0D0D082D083D0F0D0E032C0E0C0
F0C083C082C0D075D000C000C001C002
C003C004C005C006C0077F0C121501EF
601C7F0C1214089000ABE070119000BC
E0700B9000C1E070059000BC04F0D007
D006D005D004D003D002D001D000D0D0
D082D083D0F0D0E032AD07AC06C3ED94
FEEC947F4007E49000C6F0FF229000BD
E0FFA3E09000CECFF0A3EFF01216AC90
00C6E07015D39000CFE09D9000CEE09C
50149000C67401F0800CD3ED9FEC9E50
05E49000C6F09000C6E0FF229000CEEF
F0E49000C5F09000AEF09000ABF09000
B6F09000BCF09000B5F09000C1F09000
ADF09000C7F0A3F09000C6F09000ACF0
9000B9F0A3F09000BBF0121810121771
12182D9000C4E06002E4F00217B7C0E0
C0F0C083C082C0D075D000C000C001C0
02C003C004C005C006C007E5F630E00D
90011A12039BE94A600312042475F601
D007D006D005D004D003D002D001D000
D0D0D082D083D0F0D0E032C0E0C0F0C0
83C082C0D075D000C000C001C002C003
C004C005C006C00730980F9001171203
9BE94A6003120424C298D007D006D005
D004D003D002D001D000D0D0D082D083
D0F0D0E0329000ABE07011A3F090C900
E054FEF090C90AE4F0A3F0229000ACE0
6013E4F09000B7E0FFA3E09000B9CFF0
A3EFF0800A9000B97403F0A374E8F090
00B6E0700204F022EF131313541FFEEF
5407FFEE700E04A807088002C333D8FC
F452E122EEB4010F7401A807088002C3
33D8FCF452E222EEB4020E7401A80708
8002C333D8FCF452E3221217719000AB
7401F0E49000B6F09000BCF09000B5F0
9000C7F0A3F09000C5F09000AEF09000
C6F09000AC04F0E49000B9F0A3F09000
BBF01217C9020006E49000B5F09000C7
F0A3F09000ABF09000B6F09000BCF090
00C1F09000ADF09000C6F09000ACF090
00B9F0A3F01218101217B79000C4E060
0312168C229000ABE070079000C7F0A3
F022C39000C8E094FF9000C7E094FF50
07E475F001120128C39000C8E0940390
00C7E094004009EF60069000B57401F0
22EF131313541FFEEF5407FFEE700DE5
E1A807088002C313D8FC801CEEB4010D
E5E2A807088002C313D8FC800BE5E3A8
07088002C313D8FC5401FF22AB07AA06
43DF0843E70890C900E04440F0EC90C9
0DF0ED90C90CF0EB24FFEA34FF90C90F
F0EB1490C90EF090C9067401F090C905
E04401F022AB07AA0643DF2043E72090
CA00E04440F0EC90CA0DF0ED90CA0CF0
EB24FFEA34FF90CA0FF0EB1490CA0EF0
90CA067401F090CA05E04401F0229000
CB12035E43DE0143E601439E01E49001
16F0C29FD29EC299C2989000CB120311
9000D312035E90011212031112113FD2
9C53F33F229000CFE06401702743DE10
43E610EFC4333354C0FFE5AC54BF4FF5
ACE4F5FEF5FFEBF5FEEAF5FFE5FD54FE
4DF5FD2253DEEF53E6EF22EF13131354
1FFEEF54079000CBF0EE700743DF0143
E70122EEB4010743DF0243E70222EEB4
020643DF0443E7042212002690005FE4
75F00112013EFC741C25F0F58274003C
F583EFF090005C7401F022120F5AE5AD
20E2FBE5F630E0FB75F601120036D3EF
94FFEE940F40047E0F7FFF22E49000C1
F09000AD04F090CA00E054FEF090CA0A
E4F0A3F090CA00E04401F022D39000BE
E094789000BDE09400400DA3E02488FF
9000BDE034FFFE22E4FEFF229000C1E0
6017E4F09000ADF09000ABE0700B9000
C4E060057F091212DC22C0E0C083C082
E5A630E30990011D7401F075A32075A3
FFD082D083D0E03290CA00E054FEF090
CA0AE4F0A3F09000ADE06007E4F09000
C104F02253F7F8EF24FC600B14600C24
02700B43F7032243F7042243F705227F
847E03EF4E7003FE7F01D3EF94E8EE94
0340047E037FE822E490005CF0FF7EC2
7D01FC1215AE7BFF7A1679497F010217
FFE49000ADF09000C1F090CA00E054FE
F090CA0AE4F0A3F022C3EF94E8EE9403
4004E4FEFF22C374E89FFF74039EFE22
90C900E054FEF0EF90C90AF0EEA3F090
C900E04401F0227F0C1214087BFF7A00
79227D017F0C0206B67F0C1214087BFF
7A007922E4FD7F0C0206B6EFB4010753
ADFE53ADFD2243AD0243AD012243AC20
EF700553ACFD800343AC0253B5FE22EF
B4010AD2AFD2AC9001170203BBC2AC22
90C900E054FEF090C90AE4F0A3F0227D
017F0A1210C67D017F0B0210C6E4FD7F
0A1210C6E4FD7F0B0210C690C90AE0FD
A3E0FCEDAE04FF22EFB4010443AC0122
53ACFE227F007E367D6E7C0102058BEF
8FF553B4EF22FFFF

---------- Code Information -----------
Code Entrance:      0x00000000 
Code Run Entrance:  0x00000000 
Code Size:          0x00001868 
Code CRC Value:     0x5D12 
