020D4A02115D53F7F8EF24FC600B1460
0C2402700B43F7032243F7042243F705
2222FF0211F8AF9922FFFF021032FFFF
FFFFFF0211ABE5B7540FFEAFB6D3EF94
01EE9400400774052FFFE43EFED3EF94
FFEE940F40047E0F7FFF22021446FFFF
FFFFFF0208BCAB07AA06121529C3EF9B
EE9A4007EF9BFFEE9A800EC374E89BFD
74039AFCED2FFFEC3E9000D0F0A3EFF0
9000D0E0FEA3E0FF22FFFF020B63FFFF
FFFFFF020ABCFFFFFFFFFF020A15BB01
0689828A83E0225002E722BBFE02E322
89828A83E49322BB010CE58229F582E5
833AF583E0225006E92582F8E622BBFE
06E92582F8E222E58229F582E5833AF5
83E49322BB010689828A83F0225002F7
22BBFE01F322F8BB010DE58229F582E5
833AF583E8F0225006E92582C8F622BB
FE05E92582C8F222C5F0F8A3E028F0C5
F0F8E582158270021583E038F022A3F8
E0C5F025F0F0E582158270021583E0C8
38F0E822BB010A89828A83F0E5F0A3F0
225006F709A7F01922BBFE06F3E5F009
F31922EF2BFFEE3AFEED39FDEC38FC22
E88FF0A4CC8BF0A42CFCE98EF0A42CFC
8AF0EDA42CFCEA8EF0A4CDA8F08BF0A4
2DCC3825F0FDE98FF0A42CCD35F0FCEB
8EF0A4FEA9F0EB8FF0A4CFC5F02ECD39
FEE43CFCEAA42DCE35F0FDE43CFC2275
F008758200EF2FFFEE33FECD33CDCC33
CCC58233C5829BED9AEC99E58298400C
F582EE9BFEED9AFDEC99FC0FD5F0D6E4
CEFBE4CDFAE4CCF9A88222B800C1B900
59BA002DEC8BF084CFCECDFCE5F0CBF9
7818EF2FFFEE33FEED33FDEC33FCEB33
FB10D703994004EB99FB0FD8E5E4F9FA
227818EF2FFFEE33FEED33FDEC33FCC9
33C910D7059BE99A4007EC9BFCE99AF9
0FD8E0E4C9FAE4CCFB2275F010EF2FFF
EE33FEED33FDCC33CCC833C810D7079B
EC9AE899400AED9BFDEC9AFCE899F80F
D5F0DAE4CDFBE4CCFAE4C8F922EF4BFF
EE4AFEED49FDEC48FC22EB9FF5F0EA9E
42F0E99D42F0E89C45F022E8600FECC3
13FCED13FDEE13FEEF13FFD8F122E860
0FEFC333FFEE33FEED33FDEC33FCD8F1
22BB010DE58229F582E5833AF5830203
115007E92582F802042ABBFE07E92582
F8020436E58229F582E5833AF5830204
42E0FCA3E0FDA3E0FEA3E0FF22E0F8A3
E0F9A3E0FAA3E0FB227401FF3395E0FE
FDFCA3A3A3E0CF2FF0E5821582700215
83E0CE3EF0E582158270021583E0CD3D
F0E582158270021583E0CC3CF022ECF0
A3EDF0A3EEF0A3EFF022A8828583F0D0
83D082120381120381120381120381E4
73E493A3C583C5F0C583C8C582C8F0A3
C583C5F0C583C8C582C822E0FBA3E0FA
A3E0F922F8E0FBA3A3E0F925F0F0E582
158270021583E0FA38F022EBF0A3EAF0
A3E9F022D083D082F8E4937012740193
700DA3A393F8740193F5828883E47374
02936860EFA3A3A380DFD083D082E493
7012740193700DA3A393F8740193F582
8883E4737402936C70127403936D700C
7404936E70067405936F60DDA3A3A3A3
A3A380CA8A838982E473E6FC08E6FD08
E6FE08E6FF22E2FC08E2FD08E2FE08E2
FF22E493FC740193FD740293FE740393
FF229000C012035E9000C412036A0000
000043F804E5F830E5FB9091AAE0FFE4
FCFDFE78101202CEC004C005C006C007
A3E0FFE4FCFDFE78181202CED003D002
D001D00012029DC004C005C006C00790
91A9E0FFE4FCFDFE78081202CED003D0
02D001D00012029DA804A905AA06AB07
9091A8E0FFE4FCFDFE12029D90010412
035E7FC07E0A7D707C0190010412031D
D31202AA50167F407E617D6C7C019001
0412031DC31202AA4002801274FFFFFE
FDFC90010412031DC31202AA700C9000
C412036A02DC6C008015E47F02FEFDFC
90010412031D1201809000C412035E90
00C01203111203EA055E00B71B000556
00F42400054E016E36000000055675EE
01E47B02800E75EE02E47B03800675EE
03E47B04FAF9F89000C412031112020B
90010812035E53F8FE53D9F822440108
00000000440104000000004200AF0000
4200B700004200B500C84200B1000042
00BE00004200AD00004100BC004100AC
004100BB004100AB004100B3004100BD
004200B900004100B400604800630000
00000000000000000000000000000000
00000000000000000000000000000000
00000000000000000000000000000000
00000000000000000000000000000000
00000000000041010C0043010D000000
4301100000004900E000000000000000
00004900E90000000000000000004900
F20000000000000000004C00D4000000
000000000000000000410113004900FB
00000000000000000041001B00410004
0044000000000000420005000042005D
000242005F00004200610000C102C101
C10000AC07EF131313541F9000D2F0EF
5407A3F0ED6060EC75F003A42463F582
E43400F5831203BBD2AFD2A812124290
00D2E0FF7011A3E0FE7401A806088002
C333D8FC42E922EFB401139000D3E0FF
7401A807088002C333D8FC42EA229000
D2E06402705CA3E0FF7401A807088002
C333D8FC42EB22C2A89000D2E0FF7012
A3E0FE7401A806088002C333D8FCF452
E922EFB401149000D3E0FF7401A80708
8002C333D8FCF452EA229000D2E0B402
11A3E0FF7401A807088002C333D8FCF4
52EB229000C2EFF0A3ECF0A3EDF0A312
03BB9000CC12036A00000000E49000CA
F0A3F01215299000C8EEF0A3EFF0E4FD
7F08120F429000C2E0FF1213E4C3EF94
FEEE947F501C9000CC12031DE4FCFD12
01739000CC12035E9000CAE475F00112
01289000C8E0FEA3E0FF120066D39000
C4E09F9000C3E09E50BB7D017F08120F
429000C512039BE94A600D9000CAE0FF
A3E0CF8FF01201549000CAE0FCA3E0FD
4C70047E80FF22AB05AA04E4F9F89000
CC12031112020B22EF131313541FFEEF
5407FFED604FEE701690C000C083C082
E0FE7401A807088002C333D8FC8033EE
B4011690C001C083C082E0FE7401A807
088002C333D8FC8019EE6402706D90C0
02C083C082E0FE7401A807088002C333
D8FC4E8051EE701890C000C083C082E0
FE7401A807088002C333D8FCF45E8036
EEB4011890C001C083C082E0FE7401A8
07088002C333D8FCF45E801AEEB4021B
90C002C083C082E0FE7401A807088002
C333D8FCF45ED082D083F022C0E0C0F0
C083C082C0D075D000C000C001C002C0
03C004C005C006C00790C809E030E017
90C808E030E010A37401F09000D41203
9BE94A605D805890C809E030E11790C8
08E030E110A37402F09000D712039BE9
4A603F803A90C809E030E21790C808E0
30E210A37404F09000DA12039BE94A60
21801C90C809E030E31890C808E030E3
11A37408F09000DD12039BE94A600312
0424D007D006D005D004D003D002D001
D000D0D0D082D083D0F0D0E0329000C0
1203BB90C9057407F0EF6401704FED24
FE601C14602E2402703D9000C012039B
9000E01203BB90C904E04401F0802890
00C012039B9000E31203BB90C904E044
02F080139000C012039B9000E61203BB
90C904E04404F0D2AF43B80122ED24FE
601B14602C2402703B9000C012039B90
00E01203BB90C904E044FEF0229000C0
12039B9000E31203BB90C904E044FDF0
229000C012039B9000E61203BB90C904
E044FBF022C0E0C0F0C083C082C0D075
D000C000C001C002C003C004C005C006
C00790C905E030E01C90C904E030E015
9000E012039BE94A600312042490C905
7401F0804C90C905E030E11C90C904E0
30E1159000E312039BE94A6003120424
90C9057402F0802990C905E030E21C90
C904E030E2159000E612039BE94A6003
12042490C9057404F0800690C9057407
F0D007D006D005D004D003D002D001D0
00D0D0D082D083D0F0D0E032C0E0C0F0
C083C082C0D075D000C000C001C002C0
03C004C005C006C00790CA05E030E01C
90CA04E030E0159000E912039BE94A60
0312042490CA057401F0804C90CA05E0
30E11C90CA04E030E1159000EC12039B
E94A600312042490CA057402F0802990
CA05E030E21C90CA04E030E2159000EF
12039BE94A600312042490CA057404F0
800690CA057407F0D007D006D005D004
D003D002D001D000D0D0D082D083D0F0
D0E032C0E0C0F0C083C082C0D075D000
C000C001C002C003C004C005C006C007
90CB05E030E01C90CB04E030E0159000
F212039BE94A600312042490CB057401
F0804C90CB05E030E11C90CB04E030E1
159000F512039BE94A600312042490CB
057402F0802990CB05E030E21C90CB04
E030E2159000F812039BE94A60031204
2490CB057404F0800690CB057407F0D0
07D006D005D004D003D002D001D000D0
D0D082D083D0F0D0E03290C018E4F07F
08121394E4FD7F08120E50E4FD7F0812
0EC97D017F08120F4290C01AE4F07F0A
121394E4FD7F0A120E50E4FD7F0A120E
C9E4FD7F0A120F4290C01BE4F07F0B12
1394E4FD7F0B120E50E4FD7F0B120EC9
E4FD7F0B120F427F0C1213947D017F0C
120E50E4FD7F0C120EC97D017F0C1208
087BFF7A0079217D017F0C12069353B0
FD43B00190C01C7420F0A3E4F07F0D12
13947D017F0D120E507D017F0D020808
9000ABE07003020D49E49000C0F0A3F0
7B017A0079C07D28FC7F021207539000
AFEEF0A3EFF09000C0E0FCA3E0FD9000
B7ECF0A3EDF09000BEECF0A3EDF09000
B97403F0A374E8F012110A9000B4EFF0
6028E49000ACF09000BCE0C394035003
E004F09000BBE07010A3E0C394034009
9000BB7401F002150D22E49000BCF090
00ACE0C394035003E004F09000ACE0C3
940340057F0612136522787FE4F6D8FD
758120020D910210A9E493A3F8E493A3
4003F68001F208DFF48029E493A3F854
07240CC8C333C4540F4420C8834004F4
56800146F6DFE4800B01020408102040
8090057DE47E019360BCA3FF543F30E5
09541FFEE493A360010ECF54C025E060
A840B8E493A3FAE493A3F8E493A3C8C5
82C8CAC583CAF0A3C8C582C8CAC583CA
DFE9DEE780BEEF1203C40DF6010E0002
0E0A040E14080E1E100E28200E32400E
3C8000000E46E5B454F04401F5B48049
E5B454F04402F5B4803FE5B454F04403
F5B48035E5B454F04404F5B4802BE5B4
54F04405F5B48021E5B454F04406F5B4
8017E5B454F04407F5B4800DE5B454F0
4408F5B4800353B4F053ADFB43AD0422
EF131313541FFEEF5407FFED6034EE70
0D04A807088002C333D8FC42F922EEB4
010E7401A807088002C333D8FC42FA22
EE6402704304A807088002C333D8FC42
FB22EE700E04A807088002C333D8FCF4
52F922EEB4010F7401A807088002C333
D8FCF452FA22EEB4020E7401A8070880
02C333D8FCF452FB22EF131313541FFE
EF5407FFED6034EE700D04A807088002
C333D8FC429722EEB4010E7401A80708
8002C333D8FC42E522EE6402704304A8
07088002C333D8FC42FC22EE700E04A8
07088002C333D8FCF4529722EEB4010F
7401A807088002C333D8FCF452E522EE
B4020E7401A807088002C333D8FCF452
FC22EF131313541FFEEF5407FFED6034
EE700D04A807088002C333D8FC428022
EEB4010E7401A807088002C333D8FC42
9022EE6402704304A807088002C333D8
FC42A022EE700E04A807088002C333D8
FCF4528022EEB4010F7401A807088002
C333D8FCF4529022EEB4020E7401A807
088002C333D8FCF452A0229000C41203
5EE47F10FEFDFC9000C812031D120180
9000CC12035EE47B02FAF9F89000CC12
031112020B9000C412031D1201739000
CC12031D12020B9000CC12035E9000CC
12031DC3E49BFF74049AFEE499FDE498
FC9000CC12035E9000CC120311780812
02BBAB079000CC120311EB5403F5BA8F
AA22C0E0C0F0C083C082C0D075D000C0
00C001C002C003C004C005C006C007E5
C830E11053C8FD9000FB12039BE94A60
03120424E5C930E11053C9FD9000FE12
039BE94A6003120424E5CA30E11053CA
FD90010112039BE94A6003120424D007
D006D005D004D003D002D001D000D0D0
D082D083D0F0D0E032121542120C0A12
14647D177C007FE87E031212BF7BFF7A
1479B77D017F0112096D1214FE9000C4
7401F07B047A00E4FD7F0112132F7F03
1200067F0612154DE4FF1214DB7F0112
14C97F0112153612151B1214939000B3
E060FAE4F0120CB080F3AD07AC06C3ED
94FEEC947F4007E49000BDF0FF229000
B5E0FFA3E09000C2CFF0A3EFF0121426
9000BDE07015D39000C3E09D9000C2E0
9C50149000BD7401F0800CD3ED9FEC9E
5005E49000BDF09000BDE0FF22C0E0C0
F0C083C082C0D075D000C000C001C002
C003C004C005C006C0077F0C121284EF
600E7F0C1212429000ABE07003121405
D007D006D005D004D003D002D001D000
D0D0D082D083D0F0D0E032C0E0C0F0C0
83C082C0D075D000C000C001C002C003
C004C005C006C007E5F630E00D900110
12039BE94A600312042475F601D007D0
06D005D004D003D002D001D000D0D0D0
82D083D0F0D0E032C0E0C0F0C083C082
C0D075D000C000C001C002C003C004C0
05C006C00730980F90010D12039BE94A
6003120424C298D007D006D005D004D0
03D002D001D000D0D0D082D083D0F0D0
E032EF131313541FFEEF5407FFEE700E
04A807088002C333D8FCF452E122EEB4
010F7401A807088002C333D8FCF452E2
22EEB4020E7401A807088002C333D8FC
F452E322EF131313541FFEEF5407FFEE
700DE5E1A807088002C313D8FC801CEE
B4010DE5E2A807088002C313D8FC800B
E5E3A807088002C313D8FC5401FF22AB
07AA0643DF0843E70890C900E04440F0
EC90C90DF0ED90C90CF0EB24FFEA34FF
90C90FF0EB1490C90EF090C9067401F0
90C905E04401F0229000C012035E43DE
0143E601439E01E490010CF0C29FD29E
C299C2989000C01203119000C812035E
900108120311120FBBD29C53F33F2290
00C4E06401702743DE1043E610EFC433
3354C0FFE5AC54BF4FF5ACE4F5FEF5FF
EBF5FEEAF5FFE5FD54FE4DF5FD2253DE
EF53E6EF229000C2EFF0E49000BCF090
00ACF09000ABF09000B3F09000BDF090
00B4F01214FE12151B9000BBE06002E4
F0021493EF131313541FFEEF54079000
C0F0EE700743DF0143E70122EEB40107
43DF0243E70222EEB4020643DF0443E7
042212002690005FE475F00112013EFC
741C25F0F58274003CF583EFF090005C
7401F022120DD6E5AD20E2FBE5F630E0
FB75F601120036D3EF94FFEE940F4004
7E0F7FFF229000AB7401F0E49000B3F0
9000BCF09000ACF09000BDF09000B4F0
1214A502147DD39000B6E094789000B5
E09400400DA3E02488FF9000B5E034FF
FE22E4FEFF22C0E0C083C082E5A630E3
099001137401F075A32075A3FFD082D0
83D0E032E490005CF0FF7EC27D01FC12
12F87BFF7A1379C27F010214ED90C900
E054FEF090C90AE4F0A3F090C900E044
01F0227F0C1212427BFF7A0079217D01
7F0C0206937F0C1212427BFF7A007921
E4FD7F0C0206939000ABE070030214FE
9000B3E0700204F022EFB4010753ADFE
53ADFD2243AD0243AD012243AC20EF70
0553ACFD800343AC0253B5FE22EFB401
0AD2AFD2AC90010D0203BBC2AC2290C9
00E054FEF090C90AE4F0A3F0227D017F
0A120F427D017F0B020F42E4FD7F0A12
0F42E4FD7F0B020F4290C90AE0FDA3E0
FCEDAE04FF22EFB4010443AC012253AC
FE227F007E367D6E7C01020452EF8FF5
53B4EF22

---------- Code Information -----------
Code Entrance:      0x00000000 
Code Run Entrance:  0x00000000 
Code Size:          0x00001554 
Code CRC Value:     0xDF76 
