020F00021385121814AD07AC0612185E
9000BCECF0A3EDF0E49000BEF0A3F002
187522021425AF9922FFFF0211E8FFFF
FFFFFF0213D8E5B7540FFEAFB6D3EF94
01EE9400400774052FFFE43EFED3EF94
FFEE940F40047E0F7FFF220217BFFFFF
FFFFFF0209C5AB07AA06121903C3EF9B
EE9A4007EF9BFFEE9A800EC374E89BFD
74039AFCED2FFFEC3E9000E2F0A3EFF0
9000E2E0FEA3E0FF22FFFF020D14FFFF
FFFFFF020C6DFFFFFFFFFF020BC6BB01
0689828A83E0225002E722BBFE02E322
89828A83E49322BB010CE58229F582E5
833AF583E0225006E92582F8E622BBFE
06E92582F8E222E58229F582E5833AF5
83E49322BB010689828A83F0225002F7
22BBFE01F322F8BB010DE58229F582E5
833AF583E8F0225006E92582C8F622BB
FE05E92582C8F222C5F0F8A3E028F0C5
F0F8E582158270021583E038F022A3F8
E0C5F025F0F0E582158270021583E0C8
38F0E822BB010A89828A83F0E5F0A3F0
225006F709A7F01922BBFE06F3E5F009
F31922EF2BFFEE3AFEED39FDEC38FC22
E88FF0A4CC8BF0A42CFCE98EF0A42CFC
8AF0EDA42CFCEA8EF0A4CDA8F08BF0A4
2DCC3825F0FDE98FF0A42CCD35F0FCEB
8EF0A4FEA9F0EB8FF0A4CFC5F02ECD39
FEE43CFCEAA42DCE35F0FDE43CFC2275
F008758200EF2FFFEE33FECD33CDCC33
CCC58233C5829BED9AEC99E58298400C
F582EE9BFEED9AFDEC99FC0FD5F0D6E4
CEFBE4CDFAE4CCF9A88222B800C1B900
59BA002DEC8BF084CFCECDFCE5F0CBF9
7818EF2FFFEE33FEED33FDEC33FCEB33
FB10D703994004EB99FB0FD8E5E4F9FA
227818EF2FFFEE33FEED33FDEC33FCC9
33C910D7059BE99A4007EC9BFCE99AF9
0FD8E0E4C9FAE4CCFB2275F010EF2FFF
EE33FEED33FDCC33CCC833C810D7079B
EC9AE899400AED9BFDEC9AFCE899F80F
D5F0DAE4CDFBE4CCFAE4C8F922EF4BFF
EE4AFEED49FDEC48FC22EB9FF5F0EA9E
42F0E99D42F0E89C45F022E8600FECC3
13FCED13FDEE13FEEF13FFD8F122E860
0FEFC333FFEE33FEED33FDEC33FCD8F1
22BB010DE58229F582E5833AF5830203
115007E92582F802042ABBFE07E92582
F8020436E58229F582E5833AF5830204
42E0FCA3E0FDA3E0FEA3E0FF22E0F8A3
E0F9A3E0FAA3E0FB227401FF3395E0FE
FDFCA3A3A3E0CF2FF0E5821582700215
83E0CE3EF0E582158270021583E0CD3D
F0E582158270021583E0CC3CF022ECF0
A3EDF0A3EEF0A3EFF022A8828583F0D0
83D082120381120381120381120381E4
73E493A3C583C5F0C583C8C582C8F0A3
C583C5F0C583C8C582C822E0FBA3E0FA
A3E0F922F8E0FBA3A3E0F925F0F0E582
158270021583E0FA38F022EBF0A3EAF0
A3E9F022D083D082F8E4937012740193
700DA3A393F8740193F5828883E47374
02936860EFA3A3A380DFD083D082E493
7012740193700DA3A393F8740193F582
8883E4737402936C70127403936D700C
7404936E70067405936F60DDA3A3A3A3
A3A380CA8A838982E473E6FC08E6FD08
E6FE08E6FF22E2FC08E2FD08E2FE08E2
FF22E493FC740193FD740293FE740393
FF224401180000000044011400000000
4200B500004200C400004200C201F442
00B700004200CE00004200B300004100
CA004100B1004100C9004100AD004100
BA004100C1004100B9004100C6004100
B0004200CC00004100CB004100AF0042
00BE00004200BC0A144100AE004100B2
004200AB00004100BB004200C7000041
00C00060480063000000000000000000
00000000000000000000000000000000
00000000000000000000000000000000
00000000000000000000000000000000
00000000000000000000000000000041
011C0043011D00000043012000000049
00F00000000000000000004900F90000
00000000000000490102000000000000
0000004C00E400000000000000000000
00004101230049010B00000000000000
000041001B0041000400440000000000
00420005000042005D000242005F0000
4200610000C102C101C100009000D012
035E9000D412036A0000000043F804E5
F830E5FB9091AAE0FFE4FCFDFE781012
02CEC004C005C006C007A3E0FFE4FCFD
FE78181202CED003D002D001D0001202
9DC004C005C006C0079091A9E0FFE4FC
FDFE78081202CED003D002D001D00012
029DA804A905AA06AB079091A8E0FFE4
FCFDFE12029D90011412035E7FC07E0A
7D707C0190011412031DD31202AA5016
7F407E617D6C7C0190011412031DC312
02AA4002801274FFFFFEFDFC90011412
031DC31202AA700C9000D412036A02DC
6C008015E47F02FEFDFC90011412031D
1201809000D412035E9000D012031112
03EA06A800B71B0006A000F424000698
016E3600000006A075EE01E47B02800E
75EE02E47B03800675EE03E47B04FAF9
F89000D412031112020B90011812035E
53F8FE53D9F8229000ADE0700302079B
9000C9E09000D3F0E49000D0F0A3F07B
017A0079D07D64FC7F0212085CAB07AA
069000B5EAF0A3EBF09000D0E0FEA3E0
FF9000C4EEF0A3EFF09000CEEEF0A3EF
F09000BEE0FFA3E09000C7CFF0A3EFF0
AF03AE021216F19000D2EFF0AE02AF03
1213329000C0EFF0600B9000CAE0C394
01500E80099000B1E0C394015003E004
F09000AEE004F0E0C39401402DE4F090
00C9E07011A3E0940140169000C97401
F0121910800B9000B1E060057F061212
D2E49000CAF09000B1F09000D2E0FF12
125F9000ADE060031215AB22AC07EF13
1313541F9000D4F0EF5407A3F0ED6060
EC75F003A42463F582E43400F5831203
BBD2AFD2A81214B49000D4E0FF7011A3
E0FE7401A806088002C333D8FC42E922
EFB401139000D5E0FF7401A807088002
C333D8FC42EA229000D4E06402705CA3
E0FF7401A807088002C333D8FC42EB22
C2A89000D4E0FF7012A3E0FE7401A806
088002C333D8FCF452E922EFB4011490
00D5E0FF7401A807088002C333D8FCF4
52EA229000D4E0B40211A3E0FF7401A8
07088002C333D8FCF452EB229000D4EF
F0A3ECF0A3EDF0A31203BB9000DE1203
6A00000000E49000DCF0A3F012190390
00DAEEF0A3EFF0E4FD7F081210F89000
D4E0FF121740C3EF94FEEE947F501C90
00DE12031DE4FCFD1201739000DE1203
5E9000DCE475F0011201289000DAE0FE
A3E0FF120066D39000D6E09F9000D5E0
9E50BB7D017F081210F89000D712039B
E94A600D9000DCE0FFA3E0CF8FF01201
549000DCE0FCA3E0FD4C70047E80FF22
AB05AA04E4F9F89000DE12031112020B
22EF131313541FFEEF5407FFED604FEE
701690C000C083C082E0FE7401A80708
8002C333D8FC8033EEB4011690C001C0
83C082E0FE7401A807088002C333D8FC
8019EE6402706D90C002C083C082E0FE
7401A807088002C333D8FC4E8051EE70
1890C000C083C082E0FE7401A8070880
02C333D8FCF45E8036EEB4011890C001
C083C082E0FE7401A807088002C333D8
FCF45E801AEEB4021B90C002C083C082
E0FE7401A807088002C333D8FCF45ED0
82D083F022C0E0C0F0C083C082C0D075
D000C000C001C002C003C004C005C006
C00790C809E030E01790C808E030E010
A37401F09000E412039BE94A605D8058
90C809E030E11790C808E030E110A374
02F09000E712039BE94A603F803A90C8
09E030E21790C808E030E210A37404F0
9000EA12039BE94A6021801C90C809E0
30E31890C808E030E311A37408F09000
ED12039BE94A6003120424D007D006D0
05D004D003D002D001D000D0D0D082D0
83D0F0D0E0329000D01203BB90C90574
07F0EF6401704FED24FE601C14602E24
02703D9000D012039B9000F01203BB90
C904E04401F080289000D012039B9000
F31203BB90C904E04402F080139000D0
12039B9000F61203BB90C904E04404F0
D2AF43B80122ED24FE601B14602C2402
703B9000D012039B9000F01203BB90C9
04E044FEF0229000D012039B9000F312
03BB90C904E044FDF0229000D012039B
9000F61203BB90C904E044FBF0229000
D01203BB90CA057407F0EF6401704FED
24FE601C14602E2402703D9000D01203
9B9000F91203BB90CA04E04401F08028
9000D012039B9000FC1203BB90CA04E0
4402F080139000D012039B9000FF1203
BB90CA04E04404F0D2AF43B80422ED24
FE601B14602C2402703B9000D012039B
9000F91203BB90CA04E044FEF0229000
D012039B9000FC1203BB90CA04E044FD
F0229000D012039B9000FF1203BB90CA
04E044FBF022C0E0C0F0C083C082C0D0
75D000C000C001C002C003C004C005C0
06C00790C905E030E01C90C904E030E0
159000F012039BE94A600312042490C9
057401F0804C90C905E030E11C90C904
E030E1159000F312039BE94A60031204
2490C9057402F0802990C905E030E21C
90C904E030E2159000F612039BE94A60
0312042490C9057404F0800690C90574
07F0D007D006D005D004D003D002D001
D000D0D0D082D083D0F0D0E032C0E0C0
F0C083C082C0D075D000C000C001C002
C003C004C005C006C00790CA05E030E0
1C90CA04E030E0159000F912039BE94A
600312042490CA057401F0804C90CA05
E030E11C90CA04E030E1159000FC1203
9BE94A600312042490CA057402F08029
90CA05E030E21C90CA04E030E2159000
FF12039BE94A600312042490CA057404
F0800690CA057407F0D007D006D005D0
04D003D002D001D000D0D0D082D083D0
F0D0E032C0E0C0F0C083C082C0D075D0
00C000C001C002C003C004C005C006C0
0790CB05E030E01C90CB04E030E01590
010212039BE94A600312042490CB0574
01F0804C90CB05E030E11C90CB04E030
E11590010512039BE94A600312042490
CB057402F0802990CB05E030E21C90CB
04E030E21590010812039BE94A600312
042490CB057404F0800690CB057407F0
D007D006D005D004D003D002D001D000
D0D0D082D083D0F0D0E03290C018E4F0
7F081216C3E4FD7F08121006E4FD7F08
12107F7D017F081210F890C01AE4F07F
0A1216C3E4FD7F0A121006E4FD7F0A12
107FE4FD7F0A1210F890C01BE4F07F0B
1216C3E4FD7F0B121006E4FD7F0B1210
7F7D017F0B1210F87F0C1216C37D017F
0C121006E4FD7F0C12107F7D017F0C12
09117BFF7A0079227D017F0C12079C53
B0FD43B00190C01C7420F0A3E4F07F0D
1216C37D017F0D1210067D017F0D0209
11121934120DBB12182D7D177C007FE8
7E031215E47BFF7A14796F7D017F0112
0A767D177C007F807E0C12161D7BFF7A
1779DD7D017F01120B1E1218E5121846
9000D47401F07B047A00E4FD7F011216
8D7F031217F97F0612193FE4FF1218C2
7F011218B07F0112192812191C12188C
9000C1E0600BE4F09000ADE070031214
F69000B9E060031215349000C6E06003
1217A19000BAE060D7E4F01206C780D0
787FE4F6D8FD758120020F47020E61E4
93A3F8E493A34003F68001F208DFF480
29E493A3F85407240CC8C333C4540F44
20C8834004F456800146F6DFE4800B01
02040810204080900452E47E019360BC
A3FF543F30E509541FFEE493A360010E
CF54C025E060A840B8E493A3FAE493A3
F8E493A3C8C582C8CAC583CAF0A3C8C5
82C8CAC583CADFE9DEE780BEEF1203C4
0FAC010FB6020FC0040FCA080FD4100F
DE200FE8400FF28000000FFCE5B454F0
4401F5B48049E5B454F04402F5B4803F
E5B454F04403F5B48035E5B454F04404
F5B4802BE5B454F04405F5B48021E5B4
54F04406F5B48017E5B454F04407F5B4
800DE5B454F04408F5B4800353B4F053
ADFB43AD0422EF131313541FFEEF5407
FFED6034EE700D04A807088002C333D8
FC42F922EEB4010E7401A807088002C3
33D8FC42FA22EE6402704304A8070880
02C333D8FC42FB22EE700E04A8070880
02C333D8FCF452F922EEB4010F7401A8
07088002C333D8FCF452FA22EEB4020E
7401A807088002C333D8FCF452FB22EF
131313541FFEEF5407FFED6034EE700D
04A807088002C333D8FC429722EEB401
0E7401A807088002C333D8FC42E522EE
6402704304A807088002C333D8FC42FC
22EE700E04A807088002C333D8FCF452
9722EEB4010F7401A807088002C333D8
FCF452E522EEB4020E7401A807088002
C333D8FCF452FC22EF131313541FFEEF
5407FFED6034EE700D04A807088002C3
33D8FC428022EEB4010E7401A8070880
02C333D8FC429022EE6402704304A807
088002C333D8FC42A022EE700E04A807
088002C333D8FCF4528022EEB4010F74
01A807088002C333D8FCF4529022EEB4
020E7401A807088002C333D8FCF452A0
229000D412035EE47F10FEFDFC9000D8
12031D1201809000DC12035EE47B02FA
F9F89000DC12031112020B9000D41203
1D1201739000DC12031D12020B9000DC
12035E9000DC12031DC3E49BFF74049A
FEE499FDE498FC9000DC12035E9000DC
12031178081202BBAB079000DC120311
EB5403F5BA8FAA22C0E0C0F0C083C082
C0D075D000C000C001C002C003C004C0
05C006C007E5C830E11053C8FD90010B
12039BE94A6003120424E5C930E11053
C9FD90010E12039BE94A6003120424E5
CA30E11053CAFD90011112039BE94A60
03120424D007D006D005D004D003D002
D001D000D0D0D082D083D0F0D0E032EF
701B9000B2F09000ABF0A3F09000BBF0
9000C9E06003E480187F0180519000B2
E0701104F0E49000ABF0A3F09000BB04
F0FF803AC39000ACE094FF9000ABE094
FF5007E475F001120128C39000ACE094
FA9000ABE094004018E4F0A3F09000BB
E07F0070027F019000BBEFF0E0FF1218
F422E4FF9000CAF09000B1F09000ADF0
9000BAF09000C1F09000B9F09000C6F0
9000B0F09000CCF0A3F09000CBF09000
AFF09000BEF0A3F09000C0F09000AEF0
9000B2F09000ABF0A3F09000BBF01218
E512184612191C9000C9E06002E4F002
188CAD07AC06C3ED94FEEC947F4007E4
9000CBF0FF229000C2E0FFA3E09000D4
CFF0A3EFF01217819000CBE07015D390
00D5E09D9000D4E09C50149000CB7401
F0800CD3ED9FEC9E5005E49000CBF090
00CBE0FF22C0E0C0F0C083C082C0D075
D000C000C001C002C003C004C005C006
C0077F0C121570EF60137F0C1214B490
00ADE070089000C1E0700204F0D007D0
06D005D004D003D002D001D000D0D0D0
82D083D0F0D0E032C0E0C0F0C083C082
C0D075D000C000C001C002C003C004C0
05C006C007E5F630E00D90012012039B
E94A600312042475F601D007D006D005
D004D003D002D001D000D0D0D082D083
D0F0D0E032C0E0C0F0C083C082C0D075
D000C000C001C002C003C004C005C006
C00730980F90011D12039BE94A600312
0424C298D007D006D005D004D003D002
D001D000D0D0D082D083D0F0D0E03290
00ADE070139000AFF090C900E054FEF0
90C90AE4F0A3F0229000AFE06013E4F0
9000BCE0FFA3E09000BECFF0A3EFF080
0A9000BE7403F0A374E8F09000BAE070
0204F022EF131313541FFEEF5407FFEE
700E04A807088002C333D8FCF452E122
EEB4010F7401A807088002C333D8FCF4
52E222EEB4020E7401A807088002C333
D8FCF452E3221218469000AD7401F0E4
9000BAF09000C1F09000B9F09000CCF0
A3F09000CAF09000B1F09000AF04F0E4
9000BEF0A3F09000C0F09000AEF01218
9E020006E49000B9F09000CCF0A3F090
00ADF09000BAF09000C1F09000C6F090
00B0F09000AFF09000BEF0A3F09000AE
F01218E59000C9E0600312176102188C
EF131313541FFEEF5407FFEE700DE5E1
A807088002C313D8FC801CEEB4010DE5
E2A807088002C313D8FC800BE5E3A807
088002C313D8FC5401FF229000ADE070
079000CCF0A3F022C39000CDE094FF90
00CCE094FF5007E475F001120128C390
00CDE094019000CCE0940040069000B9
7401F022AB07AA0643DF0843E70890C9
00E04440F0EC90C90DF0ED90C90CF0EB
24FFEA34FF90C90FF0EB1490C90EF090
C9067401F090C905E04401F022AB07AA
0643DF2043E72090CA00E04440F0EC90
CA0DF0ED90CA0CF0EB24FFEA34FF90CA
0FF0EB1490CA0EF090CA067401F090CA
05E04401F0229000D012035E43DE0143
E601439E01E490011CF0C29FD29EC299
C2989000D01203119000D812035E9001
18120311121171D29C53F33F229000D4
E06401702743DE1043E610EFC4333354
C0FFE5AC54BF4FF5ACE4F5FEF5FFEBF5
FEEAF5FFE5FD54FE4DF5FD2253DEEF53
E6EF22EF131313541FFEEF54079000D0
F0EE700743DF0143E70122EEB4010743
DF0243E70222EEB4020643DF0443E704
22AD07AC06C3ED94FEEC947F40037F00
22121781D3ED9FEC9E4010D39000C3E0
9D9000C2E09C40037F01227F00221200
2690005FE475F00112013EFC741C25F0
F58274003CF583EFF090005C7401F022
120F8CE5AD20E2FBE5F630E0FB75F601
120036D3EF94FFEE940F40047E0F7FFF
22E49000C6F09000B004F090CA00E054
FEF090CA0AE4F0A3F090CA00E04401F0
22D39000C3E094649000C2E09400400D
A3E0249CFF9000C2E034FFFE22E4FEFF
229000C6E06017E4F09000B0F09000AD
E0700B9000C9E060057F091212D222C0
E0C083C082E5A630E3099001237401F0
75A32075A3FFD082D083D0E03290CA00
E054FEF090CA0AE4F0A3F09000B0E060
07E4F09000C604F02253F7F8EF24FC60
0B14600C2402700B43F7032243F70422
43F705227F147E0AEF4E7003FE7F01D3
EF94E8EE940340047E037FE822E49000
5CF0FF7EC27D01FC1216567BFF7A1779
1E7F010218D4E49000B0F09000C6F090
CA00E054FEF090CA0AE4F0A3F022C3EF
94E8EE94034004E4FEFF22C374E89FFF
74039EFE2290C900E054FEF0EF90C90A
F0EEA3F090C900E04401F0227F0C1214
B47BFF7A0079227D017F0C02079C7F0C
1214B47BFF7A007922E4FD7F0C02079C
EFB4010753ADFE53ADFD2243AD0243AD
012243AC20EF700553ACFD800343AC02
53B5FE22EFB4010AD2AFD2AC90011D02
03BBC2AC2290C900E054FEF090C90AE4
F0A3F022EF60047D018002E4FD7F0B12
10F82290C90AE0FDA3E0FCEDAE04FF22
7D017F0A1210F8E4FF0218F4E4FD7F0A
1210F87F010218F4EFB4010443AC0122
53ACFE227F007E367D6E7C0102059CEF
8FF553B4EF22FFFF

---------- Code Information -----------
Code Entrance:      0x00000000 
Code Run Entrance:  0x00000000 
Code Size:          0x00001948 
Code CRC Value:     0x99B9 
