020E5F02043353F7F8EF24FC600B1460
0C2402700B43F7032243F7042243F705
2222FF02125BAF9922FFFF021147FFFF
FFFFFF02120EE5B7540FFEAFB6D3EF94
01EE9400400774052FFFE43EFED3EF94
FFEE940F40047E0F7FFF220213EAFFFF
FFFFFF020A81EF131313541FFEEF5407
9000D0F0EE700743DF0143E70122EEB4
010743DF0243E70222EEB4020643DF04
43E70422EF8FF553B4EF22020D28FFFF
FFFFFF020C81FFFFFFFFFF020BDABB01
0689828A83E0225002E722BBFE02E322
89828A83E49322BB010CE58229F582E5
833AF583E0225006E92582F8E622BBFE
06E92582F8E222E58229F582E5833AF5
83E49322BB010689828A83F0225002F7
22BBFE01F322F8BB010DE58229F582E5
833AF583E8F0225006E92582C8F622BB
FE05E92582C8F222C5F0F8A3E028F0C5
F0F8E582158270021583E038F022A3F8
E0C5F025F0F0E582158270021583E0C8
38F0E822EF2BFFEE3AFEED39FDEC38FC
22E88FF0A4CC8BF0A42CFCE98EF0A42C
FC8AF0EDA42CFCEA8EF0A4CDA8F08BF0
A42DCC3825F0FDE98FF0A42CCD35F0FC
EB8EF0A4FEA9F0EB8FF0A4CFC5F02ECD
39FEE43CFCEAA42DCE35F0FDE43CFC22
75F008758200EF2FFFEE33FECD33CDCC
33CCC58233C5829BED9AEC99E5829840
0CF582EE9BFEED9AFDEC99FC0FD5F0D6
E4CEFBE4CDFAE4CCF9A88222B800C1B9
0059BA002DEC8BF084CFCECDFCE5F0CB
F97818EF2FFFEE33FEED33FDEC33FCEB
33FB10D703994004EB99FB0FD8E5E4F9
FA227818EF2FFFEE33FEED33FDEC33FC
C933C910D7059BE99A4007EC9BFCE99A
F90FD8E0E4C9FAE4CCFB2275F010EF2F
FFEE33FEED33FDCC33CCC833C810D707
9BEC9AE899400AED9BFDEC9AFCE899F8
0FD5F0DAE4CDFBE4CCFAE4C8F922EF4B
FFEE4AFEED49FDEC48FC22EB9FF5F0EA
9E42F0E99D42F0E89C45F022E8600FEC
C313FCED13FDEE13FEEF13FFD8F122E8
600FEFC333FFEE33FEED33FDEC33FCD8
F122BB010DE58229F582E5833AF58302
02F25007E92582F802040BBBFE07E925
82F8020417E58229F582E5833AF58302
0423E0FCA3E0FDA3E0FEA3E0FF22E0F8
A3E0F9A3E0FAA3E0FB227401FF3395E0
FEFDFCA3A3A3E0CF2FF0E58215827002
1583E0CE3EF0E582158270021583E0CD
3DF0E582158270021583E0CC3CF022EC
F0A3EDF0A3EEF0A3EFF022A8828583F0
D083D082120362120362120362120362
E473E493A3C583C5F0C583C8C582C8F0
A3C583C5F0C583C8C582C822E0FBA3E0
FAA3E0F922F8E0FBA3A3E0F925F0F0E5
82158270021583E0FA38F022EBF0A3EA
F0A3E9F022D083D082F8E49370127401
93700DA3A393F8740193F5828883E473
7402936860EFA3A3A380DFD083D082E4
937012740193700DA3A393F8740193F5
828883E4737402936C70127403936D70
0C7404936E70067405936F60DDA3A3A3
A3A3A380CA8A838982E473E6FC08E6FD
08E6FE08E6FF22E2FC08E2FD08E2FE08
E2FF22E493FC740193FD740293FE7403
93FF22C0E0C0F0C083C082C0D075D000
C000C001C002C003C004C005C006C007
7F0B1212E7EF70030205D87F04120EEB
E5AD20E2FBE5F630E0FB75F601120036
9000C4EEF0A3EFF0C39000C5E094AC90
00C4E0940D4018A3E094FF9000C4E094
0F500C9000C2740BF0A374B8F08073C3
9000C5E094B89000C4E0940B4018A3E0
94AC9000C4E0940D500C9000C27407F0
A374D0F0804CC39000C5E094C49000C4
E094094018A3E094B89000C4E0940B50
0C9000C27405F0A374DCF08025C39000
C5E094D09000C4E094074016A3E094C4
9000C4E09409500A9000C27403F0A374
20F07F02120EEBE5AD20E2FBE5F630E0
FB75F6011200369000B5EEF0A3EFF07F
02120EEBE5AD20E2FBE5F630E0FB75F6
011200369000B5EEF0A3EFF07F02120E
EBE5AD20E2FBE5F630E0FB75F6011200
369000B5EEF0A3EFF09000C2E0FEA3E0
FFC39000B6E09F9000B5E09E405AA3E0
94FF9000B5E0947F504E9000CBE01460
3D0470449000CCE475F0011201289000
CCE07004A3E06402702E7D017F0A1210
577D017F0812105790C90AE0E4F0A3E0
E4F09000CB04F0A3E4F0A3F0800A90C9
0AE0E4F0A3E0E4F07F0B1212A5D007D0
06D005D004D003D002D001D000D0D0D0
82D083D0F0D0E0324401140000000044
0110000000004200CE1F404200BCFA00
4200B300004200B500004200C4000042
00C200644400C6000000004200AF0000
4200AD00004400BE000000004200B700
004200CC00004200B10000C103C10442
00B900004100BB004100CA004200AB00
004100CB006048006300000000000000
00000000000000000000000000000000
00000000000000000000000000000000
00000000000000000000000000000000
00000000000000000000000000000000
004101180043011900000043011C0000
004900EC0000000000000000004900F5
0000000000000000004900FE00000000
00000000004C00E00000000000000000
0000000041011F004901070000000000
0000000041001B004100040044000000
000000420005000042005D000242005F
00004200610000C102C101C100009000
D012033F9000D412034B0000000043F8
04E5F830E5FB9091AAE0FFE4FCFDFE78
101202AFC004C005C006C007A3E0FFE4
FCFDFE78181202AFD003D002D001D000
12027EC004C005C006C0079091A9E0FF
E4FCFDFE78081202AFD003D002D001D0
0012027EA804A905AA06AB079091A8E0
FFE4FCFDFE12027E90011012033F7FC0
7E0A7D707C019001101202FED312028B
50167F407E617D6C7C019001101202FE
C312028B4002801274FFFFFEFDFC9001
101202FEC312028B700C9000D412034B
02DC6C008015E47F02FEFDFC90011012
02FE1201619000D412033F9000D01202
F21203CB083A00B71B00083200F42400
082A016E36000000083275EE01E47B02
800E75EE02E47B03800675EE03E47B04
FAF9F89000D41202F21201EC90011412
033F53F8FE53D9F822AC07EF13131354
1F9000D0F0EF5407A3F0ED6060EC75F0
03A42463F582E43400F58312039CD2AF
D2A81212A59000D0E0FF7011A3E0FE74
01A806088002C333D8FC42E922EFB401
139000D1E0FF7401A807088002C333D8
FC42EA229000D0E06402705CA3E0FF74
01A807088002C333D8FC42EB22C2A890
00D0E0FF7012A3E0FE7401A806088002
C333D8FCF452E922EFB401149000D1E0
FF7401A807088002C333D8FCF452EA22
9000D0E0B40211A3E0FF7401A8070880
02C333D8FCF452EB22EF131313541FFE
EF5407FFED604FEE701690C000C083C0
82E0FE7401A807088002C333D8FC8033
EEB4011690C001C083C082E0FE7401A8
07088002C333D8FC8019EE6402706D90
C002C083C082E0FE7401A807088002C3
33D8FC4E8051EE701890C000C083C082
E0FE7401A807088002C333D8FCF45E80
36EEB4011890C001C083C082E0FE7401
A807088002C333D8FCF45E801AEEB402
1B90C002C083C082E0FE7401A8070880
02C333D8FCF45ED082D083F022EF1313
13541FFEEF5407FFED604FEE701690C0
05C083C082E0FE7401A807088002C333
D8FC8033EEB4011690C006C083C082E0
FE7401A807088002C333D8FC8019EE64
02706D90C007C083C082E0FE7401A807
088002C333D8FC4E8051EE701890C005
C083C082E0FE7401A807088002C333D8
FCF45E8036EEB4011890C006C083C082
E0FE7401A807088002C333D8FCF45E80
1AEEB4021B90C007C083C082E0FE7401
A807088002C333D8FCF45ED082D083F0
22C0E0C0F0C083C082C0D075D000C000
C001C002C003C004C005C006C00790C8
09E030E01790C808E030E010A37401F0
9000E012037CE94A605D805890C809E0
30E11790C808E030E110A37402F09000
E312037CE94A603F803A90C809E030E2
1790C808E030E210A37404F09000E612
037CE94A6021801C90C809E030E31890
C808E030E311A37408F09000E912037C
E94A6003120405D007D006D005D004D0
03D002D001D000D0D0D082D083D0F0D0
E0329000D012039C90C9057407F0EF64
01704FED24FE601C14602E2402703D90
00D012037C9000EC12039C90C904E044
01F080289000D012037C9000EF12039C
90C904E04402F080139000D012037C90
00F212039C90C904E04404F0D2AF43B8
0122ED24FE601B14602C2402703B9000
D012037C9000EC12039C90C904E044FE
F0229000D012037C9000EF12039C90C9
04E044FDF0229000D012037C9000F212
039C90C904E044FBF022C0E0C0F0C083
C082C0D075D000C000C001C002C003C0
04C005C006C00790C905E030E01C90C9
04E030E0159000EC12037CE94A600312
040590C9057401F0804C90C905E030E1
1C90C904E030E1159000EF12037CE94A
600312040590C9057402F0802990C905
E030E21C90C904E030E2159000F21203
7CE94A600312040590C9057404F08006
90C9057407F0D007D006D005D004D003
D002D001D000D0D0D082D083D0F0D0E0
32C0E0C0F0C083C082C0D075D000C000
C001C002C003C004C005C006C00790CA
05E030E01C90CA04E030E0159000F512
037CE94A600312040590CA057401F080
4C90CA05E030E11C90CA04E030E11590
00F812037CE94A600312040590CA0574
02F0802990CA05E030E21C90CA04E030
E2159000FB12037CE94A600312040590
CA057404F0800690CA057407F0D007D0
06D005D004D003D002D001D000D0D0D0
82D083D0F0D0E032C0E0C0F0C083C082
C0D075D000C000C001C002C003C004C0
05C006C00790CB05E030E01C90CB04E0
30E0159000FE12037CE94A6003120405
90CB057401F0804C90CB05E030E11C90
CB04E030E11590010112037CE94A6003
12040590CB057402F0802990CB05E030
E21C90CB04E030E21590010412037CE9
4A600312040590CB057404F0800690CB
057407F0D007D006D005D004D003D002
D001D000D0D0D082D083D0F0D0E03290
C018E4F07F08120066E4FD7F08120F65
E4FD7F08120FDE7D017F0812105790C0
1AE4F07F0A120066E4FD7F0A120F65E4
FD7F0A120FDE7D017F0A1210577F0B12
00667D017F0B120F65E4FD7F0B120FDE
7D017F0B1209197BFF7A0079217D017F
0B12085953AE7F43AE4090C01C7420F0
E4FD7F0C1209CD90C01DE4F07F0D1200
667D017F0D120F657D017F0D02091978
7FE4F6D8FD758120020EA60211BEE493
A3F8E493A34003F68001F208DFF48029
E493A3F85407240CC8C333C4540F4420
C8834004F456800146F6DFE4800B0102
0408102040809005F8E47E019360BCA3
FF543F30E509541FFEE493A360010ECF
54C025E060A840B8E493A3FAE493A3F8
E493A3C8C582C8CAC583CAF0A3C8C582
C8CAC583CADFE9DEE780BEEF1203A50F
0B010F15020F1F040F29080F33100F3D
200F47400F518000000F5BE5B454F044
01F5B48049E5B454F04402F5B4803FE5
B454F04403F5B48035E5B454F04404F5
B4802BE5B454F04405F5B48021E5B454
F04406F5B48017E5B454F04407F5B480
0DE5B454F04408F5B4800353B4F053AD
FB43AD0422EF131313541FFEEF5407FF
ED6034EE700D04A807088002C333D8FC
42F922EEB4010E7401A807088002C333
D8FC42FA22EE6402704304A807088002
C333D8FC42FB22EE700E04A807088002
C333D8FCF452F922EEB4010F7401A807
088002C333D8FCF452FA22EEB4020E74
01A807088002C333D8FCF452FB22EF13
1313541FFEEF5407FFED6034EE700D04
A807088002C333D8FC429722EEB4010E
7401A807088002C333D8FC42E522EE64
02704304A807088002C333D8FC42FC22
EE700E04A807088002C333D8FCF45297
22EEB4010F7401A807088002C333D8FC
F452E522EEB4020E7401A807088002C3
33D8FCF452FC22EF131313541FFEEF54
07FFED6034EE700D04A807088002C333
D8FC428022EEB4010E7401A807088002
C333D8FC429022EE6402704304A80708
8002C333D8FC42A022EE700E04A80708
8002C333D8FCF4528022EEB4010F7401
A807088002C333D8FCF4529022EEB402
0E7401A807088002C333D8FCF452A022
9000D412033FE47F10FEFDFC9000D812
02FE1201619000DC12033FE47B02FAF9
F89000DC1202F21201EC9000D41202FE
1201549000DC1202FE1201EC9000DC12
033F9000DC1202FEC3E49BFF74049AFE
E499FDE498FC9000DC12033F9000DC12
02F2780812029CAB079000DC1202F2EB
5403F5BA8FAA22C0E0C0F0C083C082C0
D075D000C000C001C002C003C004C005
C006C007E5C830E11053C8FD90010712
037CE94A6003120405E5C930E11053C9
FD90010A12037CE94A6003120405E5CA
30E11053CAFD90010D12037CE94A6003
120405D007D006D005D004D003D002D0
01D000D0D0D082D083D0F0D0E0321214
76120DCF1214087D0F7C007F4C7E0412
13227BFF7A1479217D017F01120B3212
14819000D47401F07B047A00E4FD7F01
1213927F031200067F06120094E4FF12
14477F011214357F0112146A80FEC0E0
C0F0C083C082C0D075D000C000C001C0
02C003C004C005C006C007E5F630E00D
90011C12037CE94A600312040575F601
D007D006D005D004D003D002D001D000
D0D0D082D083D0F0D0E032C0E0C0F0C0
83C082C0D075D000C000C001C002C003
C004C005C006C00730980F9001191203
7CE94A6003120405C298D007D006D005
D004D003D002D001D000D0D0D082D083
D0F0D0E032EF131313541FFEEF5407FF
EE700E04A807088002C333D8FCF452E1
22EEB4010F7401A807088002C333D8FC
F452E222EEB4020E7401A807088002C3
33D8FCF452E322EF131313541FFEEF54
07FFEE700DE5E1A807088002C313D8FC
801CEEB4010DE5E2A807088002C313D8
FC800BE5E3A807088002C313D8FC5401
FF22AB07AA0643DF0843E70890C900E0
4440F0EC90C90DF0ED90C90CF0EB24FF
EA34FF90C90FF0EB1490C90EF090C906
7401F090C905E04401F0229000D01203
3F43DE0143E601439E01E4900118F0C2
9FD29EC299C2989000D01202F29000D8
12033F9001141202F21210D0D29C53F3
3F229000D4E06401702743DE1043E610
EFC4333354C0FFE5AC54BF4FF5ACE4F5
FEF5FFEBF5FEEAF5FFE5FD54FE4DF5FD
2253DEEF53E6EF2212002690005FE475
F00112013EFC741C25F0F58274003CF5
83EFF090005C7401F022C0E0C083C082
E5A630E30990011F7401F075A32075A3
FFD082D083D0E032E490005CF0FF7EC2
7D01FC12135B7BFF7A1379C87F010214
59E4FD7F0A121057E4FD7F08121057E4
9000CBF022EFB4010753ADFE53ADFD22
43AD0243AD012243AC20EF700553ACFD
800343AC0253B5FE22EFB4010AD2AFD2
AC90011902039CC2AC22EFB4010443AC
012253ACFE227F007E247DF47C000207
2E90C900E04401F022FFFFFF

---------- Code Information -----------
Code Entrance:      0x00000000 
Code Run Entrance:  0x00000000 
Code Size:          0x0000148C 
Code CRC Value:     0x181E 
