0211CB020798E4FD7F0A1213C3E4FD7F
081213C3E4FD7F0B1213C3E4900104F0
2222FF0215C7AB070217A80214B3AF99
22FFFF02157AE5B7540FFEAFB6D3EF94
01EE9400400774052FFFE43EFED3EF94
FFEE940F40047E0F7FFF220217562564
0D0A00020DDBEF131313541FFEEF5407
9000ABF0EE700743DF0143E70122EEB4
010743DF0243E70222EEB4020643DF04
43E70422EF8FF553B4EF22021082FFFF
FFFFFF020FDBFFFFFFFFFF020F34BB01
0689828A83E0225002E722BBFE02E322
89828A83E49322BB010CE58229F582E5
833AF583E0225006E92582F8E622BBFE
06E92582F8E222E58229F582E5833AF5
83E49322BB010689828A83F0225002F7
22BBFE01F322F8BB010DE58229F582E5
833AF583E8F0225006E92582C8F622BB
FE05E92582C8F222C5F0F8A3E028F0C5
F0F8E582158270021583E038F022A3F8
E0C5F025F0F0E582158270021583E0C8
38F0E822EF2BFFEE3AFEED39FDEC38FC
22E88FF0A4CC8BF0A42CFCE98EF0A42C
FC8AF0EDA42CFCEA8EF0A4CDA8F08BF0
A42DCC3825F0FDE98FF0A42CCD35F0FC
EB8EF0A4FEA9F0EB8FF0A4CFC5F02ECD
39FEE43CFCEAA42DCE35F0FDE43CFC22
75F008758200EF2FFFEE33FECD33CDCC
33CCC58233C5829BED9AEC99E5829840
0CF582EE9BFEED9AFDEC99FC0FD5F0D6
E4CEFBE4CDFAE4CCF9A88222B800C1B9
0059BA002DEC8BF084CFCECDFCE5F0CB
F97818EF2FFFEE33FEED33FDEC33FCEB
33FB10D703994004EB99FB0FD8E5E4F9
FA227818EF2FFFEE33FEED33FDEC33FC
C933C910D7059BE99A4007EC9BFCE99A
F90FD8E0E4C9FAE4CCFB2275F010EF2F
FFEE33FEED33FDCC33CCC833C810D707
9BEC9AE899400AED9BFDEC9AFCE899F8
0FD5F0DAE4CDFBE4CCFAE4C8F922EF4B
FFEE4AFEED49FDEC48FC22EB9FF5F0EA
9E42F0E99D42F0E89C45F022E8600FEC
C313FCED13FDEE13FEEF13FFD8F122E8
600FEFC333FFEE33FEED33FDEC33FCD8
F122BB010DE58229F582E5833AF58302
02F25007E92582F802040BBBFE07E925
82F8020417E58229F582E5833AF58302
0423E0FCA3E0FDA3E0FEA3E0FF22E0F8
A3E0F9A3E0FAA3E0FB227401FF3395E0
FEFDFCA3A3A3E0CF2FF0E58215827002
1583E0CE3EF0E582158270021583E0CD
3DF0E582158270021583E0CC3CF022EC
F0A3EDF0A3EEF0A3EFF022A8828583F0
D083D082120362120362120362120362
E473E493A3C583C5F0C583C8C582C8F0
A3C583C5F0C583C8C582C822E0FBA3E0
FAA3E0F922F8E0FBA3A3E0F925F0F0E5
82158270021583E0FA38F022EBF0A3EA
F0A3E9F022D083D082F8E49370127401
93700DA3A393F8740193F5828883E473
7402936860EFA3A3A380DFD083D082E4
937012740193700DA3A393F8740193F5
828883E4737402936C70127403936D70
0C7404936E70067405936F60DDA3A3A3
A3A3A380CA8A838982E473E6FC08E6FD
08E6FE08E6FF22E2FC08E2FD08E2FE08
E2FF22E493FC740193FD740293FE7403
93FF22E50824BEF582E43400F583E005
08229000BB3007039000BEE475F00112
03850200AE2000E97F2ED2008018EF54
0F2490D43440D4FF30040BEF24BFB41A
0050032461FFE50960021509050CE50C
7002050B30070E9000BBE475F0011203
85EF0200F40200267403D2078003E4C2
07F5089000BB12039CE4F509F50BF50C
E50960077F2012047680F5750AFFC201
C200C202C203C205C206C208120442FF
700D3007057F00120487AF0CAE0B22B4
255FC2D5C204120442FF24D0B40A0050
1A75F00A780930D50508B6FF0106C6A4
26F620D5047002D20380D924CFB41A00
EF5004C2E5D204020688D20180C6D200
80C0D20280BCD2D580BAD20580B47F20
1204762002077401B5090040F1120433
FF1204760204B0D208D2068095120433
FB120433FA120433F94A4B700679597A
077BFF20022EE509602A7E008E827583
001200C760060EEE650A70F0C2D5EBC0
E0EAC0E0E9C0E0EE1206CFD0E0F9D0E0
FAD0E0FB1200AEFF60AAEBC0E0EAC0E0
E9C0E0120476D0E02401F9D0E03400FA
D0E0FBE50A0460DCD50AD980877BFF7A
0679CBD202809C791080027908C206C2
088008D2D5790A8004790AC2D5E50A04
7002F50AE4FAFDFEFF120433FC7B0820
0113120433FD7B1030000A120433FE12
0433FF7B20EC3382D592D55013C3E430
00069FFFE49EFEE42001039DFDE49CFC
E4CBF8C201EC700CCFCECDCCE824F8F8
70F38017C3EF33FFEE33FEED33FDEC33
FCEB33FB994002FB0FD8E9EB300105F8
D0E0C448B201C0E00AEC4D4E4F78207B
0070C2EAB50A0040BCC0E01206D1D0F0
D0E0200104C4C0E0C4B201C0F012045F
D0F0D5F0EB0204B01203A5054D5305C7
58051E4C051A4205CB4F05D34405D349
05334305D95505BD4605BD4505BD4707
795005222D05262E05492B052A230547
2007622A04E248000005413F3F3F0079
0AA2D5200314300509B910020404B908
0104A2D52006025001042002689202B5
09005034C0E07F203003197F30A20272
067205500F120728C202C206C205C208
7F30800F300503E9C0E0120476300503
D0E0F9D0E0B509CC3005177F30B9100C
1204767F583004077F788003B9080312
04763002057F2D0204767F202008F87F
2B2006F322920280CF286E756C6C2900
D2011204333001F8C201780930D50108
F60204E22D504349581204332403B405
004001E490077493120467743A120467
D2037509040205C7C0E0C0F0C083C082
C0D075D000C000C001C002C003C004C0
05C006C0077F0C121653EF70030209DB
90C900E054FEF07F04121257E5AD20E2
FBE5F630E0FB75F6011200369000FDEE
F0A3EFF0C39000FEE094AC9000FDE094
0D4019A3E094FF9000FDE0940F500D90
00FB7409F0A374C4F00208F5C39000FE
E094809000FDE0940C4019A3E094AC90
00FDE0940D500D9000FB7407F0A374D0
F00208F5C39000FEE094B89000FDE094
0B4018A3E094809000FDE0940C500C90
00FB7407F0A304F00208F5C39000FEE0
948C9000FDE0940A4018A3E094B89000
FDE0940B500C9000FB7406F0A37440F0
8073C39000FEE094C49000FDE0940940
18A3E0948C9000FDE0940A500C9000FB
7405F0A37478F0804CC39000FEE09498
9000FDE094084018A3E094C49000FDE0
9409500C9000FB7404F0A374B0F08025
C39000FEE094D09000FDE094074016A3
E094989000FDE09408500A9000FB7403
F0A374E8F07F02121257E5AD20E2FBE5
F630E0FB75F6011200369000EDEEF0A3
EFF07F02121257E5AD20E2FBE5F630E0
FB75F6011200369000EDEEF0A3EFF07F
02121257E5AD20E2FBE5F630E0FB75F6
011200369000EDEEF0A3EFF07BFF7A00
795E9000EDE0FFA3E09000BECFF0A3EF
F012049E9000FBE0FEA3E0FFC39000EE
E09F9000EDE09E4062A3E094FF9000ED
E0947F5056900104E014604504704C90
0105E475F001120128900105E07004A3
E06402703690C90AE0E4F0A3E0E4F07D
017F0A1213C37D017F081213C37D017F
0B1213C39001047401F0A3E4F0A3F080
0A90C90AE0E4F0A3E0E4F090C900E044
01F07F0C121611D007D006D005D004D0
03D002D001D000D0D0D082D083D0F0D0
E03244013D0000000044013900000000
4201071F404200F4FA004200EB000042
00ED00004200FD00004200FB00644400
FF000000004200E700004200E5000044
00F7000000004200EF00004201050000
4200E90000C10CC10D4200F100004100
F300410103004200E300004101040041
00F60060480063000000000000000000
00000000000000000000000000000000
00000000000000000000000000000000
00000000000000000000000000000000
00000000000000000000000000000041
01410043014200000043014500000049
011500000000000000000049011E0000
00000000000000490127000000000000
0000004C010900000000000000000000
00004101480049013000000000000000
000041001B0041000400440000000000
00420005000042005D000242005F0000
4200610000C10BC10AC109009000AB12
033F9000AF12034B0000000043F804E5
F830E5FB9091AAE0FFE4FCFDFE781012
02AFC004C005C006C007A3E0FFE4FCFD
FE78181202AFD003D002D001D0001202
7EC004C005C006C0079091A9E0FFE4FC
FDFE78081202AFD003D002D001D00012
027EA804A905AA06AB079091A8E0FFE4
FCFDFE12027E90013912033F7FC07E0A
7D707C019001391202FED312028B5016
7F407E617D6C7C019001391202FEC312
028B4002801274FFFFFEFDFC90013912
02FEC312028B700C9000AF12034B02DC
6C008015E47F02FEFDFC9001391202FE
1201619000AF12033F9000AB1202F212
03CB0C4800B71B000C4000F424000C38
016E360000000C4075EE01E47B02800E
75EE02E47B03800675EE03E47B04FAF9
F89000AF1202F21201EC90013D12033F
53F8FE53D9F822AC07EF131313541F90
00ABF0EF5407A3F0ED6060EC75F003A4
2463F582E43400F58312039CD2AFD2A8
1216119000ABE0FF7011A3E0FE7401A8
06088002C333D8FC42E922EFB4011390
00ACE0FF7401A807088002C333D8FC42
EA229000ABE06402705CA3E0FF7401A8
07088002C333D8FC42EB22C2A89000AB
E0FF7012A3E0FE7401A806088002C333
D8FCF452E922EFB401149000ACE0FF74
01A807088002C333D8FCF452EA229000
ABE0B40211A3E0FF7401A807088002C3
33D8FCF452EB22EF131313541FFEEF54
07FFED604FEE701690C000C083C082E0
FE7401A807088002C333D8FC8033EEB4
011690C001C083C082E0FE7401A80708
8002C333D8FC8019EE6402706D90C002
C083C082E0FE7401A807088002C333D8
FC4E8051EE701890C000C083C082E0FE
7401A807088002C333D8FCF45E8036EE
B4011890C001C083C082E0FE7401A807
088002C333D8FCF45E801AEEB4021B90
C002C083C082E0FE7401A807088002C3
33D8FCF45ED082D083F022C0E0C0F0C0
83C082C0D075D000C000C001C002C003
C004C005C006C00790C809E030E01790
C808E030E010A37401F090010912037C
E94A605D805890C809E030E11790C808
E030E110A37402F090010C12037CE94A
603F803A90C809E030E21790C808E030
E210A37404F090010F12037CE94A6021
801C90C809E030E31890C808E030E311
A37408F090011212037CE94A60031204
05D007D006D005D004D003D002D001D0
00D0D0D082D083D0F0D0E0329000AB12
039C90C9057407F0EF6401704FED24FE
601C14602E2402703D9000AB12037C90
011512039C90C904E04401F080289000
AB12037C90011812039C90C904E04402
F080139000AB12037C90011B12039C90
C904E04404F0D2AF43B80122ED24FE60
1B14602C2402703B9000AB12037C9001
1512039C90C904E044FEF0229000AB12
037C90011812039C90C904E044FDF022
9000AB12037C90011B12039C90C904E0
44FBF022C0E0C0F0C083C082C0D075D0
00C000C001C002C003C004C005C006C0
0790C905E030E01C90C904E030E01590
011512037CE94A600312040590C90574
01F0804C90C905E030E11C90C904E030
E11590011812037CE94A600312040590
C9057402F0802990C905E030E21C90C9
04E030E21590011B12037CE94A600312
040590C9057404F0800690C9057407F0
D007D006D005D004D003D002D001D000
D0D0D082D083D0F0D0E032C0E0C0F0C0
83C082C0D075D000C000C001C002C003
C004C005C006C00790CA05E030E01C90
CA04E030E01590011E12037CE94A6003
12040590CA057401F0804C90CA05E030
E11C90CA04E030E11590012112037CE9
4A600312040590CA057402F0802990CA
05E030E21C90CA04E030E21590012412
037CE94A600312040590CA057404F080
0690CA057407F0D007D006D005D004D0
03D002D001D000D0D0D082D083D0F0D0
E032C0E0C0F0C083C082C0D075D000C0
00C001C002C003C004C005C006C00790
CB05E030E01C90CB04E030E015900127
12037CE94A600312040590CB057401F0
804C90CB05E030E11C90CB04E030E115
90012A12037CE94A600312040590CB05
7402F0802990CB05E030E21C90CB04E0
30E21590012D12037CE94A6003120405
90CB057404F0800690CB057407F0D007
D006D005D004D003D002D001D000D0D0
D082D083D0F0D0E03290C018E4F07F08
120066E4FD7F081212D1E4FD7F081213
4A7D017F081213C390C01AE4F07F0A12
0066E4FD7F0A1212D1E4FD7F0A12134A
7D017F0A1213C390C01BE4F07F0B1200
66E4FD7F0B1212D1E4FD7F0B12134AE4
FD7F0B1213C37F0C1200667D017F0C12
12D1E4FD7F0C12134A7D017F0C120D27
7BFF7A0079217D017F0C120C6753B0FE
43B00190C01DE4F07F0D1200667D017F
0D1212D17D017F0D020D27787FE4F6D8
FD75812102121202152AE493A3F8E493
A34003F68001F208DFF48029E493A3F8
5407240CC8C333C4540F4420C8834004
F456800146F6DFE4800B010204081020
4080900A02E47E019360BCA3FF543F30
E509541FFEE493A360010ECF54C025E0
60A840B8E493A3FAE493A3F8E493A3C8
C582C8CAC583CAF0A3C8C582C8CAC583
CADFE9DEE780BEEF1203A51277011281
02128B04129508129F1012A92012B340
12BD80000012C7E5B454F04401F5B480
49E5B454F04402F5B4803FE5B454F044
03F5B48035E5B454F04404F5B4802BE5
B454F04405F5B48021E5B454F04406F5
B48017E5B454F04407F5B4800DE5B454
F04408F5B4800353B4F053ADFB43AD04
22EF131313541FFEEF5407FFED6034EE
700D04A807088002C333D8FC42F922EE
B4010E7401A807088002C333D8FC42FA
22EE6402704304A807088002C333D8FC
42FB22EE700E04A807088002C333D8FC
F452F922EEB4010F7401A807088002C3
33D8FCF452FA22EEB4020E7401A80708
8002C333D8FCF452FB22EF131313541F
FEEF5407FFED6034EE700D04A8070880
02C333D8FC429722EEB4010E7401A807
088002C333D8FC42E522EE6402704304
A807088002C333D8FC42FC22EE700E04
A807088002C333D8FCF4529722EEB401
0F7401A807088002C333D8FCF452E522
EEB4020E7401A807088002C333D8FCF4
52FC22EF131313541FFEEF5407FFED60
34EE700D04A807088002C333D8FC4280
22EEB4010E7401A807088002C333D8FC
429022EE6402704304A807088002C333
D8FC42A022EE700E04A807088002C333
D8FCF4528022EEB4010F7401A8070880
02C333D8FCF4529022EEB4020E7401A8
07088002C333D8FCF452A0229000AF12
033FE47F10FEFDFC9000B31202FE1201
619000B712033FE47B02FAF9F89000B7
1202F21201EC9000AF1202FE12015490
00B71202FE1201EC9000B712033F9000
B71202FEC3E49BFF74049AFEE499FDE4
98FC9000B712033F9000B71202F27808
12029CAB079000B71202F2EB5403F5BA
8FAA22C0E0C0F0C083C082C0D075D000
C000C001C002C003C004C005C006C007
E5C830E11053C8FD90013012037CE94A
6003120405E5C930E11053C9FD900133
12037CE94A6003120405E5CA30E11053
CAFD90013612037CE94A6003120405D0
07D006D005D004D003D002D001D000D0
D0D082D083D0F0D0E0321217FF121129
12178F7D0F7C007F4C7E0412168E7BFF
7A0079067D017F01120E8C12180A9000
AF7401F07B047A00E4FD7F011216FE7F
031217747F06120094E4FF1217D07F01
1217BE7F011217F380FEC0E0C0F0C083
C082C0D075D000C000C001C002C003C0
04C005C006C007E5F630E00D90014512
037CE94A600312040575F601D007D006
D005D004D003D002D001D000D0D0D082
D083D0F0D0E032C0E0C0F0C083C082C0
D075D000C000C001C002C003C004C005
C006C00730980F90014212037CE94A60
03120405C298D007D006D005D004D003
D002D001D000D0D0D082D083D0F0D0E0
32EF131313541FFEEF5407FFEE700E04
A807088002C333D8FCF452E122EEB401
0F7401A807088002C333D8FCF452E222
EEB4020E7401A807088002C333D8FCF4
52E322EF131313541FFEEF5407FFEE70
0DE5E1A807088002C313D8FC801CEEB4
010DE5E2A807088002C313D8FC800BE5
E3A807088002C313D8FC5401FF22AB07
AA0643DF0843E70890C900E04440F0EC
90C90DF0ED90C90CF0EB24FFEA34FF90
C90FF0EB1490C90EF090C9067401F090
C905E04401F0229000AB12033F43DE01
43E601439E01E4900141F0C29FD29EC2
99C2989000AB1202F29000B312033F90
013D1202F212143CD29C53F33F229000
AFE06401702743DE1043E610EFC43333
54C0FFE5AC54BF4FF5ACE4F5FEF5FFEB
F5FEEAF5FFE5FD54FE4DF5FD2253DEEF
53E6EF2212002E90005FE475F0011201
3EFC741C25F0F58274003CF583EFF090
005C7401F022C0E0C083C082E5A630E3
099001487401F075A32075A3FFD082D0
83D0E03253F7F8EF24FC600B14600C24
02700B43F7032243F7042243F70522E4
90005CF0FF7EC27D01FC1216C77BFF7A
1779347F010217E274FFFDFC8F992099
0AED1DAE0470011C4E70F3C29922EFB4
010753ADFE53ADFD2243AD0243AD0122
43AC20EF700553ACFD800343AC0253B5
FE22EFB4010AD2AFD2AC90014202039C
C2AC22EFB4010443AC012253ACFE227F
007E247DF47C00020B3C90C900E04401
F022FFFF

---------- Code Information -----------
Code Entrance:      0x00000000 
Code Run Entrance:  0x00000000 
Code Size:          0x00001814 
Code CRC Value:     0x036A 
