020EC002121F121738AD07AC06121782
9000B7ECF0A3EDF0E49000B9F0A3F002
17992202136EAF9922FFFF0211A8FFFF
FFFFFF021321E5B7540FFEAFB6D3EF94
01EE9400400774052FFFE43EFED3EF94
FFEE940F40047E0F7FFF220216E3FFFF
FFFFFF0208DFAB07AA06121834C3EF9B
EE9A4007EF9BFFEE9A800EC374E89BFD
74039AFCED2FFFEC3E9000DCF0A3EFF0
9000DCE0FEA3E0FF22FFFF020C2EFFFF
FFFFFF020B87FFFFFFFFFF020AE0BB01
0689828A83E0225002E722BBFE02E322
89828A83E49322BB010CE58229F582E5
833AF583E0225006E92582F8E622BBFE
06E92582F8E222E58229F582E5833AF5
83E49322BB010689828A83F0225002F7
22BBFE01F322F8BB010DE58229F582E5
833AF583E8F0225006E92582C8F622BB
FE05E92582C8F222C5F0F8A3E028F0C5
F0F8E582158270021583E038F022A3F8
E0C5F025F0F0E582158270021583E0C8
38F0E822BB010A89828A83F0E5F0A3F0
225006F709A7F01922BBFE06F3E5F009
F31922EF2BFFEE3AFEED39FDEC38FC22
E88FF0A4CC8BF0A42CFCE98EF0A42CFC
8AF0EDA42CFCEA8EF0A4CDA8F08BF0A4
2DCC3825F0FDE98FF0A42CCD35F0FCEB
8EF0A4FEA9F0EB8FF0A4CFC5F02ECD39
FEE43CFCEAA42DCE35F0FDE43CFC2275
F008758200EF2FFFEE33FECD33CDCC33
CCC58233C5829BED9AEC99E58298400C
F582EE9BFEED9AFDEC99FC0FD5F0D6E4
CEFBE4CDFAE4CCF9A88222B800C1B900
59BA002DEC8BF084CFCECDFCE5F0CBF9
7818EF2FFFEE33FEED33FDEC33FCEB33
FB10D703994004EB99FB0FD8E5E4F9FA
227818EF2FFFEE33FEED33FDEC33FCC9
33C910D7059BE99A4007EC9BFCE99AF9
0FD8E0E4C9FAE4CCFB2275F010EF2FFF
EE33FEED33FDCC33CCC833C810D7079B
EC9AE899400AED9BFDEC9AFCE899F80F
D5F0DAE4CDFBE4CCFAE4C8F922EF4BFF
EE4AFEED49FDEC48FC22EB9FF5F0EA9E
42F0E99D42F0E89C45F022E8600FECC3
13FCED13FDEE13FEEF13FFD8F122E860
0FEFC333FFEE33FEED33FDEC33FCD8F1
22BB010DE58229F582E5833AF5830203
115007E92582F802042ABBFE07E92582
F8020436E58229F582E5833AF5830204
42E0FCA3E0FDA3E0FEA3E0FF22E0F8A3
E0F9A3E0FAA3E0FB227401FF3395E0FE
FDFCA3A3A3E0CF2FF0E5821582700215
83E0CE3EF0E582158270021583E0CD3D
F0E582158270021583E0CC3CF022ECF0
A3EDF0A3EEF0A3EFF022A8828583F0D0
83D082120381120381120381120381E4
73E493A3C583C5F0C583C8C582C8F0A3
C583C5F0C583C8C582C822E0FBA3E0FA
A3E0F922F8E0FBA3A3E0F925F0F0E582
158270021583E0FA38F022EBF0A3EAF0
A3E9F022D083D082F8E4937012740193
700DA3A393F8740193F5828883E47374
02936860EFA3A3A380DFD083D082E493
7012740193700DA3A393F8740193F582
8883E4737402936C70127403936D700C
7404936E70067405936F60DDA3A3A3A3
A3A380CA8A838982E473E6FC08E6FD08
E6FE08E6FF22E2FC08E2FD08E2FE08E2
FF22E493FC740193FD740293FE740393
FF224401120000000044010E00000000
4200B100004200BF00004200BD00C842
00B300004200C900004200AF00004100
C5004100AE004100C4004100AB004100
B6004100BC004100B5004100C1004100
AD004200C700004100C6004100AC0042
00B900004200B703704200C200004100
BB006048006300000000000000000000
00000000000000000000000000000000
00000000000000000000000000000000
00000000000000000000000000000000
00000000000000000000000000004101
160043011700000043011A0000004900
EA0000000000000000004900F3000000
0000000000004900FC00000000000000
00004C00DE0000000000000000000000
0041011D004901050000000000000000
0041001B004100040044000000000000
420005000042005D000242005F000042
00610000C102C101C100009000CB1203
5E9000CF12036A0000000043F804E5F8
30E5FB9091AAE0FFE4FCFDFE78101202
CEC004C005C006C007A3E0FFE4FCFDFE
78181202CED003D002D001D00012029D
C004C005C006C0079091A9E0FFE4FCFD
FE78081202CED003D002D001D0001202
9DA804A905AA06AB079091A8E0FFE4FC
FDFE12029D90010E12035E7FC07E0A7D
707C0190010E12031DD31202AA50167F
407E617D6C7C0190010E12031DC31202
AA4002801274FFFFFEFDFC90010E1203
1DC31202AA700C9000CF12036A02DC6C
008015E47F02FEFDFC90010E12031D12
01809000CF12035E9000CB1203111203
EA069700B71B00068F00F42400068701
6E36000000068F75EE01E47B02800E75
EE02E47B03800675EE03E47B04FAF9F8
9000CF12031112020B90011212035E53
F8FE53D9F822AC07EF131313541F9000
CFF0EF5407A3F0ED6060EC75F003A424
63F582E43400F5831203BBD2AFD2A812
13FF9000CFE0FF7011A3E0FE7401A806
088002C333D8FC42E922EFB401139000
D0E0FF7401A807088002C333D8FC42EA
229000CFE06402705CA3E0FF7401A807
088002C333D8FC42EB22C2A89000CFE0
FF7012A3E0FE7401A806088002C333D8
FCF452E922EFB401149000D0E0FF7401
A807088002C333D8FCF452EA229000CF
E0B40211A3E0FF7401A807088002C333
D8FCF452EB229000CEEFF0A3ECF0A3ED
F0A31203BB9000D812036A00000000E4
9000D6F0A3F01218349000D4EEF0A3EF
F0E4FD7F081210B89000CEE0FF121661
C3EF94FEEE947F501C9000D812031DE4
FCFD1201739000D812035E9000D6E475
F0011201289000D4E0FEA3E0FF120066
D39000D0E09F9000CFE09E50BB7D017F
081210B89000D112039BE94A600D9000
D6E0FFA3E0CF8FF01201549000D6E0FC
A3E0FD4C70047E80FF22AB05AA04E4F9
F89000D812031112020B22EF13131354
1FFEEF5407FFED604FEE701690C000C0
83C082E0FE7401A807088002C333D8FC
8033EEB4011690C001C083C082E0FE74
01A807088002C333D8FC8019EE640270
6D90C002C083C082E0FE7401A8070880
02C333D8FC4E8051EE701890C000C083
C082E0FE7401A807088002C333D8FCF4
5E8036EEB4011890C001C083C082E0FE
7401A807088002C333D8FCF45E801AEE
B4021B90C002C083C082E0FE7401A807
088002C333D8FCF45ED082D083F022C0
E0C0F0C083C082C0D075D000C000C001
C002C003C004C005C006C00790C809E0
30E01790C808E030E010A37401F09000
DE12039BE94A605D805890C809E030E1
1790C808E030E110A37402F09000E112
039BE94A603F803A90C809E030E21790
C808E030E210A37404F09000E412039B
E94A6021801C90C809E030E31890C808
E030E311A37408F09000E712039BE94A
6003120424D007D006D005D004D003D0
02D001D000D0D0D082D083D0F0D0E032
9000CB1203BB90C9057407F0EF640170
4FED24FE601C14602E2402703D9000CB
12039B9000EA1203BB90C904E04401F0
80289000CB12039B9000ED1203BB90C9
04E04402F080139000CB12039B9000F0
1203BB90C904E04404F0D2AF43B80122
ED24FE601B14602C2402703B9000CB12
039B9000EA1203BB90C904E044FEF022
9000CB12039B9000ED1203BB90C904E0
44FDF0229000CB12039B9000F01203BB
90C904E044FBF0229000CB1203BB90CA
057407F0EF6401704FED24FE601C1460
2E2402703D9000CB12039B9000F31203
BB90CA04E04401F080289000CB12039B
9000F61203BB90CA04E04402F0801390
00CB12039B9000F91203BB90CA04E044
04F0D2AF43B80422ED24FE601B14602C
2402703B9000CB12039B9000F31203BB
90CA04E044FEF0229000CB12039B9000
F61203BB90CA04E044FDF0229000CB12
039B9000F91203BB90CA04E044FBF022
C0E0C0F0C083C082C0D075D000C000C0
01C002C003C004C005C006C00790C905
E030E01C90C904E030E0159000EA1203
9BE94A600312042490C9057401F0804C
90C905E030E11C90C904E030E1159000
ED12039BE94A600312042490C9057402
F0802990C905E030E21C90C904E030E2
159000F012039BE94A600312042490C9
057404F0800690C9057407F0D007D006
D005D004D003D002D001D000D0D0D082
D083D0F0D0E032C0E0C0F0C083C082C0
D075D000C000C001C002C003C004C005
C006C00790CA05E030E01C90CA04E030
E0159000F312039BE94A600312042490
CA057401F0804C90CA05E030E11C90CA
04E030E1159000F612039BE94A600312
042490CA057402F0802990CA05E030E2
1C90CA04E030E2159000F912039BE94A
600312042490CA057404F0800690CA05
7407F0D007D006D005D004D003D002D0
01D000D0D0D082D083D0F0D0E032C0E0
C0F0C083C082C0D075D000C000C001C0
02C003C004C005C006C00790CB05E030
E01C90CB04E030E0159000FC12039BE9
4A600312042490CB057401F0804C90CB
05E030E11C90CB04E030E1159000FF12
039BE94A600312042490CB057402F080
2990CB05E030E21C90CB04E030E21590
010212039BE94A600312042490CB0574
04F0800690CB057407F0D007D006D005
D004D003D002D001D000D0D0D082D083
D0F0D0E0329000ABE07003020D7AE490
00CBF0A3F07B017A0079CB7D64FC7F02
1207769000B1EEF0A3EFF09000CBE0FC
A3E0FD9000BFECF0A3EDF09000C9ECF0
A3EDF09000B9E0FDA3E09000C2CDF0A3
EDF012127C9000CDEFF09000BBF0600E
9000C5E0C39403500EE004F080099000
C5E06003E014F09000C4E07010A3E0C3
940340099000C47401F01218189000C4
E06009A3E070057F061212CF9000ABE0
60089000CDE0FF1214BB2290C018E4F0
7F08121611E4FD7F08120FC6E4FD7F08
12103F7D017F081210B890C01AE4F07F
0A121611E4FD7F0A120FC6E4FD7F0A12
103FE4FD7F0A1210B890C01BE4F07F0B
121611E4FD7F0B120FC6E4FD7F0B1210
3FE4FD7F0B1210B87F0C1216117D017F
0C120FC6E4FD7F0C12103F7D017F0C12
082B7BFF7A0079227D017F0C1206B653
B0FD43B00190C01C7420F0A3E4F07F0D
1216117D017F0D120FC67D017F0D0208
2B12184D120D7B1217517D177C007FE8
7E031215327BFF7A1379B87D017F0112
09907D177C007FD07E0712156B7BFF7A
1779017D017F01120A3812180912176A
9000CF7401F07B047A00E4FD7F011215
DB7F0312171D7F06121858E4FF1217E6
7F011217D47F011218411218261217B0
9000BCE0600BE4F09000ABE070031214
419000C1E060031216829000B6E06005
E4F0120CD59000B5E060D512147F80D0
787FE4F6D8FD758120020F07020E21E4
93A3F8E493A34003F68001F208DFF480
29E493A3F85407240CC8C333C4540F44
20C8834004F456800146F6DFE4800B01
02040810204080900452E47E019360BC
A3FF543F30E509541FFEE493A360010E
CF54C025E060A840B8E493A3FAE493A3
F8E493A3C8C582C8CAC583CAF0A3C8C5
82C8CAC583CADFE9DEE780BEEF1203C4
0F6C010F76020F80040F8A080F94100F
9E200FA8400FB28000000FBCE5B454F0
4401F5B48049E5B454F04402F5B4803F
E5B454F04403F5B48035E5B454F04404
F5B4802BE5B454F04405F5B48021E5B4
54F04406F5B48017E5B454F04407F5B4
800DE5B454F04408F5B4800353B4F053
ADFB43AD0422EF131313541FFEEF5407
FFED6034EE700D04A807088002C333D8
FC42F922EEB4010E7401A807088002C3
33D8FC42FA22EE6402704304A8070880
02C333D8FC42FB22EE700E04A8070880
02C333D8FCF452F922EEB4010F7401A8
07088002C333D8FCF452FA22EEB4020E
7401A807088002C333D8FCF452FB22EF
131313541FFEEF5407FFED6034EE700D
04A807088002C333D8FC429722EEB401
0E7401A807088002C333D8FC42E522EE
6402704304A807088002C333D8FC42FC
22EE700E04A807088002C333D8FCF452
9722EEB4010F7401A807088002C333D8
FCF452E522EEB4020E7401A807088002
C333D8FCF452FC22EF131313541FFEEF
5407FFED6034EE700D04A807088002C3
33D8FC428022EEB4010E7401A8070880
02C333D8FC429022EE6402704304A807
088002C333D8FC42A022EE700E04A807
088002C333D8FCF4528022EEB4010F74
01A807088002C333D8FCF4529022EEB4
020E7401A807088002C333D8FCF452A0
229000CF12035EE47F10FEFDFC9000D3
12031D1201809000D712035EE47B02FA
F9F89000D712031112020B9000CF1203
1D1201739000D712031D12020B9000D7
12035E9000D712031DC3E49BFF74049A
FEE499FDE498FC9000D712035E9000D7
12031178081202BBAB079000D7120311
EB5403F5BA8FAA22C0E0C0F0C083C082
C0D075D000C000C001C002C003C004C0
05C006C007E5C830E11053C8FD900105
12039BE94A6003120424E5C930E11053
C9FD90010812039BE94A6003120424E5
CA30E11053CAFD90010B12039BE94A60
03120424D007D006D005D004D003D002
D001D000D0D0D082D083D0F0D0E032C0
E0C0F0C083C082C0D075D000C000C001
C002C003C004C005C006C0077F0C1214
F7EF601D7F0C1213FF9000ABE0701290
00BCE0700C9000C1E070069000BC7401
F0D007D006D005D004D003D002D001D0
00D0D0D082D083D0F0D0E032AD07AC06
C3ED94FEEC947F4007E49000C6F0FF22
9000BDE0FFA3E09000CECFF0A3EFF012
16C39000C6E07015D39000CFE09D9000
CEE09C50149000C67401F0800CD3ED9F
EC9E5005E49000C6F09000C6E0FF2290
00CEEFF0E49000C5F09000AEF09000AB
F09000B6F09000BCF09000B5F09000C1
F09000ADF09000C7F0A3F09000C6F090
00ACF09000B9F0A3F09000BBF0121809
12176A1218269000C4E06002E4F00217
B0C0E0C0F0C083C082C0D075D000C000
C001C002C003C004C005C006C007E5F6
30E00D90011A12039BE94A6003120424
75F601D007D006D005D004D003D002D0
01D000D0D0D082D083D0F0D0E032C0E0
C0F0C083C082C0D075D000C000C001C0
02C003C004C005C006C00730980F9001
1712039BE94A6003120424C298D007D0
06D005D004D003D002D001D000D0D0D0
82D083D0F0D0E0329000ABE07011A3F0
90C900E054FEF090C90AE4F0A3F02290
00ACE06013E4F09000B7E0FFA3E09000
B9CFF0A3EFF0800A9000B97403F0A374
E8F09000B6E070069000B67401F022EF
131313541FFEEF5407FFEE700E04A807
088002C333D8FCF452E122EEB4010F74
01A807088002C333D8FCF452E222EEB4
020E7401A807088002C333D8FCF452E3
2212176A9000AB7401F0E49000B6F090
00BCF09000B5F09000C7F0A3F09000C5
F09000AEF09000C6F09000AC04F0E490
00B9F0A3F09000BBF01217C2020006E4
9000B5F09000C7F0A3F09000ABF09000
B6F09000BCF09000C1F09000ADF09000
C6F09000ACF09000B9F0A3F012180990
00C4E060031216A30217B09000ABE070
079000C7F0A3F022C39000C8E094FF90
00C7E094FF5007E475F001120128C390
00C8E094039000C7E094004009EF6006
9000B57401F022EF131313541FFEEF54
07FFEE700DE5E1A807088002C313D8FC
801CEEB4010DE5E2A807088002C313D8
FC800BE5E3A807088002C313D8FC5401
FF22AB07AA0643DF0843E70890C900E0
4440F0EC90C90DF0ED90C90CF0EB24FF
EA34FF90C90FF0EB1490C90EF090C906
7401F090C905E04401F022AB07AA0643
DF2043E72090CA00E04440F0EC90CA0D
F0ED90CA0CF0EB24FFEA34FF90CA0FF0
EB1490CA0EF090CA067401F090CA05E0
4401F0229000CB12035E43DE0143E601
439E01E4900116F0C29FD29EC299C298
9000CB1203119000D312035E90011212
0311121131D29C53F33F229000CFE064
01702743DE1043E610EFC4333354C0FF
E5AC54BF4FF5ACE4F5FEF5FFEBF5FEEA
F5FFE5FD54FE4DF5FD2253DEEF53E6EF
22EF131313541FFEEF54079000CBF0EE
700743DF0143E70122EEB4010743DF02
43E70222EEB4020643DF0443E7042212
002690005FE475F00112013EFC741C25
F0F58274003CF583EFF090005C7401F0
22120F4CE5AD20E2FBE5F630E0FB75F6
01120036D3EF94FFEE940F40047E0F7F
FF229000C1E0601AE49000C1F09000AD
F09000ABE0700B9000C4E060057F0912
12CF22E49000C1F09000AD04F090CA00
E054FEF090CA0AE4F0A3F090CA00E044
01F022D39000BEE0941E9000BDE09400
400DA3E024E2FF9000BDE034FFFE22E4
FEFF22C0E0C083C082E5A630E3099001
1D7401F075A32075A3FFD082D083D0E0
3290CA00E054FEF090CA0AE4F0A3F090
00ADE06007E4F09000C104F02253F7F8
EF24FC600B14600C2402700B43F70322
43F7042243F705227F707E03EF4E7003
FE7F01D3EF94E8EE940340047E037FE8
22E490005CF0FF7EC27D01FC1215A47B
FF7A16793F7F010217F8E49000ADF090
00C1F090CA00E054FEF090CA0AE4F0A3
F022C3EF94E8EE94034004E4FEFF22C3
74E89FFF74039EFE2290C900E054FEF0
EF90C90AF0EEA3F090C900E04401F022
7F0C1213FF7BFF7A0079227D017F0C02
06B67F0C1213FF7BFF7A007922E4FD7F
0C0206B6EFB4010753ADFE53ADFD2243
AD0243AD012243AC20EF700553ACFD80
0343AC0253B5FE22EFB4010AD2AFD2AC
9001170203BBC2AC2290C900E054FEF0
90C90AE4F0A3F0227D017F0A1210B87D
017F0B0210B8E4FD7F0A1210B8E4FD7F
0B0210B890C90AE0FDA3E0FCEDAE04FF
22EFB4010443AC012253ACFE227F007E
367D6E7C0102058BEF8FF553B4EF22FF

---------- Code Information -----------
Code Entrance:      0x00000000 
Code Run Entrance:  0x00000000 
Code Size:          0x00001860 
Code CRC Value:     0x2ADD 
