0211CD020A5953F7F8EF24FC600B1460
0C2402700B43F7032243F7042243F705
2222FF021629AB0702189E0214B5AF99
22FFFF0215DCE5B7540FFEAFB6D3EF94
01EE9400400774052FFFE43EFED3EF94
FFEE940F40047E0F7FFF22021851FFFF
FFFFFF020DD9EF131313541FFEEF5407
9000ABF0EE700743DF0143E70122EEB4
010743DF0243E70222EEB4020643DF04
43E70422EF8FF553B4EF22021080FFFF
FFFFFF020FD9FFFFFFFFFF020F32BB01
0689828A83E0225002E722BBFE02E322
89828A83E49322BB010CE58229F582E5
833AF583E0225006E92582F8E622BBFE
06E92582F8E222E58229F582E5833AF5
83E49322BB010689828A83F0225002F7
22BBFE01F322F8BB010DE58229F582E5
833AF583E8F0225006E92582C8F622BB
FE05E92582C8F222A3F8E0C5F025F0F0
E582158270021583E0C838F0E822BB01
0A89828A83E0F5F0A3E022500687F009
E71922BBFE07E3F5F009E3192289828A
83E493F5F074019322BB010789828A83
020458500B09C5F027F7C5F01937F722
BBFE0D09F8E325F0F3C5F019E338F322
F889828A8374019325F0C5F0F8E49338
22EF2BFFEE3AFEED39FDEC38FC22E88F
F0A4CC8BF0A42CFCE98EF0A42CFC8AF0
EDA42CFCEA8EF0A4CDA8F08BF0A42DCC
3825F0FDE98FF0A42CCD35F0FCEB8EF0
A4FEA9F0EB8FF0A4CFC5F02ECD39FEE4
3CFCEAA42DCE35F0FDE43CFC2275F008
758200EF2FFFEE33FECD33CDCC33CCC5
8233C5829BED9AEC99E58298400CF582
EE9BFEED9AFDEC99FC0FD5F0D6E4CEFB
E4CDFAE4CCF9A88222B800C1B90059BA
002DEC8BF084CFCECDFCE5F0CBF97818
EF2FFFEE33FEED33FDEC33FCEB33FB10
D703994004EB99FB0FD8E5E4F9FA2278
18EF2FFFEE33FEED33FDEC33FCC933C9
10D7059BE99A4007EC9BFCE99AF90FD8
E0E4C9FAE4CCFB2275F010EF2FFFEE33
FEED33FDCC33CCC833C810D7079BEC9A
E899400AED9BFDEC9AFCE899F80FD5F0
DAE4CDFBE4CCFAE4C8F922EF4BFFEE4A
FEED49FDEC48FC22EB9FF5F0EA9E42F0
E99D42F0E89C45F022E8600FECC313FC
ED13FDEE13FEEF13FFD8F122E8600FEF
C333FFEE33FEED33FDEC33FCD8F122BB
010DE58229F582E5833AF58302033F50
07E92582F802046EBBFE07E92582F802
047AE58229F582E5833AF583020486E0
FCA3E0FDA3E0FEA3E0FF22E0F8A3E0F9
A3E0FAA3E0FB227401FF3395E0FEFDFC
A3A3A3E0CF2FF0E582158270021583E0
CE3EF0E582158270021583E0CD3DF0E5
82158270021583E0CC3CF022ECF0A3ED
F0A3EEF0A3EFF022A8828583F0D083D0
821203AF1203AF1203AF1203AFE473E4
93A3C583C5F0C583C8C582C8F0A3C583
C5F0C583C8C582C822E0FBA3E0FAA3E0
F922F8E0FBA3A3E0F925F0F0E5821582
70021583E0FA38F022EBF0A3EAF0A3E9
F022D083D082F8E4937012740193700D
A3A393F8740193F5828883E473740293
6860EFA3A3A380DFD083D082E4937012
740193700DA3A393F8740193F5828883
E4737402936C70127403936D700C7404
936E70067405936F60DDA3A3A3A3A3A3
80CA8A838982E473C5F0F8A3E028F0C5
F0F8E582158270021583E038F022E6FC
08E6FD08E6FE08E6FF22E2FC08E2FD08
E2FE08E2FF22E493FC740193FD740293
FE740393FF22E50824AEF582E43400F5
83E00508229000AB3007039000AEE475
F0011203D20200AE2000E97F2ED20080
18EF540F2490D43440D4FF30040BEF24
BFB41A0050032461FFE5096002150905
0CE50C7002050B30070E9000ABE475F0
011203D2EF0200F40200267403D20780
03E4C207F5089000AB1203E9E4F509F5
0BF50CE50960077F201204D980F5750A
FFC201C200C202C203C205C206C20812
04A5FF700D3007057F001204EAAF0CAE
0B22B4255FC2D5C2041204A5FF24D0B4
0A00501A75F00A780930D50508B6FF01
06C6A426F620D5047002D20380D924CF
B41A00EF5004C2E5D2040206EBD20180
C6D20080C0D20280BCD2D580BAD20580
B47F201204D92002077401B5090040F1
120496FF1204D9020513D208D2068095
120496FB120496FA120496F94A4B7006
79BC7A077BFF20022EE509602A7E008E
827583001200C760060EEE650A70F0C2
D5EBC0E0EAC0E0E9C0E0EE120732D0E0
F9D0E0FAD0E0FB1200AEFF60AAEBC0E0
EAC0E0E9C0E01204D9D0E02401F9D0E0
3400FAD0E0FBE50A0460DCD50AD98087
7BFF7A07792ED202809C791080027908
C206C2088008D2D5790A8004790AC2D5
E50A047002F50AE4FAFDFEFF120496FC
7B08200113120496FD7B1030000A1204
96FE120496FF7B20EC3382D592D55013
C3E43000069FFFE49EFEE42001039DFD
E49CFCE4CBF8C201EC700CCFCECDCCE8
24F8F870F38017C3EF33FFEE33FEED33
FDEC33FCEB33FB994002FB0FD8E9EB30
0105F8D0E0C448B201C0E00AEC4D4E4F
78207B0070C2EAB50A0040BCC0E01207
34D0F0D0E0200104C4C0E0C4B201C0F0
1204C2D0F0D5F0EB0205131203F205B0
53062A5805814C057D42062E4F063644
063649059643063C5506204606204506
204707DC5005852D05892E05AC2B058D
2305AA2007C52A054548000005A43F3F
3F00790AA2D5200314300509B9100204
04B9080104A2D5200602500104200268
9202B509005034C0E07F203003197F30
A20272067205500F12078BC202C206C2
05C2087F30800F300503E9C0E01204D9
300503D0E0F9D0E0B509CC3005177F30
B9100C1204D97F583004077F788003B9
08031204D93002057F2D0204D97F2020
08F87F2B2006F322920280CF286E756C
6C2900D2011204963001F8C201780930
D50108F60205452D5043495812049624
03B405004001E49007D7931204CA743A
1204CAD20375090402062A44012B0000
0000440127000000004200E200004200
EB00004200E900C84200E400004200F5
00004200E000004100F1004100F00041
00D8004100F2004100D7004100DF0041
00ED004200EE00004100E8004200E600
004200DD00004200DB00004200D90000
4200F300006048006300000000000000
00000000000000000000000000000000
00000000000000000000000000000000
00000000000000000000000000000000
00000000000000000000000000000000
0041012F004301300000004301330000
0049010300000000000000000049010C
00000000000000000049011500000000
00000000004C00F70000000000000000
000000004101360049011E0000000000
0000000041001B004100040044000000
000000420005000042005D000242005F
00004200610000C10BC10AC109009000
AB12038C9000AF1203980000000043F8
04E5F830E5FB9091AAE0FFE4FCFDFE78
101202FCC004C005C006C007A3E0FFE4
FCFDFE78181202FCD003D002D001D000
1202CBC004C005C006C0079091A9E0FF
E4FCFDFE78081202FCD003D002D001D0
001202CBA804A905AA06AB079091A8E0
FFE4FCFDFE1202CB90012712038C7FC0
7E0A7D707C0190012712034BD31202D8
50167F407E617D6C7C0190012712034B
C31202D84002801274FFFFFEFDFC9001
2712034BC31202D8700C9000AF120398
02DC6C008015E47F02FEFDFC90012712
034B1201AE9000AF12038C9000AB1203
3F1204180A3A00B71B000A3200F42400
0A2A016E360000000A3275EE01E47B02
800E75EE02E47B03800675EE03E47B04
FAF9F89000AF12033F12023990012B12
038C53F8FE53D9F822C0E0C0F0C083C0
82C0D075D000C000C001C002C003C004
C005C006C0077F0C1216B5EF7003020B
5D7F0C1216737B017A0079E61218DE12
19369000D3EEF0A3EFF09000EEEEF0A3
EFF09000D8E0601DC39000D4E0945890
00D3E09402500E7A0079DD1218DEE4FD
7F02020B5A7F021218109000E2EEF0A3
EFF09000E2E0FEA3E0FF1215899000E8
EFF0700F7B017A0079DB1218DEE4FD7F
0380679000D8E06023D39000D4E09440
9000D3E0940640149000F0E06006A374
03F080149000F17401F0800C9000F1E0
C394035003E004F09000D87401F01218
887B017A0079D91218DE9000F0E07016
A3E0C39403400F9000F07401F01218B4
7D017F058004E4FD7F041217CCD007D0
06D005D004D003D002D001D000D0D0D0
82D083D0F0D0E0329000D7E07003020C
64E4F01218317BFF7A19795A9000E2E0
FDA3E09000AECDF0A3EDF09000EBE0FD
A3E09000B0CDF0A3EDF09000E9E0FDA3
E09000B2CDF0A3EDF0A3E4F0A37478F0
A3EEF0A3EFF09000EEE0FFA3E09000B8
CFF0A3EFF09000F1E0FF9000BAE4F0A3
EFF09000F0E0FF9000BCE4F0A3EFF090
00F2E0FF9000BEE4F0A3EFF09000E8E0
FF9000C0E4F0A3EFF09000E6E0FFA3E0
9000C2CFF0A3EFF09000DDE0FFA3E090
00C4CFF0A3EFF09000DBE0FFA3E09000
C6CFF0A3EFF09000D9E0FFA3E09000C8
CFF0A3EFF09000F3E0FFA3E09000CACF
F0A3EFF09000EDE0FF9000CCE4F0A3EF
F012050122AC07EF131313541F9000AB
F0EF5407A3F0ED6060EC75F003A42463
F582E43400F5831203E9D2AFD2A81216
739000ABE0FF7011A3E0FE7401A80608
8002C333D8FC42E922EFB401139000AC
E0FF7401A807088002C333D8FC42EA22
9000ABE06402705CA3E0FF7401A80708
8002C333D8FC42EB22C2A89000ABE0FF
7012A3E0FE7401A806088002C333D8FC
F452E922EFB401149000ACE0FF7401A8
07088002C333D8FCF452EA229000ABE0
B40211A3E0FF7401A807088002C333D8
FCF452EB22EF131313541FFEEF5407FF
ED604FEE701690C000C083C082E0FE74
01A807088002C333D8FC8033EEB40116
90C001C083C082E0FE7401A807088002
C333D8FC8019EE6402706D90C002C083
C082E0FE7401A807088002C333D8FC4E
8051EE701890C000C083C082E0FE7401
A807088002C333D8FCF45E8036EEB401
1890C001C083C082E0FE7401A8070880
02C333D8FCF45E801AEEB4021B90C002
C083C082E0FE7401A807088002C333D8
FCF45ED082D083F022C0E0C0F0C083C0
82C0D075D000C000C001C002C003C004
C005C006C00790C809E030E01790C808
E030E010A37401F09000F71203C9E94A
605D805890C809E030E11790C808E030
E110A37402F09000FA1203C9E94A603F
803A90C809E030E21790C808E030E210
A37404F09000FD1203C9E94A6021801C
90C809E030E31890C808E030E311A374
08F09001001203C9E94A6003120452D0
07D006D005D004D003D002D001D000D0
D0D082D083D0F0D0E0329000AB1203E9
90C9057407F0EF6401704FED24FE601C
14602E2402703D9000AB1203C9900103
1203E990C904E04401F080289000AB12
03C99001061203E990C904E04402F080
139000AB1203C99001091203E990C904
E04404F0D2AF43B80122ED24FE601B14
602C2402703B9000AB1203C990010312
03E990C904E044FEF0229000AB1203C9
9001061203E990C904E044FDF0229000
AB1203C99001091203E990C904E044FB
F022C0E0C0F0C083C082C0D075D000C0
00C001C002C003C004C005C006C00790
C905E030E01C90C904E030E015900103
1203C9E94A600312045290C9057401F0
804C90C905E030E11C90C904E030E115
9001061203C9E94A600312045290C905
7402F0802990C905E030E21C90C904E0
30E2159001091203C9E94A6003120452
90C9057404F0800690C9057407F0D007
D006D005D004D003D002D001D000D0D0
D082D083D0F0D0E032C0E0C0F0C083C0
82C0D075D000C000C001C002C003C004
C005C006C00790CA05E030E01C90CA04
E030E01590010C1203C9E94A60031204
5290CA057401F0804C90CA05E030E11C
90CA04E030E11590010F1203C9E94A60
0312045290CA057402F0802990CA05E0
30E21C90CA04E030E2159001121203C9
E94A600312045290CA057404F0800690
CA057407F0D007D006D005D004D003D0
02D001D000D0D0D082D083D0F0D0E032
C0E0C0F0C083C082C0D075D000C000C0
01C002C003C004C005C006C00790CB05
E030E01C90CB04E030E0159001151203
C9E94A600312045290CB057401F0804C
90CB05E030E11C90CB04E030E1159001
181203C9E94A600312045290CB057402
F0802990CB05E030E21C90CB04E030E2
1590011B1203C9E94A600312045290CB
057404F0800690CB057407F0D007D006
D005D004D003D002D001D000D0D0D082
D083D0F0D0E03290C018E4F07F081200
66E4FD7F081212D3E4FD7F0812134C7D
017F081213C590C01AE4F07F0A120066
E4FD7F0A1212D3E4FD7F0A12134CE4FD
7F0A1213C590C01BE4F07F0B120066E4
FD7F0B1212D3E4FD7F0B12134CE4FD7F
0B1213C57F0C1200667D017F0C1212D3
E4FD7F0C12134C7D017F0C120D257BFF
7A0079217D017F0C120C6553B0FD43B0
0190C01C7420F0A3E4F07F0D1200667D
017F0D1212D37D017F0D020D25787FE4
F6D8FD75812102121402152CE493A3F8
E493A34003F68001F208DFF48029E493
A3F85407240CC8C333C4540F4420C883
4004F456800146F6DFE4800B01020408
102040809007FBE47E019360BCA3FF54
3F30E509541FFEE493A360010ECF54C0
25E060A840B8E493A3FAE493A3F8E493
A3C8C582C8CAC583CAF0A3C8C582C8CA
C583CADFE9DEE780BEEF1203F2127901
128302128D0412970812A11012AB2012
B54012BF80000012C9E5B454F04401F5
B48049E5B454F04402F5B4803FE5B454
F04403F5B48035E5B454F04404F5B480
2BE5B454F04405F5B48021E5B454F044
06F5B48017E5B454F04407F5B4800DE5
B454F04408F5B4800353B4F053ADFB43
AD0422EF131313541FFEEF5407FFED60
34EE700D04A807088002C333D8FC42F9
22EEB4010E7401A807088002C333D8FC
42FA22EE6402704304A807088002C333
D8FC42FB22EE700E04A807088002C333
D8FCF452F922EEB4010F7401A8070880
02C333D8FCF452FA22EEB4020E7401A8
07088002C333D8FCF452FB22EF131313
541FFEEF5407FFED6034EE700D04A807
088002C333D8FC429722EEB4010E7401
A807088002C333D8FC42E522EE640270
4304A807088002C333D8FC42FC22EE70
0E04A807088002C333D8FCF4529722EE
B4010F7401A807088002C333D8FCF452
E522EEB4020E7401A807088002C333D8
FCF452FC22EF131313541FFEEF5407FF
ED6034EE700D04A807088002C333D8FC
428022EEB4010E7401A807088002C333
D8FC429022EE6402704304A807088002
C333D8FC42A022EE700E04A807088002
C333D8FCF4528022EEB4010F7401A807
088002C333D8FCF4529022EEB4020E74
01A807088002C333D8FCF452A0229000
AF12038CE47F10FEFDFC9000B312034B
1201AE9000B712038CE47B02FAF9F890
00B712033F1202399000AF12034B1201
A19000B712034B1202399000B712038C
9000B712034BC3E49BFF74049AFEE499
FDE498FC9000B712038C9000B712033F
78081202E9AB079000B712033FEB5403
F5BA8FAA22C0E0C0F0C083C082C0D075
D000C000C001C002C003C004C005C006
C007E5C830E11053C8FD90011E1203C9
E94A6003120452E5C930E11053C9FD90
01211203C9E94A6003120452E5CA30E1
1053CAFD9001241203C9E94A60031204
52D007D006D005D004D003D002D001D0
00D0D0D082D083D0F0D0E03212194F12
112712186F7D177C007FDC7E051216F0
7BFF7A1779607D017F01120E8A121927
9000AF7401F07B047A00E4FD7F011217
967F031200067F06120094E4FF121904
7F011218F27F011219431218C97D017F
011217CC120B7880FBAD07AC06C3ED94
FEEC947F4007E49000F2F0FF229000E9
E0FFA3E09000D5CFF0A3EFF012183190
00F2E07015D39000D6E09D9000D5E09C
50149000F27401F0800CD3ED9FEC9E50
05E49000F2F09000F2E0FF22C0E0C0F0
C083C082C0D075D000C000C001C002C0
03C004C005C006C007E5F630E00D9001
331203C9E94A600312045275F601D007
D006D005D004D003D002D001D000D0D0
D082D083D0F0D0E032C0E0C0F0C083C0
82C0D075D000C000C001C002C003C004
C005C006C00730980F9001301203C9E9
4A6003120452C298D007D006D005D004
D003D002D001D000D0D0D082D083D0F0
D0E032EF131313541FFEEF5407FFEE70
0E04A807088002C333D8FCF452E122EE
B4010F7401A807088002C333D8FCF452
E222EEB4020E7401A807088002C333D8
FCF452E322EF131313541FFEEF5407FF
EE700DE5E1A807088002C313D8FC801C
EEB4010DE5E2A807088002C313D8FC80
0BE5E3A807088002C313D8FC5401FF22
AB07AA0643DF0843E70890C900E04440
F0EC90C90DF0ED90C90CF0EB24FFEA34
FF90C90FF0EB1490C90EF090C9067401
F090C905E04401F0229000AB12038C43
DE0143E601439E01E490012FF0C29FD2
9EC299C2989000AB12033F9000B31203
8C90012B12033F12143ED29C53F33F22
E49000F1F09000D8F09000F2F09000E8
F07B017A0079F31218DE9000F0E06009
E4F01218C97D0180051218C9E4FD7F06
1217CC0219279000AFE06401702743DE
1043E610EFC4333354C0FFE5AC54BF4F
F5ACE4F5FEF5FFEBF5FEEAF5FFE5FD54
FE4DF5FD2253DEEF53E6EF229000EDEF
F0ED6006E49000DF800D9000DFE004F0
E0C394644007E4F09000D704F0221200
2E90005FE475F001120128FC741C25F0
F58274003CF583EFF090005C7401F022
121259E5AD20E2FBE5F630E0FB75F601
120036D3EF94FFEE940F40047E0F7FFF
22D39000EAE094789000E9E09400400D
A3E02488FF9000E9E034FFFE22E4FEFF
22C0E0C083C082E5A630E30990013674
01F075A32075A3FFD082D083D0E032E4
90005CF0FF7EC27D01FC1217297BFF7A
1779EE7F0102191690C900E054FEF090
C90AE4F0A3F090C900E04401F02274FF
FDFC8F9920990AED1DAE0470011C4E70
F3C299227D017F0A1213C57D017F0B12
13C5E4FD7F080213C5E4FD7F0A1213C5
E4FD7F0B1213C57D017F080213C51201
3EC394FFE5F094FF5007E475F0011201
6922EFB4010753ADFE53ADFD2243AD02
43AD012243AC20EF700553ACFD800343
AC0253B5FE22EFB4010AD2AFD2AC9001
300203E9C2AC2290C900E054FEF090C9
0AE4F0A3F02290C90AE0FDA3E0FCEDAE
04FF22EFB4010443AC012253ACFE227F
007E367D6E7C0102092E533D25752C41
3D25752C54483D25752C4859533D2575
2C4F46463D25752C454C3D25752C5643
3D25752C4C3D25752C41533D25752C4F
4B3D25752C49523D25752C53483D2575
2C41463D25752C56503D25752C544F3D
25752C523D25750D0A00FFFF

---------- Code Information -----------
Code Entrance:      0x00000000 
Code Run Entrance:  0x00000000 
Code Size:          0x000019BC 
Code CRC Value:     0xEBD8 
