020ECC02122B121735AD07AC0612177F
9000B8ECF0A3EDF0E49000BAF0A3F002
179622021375AF9922FFFF0211B4FFFF
FFFFFF021328E5B7540FFEAFB6D3EF94
01EE9400400774052FFFE43EFED3EF94
FFEE940F40047E0F7FFF220216E0FFFF
FFFFFF020991AB07AA06121831C3EF9B
EE9A4007EF9BFFEE9A800EC374E89BFD
74039AFCED2FFFEC3E9000DCF0A3EFF0
9000DCE0FEA3E0FF22FFFF020CE0FFFF
FFFFFF020C39FFFFFFFFFF020B92BB01
0689828A83E0225002E722BBFE02E322
89828A83E49322BB010CE58229F582E5
833AF583E0225006E92582F8E622BBFE
06E92582F8E222E58229F582E5833AF5
83E49322BB010689828A83F0225002F7
22BBFE01F322F8BB010DE58229F582E5
833AF583E8F0225006E92582C8F622BB
FE05E92582C8F222C5F0F8A3E028F0C5
F0F8E582158270021583E038F022A3F8
E0C5F025F0F0E582158270021583E0C8
38F0E822BB010A89828A83F0E5F0A3F0
225006F709A7F01922BBFE06F3E5F009
F31922EF2BFFEE3AFEED39FDEC38FC22
E88FF0A4CC8BF0A42CFCE98EF0A42CFC
8AF0EDA42CFCEA8EF0A4CDA8F08BF0A4
2DCC3825F0FDE98FF0A42CCD35F0FCEB
8EF0A4FEA9F0EB8FF0A4CFC5F02ECD39
FEE43CFCEAA42DCE35F0FDE43CFC2275
F008758200EF2FFFEE33FECD33CDCC33
CCC58233C5829BED9AEC99E58298400C
F582EE9BFEED9AFDEC99FC0FD5F0D6E4
CEFBE4CDFAE4CCF9A88222B800C1B900
59BA002DEC8BF084CFCECDFCE5F0CBF9
7818EF2FFFEE33FEED33FDEC33FCEB33
FB10D703994004EB99FB0FD8E5E4F9FA
227818EF2FFFEE33FEED33FDEC33FCC9
33C910D7059BE99A4007EC9BFCE99AF9
0FD8E0E4C9FAE4CCFB2275F010EF2FFF
EE33FEED33FDCC33CCC833C810D7079B
EC9AE899400AED9BFDEC9AFCE899F80F
D5F0DAE4CDFBE4CCFAE4C8F922EF4BFF
EE4AFEED49FDEC48FC22EB9FF5F0EA9E
42F0E99D42F0E89C45F022E8600FECC3
13FCED13FDEE13FEEF13FFD8F122E860
0FEFC333FFEE33FEED33FDEC33FCD8F1
22BB010DE58229F582E5833AF5830203
115007E92582F802042ABBFE07E92582
F8020436E58229F582E5833AF5830204
42E0FCA3E0FDA3E0FEA3E0FF22E0F8A3
E0F9A3E0FAA3E0FB227401FF3395E0FE
FDFCA3A3A3E0CF2FF0E5821582700215
83E0CE3EF0E582158270021583E0CD3D
F0E582158270021583E0CC3CF022ECF0
A3EDF0A3EEF0A3EFF022A8828583F0D0
83D082120381120381120381120381E4
73E493A3C583C5F0C583C8C582C8F0A3
C583C5F0C583C8C582C822E0FBA3E0FA
A3E0F922F8E0FBA3A3E0F925F0F0E582
158270021583E0FA38F022EBF0A3EAF0
A3E9F022D083D082F8E4937012740193
700DA3A393F8740193F5828883E47374
02936860EFA3A3A380DFD083D082E493
7012740193700DA3A393F8740193F582
8883E4737402936C70127403936D700C
7404936E70067405936F60DDA3A3A3A3
A3A380CA8A838982E473E6FC08E6FD08
E6FE08E6FF22E2FC08E2FD08E2FE08E2
FF22E493FC740193FD740293FE740393
FF224401120000000044010E00000000
4200B200004200C000004200BE00C842
00B400004200CA00004200B000004100
C6004100AF004100C5004100AC004100
B7004100BD004100B6004100C2004100
AE004200C800004100C7004100AD0042
00BA00004200B803704200C300004100
BC006048006300000000000000000000
00000000000000000000000000000000
00000000000000000000000000000000
00000000000000000000000000000000
00000000000000000000000000004101
160043011700000043011A0000004900
EA0000000000000000004900F3000000
0000000000004900FC00000000000000
00004C00DE0000000000000000000000
0041011D004901050000000000000000
0041001B004100040044000000000000
420005000042005D000242005F000042
00610000C102C101C100009000CC1203
5E9000D012036A0000000043F804E5F8
30E5FB9091AAE0FFE4FCFDFE78101202
CEC004C005C006C007A3E0FFE4FCFDFE
78181202CED003D002D001D00012029D
C004C005C006C0079091A9E0FFE4FCFD
FE78081202CED003D002D001D0001202
9DA804A905AA06AB079091A8E0FFE4FC
FDFE12029D90010E12035E7FC07E0A7D
707C0190010E12031DD31202AA50167F
407E617D6C7C0190010E12031DC31202
AA4002801274FFFFFEFDFC90010E1203
1DC31202AA700C9000D012036A02DC6C
008015E47F02FEFDFC90010E12031D12
01809000D012035E9000CC1203111203
EA069700B71B00068F00F42400068701
6E36000000068F75EE01E47B02800E75
EE02E47B03800675EE03E47B04FAF9F8
9000D012031112020B90011212035E53
F8FE53D9F822AC07EF131313541F9000
CEF0EF5407A3F0ED6060EC75F003A424
63F582E43400F5831203BBD2AFD2A812
14029000CEE0FF7011A3E0FE7401A806
088002C333D8FC42E922EFB401139000
CFE0FF7401A807088002C333D8FC42EA
229000CEE06402705CA3E0FF7401A807
088002C333D8FC42EB22C2A89000CEE0
FF7012A3E0FE7401A806088002C333D8
FCF452E922EFB401149000CFE0FF7401
A807088002C333D8FCF452EA229000CE
E0B40211A3E0FF7401A807088002C333
D8FCF452EB229000CEEFF0A3ECF0A3ED
F0A31203BB9000D812036A00000000E4
9000D6F0A3F01218319000D4EEF0A3EF
F0E4FD7F081210C49000CEE0FF121661
C3EF94FEEE947F501C9000D812031DE4
FCFD1201739000D812035E9000D6E475
F0011201289000D4E0FEA3E0FF120066
D39000D0E09F9000CFE09E50BB7D017F
081210C49000D112039BE94A600D9000
D6E0FFA3E0CF8FF01201549000D6E0FC
A3E0FD4C70047E80FF22AB05AA04E4F9
F89000D812031112020B22EF13131354
1FFEEF5407FFED604FEE701690C000C0
83C082E0FE7401A807088002C333D8FC
8033EEB4011690C001C083C082E0FE74
01A807088002C333D8FC8019EE640270
6D90C002C083C082E0FE7401A8070880
02C333D8FC4E8051EE701890C000C083
C082E0FE7401A807088002C333D8FCF4
5E8036EEB4011890C001C083C082E0FE
7401A807088002C333D8FCF45E801AEE
B4021B90C002C083C082E0FE7401A807
088002C333D8FCF45ED082D083F02290
00ACE07003020990E49000CCF0A3F07B
017A0079CC7D64FC7F021207769000B2
EEF0A3EFF09000CCE0FCA3E0FD9000C0
ECF0A3EDF09000CAECF0A3EDF09000BA
E0FDA3E09000C3CDF0A3EDF012128790
00BCEFF0600B9000C6E0C39403500E80
099000AFE0C394005003E004F09000AB
E004F0E0C39403402E9000C5E07011A3
E09403400B9000C57401F0121815800E
9000AFE0D3940040057F061212DAE490
00C6F09000AFF09000ACE060031214F9
22C0E0C0F0C083C082C0D075D000C000
C001C002C003C004C005C006C00790C8
09E030E01790C808E030E010A37401F0
9000DE12039BE94A605D805890C809E0
30E11790C808E030E110A37402F09000
E112039BE94A603F803A90C809E030E2
1790C808E030E210A37404F09000E412
039BE94A6021801C90C809E030E31890
C808E030E311A37408F09000E712039B
E94A6003120424D007D006D005D004D0
03D002D001D000D0D0D082D083D0F0D0
E0329000CC1203BB90C9057407F0EF64
01704FED24FE601C14602E2402703D90
00CC12039B9000EA1203BB90C904E044
01F080289000CC12039B9000ED1203BB
90C904E04402F080139000CC12039B90
00F01203BB90C904E04404F0D2AF43B8
0122ED24FE601B14602C2402703B9000
CC12039B9000EA1203BB90C904E044FE
F0229000CC12039B9000ED1203BB90C9
04E044FDF0229000CC12039B9000F012
03BB90C904E044FBF0229000CC1203BB
90CA057407F0EF6401704FED24FE601C
14602E2402703D9000CC12039B9000F3
1203BB90CA04E04401F080289000CC12
039B9000F61203BB90CA04E04402F080
139000CC12039B9000F91203BB90CA04
E04404F0D2AF43B80422ED24FE601B14
602C2402703B9000CC12039B9000F312
03BB90CA04E044FEF0229000CC12039B
9000F61203BB90CA04E044FDF0229000
CC12039B9000F91203BB90CA04E044FB
F022C0E0C0F0C083C082C0D075D000C0
00C001C002C003C004C005C006C00790
C905E030E01C90C904E030E0159000EA
12039BE94A600312042490C9057401F0
804C90C905E030E11C90C904E030E115
9000ED12039BE94A600312042490C905
7402F0802990C905E030E21C90C904E0
30E2159000F012039BE94A6003120424
90C9057404F0800690C9057407F0D007
D006D005D004D003D002D001D000D0D0
D082D083D0F0D0E032C0E0C0F0C083C0
82C0D075D000C000C001C002C003C004
C005C006C00790CA05E030E01C90CA04
E030E0159000F312039BE94A60031204
2490CA057401F0804C90CA05E030E11C
90CA04E030E1159000F612039BE94A60
0312042490CA057402F0802990CA05E0
30E21C90CA04E030E2159000F912039B
E94A600312042490CA057404F0800690
CA057407F0D007D006D005D004D003D0
02D001D000D0D0D082D083D0F0D0E032
C0E0C0F0C083C082C0D075D000C000C0
01C002C003C004C005C006C00790CB05
E030E01C90CB04E030E0159000FC1203
9BE94A600312042490CB057401F0804C
90CB05E030E11C90CB04E030E1159000
FF12039BE94A600312042490CB057402
F0802990CB05E030E21C90CB04E030E2
1590010212039BE94A600312042490CB
057404F0800690CB057407F0D007D006
D005D004D003D002D001D000D0D0D082
D083D0F0D0E03290C018E4F07F081216
11E4FD7F08120FD2E4FD7F0812104B7D
017F081210C490C01AE4F07F0A121611
E4FD7F0A120FD2E4FD7F0A12104BE4FD
7F0A1210C490C01BE4F07F0B121611E4
FD7F0B120FD2E4FD7F0B12104BE4FD7F
0B1210C47F0C1216117D017F0C120FD2
E4FD7F0C12104B7D017F0C12082B7BFF
7A0079227D017F0C1206B653B0FD43B0
0190C01C7420F0A3E4F07F0D1216117D
017F0D120FD27D017F0D02082B12184A
120D8712174E7D177C007FE87E031215
327BFF7A1379BF7D017F01120A427D17
7C007FD07E0712156B7BFF7A1679FE7D
017F01120AEA1218061217679000D074
01F07B047A00E4FD7F011215DB7F0312
171A7F06121855E4FF1217E37F011217
D17F0112183E1218231217AD9000BDE0
600BE4F09000ACE070031214449000B6
E060031214829000C2E060031216C290
00B7E060D7E4F01208DF80D0787FE4F6
D8FD758120020F13020E2DE493A3F8E4
93A34003F68001F208DFF48029E493A3
F85407240CC8C333C4540F4420C88340
04F456800146F6DFE4800B0102040810
204080900452E47E019360BCA3FF543F
30E509541FFEE493A360010ECF54C025
E060A840B8E493A3FAE493A3F8E493A3
C8C582C8CAC583CAF0A3C8C582C8CAC5
83CADFE9DEE780BEEF1203C40F78010F
82020F8C040F96080FA0100FAA200FB4
400FBE8000000FC8E5B454F04401F5B4
8049E5B454F04402F5B4803FE5B454F0
4403F5B48035E5B454F04404F5B4802B
E5B454F04405F5B48021E5B454F04406
F5B48017E5B454F04407F5B4800DE5B4
54F04408F5B4800353B4F053ADFB43AD
0422EF131313541FFEEF5407FFED6034
EE700D04A807088002C333D8FC42F922
EEB4010E7401A807088002C333D8FC42
FA22EE6402704304A807088002C333D8
FC42FB22EE700E04A807088002C333D8
FCF452F922EEB4010F7401A807088002
C333D8FCF452FA22EEB4020E7401A807
088002C333D8FCF452FB22EF13131354
1FFEEF5407FFED6034EE700D04A80708
8002C333D8FC429722EEB4010E7401A8
07088002C333D8FC42E522EE64027043
04A807088002C333D8FC42FC22EE700E
04A807088002C333D8FCF4529722EEB4
010F7401A807088002C333D8FCF452E5
22EEB4020E7401A807088002C333D8FC
F452FC22EF131313541FFEEF5407FFED
6034EE700D04A807088002C333D8FC42
8022EEB4010E7401A807088002C333D8
FC429022EE6402704304A807088002C3
33D8FC42A022EE700E04A807088002C3
33D8FCF4528022EEB4010F7401A80708
8002C333D8FCF4529022EEB4020E7401
A807088002C333D8FCF452A0229000D0
12035EE47F10FEFDFC9000D412031D12
01809000D812035EE47B02FAF9F89000
D812031112020B9000D012031D120173
9000D812031D12020B9000D812035E90
00D812031DC3E49BFF74049AFEE499FD
E498FC9000D812035E9000D812031178
081202BBAB079000D8120311EB5403F5
BA8FAA22C0E0C0F0C083C082C0D075D0
00C000C001C002C003C004C005C006C0
07E5C830E11053C8FD90010512039BE9
4A6003120424E5C930E11053C9FD9001
0812039BE94A6003120424E5CA30E110
53CAFD90010B12039BE94A6003120424
D007D006D005D004D003D002D001D000
D0D0D082D083D0F0D0E032C0E0C0F0C0
83C082C0D075D000C000C001C002C003
C004C005C006C0077F0C1214BEEF601C
7F0C1214029000ACE070119000BDE070
0B9000C2E070059000BD04F0D007D006
D005D004D003D002D001D000D0D0D082
D083D0F0D0E032AD07AC06C3ED94FEEC
947F4007E49000C7F0FF229000BEE0FF
A3E09000CECFF0A3EFF01216A29000C7
E07015D39000CFE09D9000CEE09C5014
9000C77401F0800CD3ED9FEC9E5005E4
9000C7F09000C7E0FF22E4FF9000C6F0
9000AFF09000ACF09000B7F09000BDF0
9000B6F09000C2F09000AEF09000C8F0
A3F09000C7F09000ADF09000BAF0A3F0
9000BCF01218061217671218239000C5
E06002E4F00217ADC0E0C0F0C083C082
C0D075D000C000C001C002C003C004C0
05C006C007E5F630E00D90011A12039B
E94A600312042475F601D007D006D005
D004D003D002D001D000D0D0D082D083
D0F0D0E032C0E0C0F0C083C082C0D075
D000C000C001C002C003C004C005C006
C00730980F90011712039BE94A600312
0424C298D007D006D005D004D003D002
D001D000D0D0D082D083D0F0D0E03290
00ACE07011A3F090C900E054FEF090C9
0AE4F0A3F0229000ADE06013E4F09000
B8E0FFA3E09000BACFF0A3EFF0800A90
00BA7403F0A374E8F09000B7E0700204
F022EF131313541FFEEF5407FFEE700E
04A807088002C333D8FCF452E122EEB4
010F7401A807088002C333D8FCF452E2
22EEB4020E7401A807088002C333D8FC
F452E3221217679000AC7401F0E49000
B7F09000BDF09000B6F09000C8F0A3F0
9000C6F09000AFF09000C7F09000AD04
F0E49000BAF0A3F09000BCF01217BF02
0006E49000B6F09000C8F0A3F09000AC
F09000B7F09000BDF09000C2F09000AE
F09000C7F09000ADF09000BAF0A3F012
18069000C5E060031216820217ADEF13
1313541FFEEF5407FFEE700DE5E1A807
088002C313D8FC801CEEB4010DE5E2A8
07088002C313D8FC800BE5E3A8070880
02C313D8FC5401FF229000ACE0700790
00C8F0A3F022C39000C9E094FF9000C8
E094FF5007E475F001120128C39000C9
E094039000C8E0940040069000B67401
F022AB07AA0643DF0843E70890C900E0
4440F0EC90C90DF0ED90C90CF0EB24FF
EA34FF90C90FF0EB1490C90EF090C906
7401F090C905E04401F022AB07AA0643
DF2043E72090CA00E04440F0EC90CA0D
F0ED90CA0CF0EB24FFEA34FF90CA0FF0
EB1490CA0EF090CA067401F090CA05E0
4401F0229000CC12035E43DE0143E601
439E01E4900116F0C29FD29EC299C298
9000CC1203119000D412035E90011212
031112113DD29C53F33F229000D0E064
01702743DE1043E610EFC4333354C0FF
E5AC54BF4FF5ACE4F5FEF5FFEBF5FEEA
F5FFE5FD54FE4DF5FD2253DEEF53E6EF
22EF131313541FFEEF54079000CCF0EE
700743DF0143E70122EEB4010743DF02
43E70222EEB4020643DF0443E7042212
002690005FE475F00112013EFC741C25
F0F58274003CF583EFF090005C7401F0
22120F58E5AD20E2FBE5F630E0FB75F6
01120036D3EF94FFEE940F40047E0F7F
FF22E49000C2F09000AE04F090CA00E0
54FEF090CA0AE4F0A3F090CA00E04401
F022D39000BFE094649000BEE0940040
0DA3E0249CFF9000BEE034FFFE22E4FE
FF229000C2E06017E4F09000AEF09000
ACE0700B9000C5E060057F091212DA22
C0E0C083C082E5A630E30990011D7401
F075A32075A3FFD082D083D0E03290CA
00E054FEF090CA0AE4F0A3F09000AEE0
6007E4F09000C204F02253F7F8EF24FC
600B14600C2402700B43F7032243F704
2243F705227F707E03EF4E7003FE7F01
D3EF94E8EE940340047E037FE822E490
005CF0FF7EC27D01FC1215A47BFF7A16
793F7F010217F5E49000AEF09000C2F0
90CA00E054FEF090CA0AE4F0A3F022C3
EF94E8EE94034004E4FEFF22C374E89F
FF74039EFE2290C900E054FEF0EF90C9
0AF0EEA3F090C900E04401F0227F0C12
14027BFF7A0079227D017F0C0206B67F
0C1214027BFF7A007922E4FD7F0C0206
B6EFB4010753ADFE53ADFD2243AD0243
AD012243AC20EF700553ACFD800343AC
0253B5FE22EFB4010AD2AFD2AC900117
0203BBC2AC2290C900E054FEF090C90A
E4F0A3F0227D017F0A1210C47D017F0B
0210C4E4FD7F0A1210C4E4FD7F0B0210
C490C90AE0FDA3E0FCEDAE04FF22EFB4
010443AC012253ACFE227F007E367D6E
7C0102058BEF8FF553B4EF22

---------- Code Information -----------
Code Entrance:      0x00000000 
Code Run Entrance:  0x00000000 
Code Size:          0x0000185C 
Code CRC Value:     0xEBD5 
