0211B302079853F7F8EF24FC600B1460
0C2402700B43F7032243F7042243F705
2222FF02155FAB0702176002149BAF99
22FFFF021512E5B7540FFEAFB6D3EF94
01EE9400400774052FFFE43EFED3EF94
FFEE940F40047E0F7FFF22021729FFFF
FFFFFF020DC8EF131313541FFEEF5407
900063F0EE700743DF0143E70122EEB4
010743DF0243E70222EEB4020643DF04
43E70422EF8FF553B4EF2202106FFFFF
FFFFFF020FC8FFFFFFFFFF020F21BB01
0689828A83E0225002E722BBFE02E322
89828A83E49322BB010CE58229F582E5
833AF583E0225006E92582F8E622BBFE
06E92582F8E222E58229F582E5833AF5
83E49322BB010689828A83F0225002F7
22BBFE01F322F8BB010DE58229F582E5
833AF583E8F0225006E92582C8F622BB
FE05E92582C8F222C5F0F8A3E028F0C5
F0F8E582158270021583E038F022A3F8
E0C5F025F0F0E582158270021583E0C8
38F0E822EF2BFFEE3AFEED39FDEC38FC
22E88FF0A4CC8BF0A42CFCE98EF0A42C
FC8AF0EDA42CFCEA8EF0A4CDA8F08BF0
A42DCC3825F0FDE98FF0A42CCD35F0FC
EB8EF0A4FEA9F0EB8FF0A4CFC5F02ECD
39FEE43CFCEAA42DCE35F0FDE43CFC22
75F008758200EF2FFFEE33FECD33CDCC
33CCC58233C5829BED9AEC99E5829840
0CF582EE9BFEED9AFDEC99FC0FD5F0D6
E4CEFBE4CDFAE4CCF9A88222B800C1B9
0059BA002DEC8BF084CFCECDFCE5F0CB
F97818EF2FFFEE33FEED33FDEC33FCEB
33FB10D703994004EB99FB0FD8E5E4F9
FA227818EF2FFFEE33FEED33FDEC33FC
C933C910D7059BE99A4007EC9BFCE99A
F90FD8E0E4C9FAE4CCFB2275F010EF2F
FFEE33FEED33FDCC33CCC833C810D707
9BEC9AE899400AED9BFDEC9AFCE899F8
0FD5F0DAE4CDFBE4CCFAE4C8F922EF4B
FFEE4AFEED49FDEC48FC22EB9FF5F0EA
9E42F0E99D42F0E89C45F022E8600FEC
C313FCED13FDEE13FEEF13FFD8F122E8
600FEFC333FFEE33FEED33FDEC33FCD8
F122BB010DE58229F582E5833AF58302
02F25007E92582F802040BBBFE07E925
82F8020417E58229F582E5833AF58302
0423E0FCA3E0FDA3E0FEA3E0FF22E0F8
A3E0F9A3E0FAA3E0FB227401FF3395E0
FEFDFCA3A3A3E0CF2FF0E58215827002
1583E0CE3EF0E582158270021583E0CD
3DF0E582158270021583E0CC3CF022EC
F0A3EDF0A3EEF0A3EFF022A8828583F0
D083D082120362120362120362120362
E473E493A3C583C5F0C583C8C582C8F0
A3C583C5F0C583C8C582C822E0FBA3E0
FAA3E0F922F8E0FBA3A3E0F925F0F0E5
82158270021583E0FA38F022EBF0A3EA
F0A3E9F022D083D082F8E49370127401
93700DA3A393F8740193F5828883E473
7402936860EFA3A3A380DFD083D082E4
937012740193700DA3A393F8740193F5
828883E4737402936C70127403936D70
0C7404936E70067405936F60DDA3A3A3
A3A3A380CA8A838982E473E6FC08E6FD
08E6FE08E6FF22E2FC08E2FD08E2FE08
E2FF22E493FC740193FD740293FE7403
93FF22E50D248EF582E43400F583E005
0D2290008B30100390008EE475F00112
03850200AE2009E97F2ED2098018EF54
0F2490D43440D4FF300D0BEF24BFB41A
0050032461FFE50E6002150E0511E511
7002051030100E90008BE475F0011203
85EF0200F40200267403D2108003E4C2
10F50D90008B12039CE4F50EF510F511
E50E60077F2012047680F5750FFFC20A
C209C20BC20CC20EC20FC211120442FF
700D3010057F00120487AF11AE1022B4
255FC2D5C20D120442FF24D0B40A0050
1A75F00A780E30D50508B6FF0106C6A4
26F620D5047002D20C80D924CFB41A00
EF5004C2E5D20D020688D20A80C6D209
80C0D20B80BCD2D580BAD20E80B47F20
120476200B077401B50E0040F1120433
FF1204760204B0D211D20F8095120433
FB120433FA120433F94A4B700679597A
077BFF200B2EE50E602A7E008E827583
001200C760060EEE650F70F0C2D5EBC0
E0EAC0E0E9C0E0EE1206CFD0E0F9D0E0
FAD0E0FB1200AEFF60AAEBC0E0EAC0E0
E9C0E0120476D0E02401F9D0E03400FA
D0E0FBE50F0460DCD50FD980877BFF7A
0679CBD20B809C791080027908C20FC2
118008D2D5790A8004790AC2D5E50F04
7002F50FE4FAFDFEFF120433FC7B0820
0A13120433FD7B1030090A120433FE12
0433FF7B20EC3382D592D55013C3E430
09069FFFE49EFEE4200A039DFDE49CFC
E4CBF8C20AEC700CCFCECDCCE824F8F8
70F38017C3EF33FFEE33FEED33FDEC33
FCEB33FB994002FB0FD8E9EB300A05F8
D0E0C448B20AC0E00AEC4D4E4F78207B
0070C2EAB50F0040BCC0E01206D1D0F0
D0E0200A04C4C0E0C4B20AC0F012045F
D0F0D5F0EB0204B01203A5054D5305C7
58051E4C051A4205CB4F05D34405D349
05334305D95505BD4605BD4505BD4707
795005222D05262E05492B052A230547
2007622A04E248000005413F3F3F0079
0AA2D5200C14300E09B910020404B908
0104A2D5200F02500104200B68920BB5
0E005034C0E07F20300C197F30A20B72
0F720E500F120728C20BC20FC20EC211
7F30800F300E03E9C0E0120476300E03
D0E0F9D0E0B50ECC300E177F30B9100C
1204767F58300D077F788003B9080312
0476300B057F2D0204767F202011F87F
2B200FF322920B80CF286E756C6C2900
D20A120433300AF8C20A780E30D50108
F60204E22D504349581204332403B405
004001E490077493120467743A120467
D20C750E040205C7C0E0C0F0C083C082
C0D075D000C000C001C002C003C004C0
05C006C0077F0C121626EF70030208DC
7F0212123FE5AD20E2FBE5F630E0FB75
F601120036900107EEF0A3EFF07F0212
123FE5AD20E2FBE5F630E0FB75F60112
0036900107EEF0A3EFF07F0212123FE5
AD20E2FBE5F630E0FB75F60112003690
0107EEF0A3EFF0900107E0FFA3E09001
16CFF0A3EFF0900114E0FEA3E0FFC390
0108E09F900107E09E50030208DCA3E0
94FF900107E0947F40030208DC900122
E0FEA3E0FFC3900108E09F900107E09E
407A9000FBE0FEA3E0FFD3900108E09F
900107E09E5065C3A3E094FF900107E0
947F50587BFF7A1779F912049E90011D
E014603E04704590011EE475F0011201
2890011EE07004A3E06402702F90C90A
E0E4F0A3E0E4F07D017F0A1213AB7D01
7F081213AB90011D7401F0A3E4F0A3F0
800A90C90AE0E4F0A3E0E4F090C900E0
4401F07F0C1215A9D007D006D005D004
D003D002D001D000D0D0D082D083D0F0
D0E03244015800000000440154000000
004201201F4042010EFA004201050000
42010700004201160000420114006442
00FB0190420122000044011800000000
42010100004200FF0000440110000000
00420109000042011E00004201030000
C115C11642010B000041010D0041011C
004200FD000041011D00604800B30000
00000000000000000000000000000000
00000000000000000000000000000000
00000000000000000000000000000000
00000000000000000000000000000000
00000000000041015C0043015D000000
43016000000049013000000000000000
00004901390000000000000000004901
420000000000000000004C0124000000
0000000000000000004101630049014B
00000000000000000041001B00410004
0044000000000000420005000042005D
000242005F00004200610000C114C113
C1120090006312033F90006712034B00
00000043F804E5F830E5FB9091AAE0FF
E4FCFDFE78101202AFC004C005C006C0
07A3E0FFE4FCFDFE78181202AFD003D0
02D001D00012027EC004C005C006C007
9091A9E0FFE4FCFDFE78081202AFD003
D002D001D00012027EA804A905AA06AB
079091A8E0FFE4FCFDFE12027E900154
12033F7FC07E0A7D707C019001541202
FED312028B50167F407E617D6C7C0190
01541202FEC312028B4002801274FFFF
FEFDFC9001541202FEC312028B700C90
006712034B02DC6C008015E47F02FEFD
FC9001541202FE12016190006712033F
9000631202F21203CB0B4F00B71B000B
4700F424000B3F016E360000000B4775
EE01E47B02800E75EE02E47B03800675
EE03E47B04FAF9F89000671202F21201
EC90015812033F53F8FE53D9F8221217
CB1211161217477D0F7C007F4C7E0412
16617BFF7A1779767D017F01120E7912
17D69000677401F07B047A00E4FD7F01
1216D17F031200067F06120094E4FF12
179C7F0112178A7F011217BF7F0B1215
EBEF6003020C4FC2AF900116E0FFA3E0
900114CFF0A3EFF0900117E024C8FE90
0116E034009000FBF0A3CEF0C3900117
E094C8900116E094004014A3E02438FE
900116E034FF900122F0A3CEF08007E4
900122F0A3F07BFF7A1779DE900114E0
FFA3E090008ECFF0A3EFF09000FBE0FF
A3E0900090CFF0A3EFF0900122E0FFA3
E0900092CFF0A3EFF012049E020BBCD2
AF020BBCAC07EF131313541F900063F0
EF5407A3F0ED6060EC75F003A424B3F5
82E43400F58312039CD2AFD2A81215A9
900063E0FF7011A3E0FE7401A8060880
02C333D8FC42E922EFB40113900064E0
FF7401A807088002C333D8FC42EA2290
0063E06402705CA3E0FF7401A8070880
02C333D8FC42EB22C2A8900063E0FF70
12A3E0FE7401A806088002C333D8FCF4
52E922EFB40114900064E0FF7401A807
088002C333D8FCF452EA22900063E0B4
0211A3E0FF7401A807088002C333D8FC
F452EB22EF131313541FFEEF5407FFED
604FEE701690C000C083C082E0FE7401
A807088002C333D8FC8033EEB4011690
C001C083C082E0FE7401A807088002C3
33D8FC8019EE6402706D90C002C083C0
82E0FE7401A807088002C333D8FC4E80
51EE701890C000C083C082E0FE7401A8
07088002C333D8FCF45E8036EEB40118
90C001C083C082E0FE7401A807088002
C333D8FCF45E801AEEB4021B90C002C0
83C082E0FE7401A807088002C333D8FC
F45ED082D083F022C0E0C0F0C083C082
C0D075D000C000C001C002C003C004C0
05C006C00790C809E030E01790C808E0
30E010A37401F090012412037CE94A60
5D805890C809E030E11790C808E030E1
10A37402F090012712037CE94A603F80
3A90C809E030E21790C808E030E210A3
7404F090012A12037CE94A6021801C90
C809E030E31890C808E030E311A37408
F090012D12037CE94A6003120405D007
D006D005D004D003D002D001D000D0D0
D082D083D0F0D0E03290006312039C90
C9057407F0EF6401704FED24FE601C14
602E2402703D90006312037C90013012
039C90C904E04401F080289000631203
7C90013312039C90C904E04402F08013
90006312037C90013612039C90C904E0
4404F0D2AF43B80122ED24FE601B1460
2C2402703B90006312037C9001301203
9C90C904E044FEF02290006312037C90
013312039C90C904E044FDF022900063
12037C90013612039C90C904E044FBF0
22C0E0C0F0C083C082C0D075D000C000
C001C002C003C004C005C006C00790C9
05E030E01C90C904E030E01590013012
037CE94A600312040590C9057401F080
4C90C905E030E11C90C904E030E11590
013312037CE94A600312040590C90574
02F0802990C905E030E21C90C904E030
E21590013612037CE94A600312040590
C9057404F0800690C9057407F0D007D0
06D005D004D003D002D001D000D0D0D0
82D083D0F0D0E032C0E0C0F0C083C082
C0D075D000C000C001C002C003C004C0
05C006C00790CA05E030E01C90CA04E0
30E01590013912037CE94A6003120405
90CA057401F0804C90CA05E030E11C90
CA04E030E11590013C12037CE94A6003
12040590CA057402F0802990CA05E030
E21C90CA04E030E21590013F12037CE9
4A600312040590CA057404F0800690CA
057407F0D007D006D005D004D003D002
D001D000D0D0D082D083D0F0D0E032C0
E0C0F0C083C082C0D075D000C000C001
C002C003C004C005C006C00790CB05E0
30E01C90CB04E030E01590014212037C
E94A600312040590CB057401F0804C90
CB05E030E11C90CB04E030E115900145
12037CE94A600312040590CB057402F0
802990CB05E030E21C90CB04E030E215
90014812037CE94A600312040590CB05
7404F0800690CB057407F0D007D006D0
05D004D003D002D001D000D0D0D082D0
83D0F0D0E03290C018E4F07F08120066
E4FD7F081212B9E4FD7F081213327D01
7F081213AB90C01AE4F07F0A120066E4
FD7F0A1212B9E4FD7F0A1213327D017F
0A1213AB7F0B1200667D017F0B1212B9
E4FD7F0B1213327D017F0B120D147F0C
1200667D017F0C1212B9E4FD7F0C1213
327D017F0C120D147BFF7A0079217D01
7F0C120C5453B0FB43B00190C01DE4F0
7F0D1200667D017F0D1212B97D017F0D
020D14787FE4F6D8FD7581220211FA02
0B6EE493A3F8E493A34003F68001F208
DFF48029E493A3F85407240CC8C333C4
540F4420C8834004F456800146F6DFE4
800B0102040810204080900903E47E01
9360BCA3FF543F30E509541FFEE493A3
60010ECF54C025E060A840B8E493A3FA
E493A3F8E493A3C8C582C8CAC583CAF0
A3C8C582C8CAC583CADFE9DEE780BEEF
1203A5125F01126902127304127D0812
8710129120129B4012A580000012AFE5
B454F04401F5B48049E5B454F04402F5
B4803FE5B454F04403F5B48035E5B454
F04404F5B4802BE5B454F04405F5B480
21E5B454F04406F5B48017E5B454F044
07F5B4800DE5B454F04408F5B4800353
B4F053ADFB43AD0422EF131313541FFE
EF5407FFED6034EE700D04A807088002
C333D8FC42F922EEB4010E7401A80708
8002C333D8FC42FA22EE6402704304A8
07088002C333D8FC42FB22EE700E04A8
07088002C333D8FCF452F922EEB4010F
7401A807088002C333D8FCF452FA22EE
B4020E7401A807088002C333D8FCF452
FB22EF131313541FFEEF5407FFED6034
EE700D04A807088002C333D8FC429722
EEB4010E7401A807088002C333D8FC42
E522EE6402704304A807088002C333D8
FC42FC22EE700E04A807088002C333D8
FCF4529722EEB4010F7401A807088002
C333D8FCF452E522EEB4020E7401A807
088002C333D8FCF452FC22EF13131354
1FFEEF5407FFED6034EE700D04A80708
8002C333D8FC428022EEB4010E7401A8
07088002C333D8FC429022EE64027043
04A807088002C333D8FC42A022EE700E
04A807088002C333D8FCF4528022EEB4
010F7401A807088002C333D8FCF45290
22EEB4020E7401A807088002C333D8FC
F452A02290006712033FE47F10FEFDFC
90006B1202FE12016190006F12033FE4
7B02FAF9F890006F1202F21201EC9000
671202FE12015490006F1202FE1201EC
90006F12033F90006F1202FEC3E49BFF
74049AFEE499FDE498FC90006F12033F
90006F1202F2780812029CAB0790006F
1202F2EB5403F5BA8FAA22C0E0C0F0C0
83C082C0D075D000C000C001C002C003
C004C005C006C007E5C830E11053C8FD
90014B12037CE94A6003120405E5C930
E11053C9FD90014E12037CE94A600312
0405E5CA30E11053CAFD90015112037C
E94A6003120405D007D006D005D004D0
03D002D001D000D0D0D082D083D0F0D0
E032C0E0C0F0C083C082C0D075D000C0
00C001C002C003C004C005C006C007E5
F630E00D90016012037CE94A60031204
0575F601D007D006D005D004D003D002
D001D000D0D0D082D083D0F0D0E032C0
E0C0F0C083C082C0D075D000C000C001
C002C003C004C005C006C00730980F90
015D12037CE94A6003120405C298D007
D006D005D004D003D002D001D000D0D0
D082D083D0F0D0E032EF131313541FFE
EF5407FFEE700E04A807088002C333D8
FCF452E122EEB4010F7401A807088002
C333D8FCF452E222EEB4020E7401A807
088002C333D8FCF452E322EF13131354
1FFEEF5407FFEE700DE580A807088002
C313D8FC801CEEB4010DE590A8070880
02C313D8FC800BE5A0A807088002C313
D8FC5401FF22EF131313541FFEEF5407
FFEE700DE5E1A807088002C313D8FC80
1CEEB4010DE5E2A807088002C313D8FC
800BE5E3A807088002C313D8FC5401FF
22AB07AA0643DF0843E70890C900E044
40F0EC90C90DF0ED90C90CF0EB24FFEA
34FF90C90FF0EB1490C90EF090C90674
01F090C905E04401F02290006312033F
43DE0143E601439E01E490015CF0C29F
D29EC299C2989000631202F290006B12
033F9001581202F2121424D29C53F33F
22900067E06401702743DE1043E610EF
C4333354C0FFE5AC54BF4FF5ACE4F5FE
F5FFEBF5FEEAF5FFE5FD54FE4DF5FD22
53DEEF53E6EF2212002E90005FE475F0
0112013EFC741C25F0F58274003CF583
EFF090005C7401F022C0E0C083C082E5
A630E3099001637401F075A32075A3FF
D082D083D0E032E490005CF0FF7EC27D
01FC12169A7BFF7A1779077F010217AE
74FFFDFC8F9920990AED1DAE0470011C
4E70F3C29922E4FD7F0A1213ABE4FD7F
081213ABE490011DF022EFB4010753AD
FE53ADFD2243AD0243AD012243AC20EF
700553ACFD800343AC0253B5FE22EFB4
010AD2AFD2AC90015D02039CC2AC22EF
B4010443AC012253ACFE227F007E247D
F47C00020A4390C900E04401F0226164
7365743A2564206164636D3A25642061
64636E3A25640D0A006F6E0D0A00FFFF

---------- Code Information -----------
Code Entrance:      0x00000000 
Code Run Entrance:  0x00000000 
Code Size:          0x00001800 
Code CRC Value:     0xA28A 
