020EE502043353F7F8EF24FC600B1460
0C2402700B43F7032243F7042243F705
2222FF0212E1AF9922FFFF0211CDFFFF
FFFFFF021294E5B7540FFEAFB6D3EF94
01EE9400400774052FFFE43EFED3EF94
FFEE940F40047E0F7FFF22021470FFFF
FFFFFF020B07EF131313541FFEEF5407
9000D0F0EE700743DF0143E70122EEB4
010743DF0243E70222EEB4020643DF04
43E70422EF8FF553B4EF22020DAEFFFF
FFFFFF020D07FFFFFFFFFF020C60BB01
0689828A83E0225002E722BBFE02E322
89828A83E49322BB010CE58229F582E5
833AF583E0225006E92582F8E622BBFE
06E92582F8E222E58229F582E5833AF5
83E49322BB010689828A83F0225002F7
22BBFE01F322F8BB010DE58229F582E5
833AF583E8F0225006E92582C8F622BB
FE05E92582C8F222C5F0F8A3E028F0C5
F0F8E582158270021583E038F022A3F8
E0C5F025F0F0E582158270021583E0C8
38F0E822EF2BFFEE3AFEED39FDEC38FC
22E88FF0A4CC8BF0A42CFCE98EF0A42C
FC8AF0EDA42CFCEA8EF0A4CDA8F08BF0
A42DCC3825F0FDE98FF0A42CCD35F0FC
EB8EF0A4FEA9F0EB8FF0A4CFC5F02ECD
39FEE43CFCEAA42DCE35F0FDE43CFC22
75F008758200EF2FFFEE33FECD33CDCC
33CCC58233C5829BED9AEC99E5829840
0CF582EE9BFEED9AFDEC99FC0FD5F0D6
E4CEFBE4CDFAE4CCF9A88222B800C1B9
0059BA002DEC8BF084CFCECDFCE5F0CB
F97818EF2FFFEE33FEED33FDEC33FCEB
33FB10D703994004EB99FB0FD8E5E4F9
FA227818EF2FFFEE33FEED33FDEC33FC
C933C910D7059BE99A4007EC9BFCE99A
F90FD8E0E4C9FAE4CCFB2275F010EF2F
FFEE33FEED33FDCC33CCC833C810D707
9BEC9AE899400AED9BFDEC9AFCE899F8
0FD5F0DAE4CDFBE4CCFAE4C8F922EF4B
FFEE4AFEED49FDEC48FC22EB9FF5F0EA
9E42F0E99D42F0E89C45F022E8600FEC
C313FCED13FDEE13FEEF13FFD8F122E8
600FEFC333FFEE33FEED33FDEC33FCD8
F122BB010DE58229F582E5833AF58302
02F25007E92582F802040BBBFE07E925
82F8020417E58229F582E5833AF58302
0423E0FCA3E0FDA3E0FEA3E0FF22E0F8
A3E0F9A3E0FAA3E0FB227401FF3395E0
FEFDFCA3A3A3E0CF2FF0E58215827002
1583E0CE3EF0E582158270021583E0CD
3DF0E582158270021583E0CC3CF022EC
F0A3EDF0A3EEF0A3EFF022A8828583F0
D083D082120362120362120362120362
E473E493A3C583C5F0C583C8C582C8F0
A3C583C5F0C583C8C582C822E0FBA3E0
FAA3E0F922F8E0FBA3A3E0F925F0F0E5
82158270021583E0FA38F022EBF0A3EA
F0A3E9F022D083D082F8E49370127401
93700DA3A393F8740193F5828883E473
7402936860EFA3A3A380DFD083D082E4
937012740193700DA3A393F8740193F5
828883E4737402936C70127403936D70
0C7404936E70067405936F60DDA3A3A3
A3A3A380CA8A838982E473E6FC08E6FD
08E6FE08E6FF22E2FC08E2FD08E2FE08
E2FF22E493FC740193FD740293FE7403
93FF22C0E0C0F0C083C082C0D075D000
C000C001C002C003C004C005C006C007
7F0B12136DEF700302065790C900E054
FEF07F04120F71E5AD20E2FBE5F630E0
FB75F6011200369000C4EEF0A3EFF0C3
9000C5E094AC9000C4E0940D4019A3E0
94FF9000C4E0940F500D9000C27409F0
A374C4F0020590C39000C5E094809000
C4E0940C4019A3E094AC9000C4E0940D
500D9000C27407F0A374D0F0020590C3
9000C5E094B89000C4E0940B4018A3E0
94809000C4E0940C500C9000C27407F0
A304F0020590C39000C5E0948C9000C4
E0940A4018A3E094B89000C4E0940B50
0C9000C27406F0A37440F08073C39000
C5E094C49000C4E094094018A3E0948C
9000C4E0940A500C9000C27405F0A374
78F0804CC39000C5E094989000C4E094
084018A3E094C49000C4E09409500C90
00C27404F0A374B0F08025C39000C5E0
94D09000C4E094074016A3E094989000
C4E09408500A9000C27403F0A374E8F0
7F02120F71E5AD20E2FBE5F630E0FB75
F6011200369000B5EEF0A3EFF07F0212
0F71E5AD20E2FBE5F630E0FB75F60112
00369000B5EEF0A3EFF07F02120F71E5
AD20E2FBE5F630E0FB75F60112003690
00B5EEF0A3EFF09000C2E0FEA3E0FFC3
9000B6E09F9000B5E09E405BA3E094FF
9000B5E0947F504F9000CBE014603E04
70459000CCE475F0011201289000CCE0
7004A3E06402702F90C90AE0E4F0A3E0
E4F07D017F0A1210DD7D017F081210DD
9000CB7401F0A3E4F0A3F0800A90C90A
E0E4F0A3E0E4F090C900E04401F07F0B
12132BD007D006D005D004D003D002D0
01D000D0D0D082D083D0F0D0E0324401
1400000000440110000000004200CE1F
404200BCFA004200B300004200B50000
4200C400004200C200644400C6000000
004200AF00004200AD00004400BE0000
00004200B700004200CC00004200B100
00C103C1044200B900004100BB004100
CA004200AB00004100CB006048006300
00000000000000000000000000000000
00000000000000000000000000000000
00000000000000000000000000000000
00000000000000000000000000000000
00000000000000410118004301190000
0043011C0000004900EC000000000000
0000004900F500000000000000000049
00FE0000000000000000004C00E00000
0000000000000000000041011F004901
0700000000000000000041001B004100
04004400000000000042000500004200
5D000242005F00004200610000C102C1
01C100009000D012033F9000D412034B
0000000043F804E5F830E5FB9091AAE0
FFE4FCFDFE78101202AFC004C005C006
C007A3E0FFE4FCFDFE78181202AFD003
D002D001D00012027EC004C005C006C0
079091A9E0FFE4FCFDFE78081202AFD0
03D002D001D00012027EA804A905AA06
AB079091A8E0FFE4FCFDFE12027E9001
1012033F7FC07E0A7D707C0190011012
02FED312028B50167F407E617D6C7C01
9001101202FEC312028B4002801274FF
FFFEFDFC9001101202FEC312028B700C
9000D412034B02DC6C008015E47F02FE
FDFC9001101202FE1201619000D41203
3F9000D01202F21203CB08C000B71B00
08B800F4240008B0016E3600000008B8
75EE01E47B02800E75EE02E47B038006
75EE03E47B04FAF9F89000D41202F212
01EC90011412033F53F8FE53D9F822AC
07EF131313541F9000D0F0EF5407A3F0
ED6060EC75F003A42463F582E43400F5
8312039CD2AFD2A812132B9000D0E0FF
7011A3E0FE7401A806088002C333D8FC
42E922EFB401139000D1E0FF7401A807
088002C333D8FC42EA229000D0E06402
705CA3E0FF7401A807088002C333D8FC
42EB22C2A89000D0E0FF7012A3E0FE74
01A806088002C333D8FCF452E922EFB4
01149000D1E0FF7401A807088002C333
D8FCF452EA229000D0E0B40211A3E0FF
7401A807088002C333D8FCF452EB22EF
131313541FFEEF5407FFED604FEE7016
90C000C083C082E0FE7401A807088002
C333D8FC8033EEB4011690C001C083C0
82E0FE7401A807088002C333D8FC8019
EE6402706D90C002C083C082E0FE7401
A807088002C333D8FC4E8051EE701890
C000C083C082E0FE7401A807088002C3
33D8FCF45E8036EEB4011890C001C083
C082E0FE7401A807088002C333D8FCF4
5E801AEEB4021B90C002C083C082E0FE
7401A807088002C333D8FCF45ED082D0
83F022EF131313541FFEEF5407FFED60
4FEE701690C005C083C082E0FE7401A8
07088002C333D8FC8033EEB4011690C0
06C083C082E0FE7401A807088002C333
D8FC8019EE6402706D90C007C083C082
E0FE7401A807088002C333D8FC4E8051
EE701890C005C083C082E0FE7401A807
088002C333D8FCF45E8036EEB4011890
C006C083C082E0FE7401A807088002C3
33D8FCF45E801AEEB4021B90C007C083
C082E0FE7401A807088002C333D8FCF4
5ED082D083F022C0E0C0F0C083C082C0
D075D000C000C001C002C003C004C005
C006C00790C809E030E01790C808E030
E010A37401F09000E012037CE94A605D
805890C809E030E11790C808E030E110
A37402F09000E312037CE94A603F803A
90C809E030E21790C808E030E210A374
04F09000E612037CE94A6021801C90C8
09E030E31890C808E030E311A37408F0
9000E912037CE94A6003120405D007D0
06D005D004D003D002D001D000D0D0D0
82D083D0F0D0E0329000D012039C90C9
057407F0EF6401704FED24FE601C1460
2E2402703D9000D012037C9000EC1203
9C90C904E04401F080289000D012037C
9000EF12039C90C904E04402F0801390
00D012037C9000F212039C90C904E044
04F0D2AF43B80122ED24FE601B14602C
2402703B9000D012037C9000EC12039C
90C904E044FEF0229000D012037C9000
EF12039C90C904E044FDF0229000D012
037C9000F212039C90C904E044FBF022
C0E0C0F0C083C082C0D075D000C000C0
01C002C003C004C005C006C00790C905
E030E01C90C904E030E0159000EC1203
7CE94A600312040590C9057401F0804C
90C905E030E11C90C904E030E1159000
EF12037CE94A600312040590C9057402
F0802990C905E030E21C90C904E030E2
159000F212037CE94A600312040590C9
057404F0800690C9057407F0D007D006
D005D004D003D002D001D000D0D0D082
D083D0F0D0E032C0E0C0F0C083C082C0
D075D000C000C001C002C003C004C005
C006C00790CA05E030E01C90CA04E030
E0159000F512037CE94A600312040590
CA057401F0804C90CA05E030E11C90CA
04E030E1159000F812037CE94A600312
040590CA057402F0802990CA05E030E2
1C90CA04E030E2159000FB12037CE94A
600312040590CA057404F0800690CA05
7407F0D007D006D005D004D003D002D0
01D000D0D0D082D083D0F0D0E032C0E0
C0F0C083C082C0D075D000C000C001C0
02C003C004C005C006C00790CB05E030
E01C90CB04E030E0159000FE12037CE9
4A600312040590CB057401F0804C90CB
05E030E11C90CB04E030E11590010112
037CE94A600312040590CB057402F080
2990CB05E030E21C90CB04E030E21590
010412037CE94A600312040590CB0574
04F0800690CB057407F0D007D006D005
D004D003D002D001D000D0D0D082D083
D0F0D0E03290C018E4F07F08120066E4
FD7F08120FEBE4FD7F081210647D017F
081210DD90C01AE4F07F0A120066E4FD
7F0A120FEBE4FD7F0A1210647D017F0A
1210DD7F0B1200667D017F0B120FEBE4
FD7F0B1210647D017F0B12099F7BFF7A
0079217D017F0B1208DF53AE7F43AE40
90C01C7420F0E4FD7F0C120A5390C01D
E4F07F0D1200667D017F0D120FEB7D01
7F0D02099F787FE4F6D8FD758120020F
2C021244E493A3F8E493A34003F68001
F208DFF48029E493A3F85407240CC8C3
33C4540F4420C8834004F456800146F6
DFE4800B010204081020408090067EE4
7E019360BCA3FF543F30E509541FFEE4
93A360010ECF54C025E060A840B8E493
A3FAE493A3F8E493A3C8C582C8CAC583
CAF0A3C8C582C8CAC583CADFE9DEE780
BEEF1203A50F91010F9B020FA5040FAF
080FB9100FC3200FCD400FD78000000F
E1E5B454F04401F5B48049E5B454F044
02F5B4803FE5B454F04403F5B48035E5
B454F04404F5B4802BE5B454F04405F5
B48021E5B454F04406F5B48017E5B454
F04407F5B4800DE5B454F04408F5B480
0353B4F053ADFB43AD0422EF13131354
1FFEEF5407FFED6034EE700D04A80708
8002C333D8FC42F922EEB4010E7401A8
07088002C333D8FC42FA22EE64027043
04A807088002C333D8FC42FB22EE700E
04A807088002C333D8FCF452F922EEB4
010F7401A807088002C333D8FCF452FA
22EEB4020E7401A807088002C333D8FC
F452FB22EF131313541FFEEF5407FFED
6034EE700D04A807088002C333D8FC42
9722EEB4010E7401A807088002C333D8
FC42E522EE6402704304A807088002C3
33D8FC42FC22EE700E04A807088002C3
33D8FCF4529722EEB4010F7401A80708
8002C333D8FCF452E522EEB4020E7401
A807088002C333D8FCF452FC22EF1313
13541FFEEF5407FFED6034EE700D04A8
07088002C333D8FC428022EEB4010E74
01A807088002C333D8FC429022EE6402
704304A807088002C333D8FC42A022EE
700E04A807088002C333D8FCF4528022
EEB4010F7401A807088002C333D8FCF4
529022EEB4020E7401A807088002C333
D8FCF452A0229000D412033FE47F10FE
FDFC9000D81202FE1201619000DC1203
3FE47B02FAF9F89000DC1202F21201EC
9000D41202FE1201549000DC1202FE12
01EC9000DC12033F9000DC1202FEC3E4
9BFF74049AFEE499FDE498FC9000DC12
033F9000DC1202F2780812029CAB0790
00DC1202F2EB5403F5BA8FAA22C0E0C0
F0C083C082C0D075D000C000C001C002
C003C004C005C006C007E5C830E11053
C8FD90010712037CE94A6003120405E5
C930E11053C9FD90010A12037CE94A60
03120405E5CA30E11053CAFD90010D12
037CE94A6003120405D007D006D005D0
04D003D002D001D000D0D0D082D083D0
F0D0E0321214FC120E5512148E7D0F7C
007F4C7E041213A87BFF7A1479A77D01
7F01120BB81215079000D47401F07B04
7A00E4FD7F011214187F031200067F06
120094E4FF1214CD7F011214BB7F0112
14F080FEC0E0C0F0C083C082C0D075D0
00C000C001C002C003C004C005C006C0
07E5F630E00D90011C12037CE94A6003
12040575F601D007D006D005D004D003
D002D001D000D0D0D082D083D0F0D0E0
32C0E0C0F0C083C082C0D075D000C000
C001C002C003C004C005C006C0073098
0F90011912037CE94A6003120405C298
D007D006D005D004D003D002D001D000
D0D0D082D083D0F0D0E032EF13131354
1FFEEF5407FFEE700E04A807088002C3
33D8FCF452E122EEB4010F7401A80708
8002C333D8FCF452E222EEB4020E7401
A807088002C333D8FCF452E322EF1313
13541FFEEF5407FFEE700DE5E1A80708
8002C313D8FC801CEEB4010DE5E2A807
088002C313D8FC800BE5E3A807088002
C313D8FC5401FF22AB07AA0643DF0843
E70890C900E04440F0EC90C90DF0ED90
C90CF0EB24FFEA34FF90C90FF0EB1490
C90EF090C9067401F090C905E04401F0
229000D012033F43DE0143E601439E01
E4900118F0C29FD29EC299C2989000D0
1202F29000D812033F9001141202F212
1156D29C53F33F229000D4E064017027
43DE1043E610EFC4333354C0FFE5AC54
BF4FF5ACE4F5FEF5FFEBF5FEEAF5FFE5
FD54FE4DF5FD2253DEEF53E6EF221200
2690005FE475F00112013EFC741C25F0
F58274003CF583EFF090005C7401F022
C0E0C083C082E5A630E30990011F7401
F075A32075A3FFD082D083D0E032E490
005CF0FF7EC27D01FC1213E17BFF7A14
794E7F010214DFE4FD7F0A1210DDE4FD
7F081210DDE49000CBF022EFB4010753
ADFE53ADFD2243AD0243AD012243AC20
EF700553ACFD800343AC0253B5FE22EF
B4010AD2AFD2AC90011902039CC2AC22
EFB4010443AC012253ACFE227F007E24
7DF47C000207B490C900E04401F022FF

---------- Code Information -----------
Code Entrance:      0x00000000 
Code Run Entrance:  0x00000000 
Code Size:          0x00001510 
Code CRC Value:     0x9361 
