020ECF02128112173DAD07AC06121787
9000B8ECF0A3EDF0E49000BAF0A3F002
179E22021373AF9922FFFF0211B7FFFF
FFFFFF021326E5B7540FFEAFB6D3EF94
01EE9400400774052FFFE43EFED3EF94
FFEE940F40047E0F7FFF220216E8FFFF
FFFFFF020994AB07AA06121839C3EF9B
EE9A4007EF9BFFEE9A800EC374E89BFD
74039AFCED2FFFEC3E9000DCF0A3EFF0
9000DCE0FEA3E0FF22FFFF020CE3FFFF
FFFFFF020C3CFFFFFFFFFF020B95BB01
0689828A83E0225002E722BBFE02E322
89828A83E49322BB010CE58229F582E5
833AF583E0225006E92582F8E622BBFE
06E92582F8E222E58229F582E5833AF5
83E49322BB010689828A83F0225002F7
22BBFE01F322F8BB010DE58229F582E5
833AF583E8F0225006E92582C8F622BB
FE05E92582C8F222C5F0F8A3E028F0C5
F0F8E582158270021583E038F022A3F8
E0C5F025F0F0E582158270021583E0C8
38F0E822BB010A89828A83F0E5F0A3F0
225006F709A7F01922BBFE06F3E5F009
F31922EF2BFFEE3AFEED39FDEC38FC22
E88FF0A4CC8BF0A42CFCE98EF0A42CFC
8AF0EDA42CFCEA8EF0A4CDA8F08BF0A4
2DCC3825F0FDE98FF0A42CCD35F0FCEB
8EF0A4FEA9F0EB8FF0A4CFC5F02ECD39
FEE43CFCEAA42DCE35F0FDE43CFC2275
F008758200EF2FFFEE33FECD33CDCC33
CCC58233C5829BED9AEC99E58298400C
F582EE9BFEED9AFDEC99FC0FD5F0D6E4
CEFBE4CDFAE4CCF9A88222B800C1B900
59BA002DEC8BF084CFCECDFCE5F0CBF9
7818EF2FFFEE33FEED33FDEC33FCEB33
FB10D703994004EB99FB0FD8E5E4F9FA
227818EF2FFFEE33FEED33FDEC33FCC9
33C910D7059BE99A4007EC9BFCE99AF9
0FD8E0E4C9FAE4CCFB2275F010EF2FFF
EE33FEED33FDCC33CCC833C810D7079B
EC9AE899400AED9BFDEC9AFCE899F80F
D5F0DAE4CDFBE4CCFAE4C8F922EF4BFF
EE4AFEED49FDEC48FC22EB9FF5F0EA9E
42F0E99D42F0E89C45F022E8600FECC3
13FCED13FDEE13FEEF13FFD8F122E860
0FEFC333FFEE33FEED33FDEC33FCD8F1
22BB010DE58229F582E5833AF5830203
115007E92582F802042ABBFE07E92582
F8020436E58229F582E5833AF5830204
42E0FCA3E0FDA3E0FEA3E0FF22E0F8A3
E0F9A3E0FAA3E0FB227401FF3395E0FE
FDFCA3A3A3E0CF2FF0E5821582700215
83E0CE3EF0E582158270021583E0CD3D
F0E582158270021583E0CC3CF022ECF0
A3EDF0A3EEF0A3EFF022A8828583F0D0
83D082120381120381120381120381E4
73E493A3C583C5F0C583C8C582C8F0A3
C583C5F0C583C8C582C822E0FBA3E0FA
A3E0F922F8E0FBA3A3E0F925F0F0E582
158270021583E0FA38F022EBF0A3EAF0
A3E9F022D083D082F8E4937012740193
700DA3A393F8740193F5828883E47374
02936860EFA3A3A380DFD083D082E493
7012740193700DA3A393F8740193F582
8883E4737402936C70127403936D700C
7404936E70067405936F60DDA3A3A3A3
A3A380CA8A838982E473E6FC08E6FD08
E6FE08E6FF22E2FC08E2FD08E2FE08E2
FF22E493FC740193FD740293FE740393
FF224401120000000044010E00000000
4200B200004200C000004200BE012C42
00B400004200CA00004200B000004100
C6004100AF004100C5004100AB004100
B7004100BD004100B6004100C2004100
AE004200C800004100C7004100AD0042
00BA00004200B803704100AC004200C3
00004100BC0060480063000000000000
00000000000000000000000000000000
00000000000000000000000000000000
00000000000000000000000000000000
00000000000000000000000000000000
00004101160043011700000043011A00
00004900EA0000000000000000004900
F30000000000000000004900FC000000
0000000000004C00DE00000000000000
000000000041011D0049010500000000
000000000041001B0041000400440000
00000000420005000042005D00024200
5F00004200610000C102C101C1000090
00CC12035E9000D012036A0000000043
F804E5F830E5FB9091AAE0FFE4FCFDFE
78101202CEC004C005C006C007A3E0FF
E4FCFDFE78181202CED003D002D001D0
0012029DC004C005C006C0079091A9E0
FFE4FCFDFE78081202CED003D002D001
D00012029DA804A905AA06AB079091A8
E0FFE4FCFDFE12029D90010E12035E7F
C07E0A7D707C0190010E12031DD31202
AA50167F407E617D6C7C0190010E1203
1DC31202AA4002801274FFFFFEFDFC90
010E12031DC31202AA700C9000D01203
6A02DC6C008015E47F02FEFDFC90010E
12031D1201809000D012035E9000CC12
03111203EA069B00B71B00069300F424
00068B016E36000000069375EE01E47B
02800E75EE02E47B03800675EE03E47B
04FAF9F89000D012031112020B900112
12035E53F8FE53D9F822AC07EF131313
541F9000CEF0EF5407A3F0ED6060EC75
F003A42463F582E43400F5831203BBD2
AFD2A81214449000CEE0FF7011A3E0FE
7401A806088002C333D8FC42E922EFB4
01139000CFE0FF7401A807088002C333
D8FC42EA229000CEE06402705CA3E0FF
7401A807088002C333D8FC42EB22C2A8
9000CEE0FF7012A3E0FE7401A8060880
02C333D8FCF452E922EFB401149000CF
E0FF7401A807088002C333D8FCF452EA
229000CEE0B40211A3E0FF7401A80708
8002C333D8FCF452EB229000CEEFF0A3
ECF0A3EDF0A31203BB9000D812036A00
000000E49000D6F0A3F01218399000D4
EEF0A3EFF0E4FD7F081210C79000CEE0
FF121669C3EF94FEEE947F501C9000D8
12031DE4FCFD1201739000D812035E90
00D6E475F0011201289000D4E0FEA3E0
FF120066D39000D0E09F9000CFE09E50
BB7D017F081210C79000D112039BE94A
600D9000D6E0FFA3E0CF8FF012015490
00D6E0FCA3E0FD4C70047E80FF22AB05
AA04E4F9F89000D812031112020B22EF
131313541FFEEF5407FFED604FEE7016
90C000C083C082E0FE7401A807088002
C333D8FC8033EEB4011690C001C083C0
82E0FE7401A807088002C333D8FC8019
EE6402706D90C002C083C082E0FE7401
A807088002C333D8FC4E8051EE701890
C000C083C082E0FE7401A807088002C3
33D8FCF45E8036EEB4011890C001C083
C082E0FE7401A807088002C333D8FCF4
5E801AEEB4021B90C002C083C082E0FE
7401A807088002C333D8FCF45ED082D0
83F0229000ABE07003020993E49000CC
F0A3F07B017A0079CC7D64FC7F021207
7A9000B2EEF0A3EFF09000CCE0FCA3E0
FD9000C0ECF0A3EDF09000CAECF0A3ED
F09000BAE0FDA3E09000C3CDF0A3EDF0
12122E9000BCEFF0600B9000C6E0C394
01500E80099000AFE0C394015003E004
F09000ACE004F0E0C39401402DE4F090
00C5E07011A3E0940140169000C57401
F012181D800B9000AFE060057F061212
D4E49000C6F09000AFF09000ABE06003
12150122C0E0C0F0C083C082C0D075D0
00C000C001C002C003C004C005C006C0
0790C809E030E01790C808E030E010A3
7401F09000DE12039BE94A605D805890
C809E030E11790C808E030E110A37402
F09000E112039BE94A603F803A90C809
E030E21790C808E030E210A37404F090
00E412039BE94A6021801C90C809E030
E31890C808E030E311A37408F09000E7
12039BE94A6003120424D007D006D005
D004D003D002D001D000D0D0D082D083
D0F0D0E0329000CC1203BB90C9057407
F0EF6401704FED24FE601C14602E2402
703D9000CC12039B9000EA1203BB90C9
04E04401F080289000CC12039B9000ED
1203BB90C904E04402F080139000CC12
039B9000F01203BB90C904E04404F0D2
AF43B80122ED24FE601B14602C240270
3B9000CC12039B9000EA1203BB90C904
E044FEF0229000CC12039B9000ED1203
BB90C904E044FDF0229000CC12039B90
00F01203BB90C904E044FBF0229000CC
1203BB90CA057407F0EF6401704FED24
FE601C14602E2402703D9000CC12039B
9000F31203BB90CA04E04401F0802890
00CC12039B9000F61203BB90CA04E044
02F080139000CC12039B9000F91203BB
90CA04E04404F0D2AF43B80422ED24FE
601B14602C2402703B9000CC12039B90
00F31203BB90CA04E044FEF0229000CC
12039B9000F61203BB90CA04E044FDF0
229000CC12039B9000F91203BB90CA04
E044FBF022C0E0C0F0C083C082C0D075
D000C000C001C002C003C004C005C006
C00790C905E030E01C90C904E030E015
9000EA12039BE94A600312042490C905
7401F0804C90C905E030E11C90C904E0
30E1159000ED12039BE94A6003120424
90C9057402F0802990C905E030E21C90
C904E030E2159000F012039BE94A6003
12042490C9057404F0800690C9057407
F0D007D006D005D004D003D002D001D0
00D0D0D082D083D0F0D0E032C0E0C0F0
C083C082C0D075D000C000C001C002C0
03C004C005C006C00790CA05E030E01C
90CA04E030E0159000F312039BE94A60
0312042490CA057401F0804C90CA05E0
30E11C90CA04E030E1159000F612039B
E94A600312042490CA057402F0802990
CA05E030E21C90CA04E030E2159000F9
12039BE94A600312042490CA057404F0
800690CA057407F0D007D006D005D004
D003D002D001D000D0D0D082D083D0F0
D0E032C0E0C0F0C083C082C0D075D000
C000C001C002C003C004C005C006C007
90CB05E030E01C90CB04E030E0159000
FC12039BE94A600312042490CB057401
F0804C90CB05E030E11C90CB04E030E1
159000FF12039BE94A600312042490CB
057402F0802990CB05E030E21C90CB04
E030E21590010212039BE94A60031204
2490CB057404F0800690CB057407F0D0
07D006D005D004D003D002D001D000D0
D0D082D083D0F0D0E03290C018E4F07F
08121619E4FD7F08120FD5E4FD7F0812
104E7D017F081210C790C01AE4F07F0A
121619E4FD7F0A120FD5E4FD7F0A1210
4EE4FD7F0A1210C790C01BE4F07F0B12
1619E4FD7F0B120FD5E4FD7F0B12104E
E4FD7F0B1210C77F0C1216197D017F0C
120FD5E4FD7F0C12104E7D017F0C1208
2F7BFF7A0079227D017F0C1206BA53B0
FD43B00190C01C7420F0A3E4F07F0D12
16197D017F0D120FD57D017F0D02082F
121852120D8A1217567D177C007FE87E
0312153A7BFF7A1379BD7D017F01120A
457D177C007FDC7E051215737BFF7A17
79067D017F01120AED12180E12176F90
00D07401F07B047A00E4FD7F011215E3
7F031217227F0612185DE4FF1217EB7F
011217D97F0112184612182B1217B590
00BDE0600BE4F09000ABE07003121402
9000B6E060031214869000C2E0600312
16CA9000B7E060D7E4F01208E380D078
7FE4F6D8FD758120020F16020E30E493
A3F8E493A34003F68001F208DFF48029
E493A3F85407240CC8C333C4540F4420
C8834004F456800146F6DFE4800B0102
040810204080900452E47E019360BCA3
FF543F30E509541FFEE493A360010ECF
54C025E060A840B8E493A3FAE493A3F8
E493A3C8C582C8CAC583CAF0A3C8C582
C8CAC583CADFE9DEE780BEEF1203C40F
7B010F85020F8F040F99080FA3100FAD
200FB7400FC18000000FCBE5B454F044
01F5B48049E5B454F04402F5B4803FE5
B454F04403F5B48035E5B454F04404F5
B4802BE5B454F04405F5B48021E5B454
F04406F5B48017E5B454F04407F5B480
0DE5B454F04408F5B4800353B4F053AD
FB43AD0422EF131313541FFEEF5407FF
ED6034EE700D04A807088002C333D8FC
42F922EEB4010E7401A807088002C333
D8FC42FA22EE6402704304A807088002
C333D8FC42FB22EE700E04A807088002
C333D8FCF452F922EEB4010F7401A807
088002C333D8FCF452FA22EEB4020E74
01A807088002C333D8FCF452FB22EF13
1313541FFEEF5407FFED6034EE700D04
A807088002C333D8FC429722EEB4010E
7401A807088002C333D8FC42E522EE64
02704304A807088002C333D8FC42FC22
EE700E04A807088002C333D8FCF45297
22EEB4010F7401A807088002C333D8FC
F452E522EEB4020E7401A807088002C3
33D8FCF452FC22EF131313541FFEEF54
07FFED6034EE700D04A807088002C333
D8FC428022EEB4010E7401A807088002
C333D8FC429022EE6402704304A80708
8002C333D8FC42A022EE700E04A80708
8002C333D8FCF4528022EEB4010F7401
A807088002C333D8FCF4529022EEB402
0E7401A807088002C333D8FCF452A022
9000D012035EE47F10FEFDFC9000D412
031D1201809000D812035EE47B02FAF9
F89000D812031112020B9000D012031D
1201739000D812031D12020B9000D812
035E9000D812031DC3E49BFF74049AFE
E499FDE498FC9000D812035E9000D812
031178081202BBAB079000D8120311EB
5403F5BA8FAA22C0E0C0F0C083C082C0
D075D000C000C001C002C003C004C005
C006C007E5C830E11053C8FD90010512
039BE94A6003120424E5C930E11053C9
FD90010812039BE94A6003120424E5CA
30E11053CAFD90010B12039BE94A6003
120424D007D006D005D004D003D002D0
01D000D0D0D082D083D0F0D0E032AD07
AC06C3ED94FEEC947F4007E49000C7F0
FF229000BEE0FFA3E09000CECFF0A3EF
F01216AA9000C7E07015D39000CFE09D
9000CEE09C50149000C77401F0800CD3
ED9FEC9E5005E49000C7F09000C7E0FF
22C0E0C0F0C083C082C0D075D000C000
C001C002C003C004C005C006C0077F0C
1214C6EF60137F0C1214449000ABE070
089000BDE0700204F0D007D006D005D0
04D003D002D001D000D0D0D082D083D0
F0D0E032E4FF9000C6F09000AFF09000
ABF09000B7F09000BDF09000B6F09000
C2F09000AEF09000C8F0A3F09000C7F0
9000ADF09000BAF0A3F09000BCF09000
ACF012180E12176F12182B9000C5E060
02E4F00217B5C0E0C0F0C083C082C0D0
75D000C000C001C002C003C004C005C0
06C007E5F630E00D90011A12039BE94A
600312042475F601D007D006D005D004
D003D002D001D000D0D0D082D083D0F0
D0E032C0E0C0F0C083C082C0D075D000
C000C001C002C003C004C005C006C007
30980F90011712039BE94A6003120424
C298D007D006D005D004D003D002D001
D000D0D0D082D083D0F0D0E0329000AB
E070139000ADF090C900E054FEF090C9
0AE4F0A3F0229000ADE06013E4F09000
B8E0FFA3E09000BACFF0A3EFF0800A90
00BA7403F0A374E8F09000B7E0700204
F02212176F9000AB7401F0E49000B7F0
9000BDF09000B6F09000C8F0A3F09000
C6F09000AFF09000C7F09000AD04F0E4
9000BAF0A3F09000BCF09000ACF01217
C7020006EF131313541FFEEF5407FFEE
700E04A807088002C333D8FCF452E122
EEB4010F7401A807088002C333D8FCF4
52E222EEB4020E7401A807088002C333
D8FCF452E322E49000B6F09000C8F0A3
F09000ABF09000B7F09000BDF09000C2
F09000AEF09000C7F09000ADF09000BA
F0A3F09000ACF012180E9000C5E06003
12168A0217B5EF131313541FFEEF5407
FFEE700DE5E1A807088002C313D8FC80
1CEEB4010DE5E2A807088002C313D8FC
800BE5E3A807088002C313D8FC5401FF
229000ABE070079000C8F0A3F022C390
00C9E094FF9000C8E094FF5007E475F0
01120128C39000C9E094019000C8E094
0040069000B67401F022AB07AA0643DF
0843E70890C900E04440F0EC90C90DF0
ED90C90CF0EB24FFEA34FF90C90FF0EB
1490C90EF090C9067401F090C905E044
01F022AB07AA0643DF2043E72090CA00
E04440F0EC90CA0DF0ED90CA0CF0EB24
FFEA34FF90CA0FF0EB1490CA0EF090CA
067401F090CA05E04401F0229000CC12
035E43DE0143E601439E01E4900116F0
C29FD29EC299C2989000CC1203119000
D412035E900112120311121140D29C53
F33F229000D0E06401702743DE1043E6
10EFC4333354C0FFE5AC54BF4FF5ACE4
F5FEF5FFEBF5FEEAF5FFE5FD54FE4DF5
FD2253DEEF53E6EF22EF131313541FFE
EF54079000CCF0EE700743DF0143E701
22EEB4010743DF0243E70222EEB40206
43DF0443E7042212002690005FE475F0
0112013EFC741C25F0F58274003CF583
EFF090005C7401F022120F5BE5AD20E2
FBE5F630E0FB75F601120036D3EF94FF
EE940F40047E0F7FFF22E49000C2F090
00AE04F090CA00E054FEF090CA0AE4F0
A3F090CA00E04401F022D39000BFE094
2C9000BEE09401400DA3E024D4FF9000
BEE034FEFE22E4FEFF229000C2E06017
E4F09000AEF09000ABE0700B9000C5E0
60057F091212D422C0E0C083C082E5A6
30E30990011D7401F075A32075A3FFD0
82D083D0E03290CA00E054FEF090CA0A
E4F0A3F09000AEE06007E4F09000C204
F02253F7F8EF24FC600B14600C240270
0B43F7032243F7042243F705227F707E
03EF4E7003FE7F01D3EF94E8EE940340
047E037FE822E490005CF0FF7EC27D01
FC1215AC7BFF7A1679477F010217FDE4
9000AEF09000C2F090CA00E054FEF090
CA0AE4F0A3F022C3EF94E8EE94034004
E4FEFF22C374E89FFF74039EFE2290C9
00E054FEF0EF90C90AF0EEA3F090C900
E04401F0227F0C1214447BFF7A007922
7D017F0C0206BA7F0C1214447BFF7A00
7922E4FD7F0C0206BAEFB4010753ADFE
53ADFD2243AD0243AD012243AC20EF70
0553ACFD800343AC0253B5FE22EFB401
0AD2AFD2AC9001170203BBC2AC2290C9
00E054FEF090C90AE4F0A3F0227D017F
0A1210C77D017F0B0210C7E4FD7F0A12
10C7E4FD7F0B0210C790C90AE0FDA3E0
FCEDAE04FF22EFB4010443AC012253AC
FE227F007E367D6E7C0102058FEF8FF5
53B4EF22

---------- Code Information -----------
Code Entrance:      0x00000000 
Code Run Entrance:  0x00000000 
Code Size:          0x00001864 
Code CRC Value:     0xCEF7 
