020EC202122112173BAD07AC06121785
9000B7ECF0A3EDF0E49000B9F0A3F002
179C2202136FAF9922FFFF0211AAFFFF
FFFFFF021322E5B7540FFEAFB6D3EF94
01EE9400400774052FFFE43EFED3EF94
FFEE940F40047E0F7FFF220216E6FFFF
FFFFFF0208DFAB07AA06121837C3EF9B
EE9A4007EF9BFFEE9A800EC374E89BFD
74039AFCED2FFFEC3E9000DCF0A3EFF0
9000DCE0FEA3E0FF22FFFF020CD6FFFF
FFFFFF020C2FFFFFFFFFFF020B88BB01
0689828A83E0225002E722BBFE02E322
89828A83E49322BB010CE58229F582E5
833AF583E0225006E92582F8E622BBFE
06E92582F8E222E58229F582E5833AF5
83E49322BB010689828A83F0225002F7
22BBFE01F322F8BB010DE58229F582E5
833AF583E8F0225006E92582C8F622BB
FE05E92582C8F222C5F0F8A3E028F0C5
F0F8E582158270021583E038F022A3F8
E0C5F025F0F0E582158270021583E0C8
38F0E822BB010A89828A83F0E5F0A3F0
225006F709A7F01922BBFE06F3E5F009
F31922EF2BFFEE3AFEED39FDEC38FC22
E88FF0A4CC8BF0A42CFCE98EF0A42CFC
8AF0EDA42CFCEA8EF0A4CDA8F08BF0A4
2DCC3825F0FDE98FF0A42CCD35F0FCEB
8EF0A4FEA9F0EB8FF0A4CFC5F02ECD39
FEE43CFCEAA42DCE35F0FDE43CFC2275
F008758200EF2FFFEE33FECD33CDCC33
CCC58233C5829BED9AEC99E58298400C
F582EE9BFEED9AFDEC99FC0FD5F0D6E4
CEFBE4CDFAE4CCF9A88222B800C1B900
59BA002DEC8BF084CFCECDFCE5F0CBF9
7818EF2FFFEE33FEED33FDEC33FCEB33
FB10D703994004EB99FB0FD8E5E4F9FA
227818EF2FFFEE33FEED33FDEC33FCC9
33C910D7059BE99A4007EC9BFCE99AF9
0FD8E0E4C9FAE4CCFB2275F010EF2FFF
EE33FEED33FDCC33CCC833C810D7079B
EC9AE899400AED9BFDEC9AFCE899F80F
D5F0DAE4CDFBE4CCFAE4C8F922EF4BFF
EE4AFEED49FDEC48FC22EB9FF5F0EA9E
42F0E99D42F0E89C45F022E8600FECC3
13FCED13FDEE13FEEF13FFD8F122E860
0FEFC333FFEE33FEED33FDEC33FCD8F1
22BB010DE58229F582E5833AF5830203
115007E92582F802042ABBFE07E92582
F8020436E58229F582E5833AF5830204
42E0FCA3E0FDA3E0FEA3E0FF22E0F8A3
E0F9A3E0FAA3E0FB227401FF3395E0FE
FDFCA3A3A3E0CF2FF0E5821582700215
83E0CE3EF0E582158270021583E0CD3D
F0E582158270021583E0CC3CF022ECF0
A3EDF0A3EEF0A3EFF022A8828583F0D0
83D082120381120381120381120381E4
73E493A3C583C5F0C583C8C582C8F0A3
C583C5F0C583C8C582C822E0FBA3E0FA
A3E0F922F8E0FBA3A3E0F925F0F0E582
158270021583E0FA38F022EBF0A3EAF0
A3E9F022D083D082F8E4937012740193
700DA3A393F8740193F5828883E47374
02936860EFA3A3A380DFD083D082E493
7012740193700DA3A393F8740193F582
8883E4737402936C70127403936D700C
7404936E70067405936F60DDA3A3A3A3
A3A380CA8A838982E473E6FC08E6FD08
E6FE08E6FF22E2FC08E2FD08E2FE08E2
FF22E493FC740193FD740293FE740393
FF224401120000000044010E00000000
4200B100004200BF00004200BD00C842
00B300004200C900004200AF00004100
C5004100AE004100C4004100AB004100
B6004100BC004100B5004100C1004100
AD004200C700004100C6004100AC0042
00B900004200B703704200C200004100
BB006048006300000000000000000000
00000000000000000000000000000000
00000000000000000000000000000000
00000000000000000000000000000000
00000000000000000000000000004101
160043011700000043011A0000004900
EA0000000000000000004900F3000000
0000000000004900FC00000000000000
00004C00DE0000000000000000000000
0041011D004901050000000000000000
0041001B004100040044000000000000
420005000042005D000242005F000042
00610000C102C101C100009000CB1203
5E9000CF12036A0000000043F804E5F8
30E5FB9091AAE0FFE4FCFDFE78101202
CEC004C005C006C007A3E0FFE4FCFDFE
78181202CED003D002D001D00012029D
C004C005C006C0079091A9E0FFE4FCFD
FE78081202CED003D002D001D0001202
9DA804A905AA06AB079091A8E0FFE4FC
FDFE12029D90010E12035E7FC07E0A7D
707C0190010E12031DD31202AA50167F
407E617D6C7C0190010E12031DC31202
AA4002801274FFFFFEFDFC90010E1203
1DC31202AA700C9000CF12036A02DC6C
008015E47F02FEFDFC90010E12031D12
01809000CF12035E9000CB1203111203
EA069700B71B00068F00F42400068701
6E36000000068F75EE01E47B02800E75
EE02E47B03800675EE03E47B04FAF9F8
9000CF12031112020B90011212035E53
F8FE53D9F822AC07EF131313541F9000
CFF0EF5407A3F0ED6060EC75F003A424
63F582E43400F5831203BBD2AFD2A812
14419000CFE0FF7011A3E0FE7401A806
088002C333D8FC42E922EFB401139000
D0E0FF7401A807088002C333D8FC42EA
229000CFE06402705CA3E0FF7401A807
088002C333D8FC42EB22C2A89000CFE0
FF7012A3E0FE7401A806088002C333D8
FCF452E922EFB401149000D0E0FF7401
A807088002C333D8FCF452EA229000CF
E0B40211A3E0FF7401A807088002C333
D8FCF452EB229000CEEFF0A3ECF0A3ED
F0A31203BB9000D812036A00000000E4
9000D6F0A3F01218379000D4EEF0A3EF
F0E4FD7F081210BA9000CEE0FF121667
C3EF94FEEE947F501C9000D812031DE4
FCFD1201739000D812035E9000D6E475
F0011201289000D4E0FEA3E0FF120066
D39000D0E09F9000CFE09E50BB7D017F
081210BA9000D112039BE94A600D9000
D6E0FFA3E0CF8FF01201549000D6E0FC
A3E0FD4C70047E80FF22AB05AA04E4F9
F89000D812031112020B22EF13131354
1FFEEF5407FFED604FEE701690C000C0
83C082E0FE7401A807088002C333D8FC
8033EEB4011690C001C083C082E0FE74
01A807088002C333D8FC8019EE640270
6D90C002C083C082E0FE7401A8070880
02C333D8FC4E8051EE701890C000C083
C082E0FE7401A807088002C333D8FCF4
5E8036EEB4011890C001C083C082E0FE
7401A807088002C333D8FCF45E801AEE
B4021B90C002C083C082E0FE7401A807
088002C333D8FCF45ED082D083F022C0
E0C0F0C083C082C0D075D000C000C001
C002C003C004C005C006C00790C809E0
30E01790C808E030E010A37401F09000
DE12039BE94A605D805890C809E030E1
1790C808E030E110A37402F09000E112
039BE94A603F803A90C809E030E21790
C808E030E210A37404F09000E412039B
E94A6021801C90C809E030E31890C808
E030E311A37408F09000E712039BE94A
6003120424D007D006D005D004D003D0
02D001D000D0D0D082D083D0F0D0E032
9000ABE07003020A37E49000CBF0A3F0
7B017A0079CB7D64FC7F021207769000
B1EEF0A3EFF09000CBE0FCA3E0FD9000
BFECF0A3EDF09000C9ECF0A3EDF09000
B9E0FDA3E09000C2CDF0A3EDF012127D
9000CDEFF09000BBF060249000C5E0C3
94035003E004F09000C4E0702CA3E0C3
940340259000C47401F012181B801A90
00AEE0C394035003E004F09000AEE0C3
940340057F061212D09000ABE0600890
00CDE0FF1213B9229000CB1203BB90C9
057407F0EF6401704FED24FE601C1460
2E2402703D9000CB12039B9000EA1203
BB90C904E04401F080289000CB12039B
9000ED1203BB90C904E04402F0801390
00CB12039B9000F01203BB90C904E044
04F0D2AF43B80122ED24FE601B14602C
2402703B9000CB12039B9000EA1203BB
90C904E044FEF0229000CB12039B9000
ED1203BB90C904E044FDF0229000CB12
039B9000F01203BB90C904E044FBF022
9000CB1203BB90CA057407F0EF640170
4FED24FE601C14602E2402703D9000CB
12039B9000F31203BB90CA04E04401F0
80289000CB12039B9000F61203BB90CA
04E04402F080139000CB12039B9000F9
1203BB90CA04E04404F0D2AF43B80422
ED24FE601B14602C2402703B9000CB12
039B9000F31203BB90CA04E044FEF022
9000CB12039B9000F61203BB90CA04E0
44FDF0229000CB12039B9000F91203BB
90CA04E044FBF022C0E0C0F0C083C082
C0D075D000C000C001C002C003C004C0
05C006C00790C905E030E01C90C904E0
30E0159000EA12039BE94A6003120424
90C9057401F0804C90C905E030E11C90
C904E030E1159000ED12039BE94A6003
12042490C9057402F0802990C905E030
E21C90C904E030E2159000F012039BE9
4A600312042490C9057404F0800690C9
057407F0D007D006D005D004D003D002
D001D000D0D0D082D083D0F0D0E032C0
E0C0F0C083C082C0D075D000C000C001
C002C003C004C005C006C00790CA05E0
30E01C90CA04E030E0159000F312039B
E94A600312042490CA057401F0804C90
CA05E030E11C90CA04E030E1159000F6
12039BE94A600312042490CA057402F0
802990CA05E030E21C90CA04E030E215
9000F912039BE94A600312042490CA05
7404F0800690CA057407F0D007D006D0
05D004D003D002D001D000D0D0D082D0
83D0F0D0E032C0E0C0F0C083C082C0D0
75D000C000C001C002C003C004C005C0
06C00790CB05E030E01C90CB04E030E0
159000FC12039BE94A600312042490CB
057401F0804C90CB05E030E11C90CB04
E030E1159000FF12039BE94A60031204
2490CB057402F0802990CB05E030E21C
90CB04E030E21590010212039BE94A60
0312042490CB057404F0800690CB0574
07F0D007D006D005D004D003D002D001
D000D0D0D082D083D0F0D0E03290C018
E4F07F08121617E4FD7F08120FC8E4FD
7F081210417D017F081210BA90C01AE4
F07F0A121617E4FD7F0A120FC8E4FD7F
0A121041E4FD7F0A1210BA90C01BE4F0
7F0B121617E4FD7F0B120FC8E4FD7F0B
121041E4FD7F0B1210BA7F0C1216177D
017F0C120FC8E4FD7F0C1210417D017F
0C12082B7BFF7A0079227D017F0C1206
B653B0FD43B00190C01C7420F0A3E4F0
7F0D1216177D017F0D120FC87D017F0D
02082B121850120D7D1217547D177C00
7FE87E031215387BFF7A1379FE7D017F
01120A387D177C007FD07E071215717B
FF7A1779047D017F01120AE012180C12
176D9000CF7401F07B047A00E4FD7F01
1215E17F031217207F0612185BE4FF12
17E97F011217D77F0112184412182912
17B39000BCE0600BE4F09000ABE07003
1214839000C1E060031216C89000B6E0
6005E4F01209909000B5E060D51214C1
80D0787FE4F6D8FD758120020F09020E
23E493A3F8E493A34003F68001F208DF
F48029E493A3F85407240CC8C333C454
0F4420C8834004F456800146F6DFE480
0B0102040810204080900452E47E0193
60BCA3FF543F30E509541FFEE493A360
010ECF54C025E060A840B8E493A3FAE4
93A3F8E493A3C8C582C8CAC583CAF0A3
C8C582C8CAC583CADFE9DEE780BEEF12
03C40F6E010F78020F82040F8C080F96
100FA0200FAA400FB48000000FBEE5B4
54F04401F5B48049E5B454F04402F5B4
803FE5B454F04403F5B48035E5B454F0
4404F5B4802BE5B454F04405F5B48021
E5B454F04406F5B48017E5B454F04407
F5B4800DE5B454F04408F5B4800353B4
F053ADFB43AD0422EF131313541FFEEF
5407FFED6034EE700D04A807088002C3
33D8FC42F922EEB4010E7401A8070880
02C333D8FC42FA22EE6402704304A807
088002C333D8FC42FB22EE700E04A807
088002C333D8FCF452F922EEB4010F74
01A807088002C333D8FCF452FA22EEB4
020E7401A807088002C333D8FCF452FB
22EF131313541FFEEF5407FFED6034EE
700D04A807088002C333D8FC429722EE
B4010E7401A807088002C333D8FC42E5
22EE6402704304A807088002C333D8FC
42FC22EE700E04A807088002C333D8FC
F4529722EEB4010F7401A807088002C3
33D8FCF452E522EEB4020E7401A80708
8002C333D8FCF452FC22EF131313541F
FEEF5407FFED6034EE700D04A8070880
02C333D8FC428022EEB4010E7401A807
088002C333D8FC429022EE6402704304
A807088002C333D8FC42A022EE700E04
A807088002C333D8FCF4528022EEB401
0F7401A807088002C333D8FCF4529022
EEB4020E7401A807088002C333D8FCF4
52A0229000CF12035EE47F10FEFDFC90
00D312031D1201809000D712035EE47B
02FAF9F89000D712031112020B9000CF
12031D1201739000D712031D12020B90
00D712035E9000D712031DC3E49BFF74
049AFEE499FDE498FC9000D712035E90
00D712031178081202BBAB079000D712
0311EB5403F5BA8FAA22C0E0C0F0C083
C082C0D075D000C000C001C002C003C0
04C005C006C007E5C830E11053C8FD90
010512039BE94A6003120424E5C930E1
1053C9FD90010812039BE94A60031204
24E5CA30E11053CAFD90010B12039BE9
4A6003120424D007D006D005D004D003
D002D001D000D0D0D082D083D0F0D0E0
32C0E0C0F0C083C082C0D075D000C000
C001C002C003C004C005C006C0077F0C
1214FDEF601C7F0C1214419000ABE070
119000BCE0700B9000C1E070059000BC
04F0D007D006D005D004D003D002D001
D000D0D0D082D083D0F0D0E032AD07AC
06C3ED94FEEC947F4007E49000C6F0FF
229000BDE0FFA3E09000CECFF0A3EFF0
1216A89000C6E07015D39000CFE09D90
00CEE09C50149000C67401F0800CD3ED
9FEC9E5005E49000C6F09000C6E0FF22
9000CEEFF0E49000C5F09000AEF09000
ABF09000B6F09000BCF09000B5F09000
C1F09000ADF09000C7F0A3F09000C6F0
9000ACF09000B9F0A3F09000BBF01218
0C12176D1218299000C4E06002E4F002
17B3C0E0C0F0C083C082C0D075D000C0
00C001C002C003C004C005C006C007E5
F630E00D90011A12039BE94A60031204
2475F601D007D006D005D004D003D002
D001D000D0D0D082D083D0F0D0E032C0
E0C0F0C083C082C0D075D000C000C001
C002C003C004C005C006C00730980F90
011712039BE94A6003120424C298D007
D006D005D004D003D002D001D000D0D0
D082D083D0F0D0E0329000ABE0700790
00C7F0A3F022C39000C8E094FF9000C7
E094FF5007E475F001120128C39000C8
E094039000C7E094004012EF600F9000
B57401F0E49000C5F09000AEF0229000
ABE07011A3F090C900E054FEF090C90A
E4F0A3F0229000ACE06013E4F09000B7
E0FFA3E09000B9CFF0A3EFF0800A9000
B97403F0A374E8F09000B6E0700204F0
22EF131313541FFEEF5407FFEE700E04
A807088002C333D8FCF452E122EEB401
0F7401A807088002C333D8FCF452E222
EEB4020E7401A807088002C333D8FCF4
52E32212176D9000AB7401F0E49000B6
F09000BCF09000B5F09000C7F0A3F090
00C5F09000AEF09000C6F09000AC04F0
E49000B9F0A3F09000BBF01217C50200
06E49000B5F09000C7F0A3F09000ABF0
9000B6F09000BCF09000C1F09000ADF0
9000C6F09000ACF09000B9F0A3F01218
0C9000C4E060031216880217B3EF1313
13541FFEEF5407FFEE700DE5E1A80708
8002C313D8FC801CEEB4010DE5E2A807
088002C313D8FC800BE5E3A807088002
C313D8FC5401FF22AB07AA0643DF0843
E70890C900E04440F0EC90C90DF0ED90
C90CF0EB24FFEA34FF90C90FF0EB1490
C90EF090C9067401F090C905E04401F0
22AB07AA0643DF2043E72090CA00E044
40F0EC90CA0DF0ED90CA0CF0EB24FFEA
34FF90CA0FF0EB1490CA0EF090CA0674
01F090CA05E04401F0229000CB12035E
43DE0143E601439E01E4900116F0C29F
D29EC299C2989000CB1203119000D312
035E900112120311121133D29C53F33F
229000CFE06401702743DE1043E610EF
C4333354C0FFE5AC54BF4FF5ACE4F5FE
F5FFEBF5FEEAF5FFE5FD54FE4DF5FD22
53DEEF53E6EF22EF131313541FFEEF54
079000CBF0EE700743DF0143E70122EE
B4010743DF0243E70222EEB4020643DF
0443E7042212002690005FE475F00112
013EFC741C25F0F58274003CF583EFF0
90005C7401F022120F4EE5AD20E2FBE5
F630E0FB75F601120036D3EF94FFEE94
0F40047E0F7FFF22E49000C1F09000AD
04F090CA00E054FEF090CA0AE4F0A3F0
90CA00E04401F022D39000BEE0941E90
00BDE09400400DA3E024E2FF9000BDE0
34FFFE22E4FEFF229000C1E06017E4F0
9000ADF09000ABE0700B9000C4E06005
7F091212D022C0E0C083C082E5A630E3
0990011D7401F075A32075A3FFD082D0
83D0E03290CA00E054FEF090CA0AE4F0
A3F09000ADE06007E4F09000C104F022
53F7F8EF24FC600B14600C2402700B43
F7032243F7042243F705227F707E03EF
4E7003FE7F01D3EF94E8EE940340047E
037FE822E490005CF0FF7EC27D01FC12
15AA7BFF7A1679457F010217FBE49000
ADF09000C1F090CA00E054FEF090CA0A
E4F0A3F022C3EF94E8EE94034004E4FE
FF22C374E89FFF74039EFE2290C900E0
54FEF0EF90C90AF0EEA3F090C900E044
01F0227F0C1214417BFF7A0079227D01
7F0C0206B67F0C1214417BFF7A007922
E4FD7F0C0206B6EFB4010753ADFE53AD
FD2243AD0243AD012243AC20EF700553
ACFD800343AC0253B5FE22EFB4010AD2
AFD2AC9001170203BBC2AC2290C900E0
54FEF090C90AE4F0A3F0227D017F0A12
10BA7D017F0B0210BAE4FD7F0A1210BA
E4FD7F0B0210BA90C90AE0FDA3E0FCED
AE04FF22EFB4010443AC012253ACFE22
7F007E367D6E7C0102058BEF8FF553B4
EF22FFFF

---------- Code Information -----------
Code Entrance:      0x00000000 
Code Run Entrance:  0x00000000 
Code Size:          0x00001864 
Code CRC Value:     0xA39A 
