020BD8020CDE53F7F8EF24FC600B1460
0C2402700B43F7032243F7042243F705
22FFFF020FFDAF9922FFFF020F39FFFF
FFFFFF020FB0E5B7540FFEAFB6D3EF94
01EE9400400774052FFFE43EFED3EF94
FFEE940F40047E0F7FFF220211CBFFFF
FFFFFF0207DEEF131313541FFEEF5407
9000C4F0EE700743DF0143E70122EEB4
010743DF0243E70222EEB4020643DF04
43E704227D017F0B020E49020B31FFFF
FFFFFF020A8AFFFFFFFFFF0209E3BB01
0689828A83E0225002E722BBFE02E322
89828A83E49322BB010CE58229F582E5
833AF583E0225006E92582F8E622BBFE
06E92582F8E222E58229F582E5833AF5
83E49322BB010689828A83F0225002F7
22BBFE01F322F8BB010DE58229F582E5
833AF583E8F0225006E92582C8F622BB
FE05E92582C8F222C5F0F8A3E028F0C5
F0F8E582158270021583E038F022A3F8
E0C5F025F0F0E582158270021583E0C8
38F0E822EF2BFFEE3AFEED39FDEC38FC
22E88FF0A4CC8BF0A42CFCE98EF0A42C
FC8AF0EDA42CFCEA8EF0A4CDA8F08BF0
A42DCC3825F0FDE98FF0A42CCD35F0FC
EB8EF0A4FEA9F0EB8FF0A4CFC5F02ECD
39FEE43CFCEAA42DCE35F0FDE43CFC22
75F008758200EF2FFFEE33FECD33CDCC
33CCC58233C5829BED9AEC99E5829840
0CF582EE9BFEED9AFDEC99FC0FD5F0D6
E4CEFBE4CDFAE4CCF9A88222B800C1B9
0059BA002DEC8BF084CFCECDFCE5F0CB
F97818EF2FFFEE33FEED33FDEC33FCEB
33FB10D703994004EB99FB0FD8E5E4F9
FA227818EF2FFFEE33FEED33FDEC33FC
C933C910D7059BE99A4007EC9BFCE99A
F90FD8E0E4C9FAE4CCFB2275F010EF2F
FFEE33FEED33FDCC33CCC833C810D707
9BEC9AE899400AED9BFDEC9AFCE899F8
0FD5F0DAE4CDFBE4CCFAE4C8F922EF4B
FFEE4AFEED49FDEC48FC22EB9FF5F0EA
9E42F0E99D42F0E89C45F022E8600FEC
C313FCED13FDEE13FEEF13FFD8F122E8
600FEFC333FFEE33FEED33FDEC33FCD8
F122BB010DE58229F582E5833AF58302
02F25007E92582F802040BBBFE07E925
82F8020417E58229F582E5833AF58302
0423E0FCA3E0FDA3E0FEA3E0FF22E0F8
A3E0F9A3E0FAA3E0FB227401FF3395E0
FEFDFCA3A3A3E0CF2FF0E58215827002
1583E0CE3EF0E582158270021583E0CD
3DF0E582158270021583E0CC3CF022EC
F0A3EDF0A3EEF0A3EFF022A8828583F0
D083D082120362120362120362120362
E473E493A3C583C5F0C583C8C582C8F0
A3C583C5F0C583C8C582C822E0FBA3E0
FAA3E0F922F8E0FBA3A3E0F925F0F0E5
82158270021583E0FA38F022EBF0A3EA
F0A3E9F022D083D082F8E49370127401
93700DA3A393F8740193F5828883E473
7402936860EFA3A3A380DFD083D082E4
937012740193700DA3A393F8740193F5
828883E4737402936C70127403936D70
0C7404936E70067405936F60DDA3A3A3
A3A3A380CA8A838982E473E6FC08E6FD
08E6FE08E6FF22E2FC08E2FD08E2FE08
E2FF22E493FC740193FD740293FE7403
93FF229000C412033F9000C812034B00
00000043F804E5F830E5FB9091AAE0FF
E4FCFDFE78101202AFC004C005C006C0
07A3E0FFE4FCFDFE78181202AFD003D0
02D001D00012027EC004C005C006C007
9091A9E0FFE4FCFDFE78081202AFD003
D002D001D00012027EA804A905AA06AB
079091A8E0FFE4FCFDFE12027E900105
12033F7FC07E0A7D707C019001051202
FED312028B50167F407E617D6C7C0190
01051202FEC312028B4002801274FFFF
FEFDFC9001051202FEC312028B700C90
00C812034B02DC6C008015E47F02FEFD
FC9001051202FE1201619000C812033F
9000C41202F21203CB053F00B71B0005
3700F42400052F016E36000000053775
EE01E47B02800E75EE02E47B03800675
EE03E47B04FAF9F89000C81202F21201
EC90010912033F53F8FE53D9F8224401
0900000000440105000000004200C21F
404200BAFA004200B100004200B30000
4200AD00004200AB00004400BC000000
004200B500004200C000004200AF0000
C103C1044200B700004100B900604800
63000000000000000000000000000000
00000000000000000000000000000000
00000000000000000000000000000000
00000000000000000000000000000000
00000000000000000041010D0043010E
0000004301110000004900E100000000
00000000004900EA0000000000000000
004900F30000000000000000004C00D5
00000000000000000000000041011400
4900FC00000000000000000041001B00
41000400440000000000004200050000
42005D000242005F00004200610000C1
02C101C10000EF131313541FFEEF5407
FFED604FEE701690C000C083C082E0FE
7401A807088002C333D8FC8033EEB401
1690C001C083C082E0FE7401A8070880
02C333D8FC8019EE6402706D90C002C0
83C082E0FE7401A807088002C333D8FC
4E8051EE701890C000C083C082E0FE74
01A807088002C333D8FCF45E8036EEB4
011890C001C083C082E0FE7401A80708
8002C333D8FCF45E801AEEB4021B90C0
02C083C082E0FE7401A807088002C333
D8FCF45ED082D083F022EF131313541F
FEEF5407FFED604FEE701690C005C083
C082E0FE7401A807088002C333D8FC80
33EEB4011690C006C083C082E0FE7401
A807088002C333D8FC8019EE6402706D
90C007C083C082E0FE7401A807088002
C333D8FC4E8051EE701890C005C083C0
82E0FE7401A807088002C333D8FCF45E
8036EEB4011890C006C083C082E0FE74
01A807088002C333D8FCF45E801AEEB4
021B90C007C083C082E0FE7401A80708
8002C333D8FCF45ED082D083F022C0E0
C0F0C083C082C0D075D000C000C001C0
02C003C004C005C006C00790C809E030
E01790C808E030E010A37401F09000D5
12037CE94A605D805890C809E030E117
90C808E030E110A37402F09000D81203
7CE94A603F803A90C809E030E21790C8
08E030E210A37404F09000DB12037CE9
4A6021801C90C809E030E31890C808E0
30E311A37408F09000DE12037CE94A60
03120405D007D006D005D004D003D002
D001D000D0D0D082D083D0F0D0E03212
12431210891211E97DC37C097F107E00
1211037BFF7A0079947D017F0112093B
12124E9000C87401F07B047A00E4FD7F
011211737F031200067F02121256E4FF
1212147F011212027F011212377F0212
0C64E5AD20E2FBE5F630E0FB75F60112
00369000B3EEF0A3EFF0C394E4EE940C
40DBE094FF9000B3E0947F50D09000C0
E475F0011201289000C0E07004A3E064
0270BA9000C0F0A3F090C90AE0E4F0A3
E0E4F0FD7F0B120E4980A29000C41203
9C90C9057407F0EF6401704FED24FE60
1C14602E2402703D9000C412037C9000
E112039C90C904E04401F080289000C4
12037C9000E412039C90C904E04402F0
80139000C412037C9000E712039C90C9
04E04404F0D2AF43B80122ED24FE601B
14602C2402703B9000C412037C9000E1
12039C90C904E044FEF0229000C41203
7C9000E412039C90C904E044FDF02290
00C412037C9000E712039C90C904E044
FBF022C0E0C0F0C083C082C0D075D000
C000C001C002C003C004C005C006C007
90C905E030E01C90C904E030E0159000
E112037CE94A600312040590C9057401
F0804C90C905E030E11C90C904E030E1
159000E412037CE94A600312040590C9
057402F0802990C905E030E21C90C904
E030E2159000E712037CE94A60031204
0590C9057404F0800690C9057407F0D0
07D006D005D004D003D002D001D000D0
D0D082D083D0F0D0E032C0E0C0F0C083
C082C0D075D000C000C001C002C003C0
04C005C006C00790CA05E030E01C90CA
04E030E0159000EA12037CE94A600312
040590CA057401F0804C90CA05E030E1
1C90CA04E030E1159000ED12037CE94A
600312040590CA057402F0802990CA05
E030E21C90CA04E030E2159000F01203
7CE94A600312040590CA057404F08006
90CA057407F0D007D006D005D004D003
D002D001D000D0D0D082D083D0F0D0E0
32C0E0C0F0C083C082C0D075D000C000
C001C002C003C004C005C006C00790CB
05E030E01C90CB04E030E0159000F312
037CE94A600312040590CB057401F080
4C90CB05E030E11C90CB04E030E11590
00F612037CE94A600312040590CB0574
02F0802990CB05E030E21C90CB04E030
E2159000F912037CE94A600312040590
CB057404F0800690CB057407F0D007D0
06D005D004D003D002D001D000D0D0D0
82D083D0F0D0E032787FE4F6D8FD7581
20020C1F02088FE493A3F8E493A34003
F68001F208DFF48029E493A3F8540724
0CC8C333C4540F4420C8834004F45680
0146F6DFE4800B010204081020408090
055EE47E019360BCA3FF543F30E50954
1FFEE493A360010ECF54C025E060A840
B8E493A3FAE493A3F8E493A3C8C582C8
CAC583CAF0A3C8C582C8CAC583CADFE9
DEE780BEEF1203A50C84010C8E020C98
040CA2080CAC100CB6200CC0400CCA80
00000CD4E5B454F04401F5B48049E5B4
54F04402F5B4803FE5B454F04403F5B4
8035E5B454F04404F5B4802BE5B454F0
4405F5B48021E5B454F04406F5B48017
E5B454F04407F5B4800DE5B454F04408
F5B4800353B4F053ADFB43AD0422C0E0
C0F0C083C082C0D075D000C000C001C0
02C003C004C005C006C0079000D4E4F0
F09000D4E0FFC3941850311210C8BF01
239000D4E075F003A42463F582E43400
F58312037CE94A60031204059000D4E0
FF1210479000D4E004F080C5D007D006
D005D004D003D002D001D000D0D0D082
D083D0F0D0E032EF131313541FFEEF54
07FFED6034EE700D04A807088002C333
D8FC42F922EEB4010E7401A807088002
C333D8FC42FA22EE6402704304A80708
8002C333D8FC42FB22EE700E04A80708
8002C333D8FCF452F922EEB4010F7401
A807088002C333D8FCF452FA22EEB402
0E7401A807088002C333D8FCF452FB22
EF131313541FFEEF5407FFED6034EE70
0D04A807088002C333D8FC429722EEB4
010E7401A807088002C333D8FC42E522
EE6402704304A807088002C333D8FC42
FC22EE700E04A807088002C333D8FCF4
529722EEB4010F7401A807088002C333
D8FCF452E522EEB4020E7401A8070880
02C333D8FCF452FC22EF131313541FFE
EF5407FFED6034EE700D04A807088002
C333D8FC428022EEB4010E7401A80708
8002C333D8FC429022EE6402704304A8
07088002C333D8FC42A022EE700E04A8
07088002C333D8FCF4528022EEB4010F
7401A807088002C333D8FCF4529022EE
B4020E7401A807088002C333D8FCF452
A0229000C812033FE47F10FEFDFC9000
CC1202FE1201619000D012033FE47B02
FAF9F89000D01202F21201EC9000C812
02FE1201549000D01202FE1201EC9000
D012033F9000D01202FEC3E49BFF7404
9AFEE499FDE498FC9000D012033F9000
D01202F2780812029CAB079000D01202
F2EB5403F5BA8FAA22C0E0C0F0C083C0
82C0D075D000C000C001C002C003C004
C005C006C007E5C830E11053C8FD9000
FC12037CE94A6003120405E5C930E110
53C9FD9000FF12037CE94A6003120405
E5CA30E11053CAFD90010212037CE94A
6003120405D007D006D005D004D003D0
02D001D000D0D0D082D083D0F0D0E032
C0E0C0F0C083C082C0D075D000C000C0
01C002C003C004C005C006C007E5F630
E00D90011112037CE94A600312040575
F601D007D006D005D004D003D002D001
D000D0D0D082D083D0F0D0E032C0E0C0
F0C083C082C0D075D000C000C001C002
C003C004C005C006C00730980F90010E
12037CE94A6003120405C298D007D006
D005D004D003D002D001D000D0D0D082
D083D0F0D0E032EF131313541FFEEF54
07FFEE700E04A807088002C333D8FCF4
52E122EEB4010F7401A807088002C333
D8FCF452E222EEB4020E7401A8070880
02C333D8FCF452E3227F0B120066E4FD
7F0B120D57E4FD7F0B120DD07D017F0B
120E4990C01C7420F0E4FD7F0C12072A
90C01DE4F07F0D1200667D017F0D120D
577D017F0D020676EF131313541FFEEF
5407FFEE700DE5E1A807088002C313D8
FC801CEEB4010DE5E2A807088002C313
D8FC800BE5E3A807088002C313D8FC54
01FF22AB07AA0643DF0843E70890C900
E04440F0EC90C90DF0ED90C90CF0EB24
FFEA34FF90C90FF0EB1490C90EF090C9
067401F090C905E04401F0229000C412
033F43DE0143E601439E01E490010DF0
C29FD29EC299C2989000C41202F29000
CC12033F9001091202F2120EC2D29C53
F33F229000C8E06401702743DE1043E6
10EFC4333354C0FFE5AC54BF4FF5ACE4
F5FEF5FFEBF5FEEAF5FFE5FD54FE4DF5
FD2253DEEF53E6EF2212002690005FE4
75F00112013EFC741C25F0F58274003C
F583EFF090005C7401F022C0E0C083C0
82E5A630E3099001147401F075A32075
A3FFD082D083D0E032E490005CF0FF7E
C27D01FC12113C7BFF7A1179A97F0102
1226EFB4010753ADFE53ADFD2243AD02
43AD012243AC20EF700553ACFD800343
AC0253B5FE22EFB4010AD2AFD2AC9001
0E02039CC2AC22EFB4010443AC012253
ACFE227F007E247DF47C0002043390C9
00E04401F022EF8FF553B4EF22FFFFFF

---------- Code Information -----------
Code Entrance:      0x00000000 
Code Run Entrance:  0x00000000 
Code Size:          0x00001260 
Code CRC Value:     0xCFC3 
