020CF202043353F7F8EF24FC600B1460
0C2402700B43F7032243F7042243F705
2222FF0210EEAF9922FFFF020FDAFFFF
FFFFFF0210A1E5B7540FFEAFB6D3EF94
01EE9400400774052FFFE43EFED3EF94
FFEE940F40047E0F7FFF2202127DFFFF
FFFFFF0208FEEF131313541FFEEF5407
9000ABF0EE700743DF0143E70122EEB4
010743DF0243E70222EEB4020643DF04
43E70422EF8FF553B4EF22020BA5FFFF
FFFFFF020AFEFFFFFFFFFF020A57BB01
0689828A83E0225002E722BBFE02E322
89828A83E49322BB010CE58229F582E5
833AF583E0225006E92582F8E622BBFE
06E92582F8E222E58229F582E5833AF5
83E49322BB010689828A83F0225002F7
22BBFE01F322F8BB010DE58229F582E5
833AF583E8F0225006E92582C8F622BB
FE05E92582C8F222C5F0F8A3E028F0C5
F0F8E582158270021583E038F022A3F8
E0C5F025F0F0E582158270021583E0C8
38F0E822EF2BFFEE3AFEED39FDEC38FC
22E88FF0A4CC8BF0A42CFCE98EF0A42C
FC8AF0EDA42CFCEA8EF0A4CDA8F08BF0
A42DCC3825F0FDE98FF0A42CCD35F0FC
EB8EF0A4FEA9F0EB8FF0A4CFC5F02ECD
39FEE43CFCEAA42DCE35F0FDE43CFC22
75F008758200EF2FFFEE33FECD33CDCC
33CCC58233C5829BED9AEC99E5829840
0CF582EE9BFEED9AFDEC99FC0FD5F0D6
E4CEFBE4CDFAE4CCF9A88222B800C1B9
0059BA002DEC8BF084CFCECDFCE5F0CB
F97818EF2FFFEE33FEED33FDEC33FCEB
33FB10D703994004EB99FB0FD8E5E4F9
FA227818EF2FFFEE33FEED33FDEC33FC
C933C910D7059BE99A4007EC9BFCE99A
F90FD8E0E4C9FAE4CCFB2275F010EF2F
FFEE33FEED33FDCC33CCC833C810D707
9BEC9AE899400AED9BFDEC9AFCE899F8
0FD5F0DAE4CDFBE4CCFAE4C8F922EF4B
FFEE4AFEED49FDEC48FC22EB9FF5F0EA
9E42F0E99D42F0E89C45F022E8600FEC
C313FCED13FDEE13FEEF13FFD8F122E8
600FEFC333FFEE33FEED33FDEC33FCD8
F122BB010DE58229F582E5833AF58302
02F25007E92582F802040BBBFE07E925
82F8020417E58229F582E5833AF58302
0423E0FCA3E0FDA3E0FEA3E0FF22E0F8
A3E0F9A3E0FAA3E0FB227401FF3395E0
FEFDFCA3A3A3E0CF2FF0E58215827002
1583E0CE3EF0E582158270021583E0CD
3DF0E582158270021583E0CC3CF022EC
F0A3EDF0A3EEF0A3EFF022A8828583F0
D083D082120362120362120362120362
E473E493A3C583C5F0C583C8C582C8F0
A3C583C5F0C583C8C582C822E0FBA3E0
FAA3E0F922F8E0FBA3A3E0F925F0F0E5
82158270021583E0FA38F022EBF0A3EA
F0A3E9F022D083D082F8E49370127401
93700DA3A393F8740193F5828883E473
7402936860EFA3A3A380DFD083D082E4
937012740193700DA3A393F8740193F5
828883E4737402936C70127403936D70
0C7404936E70067405936F60DDA3A3A3
A3A3A380CA8A838982E473E6FC08E6FD
08E6FE08E6FF22E2FC08E2FD08E2FE08
E2FF22E493FC740193FD740293FE7403
93FF22C0E0C0F0C083C082C0D075D000
C000C001C002C003C004C005C006C007
7F0C12117AEF700302053390C900E054
FEF07D017F08120EEA7F02120D7EE5AD
20E2FBE5F630E0FB75F6011200369000
BDEEF0A3EFF09000C7E0147003020529
0460030205339000C1E0FEA3E0FF9000
C4E02FFF9000C3E03EFEC39000BEE09F
9000BDE09E4047A3E094FF9000BDE094
7F503B9000C8E475F0011201289000C8
E07004A3E06402705A90C90AE0E4F0A3
E0E4F07D017F0A120EEA7D017F0B120E
EA9000C77401F0A3E4F0A3F080359000
C3E0FEA3E0FFC39000BEE09F9000BDE0
9E50209000C8E4F0A3F0FD7F0A120EEA
E4FD7F0B120EEA800A90C90AE0E4F0A3
E0E4F0E4FD7F08120EEA90C900E04401
F07F0C121138D007D006D005D004D003
D002D001D000D0D0D082D083D0F0D0E0
329000AB12033F9000AF12034B000000
0043F804E5F830E5FB9091AAE0FFE4FC
FDFE78101202AFC004C005C006C007A3
E0FFE4FCFDFE78181202AFD003D002D0
01D00012027EC004C005C006C0079091
A9E0FFE4FCFDFE78081202AFD003D002
D001D00012027EA804A905AA06AB0790
91A8E0FFE4FCFDFE12027E9000FA1203
3F7FC07E0A7D707C019000FA1202FED3
12028B50167F407E617D6C7C019000FA
1202FEC312028B4002801274FFFFFEFD
FC9000FA1202FEC312028B700C9000AF
12034B02DC6C008015E47F02FEFDFC90
00FA1202FE1201619000AF12033F9000
AB1202F21203CB066D00B71B00066500
F42400065D016E36000000066575EE01
E47B02800E75EE02E47B03800675EE03
E47B04FAF9F89000AF1202F21201EC90
00FE12033F53F8FE53D9F8224400FE00
0000004400FA000000004200BD000042
00C500004200C300644200C100644200
BF00004200C800004200BB00004100C7
00604800630000000000000000000000
00000000000000000000000000000000
00000000000000000000000000000000
00000000000000000000000000000000
00000000000000000000000000410102
004301030000004301060000004900D6
0000000000000000004900DF00000000
00000000004900E80000000000000000
004C00CA000000000000000000000000
410109004900F1000000000000000000
41001B00410004004400000000000042
0005000042005D000242005F00004200
610000C102C101C10000AC07EF131313
541F9000ABF0EF5407A3F0ED6060EC75
F003A42463F582E43400F58312039CD2
AFD2A81211389000ABE0FF7011A3E0FE
7401A806088002C333D8FC42E922EFB4
01139000ACE0FF7401A807088002C333
D8FC42EA229000ABE06402705CA3E0FF
7401A807088002C333D8FC42EB22C2A8
9000ABE0FF7012A3E0FE7401A8060880
02C333D8FCF452E922EFB401149000AC
E0FF7401A807088002C333D8FCF452EA
229000ABE0B40211A3E0FF7401A80708
8002C333D8FCF452EB22EF131313541F
FEEF5407FFED604FEE701690C000C083
C082E0FE7401A807088002C333D8FC80
33EEB4011690C001C083C082E0FE7401
A807088002C333D8FC8019EE6402706D
90C002C083C082E0FE7401A807088002
C333D8FC4E8051EE701890C000C083C0
82E0FE7401A807088002C333D8FCF45E
8036EEB4011890C001C083C082E0FE74
01A807088002C333D8FCF45E801AEEB4
021B90C002C083C082E0FE7401A80708
8002C333D8FCF45ED082D083F022C0E0
C0F0C083C082C0D075D000C000C001C0
02C003C004C005C006C00790C809E030
E01790C808E030E010A37401F09000CA
12037CE94A605D805890C809E030E117
90C808E030E110A37402F09000CD1203
7CE94A603F803A90C809E030E21790C8
08E030E210A37404F09000D012037CE9
4A6021801C90C809E030E31890C808E0
30E311A37408F09000D312037CE94A60
03120405D007D006D005D004D003D002
D001D000D0D0D082D083D0F0D0E03290
00AB12039C90C9057407F0EF6401704F
ED24FE601C14602E2402703D9000AB12
037C9000D612039C90C904E04401F080
289000AB12037C9000D912039C90C904
E04402F080139000AB12037C9000DC12
039C90C904E04404F0D2AF43B80122ED
24FE601B14602C2402703B9000AB1203
7C9000D612039C90C904E044FEF02290
00AB12037C9000D912039C90C904E044
FDF0229000AB12037C9000DC12039C90
C904E044FBF022C0E0C0F0C083C082C0
D075D000C000C001C002C003C004C005
C006C00790C905E030E01C90C904E030
E0159000D612037CE94A600312040590
C9057401F0804C90C905E030E11C90C9
04E030E1159000D912037CE94A600312
040590C9057402F0802990C905E030E2
1C90C904E030E2159000DC12037CE94A
600312040590C9057404F0800690C905
7407F0D007D006D005D004D003D002D0
01D000D0D0D082D083D0F0D0E032C0E0
C0F0C083C082C0D075D000C000C001C0
02C003C004C005C006C00790CA05E030
E01C90CA04E030E0159000DF12037CE9
4A600312040590CA057401F0804C90CA
05E030E11C90CA04E030E1159000E212
037CE94A600312040590CA057402F080
2990CA05E030E21C90CA04E030E21590
00E512037CE94A600312040590CA0574
04F0800690CA057407F0D007D006D005
D004D003D002D001D000D0D0D082D083
D0F0D0E032C0E0C0F0C083C082C0D075
D000C000C001C002C003C004C005C006
C00790CB05E030E01C90CB04E030E015
9000E812037CE94A600312040590CB05
7401F0804C90CB05E030E11C90CB04E0
30E1159000EB12037CE94A6003120405
90CB057402F0802990CB05E030E21C90
CB04E030E2159000EE12037CE94A6003
12040590CB057404F0800690CB057407
F0D007D006D005D004D003D002D001D0
00D0D0D082D083D0F0D0E03290C018E4
F07F08120066E4FD7F08120DF8E4FD7F
08120E717D017F08120EEA90C01AE4F0
7F0A120066E4FD7F0A120DF8E4FD7F0A
120E717D017F0A120EEA90C01BE4F07F
0B120066E4FD7F0B120DF8E4FD7F0B12
0E71E4FD7F0B120EEA7F0C1200667D01
7F0C120DF8E4FD7F0C120E717D017F0C
12084A7BFF7A0079217D017F0C12078A
53B0FD43B00190C01C7420F0A3E4F07F
0D1200667D017F0D120DF87D017F0D02
084A787FE4F6D8FD758120020D390210
51E493A3F8E493A34003F68001F208DF
F48029E493A3F85407240CC8C333C454
0F4420C8834004F456800146F6DFE480
0B010204081020408090068CE47E0193
60BCA3FF543F30E509541FFEE493A360
010ECF54C025E060A840B8E493A3FAE4
93A3F8E493A3C8C582C8CAC583CAF0A3
C8C582C8CAC583CADFE9DEE780BEEF12
03A50D9E010DA8020DB2040DBC080DC6
100DD0200DDA400DE48000000DEEE5B4
54F04401F5B48049E5B454F04402F5B4
803FE5B454F04403F5B48035E5B454F0
4404F5B4802BE5B454F04405F5B48021
E5B454F04406F5B48017E5B454F04407
F5B4800DE5B454F04408F5B4800353B4
F053ADFB43AD0422EF131313541FFEEF
5407FFED6034EE700D04A807088002C3
33D8FC42F922EEB4010E7401A8070880
02C333D8FC42FA22EE6402704304A807
088002C333D8FC42FB22EE700E04A807
088002C333D8FCF452F922EEB4010F74
01A807088002C333D8FCF452FA22EEB4
020E7401A807088002C333D8FCF452FB
22EF131313541FFEEF5407FFED6034EE
700D04A807088002C333D8FC429722EE
B4010E7401A807088002C333D8FC42E5
22EE6402704304A807088002C333D8FC
42FC22EE700E04A807088002C333D8FC
F4529722EEB4010F7401A807088002C3
33D8FCF452E522EEB4020E7401A80708
8002C333D8FCF452FC22EF131313541F
FEEF5407FFED6034EE700D04A8070880
02C333D8FC428022EEB4010E7401A807
088002C333D8FC429022EE6402704304
A807088002C333D8FC42A022EE700E04
A807088002C333D8FCF4528022EEB401
0F7401A807088002C333D8FCF4529022
EEB4020E7401A807088002C333D8FCF4
52A0229000AF12033FE47F10FEFDFC90
00B31202FE1201619000B712033FE47B
02FAF9F89000B71202F21201EC9000AF
1202FE1201549000B71202FE1201EC90
00B712033F9000B71202FEC3E49BFF74
049AFEE499FDE498FC9000B712033F90
00B71202F2780812029CAB079000B712
02F2EB5403F5BA8FAA22C0E0C0F0C083
C082C0D075D000C000C001C002C003C0
04C005C006C007E5C830E11053C8FD90
00F112037CE94A6003120405E5C930E1
1053C9FD9000F412037CE94A60031204
05E5CA30E11053CAFD9000F712037CE9
4A6003120405D007D006D005D004D003
D002D001D000D0D0D082D083D0F0D0E0
32121309120C4C12129B7D0F7C007FB8
7E0B1211B57BFF7A1279B47D017F0112
09AF1213149000AF7401F07B047A00E4
FD7F011212257F031200067F06120094
E4FF1212DA7F011212C87F011212FD80
FEC0E0C0F0C083C082C0D075D000C000
C001C002C003C004C005C006C007E5F6
30E00D90010612037CE94A6003120405
75F601D007D006D005D004D003D002D0
01D000D0D0D082D083D0F0D0E032C0E0
C0F0C083C082C0D075D000C000C001C0
02C003C004C005C006C00730980F9001
0312037CE94A6003120405C298D007D0
06D005D004D003D002D001D000D0D0D0
82D083D0F0D0E032EF131313541FFEEF
5407FFEE700E04A807088002C333D8FC
F452E122EEB4010F7401A807088002C3
33D8FCF452E222EEB4020E7401A80708
8002C333D8FCF452E322EF131313541F
FEEF5407FFEE700DE5E1A807088002C3
13D8FC801CEEB4010DE5E2A807088002
C313D8FC800BE5E3A807088002C313D8
FC5401FF22AB07AA0643DF0843E70890
C900E04440F0EC90C90DF0ED90C90CF0
EB24FFEA34FF90C90FF0EB1490C90EF0
90C9067401F090C905E04401F0229000
AB12033F43DE0143E601439E01E49001
02F0C29FD29EC299C2989000AB1202F2
9000B312033F9000FE1202F2120F63D2
9C53F33F229000AFE06401702743DE10
43E610EFC4333354C0FFE5AC54BF4FF5
ACE4F5FEF5FFEBF5FEEAF5FFE5FD54FE
4DF5FD2253DEEF53E6EF221200269000
5FE475F00112013EFC741C25F0F58274
003CF583EFF090005C7401F022C0E0C0
83C082E5A630E3099001097401F075A3
2075A3FFD082D083D0E032E490005CF0
FF7EC27D01FC1211EE7BFF7A12795B7F
010212ECE4FD7F0A120EEAE4FD7F0B12
0EEAE49000C7F022EFB4010753ADFE53
ADFD2243AD0243AD012243AC20EF7005
53ACFD800343AC0253B5FE22EFB4010A
D2AFD2AC90010302039CC2AC22EFB401
0443AC012253ACFE227F007E367D6E7C
0102056190C900E04401F022

---------- Code Information -----------
Code Entrance:      0x00000000 
Code Run Entrance:  0x00000000 
Code Size:          0x0000131C 
Code CRC Value:     0x0A5C 
