020C66020BC753F7F8EF24FC600B1460
0C2402700B43F7032243F7042243F705
2222FF02101BAF9922FFFF020F57FFFF
FFFFFF020FCE9000C77401F0E4A3F0A3
F0FD7F0A120E67E4FD7F0B120E677D01
7F08020E67FFFFFFFFFFFF0211C1FFFF
FFFFFF0207D3EF131313541FFEEF5407
9000ABF0EE700743DF0143E70122EEB4
010743DF0243E70222EEB4020643DF04
43E70422EF8FF553B4EF22020A7AFFFF
FFFFFF0209D3FFFFFFFFFF02092CBB01
0689828A83E0225002E722BBFE02E322
89828A83E49322BB010CE58229F582E5
833AF583E0225006E92582F8E622BBFE
06E92582F8E222E58229F582E5833AF5
83E49322BB010689828A83F0225002F7
22BBFE01F322F8BB010DE58229F582E5
833AF583E8F0225006E92582C8F622BB
FE05E92582C8F222C5F0F8A3E028F0C5
F0F8E582158270021583E038F022A3F8
E0C5F025F0F0E582158270021583E0C8
38F0E822EF2BFFEE3AFEED39FDEC38FC
22E88FF0A4CC8BF0A42CFCE98EF0A42C
FC8AF0EDA42CFCEA8EF0A4CDA8F08BF0
A42DCC3825F0FDE98FF0A42CCD35F0FC
EB8EF0A4FEA9F0EB8FF0A4CFC5F02ECD
39FEE43CFCEAA42DCE35F0FDE43CFC22
75F008758200EF2FFFEE33FECD33CDCC
33CCC58233C5829BED9AEC99E5829840
0CF582EE9BFEED9AFDEC99FC0FD5F0D6
E4CEFBE4CDFAE4CCF9A88222B800C1B9
0059BA002DEC8BF084CFCECDFCE5F0CB
F97818EF2FFFEE33FEED33FDEC33FCEB
33FB10D703994004EB99FB0FD8E5E4F9
FA227818EF2FFFEE33FEED33FDEC33FC
C933C910D7059BE99A4007EC9BFCE99A
F90FD8E0E4C9FAE4CCFB2275F010EF2F
FFEE33FEED33FDCC33CCC833C810D707
9BEC9AE899400AED9BFDEC9AFCE899F8
0FD5F0DAE4CDFBE4CCFAE4C8F922EF4B
FFEE4AFEED49FDEC48FC22EB9FF5F0EA
9E42F0E99D42F0E89C45F022E8600FEC
C313FCED13FDEE13FEEF13FFD8F122E8
600FEFC333FFEE33FEED33FDEC33FCD8
F122BB010DE58229F582E5833AF58302
02F25007E92582F802040BBBFE07E925
82F8020417E58229F582E5833AF58302
0423E0FCA3E0FDA3E0FEA3E0FF22E0F8
A3E0F9A3E0FAA3E0FB227401FF3395E0
FEFDFCA3A3A3E0CF2FF0E58215827002
1583E0CE3EF0E582158270021583E0CD
3DF0E582158270021583E0CC3CF022EC
F0A3EDF0A3EEF0A3EFF022A8828583F0
D083D082120362120362120362120362
E473E493A3C583C5F0C583C8C582C8F0
A3C583C5F0C583C8C582C822E0FBA3E0
FAA3E0F922F8E0FBA3A3E0F925F0F0E5
82158270021583E0FA38F022EBF0A3EA
F0A3E9F022D083D082F8E49370127401
93700DA3A393F8740193F5828883E473
7402936860EFA3A3A380DFD083D082E4
937012740193700DA3A393F8740193F5
828883E4737402936C70127403936D70
0C7404936E70067405936F60DDA3A3A3
A3A3A380CA8A838982E473E6FC08E6FD
08E6FE08E6FF22E2FC08E2FD08E2FE08
E2FF22E493FC740193FD740293FE7403
93FF229000AB12033F9000AF12034B00
00000043F804E5F830E5FB9091AAE0FF
E4FCFDFE78101202AFC004C005C006C0
07A3E0FFE4FCFDFE78181202AFD003D0
02D001D00012027EC004C005C006C007
9091A9E0FFE4FCFDFE78081202AFD003
D002D001D00012027EA804A905AA06AB
079091A8E0FFE4FCFDFE12027E9000FA
12033F7FC07E0A7D707C019000FA1202
FED312028B50167F407E617D6C7C0190
00FA1202FEC312028B4002801274FFFF
FEFDFC9000FA1202FEC312028B700C90
00AF12034B02DC6C008015E47F02FEFD
FC9000FA1202FE1201619000AF12033F
9000AB1202F21203CB053F00B71B0005
3700F42400052F016E36000000053775
EE01E47B02800E75EE02E47B03800675
EE03E47B04FAF9F89000AF1202F21201
EC9000FE12033F53F8FE53D9F8224400
FE000000004400FA000000004200BE00
004200C500004200C300C84200C00000
4200C800004200BC00004100C7004100
C2004100BB0060480063000000000000
00000000000000000000000000000000
00000000000000000000000000000000
00000000000000000000000000000000
00000000000000000000000000000000
00004101020043010300000043010600
00004900D60000000000000000004900
DF0000000000000000004900E8000000
0000000000004C00CA00000000000000
0000000000410109004900F100000000
000000000041001B0041000400440000
00000000420005000042005D00024200
5F00004200610000C102C101C10000AC
07EF131313541F9000ABF0EF5407A3F0
ED6060EC75F003A42463F582E43400F5
8312039CD2AFD2A81210659000ABE0FF
7011A3E0FE7401A806088002C333D8FC
42E922EFB401139000ACE0FF7401A807
088002C333D8FC42EA229000ABE06402
705CA3E0FF7401A807088002C333D8FC
42EB22C2A89000ABE0FF7012A3E0FE74
01A806088002C333D8FCF452E922EFB4
01149000ACE0FF7401A807088002C333
D8FCF452EA229000ABE0B40211A3E0FF
7401A807088002C333D8FCF452EB22EF
131313541FFEEF5407FFED604FEE7016
90C000C083C082E0FE7401A807088002
C333D8FC8033EEB4011690C001C083C0
82E0FE7401A807088002C333D8FC8019
EE6402706D90C002C083C082E0FE7401
A807088002C333D8FC4E8051EE701890
C000C083C082E0FE7401A807088002C3
33D8FCF45E8036EEB4011890C001C083
C082E0FE7401A807088002C333D8FCF4
5E801AEEB4021B90C002C083C082E0FE
7401A807088002C333D8FCF45ED082D0
83F022C0E0C0F0C083C082C0D075D000
C000C001C002C003C004C005C006C007
90C809E030E01790C808E030E010A374
01F09000CA12037CE94A605D805890C8
09E030E11790C808E030E110A37402F0
9000CD12037CE94A603F803A90C809E0
30E21790C808E030E210A37404F09000
D012037CE94A6021801C90C809E030E3
1890C808E030E311A37408F09000D312
037CE94A6003120405D007D006D005D0
04D003D002D001D000D0D0D082D083D0
F0D0E0329000AB12039C90C9057407F0
EF6401704FED24FE601C14602E240270
3D9000AB12037C9000D612039C90C904
E04401F080289000AB12037C9000D912
039C90C904E04402F080139000AB1203
7C9000DC12039C90C904E04404F0D2AF
43B80122ED24FE601B14602C2402703B
9000AB12037C9000D612039C90C904E0
44FEF0229000AB12037C9000D912039C
90C904E044FDF0229000AB12037C9000
DC12039C90C904E044FBF022C0E0C0F0
C083C082C0D075D000C000C001C002C0
03C004C005C006C00790C905E030E01C
90C904E030E0159000D612037CE94A60
0312040590C9057401F0804C90C905E0
30E11C90C904E030E1159000D912037C
E94A600312040590C9057402F0802990
C905E030E21C90C904E030E2159000DC
12037CE94A600312040590C9057404F0
800690C9057407F0D007D006D005D004
D003D002D001D000D0D0D082D083D0F0
D0E032C0E0C0F0C083C082C0D075D000
C000C001C002C003C004C005C006C007
90CA05E030E01C90CA04E030E0159000
DF12037CE94A600312040590CA057401
F0804C90CA05E030E11C90CA04E030E1
159000E212037CE94A600312040590CA
057402F0802990CA05E030E21C90CA04
E030E2159000E512037CE94A60031204
0590CA057404F0800690CA057407F0D0
07D006D005D004D003D002D001D000D0
D0D082D083D0F0D0E032C0E0C0F0C083
C082C0D075D000C000C001C002C003C0
04C005C006C00790CB05E030E01C90CB
04E030E0159000E812037CE94A600312
040590CB057401F0804C90CB05E030E1
1C90CB04E030E1159000EB12037CE94A
600312040590CB057402F0802990CB05
E030E21C90CB04E030E2159000EE1203
7CE94A600312040590CB057404F08006
90CB057407F0D007D006D005D004D003
D002D001D000D0D0D082D083D0F0D0E0
3290C018E4F07F08120066E4FD7F0812
0D75E4FD7F08120DEE7D017F08120E67
90C01AE4F07F0A120066E4FD7F0A120D
75E4FD7F0A120DEE7D017F0A120E6790
C01BE4F07F0B120066E4FD7F0B120D75
E4FD7F0B120DEEE4FD7F0B120E677F0C
1200667D017F0C120D75E4FD7F0C120D
EE7D017F0C12071F7BFF7A0079217D01
7F0C12065F53B0FD43B00190C01C7420
F0A3E4F07F0D1200667D017F0D120D75
7D017F0D02071FC0E0C0F0C083C082C0
D075D000C000C001C002C003C004C005
C006C0077F0C1210A7EF605F7F0C1210
6590C900E054FEF09000BBE004F0E0B4
6407E4F09000C704F090C90AE4F0A3F0
9000C875F001120128C39000C9E09402
9000C8E09400401C7D017F0A120E677D
017F0B120E67E4FD7F08120E679000C8
E4F0A3F090C900E04401F0D007D006D0
05D004D003D002D001D000D0D0D082D0
83D0F0D0E032787FE4F6D8FD75812002
0CAD020CF2E493A3F8E493A34003F680
01F208DFF48029E493A3F85407240CC8
C333C4540F4420C8834004F456800146
F6DFE4800B010204081020408090055E
E47E019360BCA3FF543F30E509541FFE
E493A360010ECF54C025E060A840B8E4
93A3FAE493A3F8E493A3C8C582C8CAC5
83CAF0A3C8C582C8CAC583CADFE9DEE7
80BE121245A2DFE4339000C2F0C2DF12
12397F01121250120B217F0112125912
11DF7F011212597D177C007F987E0812
10E27BFF7A0079367D017F0112088412
12627F011212599000AF7401F07B047A
00E4FD7F0112118B7F031200067F0612
0094E4FF12120A7F011211F87F011212
2D7F011212599000C7E060FAE4F07F01
12125980F1EF131313541FFEEF5407FF
ED6034EE700D04A807088002C333D8FC
42F922EEB4010E7401A807088002C333
D8FC42FA22EE6402704304A807088002
C333D8FC42FB22EE700E04A807088002
C333D8FCF452F922EEB4010F7401A807
088002C333D8FCF452FA22EEB4020E74
01A807088002C333D8FCF452FB22EF13
1313541FFEEF5407FFED6034EE700D04
A807088002C333D8FC429722EEB4010E
7401A807088002C333D8FC42E522EE64
02704304A807088002C333D8FC42FC22
EE700E04A807088002C333D8FCF45297
22EEB4010F7401A807088002C333D8FC
F452E522EEB4020E7401A807088002C3
33D8FCF452FC22EF131313541FFEEF54
07FFED6034EE700D04A807088002C333
D8FC428022EEB4010E7401A807088002
C333D8FC429022EE6402704304A80708
8002C333D8FC42A022EE700E04A80708
8002C333D8FCF4528022EEB4010F7401
A807088002C333D8FCF4529022EEB402
0E7401A807088002C333D8FCF452A022
9000AF12033FE47F10FEFDFC9000B312
02FE1201619000B712033FE47B02FAF9
F89000B71202F21201EC9000AF1202FE
1201549000B71202FE1201EC9000B712
033F9000B71202FEC3E49BFF74049AFE
E499FDE498FC9000B712033F9000B712
02F2780812029CAB079000B71202F2EB
5403F5BA8FAA22C0E0C0F0C083C082C0
D075D000C000C001C002C003C004C005
C006C007E5C830E11053C8FD9000F112
037CE94A6003120405E5C930E11053C9
FD9000F412037CE94A6003120405E5CA
30E11053CAFD9000F712037CE94A6003
120405D007D006D005D004D003D002D0
01D000D0D0D082D083D0F0D0E032C0E0
C0F0C083C082C0D075D000C000C001C0
02C003C004C005C006C007E5F630E00D
90010612037CE94A600312040575F601
D007D006D005D004D003D002D001D000
D0D0D082D083D0F0D0E032C0E0C0F0C0
83C082C0D075D000C000C001C002C003
C004C005C006C00730980F9001031203
7CE94A6003120405C298D007D006D005
D004D003D002D001D000D0D0D082D083
D0F0D0E032EF131313541FFEEF5407FF
EE700E04A807088002C333D8FCF452E1
22EEB4010F7401A807088002C333D8FC
F452E222EEB4020E7401A807088002C3
33D8FCF452E322EF131313541FFEEF54
07FFEE700DE5E1A807088002C313D8FC
801CEEB4010DE5E2A807088002C313D8
FC800BE5E3A807088002C313D8FC5401
FF22AB07AA0643DF0843E70890C900E0
4440F0EC90C90DF0ED90C90CF0EB24FF
EA34FF90C90FF0EB1490C90EF090C906
7401F090C905E04401F022120026C390
0060E0942090005FE094004004E4F0A3
F090005FE0FCA3E0241CF58274003CF5
83EFF090005FE475F00112012890005C
7401F0229000AB12033F43DE0143E601
439E01E4900102F0C29FD29EC299C298
9000AB1202F29000B312033F9000FE12
02F2120EE0D29C53F33F229000AFE064
01702743DE1043E610EFC4333354C0FF
E5AC54BF4FF5ACE4F5FEF5FFEBF5FEEA
F5FFE5FD54FE4DF5FD2253DEEF53E6EF
22C0E0C083C082E5A630E30990010974
01F075A32075A3FFD082D083D0E032E4
90005CF0FF7EC27D01FC1211547BFF7A
11791B7F0102121CEFB4010753ADFE53
ADFD2243AD0243AD012243AC20EF7005
53ACFD800343AC0253B5FE22EFB4010A
D2AFD2AC90010302039CC2AC22EFB401
0443AC012253ACFE2243F80843DE0443
E604D2DE227F007E367D6E7C01020433
EF540753D8F842D822EF540753D8F842
D82290C900E04401F022FFFF

---------- Code Information -----------
Code Entrance:      0x00000000 
Code Run Entrance:  0x00000000 
Code Size:          0x0000126C 
Code CRC Value:     0x47FF 
