<!doctype html public "-//w3c//dtd html 4.0 transitional//en">
<html><head>
<title>Static Call Graph - [.\Objects\GPIO_Toggle.axf]</title></head>
<body><HR>
<H1>Static Call Graph for image .\Objects\GPIO_Toggle.axf</H1><HR>
<BR><P>#&#060CALLGRAPH&#062# ARM Linker, 5060960: Last Updated: Thu Sep 17 15:06:31 2026
<BR><P>
<H3>Maximum Stack Usage =         88 bytes + Unknown(Cycles, Untraceable Function Pointers)</H3><H3>
Call chain for Maximum Stack Depth:</H3>
ADC_COMP_IRQHandler &rArr; slot_switch_adc_process &rArr; detection_state_set &rArr; detection_outputs_apply &rArr; no_output_set &rArr; gpio_write_active_state
<P>
<H3>
Mutually Recursive functions
</H3> <LI><a href="#[1]">NMI_Handler</a>&nbsp;&nbsp;&nbsp;&rArr;&nbsp;&nbsp;&nbsp;<a href="#[1]">NMI_Handler</a><BR>
 <LI><a href="#[2]">HardFault_Handler</a>&nbsp;&nbsp;&nbsp;&rArr;&nbsp;&nbsp;&nbsp;<a href="#[2]">HardFault_Handler</a><BR>
 <LI><a href="#[3]">SVC_Handler</a>&nbsp;&nbsp;&nbsp;&rArr;&nbsp;&nbsp;&nbsp;<a href="#[3]">SVC_Handler</a><BR>
 <LI><a href="#[4]">PendSV_Handler</a>&nbsp;&nbsp;&nbsp;&rArr;&nbsp;&nbsp;&nbsp;<a href="#[4]">PendSV_Handler</a><BR>
 <LI><a href="#[5]">SysTick_Handler</a>&nbsp;&nbsp;&nbsp;&rArr;&nbsp;&nbsp;&nbsp;<a href="#[5]">SysTick_Handler</a><BR>
 <LI><a href="#[8]">EXTI0_1_IRQHandler</a>&nbsp;&nbsp;&nbsp;&rArr;&nbsp;&nbsp;&nbsp;<a href="#[8]">EXTI0_1_IRQHandler</a><BR>
</UL>
<P>
<H3>
Function Pointers
</H3><UL>
 <LI><a href="#[b]">ADC_COMP_IRQHandler</a> from common.o(i.ADC_COMP_IRQHandler) referenced from startup_ciu32f003.o(RESET)
 <LI><a href="#[8]">EXTI0_1_IRQHandler</a> from startup_ciu32f003.o(.text) referenced from startup_ciu32f003.o(RESET)
 <LI><a href="#[9]">EXTI2_3_IRQHandler</a> from startup_ciu32f003.o(.text) referenced from startup_ciu32f003.o(RESET)
 <LI><a href="#[a]">EXTI4_7_IRQHandler</a> from startup_ciu32f003.o(.text) referenced from startup_ciu32f003.o(RESET)
 <LI><a href="#[6]">FLASH_IRQHandler</a> from startup_ciu32f003.o(.text) referenced from startup_ciu32f003.o(RESET)
 <LI><a href="#[2]">HardFault_Handler</a> from startup_ciu32f003.o(.text) referenced from startup_ciu32f003.o(RESET)
 <LI><a href="#[10]">I2C1_IRQHandler</a> from startup_ciu32f003.o(.text) referenced from startup_ciu32f003.o(RESET)
 <LI><a href="#[f]">LPTIM1_IRQHandler</a> from startup_ciu32f003.o(.text) referenced from startup_ciu32f003.o(RESET)
 <LI><a href="#[1]">NMI_Handler</a> from startup_ciu32f003.o(.text) referenced from startup_ciu32f003.o(RESET)
 <LI><a href="#[4]">PendSV_Handler</a> from startup_ciu32f003.o(.text) referenced from startup_ciu32f003.o(RESET)
 <LI><a href="#[7]">RCC_IRQHandler</a> from startup_ciu32f003.o(.text) referenced from startup_ciu32f003.o(RESET)
 <LI><a href="#[0]">Reset_Handler</a> from startup_ciu32f003.o(.text) referenced from startup_ciu32f003.o(RESET)
 <LI><a href="#[11]">SPI1_IRQHandler</a> from startup_ciu32f003.o(.text) referenced from startup_ciu32f003.o(RESET)
 <LI><a href="#[3]">SVC_Handler</a> from startup_ciu32f003.o(.text) referenced from startup_ciu32f003.o(RESET)
 <LI><a href="#[5]">SysTick_Handler</a> from startup_ciu32f003.o(.text) referenced from startup_ciu32f003.o(RESET)
 <LI><a href="#[15]">SystemInit</a> from system_ciu32f003.o(i.SystemInit) referenced from startup_ciu32f003.o(.text)
 <LI><a href="#[c]">TIM1_BRK_UP_TRG_COM_IRQHandler</a> from startup_ciu32f003.o(.text) referenced from startup_ciu32f003.o(RESET)
 <LI><a href="#[d]">TIM1_CC_IRQHandler</a> from startup_ciu32f003.o(.text) referenced from startup_ciu32f003.o(RESET)
 <LI><a href="#[e]">TIM3_IRQHandler</a> from startup_ciu32f003.o(.text) referenced from startup_ciu32f003.o(RESET)
 <LI><a href="#[12]">UART1_IRQHandler</a> from startup_ciu32f003.o(.text) referenced from startup_ciu32f003.o(RESET)
 <LI><a href="#[13]">UART2_IRQHandler</a> from startup_ciu32f003.o(.text) referenced from startup_ciu32f003.o(RESET)
 <LI><a href="#[16]">__main</a> from entry.o(.ARM.Collect$$$$00000000) referenced from startup_ciu32f003.o(.text)
 <LI><a href="#[14]">main</a> from main.o(i.main) referenced from entry9a.o(.ARM.Collect$$$$0000000B)
</UL>
<P>
<H3>
Global Symbols
</H3>
<P><STRONG><a name="[16]"></a>__main</STRONG> (Thumb, 0 bytes, Stack size unknown bytes, entry.o(.ARM.Collect$$$$00000000))
<BR>[Address Reference Count : 1]<UL><LI> startup_ciu32f003.o(.text)
</UL>
<P><STRONG><a name="[39]"></a>_main_stk</STRONG> (Thumb, 0 bytes, Stack size unknown bytes, entry2.o(.ARM.Collect$$$$00000001))

<P><STRONG><a name="[17]"></a>_main_scatterload</STRONG> (Thumb, 0 bytes, Stack size unknown bytes, entry5.o(.ARM.Collect$$$$00000004))
<BR><BR>[Calls]<UL><LI><a href="#[18]">&gt;&gt;</a>&nbsp;&nbsp;&nbsp;__scatterload
</UL>

<P><STRONG><a name="[1e]"></a>__main_after_scatterload</STRONG> (Thumb, 0 bytes, Stack size unknown bytes, entry5.o(.ARM.Collect$$$$00000004))
<BR><BR>[Called By]<UL><LI><a href="#[18]">&gt;&gt;</a>&nbsp;&nbsp;&nbsp;__scatterload
</UL>

<P><STRONG><a name="[3a]"></a>_main_clock</STRONG> (Thumb, 0 bytes, Stack size unknown bytes, entry7b.o(.ARM.Collect$$$$00000008))

<P><STRONG><a name="[3b]"></a>_main_cpp_init</STRONG> (Thumb, 0 bytes, Stack size unknown bytes, entry8b.o(.ARM.Collect$$$$0000000A))

<P><STRONG><a name="[3c]"></a>_main_init</STRONG> (Thumb, 0 bytes, Stack size unknown bytes, entry9a.o(.ARM.Collect$$$$0000000B))

<P><STRONG><a name="[19]"></a>__rt_lib_shutdown_fini</STRONG> (Thumb, 0 bytes, Stack size unknown bytes, entry12b.o(.ARM.Collect$$$$0000000E))
<BR><BR>[Calls]<UL><LI><a href="#[1a]">&gt;&gt;</a>&nbsp;&nbsp;&nbsp;__arm_fini_ (Weak Reference)
</UL>

<P><STRONG><a name="[3d]"></a>__rt_final_cpp</STRONG> (Thumb, 0 bytes, Stack size unknown bytes, entry10a.o(.ARM.Collect$$$$0000000F))

<P><STRONG><a name="[3e]"></a>__rt_final_exit</STRONG> (Thumb, 0 bytes, Stack size unknown bytes, entry11a.o(.ARM.Collect$$$$00000011))

<P><STRONG><a name="[0]"></a>Reset_Handler</STRONG> (Thumb, 8 bytes, Stack size 0 bytes, startup_ciu32f003.o(.text))
<BR>[Address Reference Count : 1]<UL><LI> startup_ciu32f003.o(RESET)
</UL>
<P><STRONG><a name="[1]"></a>NMI_Handler</STRONG> (Thumb, 2 bytes, Stack size 0 bytes, startup_ciu32f003.o(.text))
<BR><BR>[Calls]<UL><LI><a href="#[1]">&gt;&gt;</a>&nbsp;&nbsp;&nbsp;NMI_Handler
</UL>
<BR>[Called By]<UL><LI><a href="#[1]">&gt;&gt;</a>&nbsp;&nbsp;&nbsp;NMI_Handler
</UL>
<BR>[Address Reference Count : 1]<UL><LI> startup_ciu32f003.o(RESET)
</UL>
<P><STRONG><a name="[2]"></a>HardFault_Handler</STRONG> (Thumb, 2 bytes, Stack size 0 bytes, startup_ciu32f003.o(.text))
<BR><BR>[Calls]<UL><LI><a href="#[2]">&gt;&gt;</a>&nbsp;&nbsp;&nbsp;HardFault_Handler
</UL>
<BR>[Called By]<UL><LI><a href="#[2]">&gt;&gt;</a>&nbsp;&nbsp;&nbsp;HardFault_Handler
</UL>
<BR>[Address Reference Count : 1]<UL><LI> startup_ciu32f003.o(RESET)
</UL>
<P><STRONG><a name="[3]"></a>SVC_Handler</STRONG> (Thumb, 2 bytes, Stack size 0 bytes, startup_ciu32f003.o(.text))
<BR><BR>[Calls]<UL><LI><a href="#[3]">&gt;&gt;</a>&nbsp;&nbsp;&nbsp;SVC_Handler
</UL>
<BR>[Called By]<UL><LI><a href="#[3]">&gt;&gt;</a>&nbsp;&nbsp;&nbsp;SVC_Handler
</UL>
<BR>[Address Reference Count : 1]<UL><LI> startup_ciu32f003.o(RESET)
</UL>
<P><STRONG><a name="[4]"></a>PendSV_Handler</STRONG> (Thumb, 2 bytes, Stack size 0 bytes, startup_ciu32f003.o(.text))
<BR><BR>[Calls]<UL><LI><a href="#[4]">&gt;&gt;</a>&nbsp;&nbsp;&nbsp;PendSV_Handler
</UL>
<BR>[Called By]<UL><LI><a href="#[4]">&gt;&gt;</a>&nbsp;&nbsp;&nbsp;PendSV_Handler
</UL>
<BR>[Address Reference Count : 1]<UL><LI> startup_ciu32f003.o(RESET)
</UL>
<P><STRONG><a name="[5]"></a>SysTick_Handler</STRONG> (Thumb, 2 bytes, Stack size 0 bytes, startup_ciu32f003.o(.text))
<BR><BR>[Calls]<UL><LI><a href="#[5]">&gt;&gt;</a>&nbsp;&nbsp;&nbsp;SysTick_Handler
</UL>
<BR>[Called By]<UL><LI><a href="#[5]">&gt;&gt;</a>&nbsp;&nbsp;&nbsp;SysTick_Handler
</UL>
<BR>[Address Reference Count : 1]<UL><LI> startup_ciu32f003.o(RESET)
</UL>
<P><STRONG><a name="[8]"></a>EXTI0_1_IRQHandler</STRONG> (Thumb, 0 bytes, Stack size 0 bytes, startup_ciu32f003.o(.text))
<BR><BR>[Calls]<UL><LI><a href="#[8]">&gt;&gt;</a>&nbsp;&nbsp;&nbsp;EXTI0_1_IRQHandler
</UL>
<BR>[Called By]<UL><LI><a href="#[8]">&gt;&gt;</a>&nbsp;&nbsp;&nbsp;EXTI0_1_IRQHandler
</UL>
<BR>[Address Reference Count : 1]<UL><LI> startup_ciu32f003.o(RESET)
</UL>
<P><STRONG><a name="[9]"></a>EXTI2_3_IRQHandler</STRONG> (Thumb, 0 bytes, Stack size 0 bytes, startup_ciu32f003.o(.text))
<BR>[Address Reference Count : 1]<UL><LI> startup_ciu32f003.o(RESET)
</UL>
<P><STRONG><a name="[a]"></a>EXTI4_7_IRQHandler</STRONG> (Thumb, 0 bytes, Stack size 0 bytes, startup_ciu32f003.o(.text))
<BR>[Address Reference Count : 1]<UL><LI> startup_ciu32f003.o(RESET)
</UL>
<P><STRONG><a name="[6]"></a>FLASH_IRQHandler</STRONG> (Thumb, 0 bytes, Stack size 0 bytes, startup_ciu32f003.o(.text))
<BR>[Address Reference Count : 1]<UL><LI> startup_ciu32f003.o(RESET)
</UL>
<P><STRONG><a name="[10]"></a>I2C1_IRQHandler</STRONG> (Thumb, 0 bytes, Stack size 0 bytes, startup_ciu32f003.o(.text))
<BR>[Address Reference Count : 1]<UL><LI> startup_ciu32f003.o(RESET)
</UL>
<P><STRONG><a name="[f]"></a>LPTIM1_IRQHandler</STRONG> (Thumb, 0 bytes, Stack size 0 bytes, startup_ciu32f003.o(.text))
<BR>[Address Reference Count : 1]<UL><LI> startup_ciu32f003.o(RESET)
</UL>
<P><STRONG><a name="[7]"></a>RCC_IRQHandler</STRONG> (Thumb, 0 bytes, Stack size 0 bytes, startup_ciu32f003.o(.text))
<BR>[Address Reference Count : 1]<UL><LI> startup_ciu32f003.o(RESET)
</UL>
<P><STRONG><a name="[11]"></a>SPI1_IRQHandler</STRONG> (Thumb, 0 bytes, Stack size 0 bytes, startup_ciu32f003.o(.text))
<BR>[Address Reference Count : 1]<UL><LI> startup_ciu32f003.o(RESET)
</UL>
<P><STRONG><a name="[c]"></a>TIM1_BRK_UP_TRG_COM_IRQHandler</STRONG> (Thumb, 0 bytes, Stack size 0 bytes, startup_ciu32f003.o(.text))
<BR>[Address Reference Count : 1]<UL><LI> startup_ciu32f003.o(RESET)
</UL>
<P><STRONG><a name="[d]"></a>TIM1_CC_IRQHandler</STRONG> (Thumb, 0 bytes, Stack size 0 bytes, startup_ciu32f003.o(.text))
<BR>[Address Reference Count : 1]<UL><LI> startup_ciu32f003.o(RESET)
</UL>
<P><STRONG><a name="[e]"></a>TIM3_IRQHandler</STRONG> (Thumb, 0 bytes, Stack size 0 bytes, startup_ciu32f003.o(.text))
<BR>[Address Reference Count : 1]<UL><LI> startup_ciu32f003.o(RESET)
</UL>
<P><STRONG><a name="[12]"></a>UART1_IRQHandler</STRONG> (Thumb, 0 bytes, Stack size 0 bytes, startup_ciu32f003.o(.text))
<BR>[Address Reference Count : 1]<UL><LI> startup_ciu32f003.o(RESET)
</UL>
<P><STRONG><a name="[13]"></a>UART2_IRQHandler</STRONG> (Thumb, 0 bytes, Stack size 0 bytes, startup_ciu32f003.o(.text))
<BR>[Address Reference Count : 1]<UL><LI> startup_ciu32f003.o(RESET)
</UL>
<P><STRONG><a name="[3f]"></a>__aeabi_uidiv</STRONG> (Thumb, 0 bytes, Stack size 12 bytes, uidiv.o(.text), UNUSED)

<P><STRONG><a name="[37]"></a>__aeabi_uidivmod</STRONG> (Thumb, 44 bytes, Stack size 12 bytes, uidiv.o(.text))
<BR><BR>[Stack]<UL><LI>Max Depth = 12<LI>Call Chain = __aeabi_uidivmod
</UL>
<BR>[Called By]<UL><LI><a href="#[24]">&gt;&gt;</a>&nbsp;&nbsp;&nbsp;std_delayus
</UL>

<P><STRONG><a name="[1c]"></a>__aeabi_memset</STRONG> (Thumb, 14 bytes, Stack size 0 bytes, memseta.o(.text), UNUSED)
<BR><BR>[Called By]<UL><LI><a href="#[1d]">&gt;&gt;</a>&nbsp;&nbsp;&nbsp;_memset$wrapper
<LI><a href="#[1b]">&gt;&gt;</a>&nbsp;&nbsp;&nbsp;__aeabi_memclr
</UL>

<P><STRONG><a name="[40]"></a>__aeabi_memset4</STRONG> (Thumb, 0 bytes, Stack size 0 bytes, memseta.o(.text), UNUSED)

<P><STRONG><a name="[41]"></a>__aeabi_memset8</STRONG> (Thumb, 0 bytes, Stack size 0 bytes, memseta.o(.text), UNUSED)

<P><STRONG><a name="[1b]"></a>__aeabi_memclr</STRONG> (Thumb, 4 bytes, Stack size 0 bytes, memseta.o(.text), UNUSED)
<BR><BR>[Calls]<UL><LI><a href="#[1c]">&gt;&gt;</a>&nbsp;&nbsp;&nbsp;__aeabi_memset
</UL>

<P><STRONG><a name="[2e]"></a>__aeabi_memclr4</STRONG> (Thumb, 0 bytes, Stack size 0 bytes, memseta.o(.text))
<BR><BR>[Called By]<UL><LI><a href="#[35]">&gt;&gt;</a>&nbsp;&nbsp;&nbsp;tim1_init
<LI><a href="#[2d]">&gt;&gt;</a>&nbsp;&nbsp;&nbsp;gpio_init
</UL>

<P><STRONG><a name="[42]"></a>__aeabi_memclr8</STRONG> (Thumb, 0 bytes, Stack size 0 bytes, memseta.o(.text), UNUSED)

<P><STRONG><a name="[1d]"></a>_memset$wrapper</STRONG> (Thumb, 18 bytes, Stack size 8 bytes, memseta.o(.text), UNUSED)
<BR><BR>[Calls]<UL><LI><a href="#[1c]">&gt;&gt;</a>&nbsp;&nbsp;&nbsp;__aeabi_memset
</UL>

<P><STRONG><a name="[18]"></a>__scatterload</STRONG> (Thumb, 28 bytes, Stack size 0 bytes, init.o(.text))
<BR><BR>[Calls]<UL><LI><a href="#[1e]">&gt;&gt;</a>&nbsp;&nbsp;&nbsp;__main_after_scatterload
</UL>
<BR>[Called By]<UL><LI><a href="#[17]">&gt;&gt;</a>&nbsp;&nbsp;&nbsp;_main_scatterload
</UL>

<P><STRONG><a name="[43]"></a>__scatterload_rt2</STRONG> (Thumb, 0 bytes, Stack size 0 bytes, init.o(.text), UNUSED)

<P><STRONG><a name="[b]"></a>ADC_COMP_IRQHandler</STRONG> (Thumb, 76 bytes, Stack size 8 bytes, common.o(i.ADC_COMP_IRQHandler))
<BR><BR>[Stack]<UL><LI>Max Depth = 88<LI>Call Chain = ADC_COMP_IRQHandler &rArr; slot_switch_adc_process &rArr; detection_state_set &rArr; detection_outputs_apply &rArr; no_output_set &rArr; gpio_write_active_state
</UL>
<BR>[Calls]<UL><LI><a href="#[21]">&gt;&gt;</a>&nbsp;&nbsp;&nbsp;slot_switch_adc_process
<LI><a href="#[1f]">&gt;&gt;</a>&nbsp;&nbsp;&nbsp;std_adc_get_flag
<LI><a href="#[20]">&gt;&gt;</a>&nbsp;&nbsp;&nbsp;std_adc_clear_flag
</UL>
<BR>[Address Reference Count : 1]<UL><LI> startup_ciu32f003.o(RESET)
</UL>
<P><STRONG><a name="[15]"></a>SystemInit</STRONG> (Thumb, 14 bytes, Stack size 0 bytes, system_ciu32f003.o(i.SystemInit))
<BR>[Address Reference Count : 1]<UL><LI> startup_ciu32f003.o(.text)
</UL>
<P><STRONG><a name="[44]"></a>__scatterload_copy</STRONG> (Thumb, 14 bytes, Stack size unknown bytes, handlers.o(i.__scatterload_copy), UNUSED)

<P><STRONG><a name="[45]"></a>__scatterload_null</STRONG> (Thumb, 2 bytes, Stack size unknown bytes, handlers.o(i.__scatterload_null), UNUSED)

<P><STRONG><a name="[46]"></a>__scatterload_zeroinit</STRONG> (Thumb, 14 bytes, Stack size unknown bytes, handlers.o(i.__scatterload_zeroinit), UNUSED)

<P><STRONG><a name="[22]"></a>adc_init</STRONG> (Thumb, 202 bytes, Stack size 8 bytes, common.o(i.adc_init))
<BR><BR>[Stack]<UL><LI>Max Depth = 28<LI>Call Chain = adc_init &rArr; std_delayus &rArr; __aeabi_uidivmod
</UL>
<BR>[Calls]<UL><LI><a href="#[24]">&gt;&gt;</a>&nbsp;&nbsp;&nbsp;std_delayus
<LI><a href="#[23]">&gt;&gt;</a>&nbsp;&nbsp;&nbsp;std_rcc_apb2_clk_enable
<LI><a href="#[27]">&gt;&gt;</a>&nbsp;&nbsp;&nbsp;std_adc_interrupt_enable
<LI><a href="#[20]">&gt;&gt;</a>&nbsp;&nbsp;&nbsp;std_adc_clear_flag
<LI><a href="#[25]">&gt;&gt;</a>&nbsp;&nbsp;&nbsp;adc_software_calibrate
<LI><a href="#[26]">&gt;&gt;</a>&nbsp;&nbsp;&nbsp;__NVIC_SetPriority
</UL>
<BR>[Called By]<UL><LI><a href="#[14]">&gt;&gt;</a>&nbsp;&nbsp;&nbsp;main
</UL>

<P><STRONG><a name="[36]"></a>adc_start</STRONG> (Thumb, 28 bytes, Stack size 0 bytes, common.o(i.adc_start))
<BR><BR>[Called By]<UL><LI><a href="#[14]">&gt;&gt;</a>&nbsp;&nbsp;&nbsp;main
</UL>

<P><STRONG><a name="[2c]"></a>detection_state_set</STRONG> (Thumb, 24 bytes, Stack size 8 bytes, common.o(i.detection_state_set))
<BR><BR>[Stack]<UL><LI>Max Depth = 64<LI>Call Chain = detection_state_set &rArr; detection_outputs_apply &rArr; no_output_set &rArr; gpio_write_active_state
</UL>
<BR>[Calls]<UL><LI><a href="#[28]">&gt;&gt;</a>&nbsp;&nbsp;&nbsp;detection_outputs_apply
</UL>
<BR>[Called By]<UL><LI><a href="#[21]">&gt;&gt;</a>&nbsp;&nbsp;&nbsp;slot_switch_adc_process
</UL>

<P><STRONG><a name="[2d]"></a>gpio_init</STRONG> (Thumb, 90 bytes, Stack size 24 bytes, common.o(i.gpio_init))
<BR><BR>[Stack]<UL><LI>Max Depth = 80<LI>Call Chain = gpio_init &rArr; detection_outputs_apply &rArr; no_output_set &rArr; gpio_write_active_state
</UL>
<BR>[Calls]<UL><LI><a href="#[30]">&gt;&gt;</a>&nbsp;&nbsp;&nbsp;std_gpio_init
<LI><a href="#[2f]">&gt;&gt;</a>&nbsp;&nbsp;&nbsp;std_rcc_gpio_clk_enable
<LI><a href="#[28]">&gt;&gt;</a>&nbsp;&nbsp;&nbsp;detection_outputs_apply
<LI><a href="#[2e]">&gt;&gt;</a>&nbsp;&nbsp;&nbsp;__aeabi_memclr4
</UL>
<BR>[Called By]<UL><LI><a href="#[14]">&gt;&gt;</a>&nbsp;&nbsp;&nbsp;main
</UL>

<P><STRONG><a name="[2b]"></a>led_set</STRONG> (Thumb, 20 bytes, Stack size 8 bytes, common.o(i.led_set))
<BR><BR>[Stack]<UL><LI>Max Depth = 48<LI>Call Chain = led_set &rArr; gpio_write_active_state
</UL>
<BR>[Calls]<UL><LI><a href="#[31]">&gt;&gt;</a>&nbsp;&nbsp;&nbsp;gpio_write_active_state
</UL>
<BR>[Called By]<UL><LI><a href="#[28]">&gt;&gt;</a>&nbsp;&nbsp;&nbsp;detection_outputs_apply
</UL>

<P><STRONG><a name="[14]"></a>main</STRONG> (Thumb, 30 bytes, Stack size 0 bytes, main.o(i.main))
<BR><BR>[Stack]<UL><LI>Max Depth = 80<LI>Call Chain = main &rArr; gpio_init &rArr; detection_outputs_apply &rArr; no_output_set &rArr; gpio_write_active_state
</UL>
<BR>[Calls]<UL><LI><a href="#[35]">&gt;&gt;</a>&nbsp;&nbsp;&nbsp;tim1_init
<LI><a href="#[33]">&gt;&gt;</a>&nbsp;&nbsp;&nbsp;system_clock_config
<LI><a href="#[34]">&gt;&gt;</a>&nbsp;&nbsp;&nbsp;std_delay_init
<LI><a href="#[2d]">&gt;&gt;</a>&nbsp;&nbsp;&nbsp;gpio_init
<LI><a href="#[36]">&gt;&gt;</a>&nbsp;&nbsp;&nbsp;adc_start
<LI><a href="#[22]">&gt;&gt;</a>&nbsp;&nbsp;&nbsp;adc_init
</UL>
<BR>[Address Reference Count : 1]<UL><LI> entry9a.o(.ARM.Collect$$$$0000000B)
</UL>
<P><STRONG><a name="[2a]"></a>nc_output_set</STRONG> (Thumb, 20 bytes, Stack size 8 bytes, common.o(i.nc_output_set))
<BR><BR>[Stack]<UL><LI>Max Depth = 48<LI>Call Chain = nc_output_set &rArr; gpio_write_active_state
</UL>
<BR>[Calls]<UL><LI><a href="#[31]">&gt;&gt;</a>&nbsp;&nbsp;&nbsp;gpio_write_active_state
</UL>
<BR>[Called By]<UL><LI><a href="#[28]">&gt;&gt;</a>&nbsp;&nbsp;&nbsp;detection_outputs_apply
</UL>

<P><STRONG><a name="[29]"></a>no_output_set</STRONG> (Thumb, 18 bytes, Stack size 8 bytes, common.o(i.no_output_set))
<BR><BR>[Stack]<UL><LI>Max Depth = 48<LI>Call Chain = no_output_set &rArr; gpio_write_active_state
</UL>
<BR>[Calls]<UL><LI><a href="#[31]">&gt;&gt;</a>&nbsp;&nbsp;&nbsp;gpio_write_active_state
</UL>
<BR>[Called By]<UL><LI><a href="#[28]">&gt;&gt;</a>&nbsp;&nbsp;&nbsp;detection_outputs_apply
</UL>

<P><STRONG><a name="[21]"></a>slot_switch_adc_process</STRONG> (Thumb, 60 bytes, Stack size 16 bytes, common.o(i.slot_switch_adc_process))
<BR><BR>[Stack]<UL><LI>Max Depth = 80<LI>Call Chain = slot_switch_adc_process &rArr; detection_state_set &rArr; detection_outputs_apply &rArr; no_output_set &rArr; gpio_write_active_state
</UL>
<BR>[Calls]<UL><LI><a href="#[2c]">&gt;&gt;</a>&nbsp;&nbsp;&nbsp;detection_state_set
</UL>
<BR>[Called By]<UL><LI><a href="#[b]">&gt;&gt;</a>&nbsp;&nbsp;&nbsp;ADC_COMP_IRQHandler
</UL>

<P><STRONG><a name="[34]"></a>std_delay_init</STRONG> (Thumb, 26 bytes, Stack size 0 bytes, ciu32f003_std.o(i.std_delay_init))
<BR><BR>[Called By]<UL><LI><a href="#[14]">&gt;&gt;</a>&nbsp;&nbsp;&nbsp;main
</UL>

<P><STRONG><a name="[24]"></a>std_delayus</STRONG> (Thumb, 56 bytes, Stack size 8 bytes, ciu32f003_std.o(i.std_delayus))
<BR><BR>[Stack]<UL><LI>Max Depth = 20<LI>Call Chain = std_delayus &rArr; __aeabi_uidivmod
</UL>
<BR>[Calls]<UL><LI><a href="#[37]">&gt;&gt;</a>&nbsp;&nbsp;&nbsp;__aeabi_uidivmod
</UL>
<BR>[Called By]<UL><LI><a href="#[22]">&gt;&gt;</a>&nbsp;&nbsp;&nbsp;adc_init
</UL>

<P><STRONG><a name="[30]"></a>std_gpio_init</STRONG> (Thumb, 162 bytes, Stack size 20 bytes, ciu32f003_std_gpio.o(i.std_gpio_init))
<BR><BR>[Stack]<UL><LI>Max Depth = 20<LI>Call Chain = std_gpio_init
</UL>
<BR>[Called By]<UL><LI><a href="#[2d]">&gt;&gt;</a>&nbsp;&nbsp;&nbsp;gpio_init
</UL>

<P><STRONG><a name="[38]"></a>std_tim_init</STRONG> (Thumb, 82 bytes, Stack size 8 bytes, ciu32f003_std_tim.o(i.std_tim_init))
<BR><BR>[Stack]<UL><LI>Max Depth = 8<LI>Call Chain = std_tim_init
</UL>
<BR>[Called By]<UL><LI><a href="#[35]">&gt;&gt;</a>&nbsp;&nbsp;&nbsp;tim1_init
</UL>

<P><STRONG><a name="[33]"></a>system_clock_config</STRONG> (Thumb, 132 bytes, Stack size 0 bytes, common.o(i.system_clock_config))
<BR><BR>[Called By]<UL><LI><a href="#[14]">&gt;&gt;</a>&nbsp;&nbsp;&nbsp;main
</UL>

<P><STRONG><a name="[35]"></a>tim1_init</STRONG> (Thumb, 78 bytes, Stack size 24 bytes, common.o(i.tim1_init))
<BR><BR>[Stack]<UL><LI>Max Depth = 32<LI>Call Chain = tim1_init &rArr; std_tim_init
</UL>
<BR>[Calls]<UL><LI><a href="#[38]">&gt;&gt;</a>&nbsp;&nbsp;&nbsp;std_tim_init
<LI><a href="#[23]">&gt;&gt;</a>&nbsp;&nbsp;&nbsp;std_rcc_apb2_clk_enable
<LI><a href="#[2e]">&gt;&gt;</a>&nbsp;&nbsp;&nbsp;__aeabi_memclr4
</UL>
<BR>[Called By]<UL><LI><a href="#[14]">&gt;&gt;</a>&nbsp;&nbsp;&nbsp;main
</UL>
<P>
<H3>
Local Symbols
</H3>
<P><STRONG><a name="[26]"></a>__NVIC_SetPriority</STRONG> (Thumb, 110 bytes, Stack size 8 bytes, common.o(i.__NVIC_SetPriority))
<BR><BR>[Stack]<UL><LI>Max Depth = 8<LI>Call Chain = __NVIC_SetPriority
</UL>
<BR>[Called By]<UL><LI><a href="#[22]">&gt;&gt;</a>&nbsp;&nbsp;&nbsp;adc_init
</UL>

<P><STRONG><a name="[25]"></a>adc_software_calibrate</STRONG> (Thumb, 92 bytes, Stack size 8 bytes, common.o(i.adc_software_calibrate))
<BR><BR>[Stack]<UL><LI>Max Depth = 8<LI>Call Chain = adc_software_calibrate
</UL>
<BR>[Calls]<UL><LI><a href="#[1f]">&gt;&gt;</a>&nbsp;&nbsp;&nbsp;std_adc_get_flag
<LI><a href="#[20]">&gt;&gt;</a>&nbsp;&nbsp;&nbsp;std_adc_clear_flag
</UL>
<BR>[Called By]<UL><LI><a href="#[22]">&gt;&gt;</a>&nbsp;&nbsp;&nbsp;adc_init
</UL>

<P><STRONG><a name="[28]"></a>detection_outputs_apply</STRONG> (Thumb, 86 bytes, Stack size 8 bytes, common.o(i.detection_outputs_apply))
<BR><BR>[Stack]<UL><LI>Max Depth = 56<LI>Call Chain = detection_outputs_apply &rArr; no_output_set &rArr; gpio_write_active_state
</UL>
<BR>[Calls]<UL><LI><a href="#[29]">&gt;&gt;</a>&nbsp;&nbsp;&nbsp;no_output_set
<LI><a href="#[2a]">&gt;&gt;</a>&nbsp;&nbsp;&nbsp;nc_output_set
<LI><a href="#[2b]">&gt;&gt;</a>&nbsp;&nbsp;&nbsp;led_set
</UL>
<BR>[Called By]<UL><LI><a href="#[2c]">&gt;&gt;</a>&nbsp;&nbsp;&nbsp;detection_state_set
<LI><a href="#[2d]">&gt;&gt;</a>&nbsp;&nbsp;&nbsp;gpio_init
</UL>

<P><STRONG><a name="[31]"></a>gpio_write_active_state</STRONG> (Thumb, 44 bytes, Stack size 40 bytes, common.o(i.gpio_write_active_state))
<BR><BR>[Stack]<UL><LI>Max Depth = 40<LI>Call Chain = gpio_write_active_state
</UL>
<BR>[Calls]<UL><LI><a href="#[32]">&gt;&gt;</a>&nbsp;&nbsp;&nbsp;gpio_write_level
</UL>
<BR>[Called By]<UL><LI><a href="#[29]">&gt;&gt;</a>&nbsp;&nbsp;&nbsp;no_output_set
<LI><a href="#[2a]">&gt;&gt;</a>&nbsp;&nbsp;&nbsp;nc_output_set
<LI><a href="#[2b]">&gt;&gt;</a>&nbsp;&nbsp;&nbsp;led_set
</UL>

<P><STRONG><a name="[32]"></a>gpio_write_level</STRONG> (Thumb, 22 bytes, Stack size 0 bytes, common.o(i.gpio_write_level))
<BR><BR>[Called By]<UL><LI><a href="#[31]">&gt;&gt;</a>&nbsp;&nbsp;&nbsp;gpio_write_active_state
</UL>

<P><STRONG><a name="[20]"></a>std_adc_clear_flag</STRONG> (Thumb, 6 bytes, Stack size 0 bytes, common.o(i.std_adc_clear_flag))
<BR><BR>[Called By]<UL><LI><a href="#[b]">&gt;&gt;</a>&nbsp;&nbsp;&nbsp;ADC_COMP_IRQHandler
<LI><a href="#[25]">&gt;&gt;</a>&nbsp;&nbsp;&nbsp;adc_software_calibrate
<LI><a href="#[22]">&gt;&gt;</a>&nbsp;&nbsp;&nbsp;adc_init
</UL>

<P><STRONG><a name="[1f]"></a>std_adc_get_flag</STRONG> (Thumb, 10 bytes, Stack size 0 bytes, common.o(i.std_adc_get_flag))
<BR><BR>[Called By]<UL><LI><a href="#[b]">&gt;&gt;</a>&nbsp;&nbsp;&nbsp;ADC_COMP_IRQHandler
<LI><a href="#[25]">&gt;&gt;</a>&nbsp;&nbsp;&nbsp;adc_software_calibrate
</UL>

<P><STRONG><a name="[27]"></a>std_adc_interrupt_enable</STRONG> (Thumb, 12 bytes, Stack size 0 bytes, common.o(i.std_adc_interrupt_enable))
<BR><BR>[Called By]<UL><LI><a href="#[22]">&gt;&gt;</a>&nbsp;&nbsp;&nbsp;adc_init
</UL>

<P><STRONG><a name="[23]"></a>std_rcc_apb2_clk_enable</STRONG> (Thumb, 18 bytes, Stack size 0 bytes, common.o(i.std_rcc_apb2_clk_enable))
<BR><BR>[Called By]<UL><LI><a href="#[35]">&gt;&gt;</a>&nbsp;&nbsp;&nbsp;tim1_init
<LI><a href="#[22]">&gt;&gt;</a>&nbsp;&nbsp;&nbsp;adc_init
</UL>

<P><STRONG><a name="[2f]"></a>std_rcc_gpio_clk_enable</STRONG> (Thumb, 18 bytes, Stack size 0 bytes, common.o(i.std_rcc_gpio_clk_enable))
<BR><BR>[Called By]<UL><LI><a href="#[2d]">&gt;&gt;</a>&nbsp;&nbsp;&nbsp;gpio_init
</UL>
<P>
<H3>
Undefined Global Symbols
</H3>
<P><STRONG><a name="[1a]"></a>__arm_fini_</STRONG> (Unknown, 0 bytes, Stack size 0 bytes, UNDEFINED)
<BR><BR>[Called By]<UL><LI><a href="#[19]">&gt;&gt;</a>&nbsp;&nbsp;&nbsp;__rt_lib_shutdown_fini
</UL>
<HR></body></html>
