Importer Log Report
Project : 对射光电IC款-RX接收-测试PCB-20260121.PrjPcb

Section : Document - C:\Users\bc\Desktop\Infrared-sensor\原理图\20260121\对射光电IC款-RX接收-测试PCB-20260121.asc

    Section : Import Messages
        Error   : No comment found for component: C1
        Error   : No comment found for component: C10
        Error   : No comment found for component: C11
        Error   : No comment found for component: C15
        Error   : No comment found for component: C2
        Error   : No comment found for component: C3
        Error   : No comment found for component: C4
        Error   : No comment found for component: C5
        Error   : No comment found for component: C6
        Error   : No comment found for component: C7
        Error   : No comment found for component: C8
        Error   : No comment found for component: C9
        Error   : No comment found for component: D1
        Error   : No comment found for component: D2
        Error   : No comment found for component: D3
        Error   : No comment found for component: D4
        Error   : No comment found for component: D5
        Error   : No comment found for component: D6
        Error   : No comment found for component: F1
        Error   : No comment found for component: F2
        Error   : No comment found for component: F3
        Error   : No designator found for component: GND
        Error   : No comment found for component: GND
        Error   : No comment found for component: K1
        Error   : No comment found for component: LED1
        Error   : No comment found for component: LED2
        Error   : No designator found for component: NPN1
        Error   : No comment found for component: NPN1
        Error   : No designator found for component: NPN2
        Error   : No comment found for component: NPN2
        Error   : No designator found for component: P1
        Error   : No comment found for component: P1
        Error   : No designator found for component: P2
        Error   : No comment found for component: P2
        Error   : No designator found for component: P3
        Error   : No comment found for component: P3
        Error   : No designator found for component: P4
        Error   : No comment found for component: P4
        Error   : No comment found for component: Q1
        Error   : No comment found for component: Q2
        Error   : No comment found for component: Q3
        Error   : No comment found for component: R1
        Error   : No comment found for component: R10
        Error   : No comment found for component: R11
        Error   : No comment found for component: R12
        Error   : No comment found for component: R15
        Error   : No comment found for component: R16
        Error   : No comment found for component: R17
        Error   : No comment found for component: R18
        Error   : No comment found for component: R19
        Error   : No comment found for component: R2
        Error   : No comment found for component: R20
        Error   : No comment found for component: R21
        Error   : No comment found for component: R3
        Error   : No comment found for component: R4
        Error   : No comment found for component: R42
        Error   : No comment found for component: R44
        Error   : No comment found for component: R46
        Error   : No comment found for component: R47
        Error   : No comment found for component: R5
        Error   : No comment found for component: R6
        Error   : No comment found for component: R7
        Error   : No comment found for component: R8
        Error   : No comment found for component: R9
        Error   : No comment found for component: TVS1
        Error   : No comment found for component: TVS2
        Error   : No comment found for component: TVS3
        Warning : WARNING: Cut-out region created from PADS keep-out on layer: Top Layer
        Error   : No comment found for component: U1
        Error   : No comment found for component: U2
        Error   : No comment found for component: U3
        Error   : No comment found for component: U4
        Error   : No designator found for component: VDD
        Error   : No comment found for component: VDD
    EndSection
EndSection
