C51 COMPILER V9.60.0.0   APP                                                               07/19/2022 11:05:16 PAGE 1   


C51 COMPILER V9.60.0.0, COMPILATION OF MODULE APP
OBJECT MODULE PLACED IN .\Out_Files\app.obj
COMPILER INVOKED BY: C:\Keil_v5\C51\BIN\C51.EXE ..\source\app.c LARGE OMF2 OPTIMIZE(8,SIZE) BROWSE INCDIR(..\..\..\..\Dr
                    -iver\inc;..\..\..\..\Driver\src;..\..\..\..\MCU\Common;..\..\..\..\MCU\Device) DEBUG PRINT(.\Out_Files\app.lst) TABS(2) 
                    -OBJECT(.\Out_Files\app.obj)

line level    source

   1          /***********************************************************************
   2           * Copyright (c)  2017 - 2021, Unicmicro Co.,Ltd .
   3           * All rights reserved.
   4           * Filename    : app.c
   5           * Description : app driver source file
   6           * Author(s)   : Will
   7           * version     : V1.0
   8           * Modify date : 2021-04-27
   9           ***********************************************************************/
  10          #include "system_um800y.h"
  11          #include "app.h"
  12          #include "common.h"
  13          #include "uart0.h"
  14          #include "lptimer.h"
  15          
  16          volatile uint8_t flag_ov_int = 0;
  17          volatile uint8_t flag_trig_int = 0;
  18          volatile uint8_t flag_comp_int = 0;
  19          volatile uint8_t flag_timeout = 0;
  20          volatile uint8_t rx_flag ;
  21          volatile uint8_t uart0_rx_buf[32];
  22          volatile uint8_t uart0_tx_buf[32];
  23          volatile uint16_t count = 0;
  24          volatile uint16_t rx_count = 0;
  25          volatile uint16_t tx_count = 0;
  26          
  27          /************************************************************************
  28           * Function     : uart0_rec_pro
  29           * Description  : uart0_rec_pro 串口接收处理回调函数
  30           * Input    : none
  31           * Output     : none
  32           * Return   : none
  33           ************************************************************************/
  34          void uart0_rec_pro(void)
  35          {
  36   1        uart0_rx_buf[rx_count++]= uart0_recv_byte();
  37   1        rx_flag = 1;  
  38   1      }
  39          
  40          /************************************************************************
  41           * Function     : uart_init
  42           * Description  : uart_init 串口初始化
  43           * Input    : none
  44           * Output     : none
  45           * Return   : none
  46           ************************************************************************/
  47          void uart_init(void)
  48          {
  49   1        rx_flag = 0;
  50   1        uart0_init(UART0_BAUD_RATE);
  51   1          uart0_irq_init(UART0_IRQ_ENABLE,uart0_rec_pro);
  52   1      }
  53          
C51 COMPILER V9.60.0.0   APP                                                               07/19/2022 11:05:16 PAGE 2   

  54          
  55          /************************************************************************
  56           * Function     : my_memcpy
  57           * Description  : my_memcpy
  58           * Input    : uint8_t *dst  目的地址
  59           *          uint8_t *src  源地址
  60           *          uint16_t n   数据长度
  61           * Output     : none
  62           * Return   : none
  63           ************************************************************************/
  64          void my_memcpy(uint8_t *dst,uint8_t *src,uint16_t n)
  65          {
  66   1        while(n--)
  67   1        { 
  68   2          *dst++ = *src++;
  69   2        }
  70   1      }
  71          
  72          /*******************************************************************
  73          * Function    : lptim_comp_pro
  74          * Description : 比较匹配中断回调函数
  75          * Input     : none
  76          * Output    : none
  77          * Return    : none
  78          ********************************************************************/
  79          void lptim_comp_pro(void)
  80          {
  81   1          flag_comp_int = 1;  
  82   1          printfS("Lptim comp irq!!\r\n");  
  83   1          
  84   1      }
  85          /*******************************************************************
  86          * Function    : lptim_ov_pro
  87          * Description : 计时器溢出中断回调函数
  88          * Input     : none
  89          * Output    : none
  90          * Return    : none
  91          ********************************************************************/
  92          void lptim_ov_pro(void)
  93          { 
  94   1          flag_ov_int = 1;
  95   1          count++;
  96   1          printfS("Lptimer count times %u \r\n",count);             
  97   1      }
  98          
  99          void lptim_timerout_pro(void)
 100          {
 101   1        flag_timeout = 1;
 102   1      }
 103          /*******************************************************************
 104          * Function    : lptim_trig_pro
 105          * Description : 外部触发到来中断回调函数
 106          * Input     : none
 107          * Output    : none
 108          * Return    : none
 109          ********************************************************************/
 110          void lptim_trig_pro(void)
 111          {
 112   1          flag_trig_int = 1;  
 113   1          printfS("Lptim trig irq!!\r\n");  
 114   1      }
 115          
C51 COMPILER V9.60.0.0   APP                                                               07/19/2022 11:05:16 PAGE 3   

 116          void lptim_capture1_pro(void)
 117          {
 118   1        printfS("Lptim capture1 cnt value is %u!!\r\n",lptimer_get_lptcmp(CAP_CHANGE1));  
 119   1      }
 120          
 121          void lptim_capture2_pro(void)
 122          {
 123   1        printfS("Lptim capture2 cnt value is %u!!\r\n",lptimer_get_lptcmp(CAP_CHANGE2));
 124   1      }
 125          
 126          
 127          
 128          /*******************************************************************
 129          * Function    : lptim_timer
 130          * Description : lptim 普通定时器模式
 131          * Input     : none
 132          * Output    : none
 133          * Return    : none
 134          ********************************************************************/
 135          void lptim_timer_test(void)
 136          {
 137   1        //普通定时器
 138   1        lptimer_init(TIMER_TMODE, LPTIMER_LSCLK, DIV1);                 //普通定时器模式
 139   1        lptimer_irq_init(LPTIMER_IRQ_ENABLE,LPTIE_OV,lptim_ov_pro);    //计数器溢出中断设置
 140   1          lptimer_set_time(38000);                                        //定时1s     
 141   1          lptimer_start();                                                //定时启动
 142   1          printfS("lptimer timing start !!\r\n");   
 143   1        
 144   1        
 145   1      }
 146          void lptimer_trigger_test()
 147          {
 148   1        //TRIGGER脉冲触发计数
 149   1        lptimer_init(TRIGGERCOUNT_TMODE, LPTIMER_SYSCLK, DIV128);       //TRIGGER计数模式
 150   1        lptimer_trigger_edge_set(DOWN);                 //触发边沿
 151   1        lptimer_io_config(LPEXT);                         // P1_1作为EXTRIGGER_IO_IEN
 152   1        lptimer_irq_init(LPTIMER_IRQ_ENABLE,LPTIE_TRIG,lptim_trig_pro); //计数器溢出中断设置
 153   1        
 154   1        lptimer_set_time(65535);                                              
 155   1          lptimer_start();                                                //定时启动
 156   1          printfS("lptimer trigger test start !!\r\n");   
 157   1        
 158   1      }
 159          
 160          void lptimer_extcount_test()
 161          {
 162   1        //外部异步脉冲计数  
 163   1        lptimer_init(EXTCOUNT_TMODE, LPTIMER_LPTIN, DIV1);              //外部计数模式
 164   1        lptimer_lptin_edge_set(DOWN);                 //触发边沿
 165   1        lptimer_io_config(LPIN);                          //P1_0作为LPIN
 166   1        lptimer_irq_init(LPTIMER_IRQ_ENABLE,LPTIE_OV,lptim_ov_pro);     //计数器溢出中断设置
 167   1        
 168   1        lptimer_set_time(65535);                                              
 169   1          lptimer_start();                                                //定时启动
 170   1          printfS("lptimer extcount test start !!\r\n");   
 171   1        while(1)
 172   1        {
 173   2          printfS("extcount cnt=%u\r\n",lptim_get_cnt_value());
 174   2        }
 175   1      }
 176          
 177          void lptimer_timeout_test()
C51 COMPILER V9.60.0.0   APP                                                               07/19/2022 11:05:16 PAGE 4   

 178          {
 179   1        // TIMREOUT 
 180   1        lptimer_init(TIMEOUT_TMODE, LPTIMER_LSCLK, DIV1);                 //timeout模式
 181   1        lptimer_io_config(LPEXT);                           // P1_1作为EXTRIGGER_IO
 182   1        lptimer_irq_init(LPTIMER_IRQ_ENABLE,LPTIE_OV,lptim_timerout_pro); //计数器溢出中断设置
 183   1        
 184   1        lptimer_set_time(65535);                                                   
 185   1          lptimer_start();                                                    //定时启动
 186   1          printfS("lptimer timerout test start !!\r\n");   
 187   1        
 188   1      //  sys_entersleep();               //enter SLEEP mode
 189   1      //  sys_enterdeepsleep();           //enter DEEPSLEEP mode
 190   1        
 191   1        while(!flag_timeout)
 192   1        {
 193   2          printfS("timer cnt=%u\r\n",lptim_get_cnt_value());
 194   2        }
 195   1          printfS("lptimer count time out\r\n");
 196   1        
 197   1      }
 198          
 199          /*******************************************************************
 200          * Function    : lptim_pwm_test
 201          * Description : lptim pwm 输出
 202          * Input     : none
 203          * Output    : none
 204          * Return    : none
 205          ********************************************************************/
 206          void lptim_pwm_test(void)
 207          {
 208   1          lptimer_pwm_init(LPTIMER_SYSCLK, DIV1);                                 //pwm输出初始化
 209   1      
 210   1      #ifdef PWM1
 211   1        /* pwm通道1 */
 212   1        printfS("lptimer PWM1 test start!!\r\n");
 213   1        lptimer_pwm_channel_config(PWM_CHANGE1, POLAR1);            //通道1使能
 214   1        //pwm频率 =时钟频率/16000 =1000hz, 占空比 50%
 215   1        lptimer_pwm_set(PWM_CHANGE1,16000,50);                  //通道1配置 
 216   1        lptimer_irq_init(LPTIMER_IRQ_ENABLE,LPTIE_COMP1,lptim_comp_pro);        //计数器匹配中断设置
 217   1        lptimer_io_config(LPOUT1);                                               //P0_3作为LPOUT1
 218   1      #endif  
 219   1        
 220   1      #ifdef PWM2 
                //pwm通道2
                printfS("lptimer PWM2 test start!!\r\n");
                lptimer_pwm_channel_config(PWM_CHANGE2, POLAR1);            //通道2使能
                //pwm频率 =时钟频率/8000 =2000hz, 占空比 30% 
                lptimer_pwm_set(PWM_CHANGE2,8000, 30);                  //通道2
                lptimer_irq_init(LPTIMER_IRQ_ENABLE,LPTIE_COMP2,lptim_comp_pro);        //计数器匹配中断设置 
                lptimer_io_config(LPOUT2);                                               //p04作为LPOUT2
              #endif
 229   1        
 230   1        lptimer_start();                                                        //定时启动 
 231   1        printfS("lptimer pwm test start !!\r\n"); 
 232   1        
 233   1      }
 234          /*******************************************************************
 235          * Function    : lptim_capture_test
 236          * Description : lptim_capture 输入捕获
 237          * Input     : none
 238          * Output    : none
 239          * Return    : none
C51 COMPILER V9.60.0.0   APP                                                               07/19/2022 11:05:16 PAGE 5   

 240          ********************************************************************/
 241          
 242          void lptim_capture_test()
 243          {
 244   1        lptimer_init(TIMER_TMODE, LPTIMER_SYSCLK, DIV128);                          //普通定时器模式
 245   1        lptimer_set_time(65535);    
 246   1      #ifdef CAPTURE1 
 247   1        printfS("lptimer capture1 test start!!\r\n");
 248   1        lptimer_capture_init(CAP_CHANGE1, EDGE_DOWN);
 249   1        lptimer_io_config(LPCAP1);                              //P1_2作为LPCAP
 250   1        lptimer_irq_init(LPTIMER_IRQ_ENABLE,LPTIE_COMP1,lptim_capture1_pro);        //捕获中断1初始化设置
 251   1      #endif  
 252   1        
 253   1      #ifdef CAPTURE2 
                printfS("lptimer capture2 test start!!\r\n");
                lptimer_capture_init(CAP_CHANGE2, EDGE_DOWN);
                lptimer_io_config(LPCAP2);                             //P1_5作为LPCAP
                lptimer_irq_init(LPTIMER_IRQ_ENABLE,LPTIE_COMP2,lptim_capture2_pro);    //捕获中断2初始化设置 
              #endif
 259   1        lptimer_start();
 260   1        printfS("lptimer capture test start !!\r\n");  
 261   1      }
 262          /*******************************************************************
 263          * Function    : lptimer_test
 264          * Description : lptimer_test
 265          * Input     : none
 266          * Output    : none
 267          * Return    : none
 268          ********************************************************************/
 269          void lptimer_test(void)
 270          {    
 271   1        printfS("System run at %ldHz\n\r", system_core_clock);
 272   1        printfS("lptimer test start!!\r\n");
 273   1        
 274   1      //  lptim_timer_test();
 275   1      //  lptimer_trigger_test();
 276   1      //  lptimer_extcount_test();
 277   1      //  lptimer_timeout_test();
 278   1        lptim_pwm_test();
 279   1      //  lptim_capture_test();
 280   1      }
 281          
 282          void soc_test(void)
 283          {
 284   1        lptimer_test();
 285   1      }


MODULE INFORMATION:   STATIC OVERLAYABLE
   CODE SIZE        =    648    ----
   CONSTANT SIZE    =    481    ----
   XDATA SIZE       =     75       8
   PDATA SIZE       =   ----    ----
   DATA SIZE        =   ----    ----
   IDATA SIZE       =   ----    ----
   BIT SIZE         =   ----    ----
   EDATA SIZE       =   ----    ----
   HDATA SIZE       =   ----    ----
   XDATA CONST SIZE =   ----    ----
   FAR CONST SIZE   =   ----    ----
END OF MODULE INFORMATION.


C51 COMPILATION COMPLETE.  0 WARNING(S),  0 ERROR(S)
