C51 COMPILER V9.57.0.0   MAIN                                                              03/07/2026 11:56:04 PAGE 1   


C51 COMPILER V9.57.0.0, COMPILATION OF MODULE MAIN
OBJECT MODULE PLACED IN .\Out_Files\main.obj
COMPILER INVOKED BY: D:\Keil\Keil_v5\C51\BIN\C51.EXE ..\source\main.c LARGE OMF2 OPTIMIZE(8,SIZE) BROWSE INCDIR(..\..\..
                    -\..\Driver\inc;..\..\..\..\Driver\src;..\..\..\..\MCU\Common;..\..\..\..\MCU\Device) DEBUG PRINT(.\Out_Files\main.lst) O
                    -BJECT(.\Out_Files\main.obj)

line level    source

   1          /***********************************************************************
   2           * Copyright (c)  2017 - 2021, Unicmicro Co.,Ltd .
   3           * All rights reserved.
   4           * Filename    : main.c
   5           * Description : main source file
   6           * Author(s)   : Will
   7           * version     : V1.0
   8           * Modify date : 2021-04-27
   9           ***********************************************************************/     
  10          #include "system_um800y.h"
  11          #include "app.h"
  12          #include "gtimer.h"
  13          #include "pwm.h"
  14          #include "common.h"
  15          #include "config.h"
  16          #include "gpio.h"
  17          #include "adc.h"
  18          
  19          
  20          volatile uint16_t adc_data = 0;
  21          volatile uint16_t adc_data1 = 0;
  22          volatile uint16_t adc_set = 200;
  23          
  24          uint16_t status = 0;
  25          uint16_t adcount =0;
  26          uint16_t adcount1 =0;
  27          
  28          void gtimer0_UECallBack(void);
  29          void gtimer1_UECallBack(void);
  30          
  31          void GPIO_Init(void);
  32          void ADC_Init(void);
  33          void gpio_int_pro(void);
  34          
  35          void main(void)  
  36          {               
  37   1              system_init();
  38   1              GPIO_Init();
  39   1              uart_init();
  40   1              
  41   1              
  42   1              gtimer0_count_init(3000,16-1);                  
  43   1                      
  44   1              gtimer0_irq_init(GTIMER_IRQ_ENABLE,GTIMER0_UIE_IRQ,gtimer0_UECallBack);
  45   1      
  46   1              gtimer0_start();        
  47   1              
  48   1              adc_clk_config(ADC_CLKSOURCE_SYSCLK, ADC_VREFSOURCE_AVDD33, 4, ADC_ENABLE);     
  49   1      
  50   1              adc_sample_clk_config(ADC_SAMPCLK_4);                                                                           
  51   1              
  52   1              adc_io_config(ADC_CHANNEL_1|ADC_CHANNEL_2);                                                             
  53   1              
C51 COMPILER V9.57.0.0   MAIN                                                              03/07/2026 11:56:04 PAGE 2   

  54   1              adc_scan_mode_config(ADC_MODE_SINGLE);                                                                  
  55   1              
  56   1              adc_power_config(ADC_ENABLE);                                                                                           
  57   1              adc_controller_config(ADC_ENABLE);
  58   1      
  59   1              while(1) 
  60   1              {
  61   2                      
  62   2      
  63   2                      
  64   2              }
  65   1      }
  66          
  67          
  68          
  69          void gtimer0_UECallBack(void)
  70          {
  71   1              gpio_io_set(P1_2, GPIO_LOW);
  72   1              gpio_io_set(P1_3, GPIO_LOW);
  73   1              adstate=0;
*** ERROR C202 IN LINE 73 OF ..\source\main.c: 'adstate': undefined identifier
  74   1      }
  75          
  76          
  77          void GPIO_IRQHandler(void) interrupt 0
  78          {
  79   1          if(gpio_irq_get(P1_4))                                                                                      
  80   1          {
  81   2              REG_GTIM0_CR0 &= ~(1<<0);       
  82   2              
  83   2              gpio_io_set(P1_0, GPIO_HIGH);//常闭  
  84   2              
  85   2              adc_convert_start(ADC_CHANNEL_1);                                                                       
  86   2      
  87   2              while((ADCGCR1 & 0x04) != 0);
  88   2              
  89   2              while(!(ADCCSTAT & 0x01))       ;
  90   2              
  91   2              ADCCSTAT = 0x1;                                                                                 
  92   2              
  93   2              adc_data=adc_get_value();       
  94   2              
  95   2             //printfS("adc:%d\r\n", adc_data);       
  96   2              if(adc_data >=adc_set&&adc_data<ADC_INVALID-1)                                                                                                  
  97   2              {
  98   3                  //printfS("on\r\n");
  99   3                           
 100   3                  REG_GTIM0_CNT0&=0x00;
 101   3                  REG_GTIM0_CNT1&=0x00;
 102   3                      
 103   3                  adcount++;
 104   3                  if(adcount==2)
 105   3                  {
 106   4                      gpio_io_set(P1_2, GPIO_HIGH);
 107   4                      gpio_io_set(P1_3, GPIO_HIGH);
 108   4                      adcount=0;
 109   4                  }
 110   3                  
 111   3              }
 112   2          }
 113   1                 
 114   1           gpio_io_set(P1_0, GPIO_LOW);//常闭
C51 COMPILER V9.57.0.0   MAIN                                                              03/07/2026 11:56:04 PAGE 3   

 115   1          
 116   1          REG_GTIM0_CR0 |= (1<<0);                            
 117   1          gpio_irq_clr(P1_4);
 118   1      }
 119          
 120          void gpio_UECallBack(void)
 121          {
 122   1              //= 不用二次回调
 123   1      }
 124          
 125          void GPIO_Init(void)
 126          {
 127   1      
 128   1              REG_P10_CFG=0x00;
 129   1              gpio_init(P1_0);
 130   1              gpio_dir_set(P1_0, GPIO_DIR_OUT);
 131   1              gpio_dr_set(P1_0, GPIO_SR_HIGH);
 132   1              gpio_io_set(P1_0, GPIO_HIGH);
 133   1              
 134   1      
 135   1              REG_P12_CFG=0x00;
 136   1              gpio_init(P1_2);
 137   1              gpio_dir_set(P1_2, GPIO_DIR_OUT);
 138   1              gpio_dr_set(P1_2, GPIO_SR_HIGH);
 139   1              gpio_io_set(P1_2, GPIO_HIGH);
 140   1              
 141   1      
 142   1              REG_P13_CFG=0x00;
 143   1              gpio_init(P1_3);
 144   1              gpio_dir_set(P1_3, GPIO_DIR_OUT);
 145   1              gpio_dr_set(P1_3, GPIO_SR_HIGH);
 146   1              gpio_io_set(P1_3, GPIO_LOW);
 147   1      //      gpio_in_enable(P1_3, IN_ENABLE);         
 148   1      //      gpio_irq_set(P1_3,GPIO_IRQ_ENABLE,gpio_UECallBack);
 149   1      //      P1AL&=~(0x80);
 150   1      //      P1AL|=(0x01<<6);
 151   1              
 152   1              gpio_init(P1_4);
 153   1              gpio_dir_set(P1_4, GPIO_DIR_IN);
 154   1              gpio_dr_set(P1_4, GPIO_SR_HIGH);
 155   1              gpio_in_enable(P1_4, IN_ENABLE);         
 156   1              gpio_irq_set(P1_4,GPIO_IRQ_ENABLE,gpio_UECallBack);
 157   1              P1AH&=~(0x02);
 158   1              P1AH|=(0x01);
 159   1              REG_P14_CFG=0x20;
 160   1      
 161   1              REG_P15_CFG=0x00;
 162   1              gpio_init(P1_5);                        
 163   1              gpio_dir_set(P1_5, GPIO_DIR_IN);          
 164   1              gpio_in_enable(P1_5, IN_ENABLE);          
 165   1      }

C51 COMPILATION COMPLETE.  0 WARNING(S),  1 ERROR(S)
