C51 COMPILER V9.60.0.0   APP                                                               05/07/2022 11:24:24 PAGE 1   


C51 COMPILER V9.60.0.0, COMPILATION OF MODULE APP
OBJECT MODULE PLACED IN .\Out_Files\app.obj
COMPILER INVOKED BY: C:\Keil_v5\C51\BIN\C51.EXE ..\source\app.c LARGE OMF2 OPTIMIZE(8,SIZE) BROWSE INCDIR(..\..\..\..\Dr
                    -iver\inc;..\..\..\..\Driver\src;..\..\..\..\MCU\Common;..\..\..\..\MCU\Device) DEBUG PRINT(.\Out_Files\app.lst) TABS(2) 
                    -OBJECT(.\Out_Files\app.obj)

line level    source

   1          /***********************************************************************
   2           * Copyright (c)  2017 - 2020, Unicmicro Co.,Ltd .
   3           * All rights reserved.
   4           * Filename    : app.c
   5           * Description : app driver source file
   6           * Author(s)   : Dan
   7           * version     : V1.0
   8           * Modify date : 2020-07-16
   9           ***********************************************************************/
  10          #include  "app.h"
  11          #include  "uart0.h"
  12          #include "config.h"
  13          void gpio_enable_interrupt(void)
  14          {
  15   1        EA = 0x1;       //EA总中断开启
  16   1        EX0 = 0x1;             //外部中断使能
  17   1        P0IEN |= (0x1<<4);     //使能P04端口中断
  18   1      
  19   1      }
  20          
  21          void GPIO_IRQHandler(void) interrupt 0
  22          {
  23   1          if((P0IRQ&0x10)==0x10)
  24   1          {    
  25   2              P0IRQ &= ~(0x1<<4);   
  26   2              
  27   2          }
  28   1      
  29   1      }
  30          
  31          
  32          void lowpower_test(void)
  33          {
  34   1        
  35   1        uint8_t chs = 1;
  36   1        
  37   1        switch(chs)
  38   1        { 
  39   2          case 0:             //SLEEP mode,wake up by GPIO inerrupt
  40   2          printfS("SLEEP  MODE------Enter SLEEP mode------Wake up by P04!\n");
  41   2        
  42   2          POREN |= (1<<0);        //关闭LVR
  43   2          LVDCON |= (1<<4);       //关闭LVD
  44   2          
  45   2          CLKCON &= ~(0x1<<3);        //RCL时钟关闭
  46   2          
  47   2          REG_P0_IE = 0x14;           //输入禁止(除P04、NRST)
  48   2          REG_P1_IE = 0x00;         //输入禁止  
  49   2          REG_P2_IE = 0x00;         //输入禁止    
  50   2      
  51   2          PCLK0 = 0x00;         //关闭所有模块时钟
  52   2          PCLK1 = 0x01;         //关闭除唤醒管脚IO之外所有模块时钟
  53   2          
C51 COMPILER V9.60.0.0   APP                                                               05/07/2022 11:24:24 PAGE 2   

  54   2          gpio_enable_interrupt();    //P04中断使能
  55   2        
  56   2          PCON |= (0x1<<0);   //enter SLEEP mode
  57   2          
  58   2        
  59   2          uart0_init(UART0_BAUD_RATE);  //重新打开UART0，通过打印信息判断是否唤醒
  60   2          printfS("SLEEP MODE------Exit SLEEP mode------Pass!\n");  
  61   2          break;
  62   2        case 1:             //Deepsleep  mode，wake up by GPIO(rising edge or falling edge ) inerrupt or Timer
  63   2          printfS("Deepsleep MODE------Enter Deepsleep mode------Wake up by P04!\n");
  64   2          
  65   2          POREN |= (1<<0);        //关闭LVR
  66   2            LVDCON |= (1<<4);       //关闭LVD
  67   2        
  68   2          REG_P0_IE = 0x14;           //输入禁止(除P04、NRST)
  69   2          REG_P1_IE = 0x00;         //输入禁止  
  70   2          REG_P2_IE = 0x00;         //输入禁止    
  71   2            
  72   2          gpio_enable_interrupt();    //P04中断使能
  73   2        
  74   2          PDSEL &= ~(1<<0); 
  75   2          PCON |= (0x1<<1);         //enter stop mode
  76   2        
  77   2          uart0_init(UART0_BAUD_RATE);  //重新打开UART0，通过打印信息判断是否唤醒
  78   2          printfS("Deepsleep MODE------Exit Deepsleep mode------Pass!\n");
  79   2        
  80   2          break;
  81   2        case 2:             //powerdown mode，wake up by GPIO(rising edge or falling edge ) inerrupt
  82   2          printfS("POWERDOWN MODE------Enter powerdown mode------Wake up by P04!\n");
  83   2          
  84   2          POREN |= (1<<0);        //关闭LVR
  85   2          LVDCON |= (1<<4);       //关闭LVD
  86   2      
  87   2        
  88   2          REG_P0_IE = 0x14;         //输入禁止(除P04、NRST)
  89   2          REG_P1_IE = 0x00;         //输入禁止  
  90   2          REG_P2_IE = 0x00;         //输入禁止    
  91   2          
  92   2        
  93   2          gpio_enable_interrupt();    //P04中断使能
  94   2        
  95   2          PDSEL |= (1<<0); 
  96   2          PCON |= (0x1<<1);         //enter powerdown mode
  97   2      
  98   2          uart0_init(UART0_BAUD_RATE);  //重新打开UART0，通过打印信息判断是否唤醒
  99   2          printfS("POWERDOWN MODE------Exit powerdown mode------Pass!\n");
 100   2          break;
 101   2        default:
 102   2            break;
 103   2        
 104   2          }        
 105   1          
 106   1      }
 107          
 108            


MODULE INFORMATION:   STATIC OVERLAYABLE
   CODE SIZE        =    189    ----
   CONSTANT SIZE    =    330    ----
   XDATA SIZE       =   ----    ----
   PDATA SIZE       =   ----    ----
C51 COMPILER V9.60.0.0   APP                                                               05/07/2022 11:24:24 PAGE 3   

   DATA SIZE        =   ----    ----
   IDATA SIZE       =   ----    ----
   BIT SIZE         =   ----    ----
   EDATA SIZE       =   ----    ----
   HDATA SIZE       =   ----    ----
   XDATA CONST SIZE =   ----    ----
   FAR CONST SIZE   =   ----    ----
END OF MODULE INFORMATION.


C51 COMPILATION COMPLETE.  0 WARNING(S),  0 ERROR(S)
