C51 COMPILER V9.57.0.0   MAIN                                                              06/16/2026 14:42:23 PAGE 1   


C51 COMPILER V9.57.0.0, COMPILATION OF MODULE MAIN
OBJECT MODULE PLACED IN .\Out_Files\main.obj
COMPILER INVOKED BY: D:\Keil\Keil_v5\C51\BIN\C51.EXE ..\source\main.c LARGE OMF2 OPTIMIZE(8,SIZE) BROWSE INCDIR(..\..\..
                    -\..\Driver\inc;..\..\..\..\Driver\src;..\..\..\..\MCU\Common;..\..\..\..\MCU\Device) DEBUG PRINT(.\Out_Files\main.lst) O
                    -BJECT(.\Out_Files\main.obj)

line level    source

   1          /***********************************************************************
   2           * UM800Y 红外对射接收端 main.c
   3           *
   4           * 当前版本功能：
   5           * 1. P1_4 捕获比较器输出脉冲。
   6           * 2. 发射周期 1ms，占空比 0.025，有效脉宽约 25us。
   7           * 3. GTIMER0 使用 24 分频：24MHz / 24 = 1MHz，1 tick = 1us。
   8           * 4. 600us 内重复边沿判定为毛刺，用于过滤比较器抖动、双边沿和振铃。
   9           * 5. ADC 增加迟滞判断：
  10           *      ADC >= adc_set                      ：ADC 状态切换为有效；
  11           *      ADC <= adc_set - RX_ADC_HYS_VALUE   ：ADC 状态切换为无效；
  12           *      中间区域保持上一次 ADC 状态。
  13           * 6. 连续 3 个有效 1ms 脉冲确认有光：
  14           *      从第 1 个有效脉冲开始约 2ms 确认；
  15           *      按外部遮挡释放时刻最坏相位计算，约 3ms 内确认。
  16           * 7. 1.5ms 无有效脉冲判定遮光，理论遮光响应约 667Hz。
  17           * 8. 当前参数属于“快速响应版”，满足不低于 200Hz 的响应要求，
  18           *    但对漏脉冲、ADC 偶发不过阈值、比较器边沿抖动更敏感。
  19           * 9. 串口调试输出用于观察 ADC、阈值、边沿周期、有效计数、毛刺次数和超时次数。
  20           ***********************************************************************/
  21          
  22          #include "system_um800y.h"
  23          #include "app.h"
  24          #include "gtimer.h"
  25          #include "pwm.h"
  26          #include "common.h"
  27          #include "config.h"
  28          #include "gpio.h"
  29          #include "adc.h"
  30          
  31          
  32          /*======================================================================
  33           * 一、接收算法参数
  34           *====================================================================*/
  35          
  36          /*
  37           * 系统主频 24MHz，GTIMER0 使用 24 分频：
  38           *
  39           * 定时器频率 = 24MHz / 24 = 1MHz
  40           * 1 tick = 1us
  41           *
  42           * 发射周期 = 1ms
  43           * 发射占空比 = 0.025
  44           * 有效脉宽 ≈ 25us
  45           *
  46           * 当前判断策略：
  47           *
  48           * 1. P1_4 每 1ms 应收到一次比较器脉冲。
  49           * 2. 小于 600us 的重复边沿，不可能是下一次真实发射脉冲，
  50           *    直接认为是毛刺、振铃或双边沿。
  51           * 3. 连续 3 个合格脉冲确认有光。
  52           * 4. 1.5ms 内没有新的合格脉冲，判定遮光。
  53           *
C51 COMPILER V9.57.0.0   MAIN                                                              06/16/2026 14:42:23 PAGE 2   

  54           * 注意：
  55           * RX_LOST_TIMEOUT_TICK = 1500U 比较激进。
  56           * 它只允许 1ms 周期有约 500us 余量。
  57           * 如果现场 TO 频繁增加、输出仍然抖动，
  58           * 可以把它改成 2500U 或 3000U，仍然满足 200Hz 响应要求。
  59           */
  60          
  61          #define RX_CONFIRM_COUNT          3U
  62          
  63          #define RX_MIN_PERIOD_TICK        600U     /* 600us 内重复边沿认为是毛刺 */
  64          
  65          /*
  66           * RX_MAX_PERIOD_TICK 必须小于 RX_LOST_TIMEOUT_TICK。
  67           *
  68           * 当前丢光超时是 1500us。
  69           * 如果这里写 1600us，那么还没进入“周期过长”判断，
  70           * 定时器就已经先超时了。
  71           */
  72          #define RX_MAX_PERIOD_TICK        1300U    /* 大于 1.3ms 认为周期偏长 */
  73          
  74          /*
  75           * 1.5ms 丢光超时。
  76           *
  77           * 优点：
  78           *      遮光响应非常快，约 667Hz。
  79           *
  80           * 缺点：
  81           *      只要漏掉一个 1ms 脉冲，或者某次 ADC 没过阈值，
  82           *      就可能触发丢光，抗抖余量较小。
  83           */
  84          #define RX_LOST_TIMEOUT_TICK      2500U
  85          
  86          
  87          /*======================================================================
  88           * 二、ADC 迟滞参数
  89           *====================================================================*/
  90          
  91          /*
  92           * adc_set 是 ADC 有效上阈值。
  93           *
  94           * 当前默认：
  95           *      adc_set = 200
  96           *      RX_ADC_HYS_VALUE = 120
  97           *
  98           * 因此：
  99           *      ADC >= 200 ：ADC 状态切换为有效；
 100           *      ADC <= 80  ：ADC 状态切换为无效；
 101           *      80 ~ 200   ：保持上一次 ADC 状态。
 102           *
 103           * 这样可以明显减少 ADC 在阈值附近跳动导致的输出抖动。
 104           *
 105           * 注意：
 106           * RX_ADC_HYS_VALUE 越大，抗抖越强，但 ADC 状态释放越慢。
 107           * 如果遮光后 ADC 残余值仍然高于 80，并且 P1_4 仍然有毛刺，
 108           * 可能会导致输出不容易释放。
 109           *
 110           * 调试判断：
 111           * 1. AF 持续增加：说明 ADC 经常不过阈值，可能 TH 太高或采样时机偏晚。
 112           * 2. L 不释放但 S 在 80~200：说明迟滞下阈值太低，可以减小 HYS。
 113           * 3. S 在 TH 附近抖：可以适当增大 HYS。
 114           */
 115          
C51 COMPILER V9.57.0.0   MAIN                                                              06/16/2026 14:42:23 PAGE 3   

 116          #define RX_ADC_HYS_ENABLE         1U
 117          #define RX_ADC_HYS_VALUE          120U
 118          
 119          #ifndef ADC_INVALID
              #define ADC_INVALID               4095U
              #endif
 122          
 123          #ifndef ADC_MAX_VALUE
 124          #define ADC_MAX_VALUE             4095U
 125          #endif
 126          
 127          #define RX_ADC_MAX_VALID          (ADC_INVALID - 2U)
 128          
 129          
 130          /*======================================================================
 131           * 三、串口调试参数
 132           *====================================================================*/
 133          
 134          /*
 135           * 1 = 打开串口调试
 136           * 0 = 关闭串口调试
 137           *
 138           * 注意：
 139           * printfS 不放在中断里执行。
 140           * 中断里只设置打印请求，主循环里打印。
 141           */
 142          
 143          #define UART_ADC_DEBUG_ENABLE              0U
 144          
 145          /*
 146           * 每多少个 P1_4 中断事件打印一次。
 147           *
 148           * 发射周期 1ms 时：
 149           * 100 大约是 100ms 打印一次。
 150           */
 151          #define UART_ADC_DEBUG_EVENT_DIV           100U
 152          
 153          /*
 154           * 有光确认 / 丢光超时时是否立即打印一次。
 155           */
 156          #define UART_ADC_DEBUG_STATE_CHANGE_PRINT  1U
 157          
 158          
 159          #define UART_DBG_REASON_BOOT               1U
 160          #define UART_DBG_REASON_SHORT_EDGE         2U
 161          #define UART_DBG_REASON_ADC_FAIL           3U
 162          #define UART_DBG_REASON_VALID_PULSE        4U
 163          #define UART_DBG_REASON_LIGHT_ON           5U
 164          #define UART_DBG_REASON_TIMEOUT            6U
 165          
 166          
 167          /**** 全局变量，保留原命名 ****/
 168          
 169          volatile uint16_t adc_data  = 0;
 170          volatile uint16_t adc_data1 = 0;
 171          
 172          /*
 173           * 当前 ADC 有效阈值。
 174           * 现在先固定 200。
 175           *
 176           * 后续如果要用 ADJ 电位器控制阈值，可以在主循环里读取 ADC_CHANNEL_2，
 177           * 然后映射更新 adc_set。
C51 COMPILER V9.57.0.0   MAIN                                                              06/16/2026 14:42:23 PAGE 4   

 178           */
 179          volatile uint16_t adc_set = 200;
 180          
 181          uint16_t status   = 0;
 182          uint16_t adcount  = 0;
 183          uint16_t adcount1 = 0;
 184          
 185          
 186          /*
 187           * 接收状态
 188           */
 189          static volatile uint8_t rx_valid_count = 0;     /* 连续有效光脉冲计数 */
 190          static volatile uint8_t rx_light_state = 0;     /* 0 = 遮光/无光，1 = 有光 */
 191          static volatile uint8_t rx_seen_once   = 0;     /* 是否已经捕获过有效脉冲 */
 192          
 193          
 194          /*
 195           * ADC 迟滞状态：
 196           * 0 = ADC 当前认为无效
 197           * 1 = ADC 当前认为有效
 198           */
 199          static volatile uint8_t rx_adc_valid_state = 0;
 200          
 201          
 202          /*======================================================================
 203           * 四、串口调试变量
 204           *====================================================================*/
 205          
 206          /*
 207           * 这两个变量即使关闭串口调试也保留。
 208           *
 209           * 原因：
 210           *      GPIO_IRQHandler 和 gtimer0_UECallBack 中会直接更新它们。
 211           *      如果放在 #if UART_ADC_DEBUG_ENABLE 内部，
 212           *      当 UART_ADC_DEBUG_ENABLE = 0 时可能编译报错。
 213           */
 214          static volatile uint16_t g_dbg_last_elapsed_tick = 0;
 215          static volatile uint8_t  g_dbg_last_adc_ok       = 0;
 216          
 217          #if UART_ADC_DEBUG_ENABLE
              
              static volatile uint8_t  g_uart_debug_need_print = 0;
              static volatile uint8_t  g_uart_debug_div_count  = 0;
              static volatile uint8_t  g_uart_debug_reason     = 0;
              
              /* 事件统计，满 65535 后保持 */
              static volatile uint16_t g_dbg_irq_count         = 0;
              static volatile uint16_t g_dbg_short_edge_count  = 0;
              static volatile uint16_t g_dbg_adc_fail_count    = 0;
              static volatile uint16_t g_dbg_valid_pulse_count = 0;
              static volatile uint16_t g_dbg_timeout_count     = 0;
              
              #endif
 231          
 232          
 233          /*======================================================================
 234           * 五、函数声明
 235           *====================================================================*/
 236          
 237          void gtimer0_UECallBack(void);
 238          void gtimer1_UECallBack(void);
 239          void GPIO_Init(void);
C51 COMPILER V9.57.0.0   MAIN                                                              06/16/2026 14:42:23 PAGE 5   

 240          void ADC_Init(void);
 241          void gpio_int_pro(void);
 242          
 243          static uint16_t rx_timer_get_count(void);
 244          static void rx_timer_stop_clear(void);
 245          static void rx_timer_restart(void);
 246          static void rx_output_light(void);
 247          static void rx_output_block(void);
 248          static uint16_t rx_adc_read_once(uint8_t ch);
 249          static uint16_t rx_adc_calc_off_threshold(void);
 250          static uint8_t rx_adc_hysteresis_check(uint16_t adc);
 251          
 252          #if UART_ADC_DEBUG_ENABLE
              static void uart_debug_inc16(volatile uint16_t *value);
              static void uart_debug_request(uint8_t reason, uint8_t force);
              static void uart_adc_debug_process(void);
              #else
 257          #define uart_debug_request(reason, force)     ((void)0)
 258          #define uart_adc_debug_process()              ((void)0)
 259          #endif
 260          
 261          
 262          /*======================================================================
 263           * 六、定时器工具函数
 264           *====================================================================*/
 265          
 266          static uint16_t rx_timer_get_count(void)
 267          {
 268   1          uint16_t cnt;
 269   1      
 270   1          cnt  = REG_GTIM0_CNT0;
 271   1          cnt |= ((uint16_t)REG_GTIM0_CNT1 << 8);
 272   1      
 273   1          return cnt;
 274   1      }
 275          
 276          
 277          static void rx_timer_stop_clear(void)
 278          {
 279   1          REG_GTIM0_CR0 &= ~(1 << 0);
 280   1      
 281   1          REG_GTIM0_CNT0 = 0x00;
 282   1          REG_GTIM0_CNT1 = 0x00;
 283   1      }
 284          
 285          
 286          static void rx_timer_restart(void)
 287          {
 288   1          REG_GTIM0_CR0 &= ~(1 << 0);
 289   1      
 290   1          REG_GTIM0_CNT0 = 0x00;
 291   1          REG_GTIM0_CNT1 = 0x00;
 292   1      
 293   1          REG_GTIM0_CR0 |= (1 << 0);
 294   1      }
 295          
 296          
 297          /*======================================================================
 298           * 七、输出控制
 299           *====================================================================*/
 300          
 301          static void rx_output_light(void)
C51 COMPILER V9.57.0.0   MAIN                                                              06/16/2026 14:42:23 PAGE 6   

 302          {
 303   1          /*
 304   1           * 保持原来的有光输出逻辑：
 305   1           * P1_2 = HIGH
 306   1           * P1_3 = HIGH
 307   1           * P1_0 = LOW
 308   1           */
 309   1          gpio_io_set(P1_2, GPIO_HIGH);
 310   1          gpio_io_set(P1_3, GPIO_HIGH);
 311   1      //    gpio_io_set(P1_0, GPIO_LOW);
 312   1      }
 313          
 314          
 315          static void rx_output_block(void)
 316          {
 317   1          /*
 318   1           * 保持原来的遮光 / 无光输出逻辑：
 319   1           * P1_2 = LOW
 320   1           * P1_3 = LOW
 321   1           * P1_0 = HIGH
 322   1           */
 323   1          gpio_io_set(P1_2, GPIO_LOW);
 324   1          gpio_io_set(P1_3, GPIO_LOW);
 325   1      //    gpio_io_set(P1_0, GPIO_HIGH);
 326   1      }
 327          
 328          
 329          /*======================================================================
 330           * 八、ADC 读取与迟滞判断
 331           *====================================================================*/
 332          
 333          static uint16_t rx_adc_read_once(uint8_t ch)
 334          {
 335   1          uint16_t value;
 336   1      
 337   1          adc_convert_start(ch);
 338   1      
 339   1          while ((ADCGCR1 & 0x04) != 0);
 340   1          while (!(ADCCSTAT & 0x01));
 341   1      
 342   1          ADCCSTAT = 0x01;
 343   1      
 344   1          /*
 345   1           * 这里沿用你原工程里的 adc_get_value()。
 346   1           */
 347   1          value = adc_get_value();
 348   1      
 349   1          if (value > ADC_MAX_VALUE)
 350   1          {
 351   2              value = ADC_MAX_VALUE;
 352   2          }
 353   1      
 354   1          return value;
 355   1      }
 356          
 357          
 358          static uint16_t rx_adc_calc_off_threshold(void)
 359          {
 360   1          if (adc_set > RX_ADC_HYS_VALUE)
 361   1          {
 362   2              return (uint16_t)(adc_set - RX_ADC_HYS_VALUE);
 363   2          }
C51 COMPILER V9.57.0.0   MAIN                                                              06/16/2026 14:42:23 PAGE 7   

 364   1      
 365   1          return 0U;
 366   1      }
 367          
 368          
 369          static uint8_t rx_adc_hysteresis_check(uint16_t adc)
 370          {
 371   1          uint16_t adc_on_th;
 372   1          uint16_t adc_off_th;
 373   1      
 374   1          /*
 375   1           * 异常值保护。
 376   1           */
 377   1          if (adc >= RX_ADC_MAX_VALID)
 378   1          {
 379   2              rx_adc_valid_state = 0;
 380   2              return 0;
 381   2          }
 382   1      
 383   1          adc_on_th  = adc_set;
 384   1          adc_off_th = rx_adc_calc_off_threshold();
 385   1      
 386   1          if (rx_adc_valid_state == 0)
 387   1          {
 388   2              /*
 389   2               * 当前 ADC 状态为无效。
 390   2               * 必须超过上阈值，才切换为有效。
 391   2               */
 392   2              if (adc >= adc_on_th)
 393   2              {
 394   3                  rx_adc_valid_state = 1;
 395   3              }
 396   2          }
 397   1          else
 398   1          {
 399   2              /*
 400   2               * 当前 ADC 状态为有效。
 401   2               * 必须低于下阈值，才切换为无效。
 402   2               */
 403   2              if (adc <= adc_off_th)
 404   2              {
 405   3                  rx_adc_valid_state = 0;
 406   3              }
 407   2          }
 408   1      
 409   1          return rx_adc_valid_state;
 410   1      }
 411          
 412          
 413          /*======================================================================
 414           * 九、串口调试函数
 415           *====================================================================*/
 416          
 417          #if UART_ADC_DEBUG_ENABLE
              
              static void uart_debug_inc16(volatile uint16_t *value)
              {
                  if (*value < 65535U)
                  {
                      (*value)++;
                  }
              }
C51 COMPILER V9.57.0.0   MAIN                                                              06/16/2026 14:42:23 PAGE 8   

              
              
              static void uart_debug_request(uint8_t reason, uint8_t force)
              {
                  g_uart_debug_reason = reason;
              
                  if (force != 0U)
                  {
                      g_uart_debug_div_count  = 0U;
                      g_uart_debug_need_print = 1U;
                      return;
                  }
              
                  g_uart_debug_div_count++;
              
                  if (g_uart_debug_div_count >= UART_ADC_DEBUG_EVENT_DIV)
                  {
                      g_uart_debug_div_count  = 0U;
                      g_uart_debug_need_print = 1U;
                  }
              }
              
              
              static void uart_adc_debug_process(void)
              {
                  uint16_t adc_off_th;
              
                  if (g_uart_debug_need_print == 0U)
                  {
                      return;
                  }
              
                  g_uart_debug_need_print = 0U;
              
                  adc_off_th = rx_adc_calc_off_threshold();
              
                  /*
                   * 字段说明：
                   *
                   * S   ：最近一次接收信号 ADC。
                   * A   ：预留 ADJ ADC，目前未主动读取。
                   * TH  ：ADC 有效上阈值 adc_set。
                   * HYS ：ADC 迟滞宽度。
                   * OFF ：ADC 无效下阈值。
                   * EL  ：最近一次边沿间隔，24 分频下单位就是 us。
                   * VC  ：连续有效脉冲计数。
                   * L   ：当前有光确认状态，1 有光，0 遮光。
                   * AS  ：ADC 迟滞状态，1 ADC 有效，0 ADC 无效。
                   * OK  ：最近一次 ADC 判断结果。
                   * IR  ：P1_4 中断总次数。
                   * SH  ：小于 600us 被过滤的短边沿次数。
                   * AF  ：ADC 不满足阈值次数。
                   * VP  ：有效脉冲次数。
                   * TO  ：丢光超时次数。
                   * R   ：打印原因码。
                   *
                   * R：
                   * 1 = 上电
                   * 2 = 短边沿毛刺
                   * 3 = ADC 不满足
                   * 4 = 有效脉冲
                   * 5 = 有光确认
C51 COMPILER V9.57.0.0   MAIN                                                              06/16/2026 14:42:23 PAGE 9   

                   * 6 = 丢光超时
                   *
                   * 调试判断：
                   * 1. 正常有光：
                   *      EL ≈ 1000，VC = 3，L = 1，AS = 1，OK = 1。
                   *
                   * 2. SH 持续增加：
                   *      P1_4 比较器输出有毛刺、双边沿或振铃。
                   *
                   * 3. AF 持续增加：
                   *      ADC 经常不过阈值，可能 TH 太高、光强不够或采样时机偏晚。
                   *
                   * 4. TO 有光时持续增加：
                   *      1.5ms 内没有稳定收到有效脉冲。
                   *      优先考虑把 RX_LOST_TIMEOUT_TICK 改成 2500U 或 3000U。
                   */
                  printfS("S=%u,A=%u,TH=%u,HYS=%u,OFF=%u,EL=%u,VC=%u,L=%u,AS=%u,OK=%u,IR=%u,SH=%u,AF=%u,VP=%u,TO=%u,R=%u
             -\r\n",
                          adc_data,
                          adc_data1,
                          adc_set,
                          (uint16_t)RX_ADC_HYS_VALUE,
                          adc_off_th,
                          g_dbg_last_elapsed_tick,
                          (uint16_t)rx_valid_count,
                          (uint16_t)rx_light_state,
                          (uint16_t)rx_adc_valid_state,
                          (uint16_t)g_dbg_last_adc_ok,
                          g_dbg_irq_count,
                          g_dbg_short_edge_count,
                          g_dbg_adc_fail_count,
                          g_dbg_valid_pulse_count,
                          g_dbg_timeout_count,
                          (uint16_t)g_uart_debug_reason);
              }
              
              #endif
 524          
 525          
 526          /*======================================================================
 527           * 十、主函数
 528           *====================================================================*/
 529          
 530          void main(void)
 531          {
 532   1          system_init();
 533   1      
 534   1          GPIO_Init();
 535   1      
 536   1          uart_init();
 537   1      
 538   1          /*
 539   1           * GTIMER0 作为丢光超时定时器。
 540   1           *
 541   1           * 24MHz / 24 = 1MHz
 542   1           * 1 tick = 1us
 543   1           *
 544   1           * RX_LOST_TIMEOUT_TICK = 1500
 545   1           * 即 1.5ms 丢光超时。
 546   1           *
 547   1           * 响应速度：
 548   1           *      1 / 1.5ms ≈ 667Hz
C51 COMPILER V9.57.0.0   MAIN                                                              06/16/2026 14:42:23 PAGE 10  

 549   1           *
 550   1           * 注意：
 551   1           *      该参数响应很快，但抗漏脉冲能力较弱。
 552   1           *      如果现场 TO 频繁增加、输出仍然抖动，
 553   1           *      优先把 RX_LOST_TIMEOUT_TICK 调到 2500U 或 3000U。
 554   1           */
 555   1          gtimer0_count_init(RX_LOST_TIMEOUT_TICK, 24 - 1);
 556   1          gtimer0_irq_init(GTIMER_IRQ_ENABLE, GTIMER0_UIE_IRQ, gtimer0_UECallBack);
 557   1      
 558   1          /*
 559   1           * 上电先不启动定时器。
 560   1           * 等第一次有效 P1_4 脉冲来了再启动。
 561   1           */
 562   1          rx_timer_stop_clear();
 563   1      
 564   1          /*
 565   1           * ADC 初始化。
 566   1           *
 567   1           * ADC_CHANNEL_1：接收信号 ADC。
 568   1           * ADC_CHANNEL_2：预留 ADJ 电位器。
 569   1           */
 570   1          adc_clk_config(ADC_CLKSOURCE_SYSCLK, ADC_VREFSOURCE_AVDD33, 4, ADC_ENABLE);
 571   1          adc_sample_clk_config(ADC_SAMPCLK_4);
 572   1          adc_io_config(ADC_CHANNEL_1 | ADC_CHANNEL_2);
 573   1          adc_scan_mode_config(ADC_MODE_SINGLE);
 574   1          adc_power_config(ADC_ENABLE);
 575   1          adc_controller_config(ADC_ENABLE);
 576   1      
 577   1          /*
 578   1           * 上电默认遮光 / 无光输出。
 579   1           */
 580   1          rx_output_block();
 581   1      
 582   1          /*
 583   1           * 上电打印一次，确认串口调试打开。
 584   1           */
 585   1          uart_debug_request(UART_DBG_REASON_BOOT, 1U);
*** WARNING C275 IN LINE 585 OF ..\source\main.c: expression with possibly no effect
 586   1      
 587   1          while (1)
 588   1          {
 589   2              /*
 590   2               * 串口调试只在主循环打印，不在中断里打印。
 591   2               */
 592   2              uart_adc_debug_process();
*** WARNING C275 IN LINE 592 OF ..\source\main.c: expression with possibly no effect
 593   2          }
 594   1      }
 595          
 596          
 597          /*======================================================================
 598           * 十一、丢光超时回调
 599           *====================================================================*/
 600          
 601          void gtimer0_UECallBack(void)
 602          {
 603   1          rx_valid_count = 0;
 604   1          rx_seen_once   = 0;
 605   1      
 606   1          /*
 607   1           * 丢光后 ADC 迟滞状态清零。
 608   1           *
C51 COMPILER V9.57.0.0   MAIN                                                              06/16/2026 14:42:23 PAGE 11  

 609   1           * 作用：
 610   1           *      再次来光时，ADC 必须重新超过 adc_set，
 611   1           *      避免上一次 ADC 有效状态残留导致误确认有光。
 612   1           */
 613   1          rx_adc_valid_state = 0;
 614   1          g_dbg_last_adc_ok  = 0;
 615   1      
 616   1      #if UART_ADC_DEBUG_ENABLE
                  uart_debug_inc16(&g_dbg_timeout_count);
              #endif
 619   1      
 620   1          if (rx_light_state)
 621   1          {
 622   2              rx_light_state = 0;
 623   2              rx_output_block();
 624   2      
 625   2      #if UART_ADC_DEBUG_STATE_CHANGE_PRINT
 626   2              uart_debug_request(UART_DBG_REASON_TIMEOUT, 1U);
*** WARNING C275 IN LINE 626 OF ..\source\main.c: expression with possibly no effect
 627   2      #else
                      uart_debug_request(UART_DBG_REASON_TIMEOUT, 0U);
              #endif
 630   2          }
 631   1          else
 632   1          {
 633   2              rx_output_block();
 634   2              uart_debug_request(UART_DBG_REASON_TIMEOUT, 0U);
*** WARNING C275 IN LINE 634 OF ..\source\main.c: expression with possibly no effect
 635   2          }
 636   1      
 637   1          /*
 638   1           * 无光后停止定时器。
 639   1           * 下一次有效 P1_4 脉冲来了再开启。
 640   1           */
 641   1          rx_timer_stop_clear();
 642   1      }
 643          
 644          
 645          /*======================================================================
 646           * 十二、P1_4 比较器中断
 647           *====================================================================*/
 648          
 649          void GPIO_IRQHandler(void) interrupt 0
 650          {
 651   1          uint16_t elapsed;
 652   1          uint8_t adc_ok;
 653   1          
 654   1          if (gpio_irq_get(P1_4))
 655   1          {
 656   2              /*
 657   2               * 必须先清中断标志。
 658   2               *
 659   2               * 原因：
 660   2               *      后面 ADC 可能判断失败并 return。
 661   2               *      如果这里不先清标志，ADC 失败时 P1_4 中断标志会一直挂着，
 662   2               *      CPU 可能反复进入同一个中断，导致 AF 快速增加、统计异常、输出抖动。
 663   2               *
 664   2               * 清标志只占很短时间，相比 ADC 转换时间可以忽略。
 665   2               */
 666   2              gpio_irq_clr(P1_4);
 667   2      
 668   2      #if UART_ADC_DEBUG_ENABLE
C51 COMPILER V9.57.0.0   MAIN                                                              06/16/2026 14:42:23 PAGE 12  

                      uart_debug_inc16(&g_dbg_irq_count);
              #endif
 671   2      
 672   2      #if RX_ADC_HYS_ENABLE
 673   2              /*
 674   2               * ADC 采样尽量提前。
 675   2               *
 676   2               * 当前发射有效脉宽约 25us，ADC 读取越晚越容易错过脉冲。
 677   2               * 所以在清掉中断标志后，第一时间启动 ADC 转换。
 678   2               */
 679   2              adc_data = rx_adc_read_once(ADC_CHANNEL_1);
 680   2              
 681   2              gpio_io_set(P1_0, GPIO_LOW);
 682   2      
 683   2              adc_ok = rx_adc_hysteresis_check(adc_data);
 684   2              g_dbg_last_adc_ok = adc_ok;
 685   2      
 686   2              if (!adc_ok)
 687   2              {
 688   3      #if UART_ADC_DEBUG_ENABLE
                          uart_debug_inc16(&g_dbg_adc_fail_count);
              #endif
 691   3                  uart_debug_request(UART_DBG_REASON_ADC_FAIL, 0U);
*** WARNING C275 IN LINE 691 OF ..\source\main.c: expression with possibly no effect
 692   3                  return;
 693   3              }
 694   2      #else
                      adc_ok = 1U;
                      g_dbg_last_adc_ok = 1U;
              #endif
 698   2      
 699   2              /*
 700   2               * ADC 已经通过，再读取距离上一次有效脉冲的时间。
 701   2               *
 702   2               * 注意：
 703   2               *      因为 ADC 现在提前读取，EL 会包含一点 ADC 转换耗时。
 704   2               *      也就是说 EL 会比真实边沿间隔略大一点。
 705   2               *      这不影响判断，只要正常有光时 EL 仍然接近 1000us 即可。
 706   2               */
 707   2              elapsed = rx_timer_get_count();
 708   2              g_dbg_last_elapsed_tick = elapsed;
 709   2      
 710   2              /*
 711   2               * 发射周期是 1ms。
 712   2               *
 713   2               * 如果两次有效事件间隔小于 600us：
 714   2               *      不可能是下一次真实发射脉冲；
 715   2               *      认为是比较器毛刺、双边沿或振铃。
 716   2               *
 717   2               * 这里虽然 ADC 已经读过一次，但仍然不把它算作有效光脉冲。
 718   2               */
 719   2              if (rx_seen_once && (elapsed < RX_MIN_PERIOD_TICK))
 720   2              {
 721   3      #if UART_ADC_DEBUG_ENABLE
                          uart_debug_inc16(&g_dbg_short_edge_count);
              #endif
 724   3                  uart_debug_request(UART_DBG_REASON_SHORT_EDGE, 0U);
*** WARNING C275 IN LINE 724 OF ..\source\main.c: expression with possibly no effect
 725   3                  return;
 726   3              }
 727   2      
 728   2              /*
C51 COMPILER V9.57.0.0   MAIN                                                              06/16/2026 14:42:23 PAGE 13  

 729   2               * 到这里说明：
 730   2               * 1. P1_4 有比较器中断；
 731   2               * 2. ADC 幅值通过迟滞判断；
 732   2               * 3. 不是 600us 内重复毛刺。
 733   2               *
 734   2               * 这才算一次真正有效的光脉冲。
 735   2               */
 736   2              if (rx_seen_once && (elapsed > RX_MAX_PERIOD_TICK))
 737   2              {
 738   3                  /*
 739   3                   * 间隔超过 RX_MAX_PERIOD_TICK，说明周期偏长。
 740   3                   *
 741   3                   * 未确认有光时：
 742   3                   *      重新同步，从 1 个有效脉冲开始计数。
 743   3                   *
 744   3                   * 已确认有光时：
 745   3                   *      允许偶发漏一个周期，保持有光确认状态。
 746   3                   */
 747   3                  if (rx_light_state)
 748   3                  {
 749   4                      rx_valid_count = RX_CONFIRM_COUNT;
 750   4                  }
 751   3                  else
 752   3                  {
 753   4                      rx_valid_count = 1U;
 754   4                  }
 755   3              }
 756   2              else
 757   2              {
 758   3                  if (rx_valid_count < RX_CONFIRM_COUNT)
 759   3                  {
 760   4                      rx_valid_count++;
 761   4                  }
 762   3              }
 763   2      
 764   2              rx_seen_once = 1U;
 765   2      
 766   2              /*
 767   2               * 只有真正有效光脉冲才刷新丢光定时器。
 768   2               */
 769   2              rx_timer_restart();
 770   2      
 771   2      #if UART_ADC_DEBUG_ENABLE
                      uart_debug_inc16(&g_dbg_valid_pulse_count);
              #endif
 774   2      
 775   2              /*
 776   2               * 连续 RX_CONFIRM_COUNT 个有效 1ms 周期确认有光。
 777   2               *
 778   2               * 当前 RX_CONFIRM_COUNT = 3：
 779   2               *      从第 1 个有效脉冲开始，约 2ms 后确认；
 780   2               *      按最坏相位计算，约 3ms 内确认。
 781   2               */
 782   2              if ((!rx_light_state) && (rx_valid_count >= RX_CONFIRM_COUNT))
 783   2              {
 784   3                  rx_light_state = 1U;
 785   3                  rx_output_light();
 786   3      
 787   3      #if UART_ADC_DEBUG_STATE_CHANGE_PRINT
 788   3                  uart_debug_request(UART_DBG_REASON_LIGHT_ON, 1U);
*** WARNING C275 IN LINE 788 OF ..\source\main.c: expression with possibly no effect
 789   3      #else
C51 COMPILER V9.57.0.0   MAIN                                                              06/16/2026 14:42:23 PAGE 14  

                          uart_debug_request(UART_DBG_REASON_LIGHT_ON, 0U);
              #endif
 792   3              }
 793   2              else
 794   2              {
 795   3                  uart_debug_request(UART_DBG_REASON_VALID_PULSE, 0U);
*** WARNING C275 IN LINE 795 OF ..\source\main.c: expression with possibly no effect
 796   3              }
 797   2          }
 798   1          
 799   1          gpio_io_set(P1_0, GPIO_HIGH);
 800   1      }
 801          
 802          
 803          void gpio_UECallBack(void)
 804          {
 805   1          /*
 806   1           * 不用二次回调。
 807   1           */
 808   1      }
 809          
 810          
 811          /*======================================================================
 812           * 十三、GPIO 初始化
 813           *====================================================================*/
 814          
 815          void GPIO_Init(void)
 816          {
 817   1          /*
 818   1           * P1_0 输出
 819   1           */
 820   1          REG_P10_CFG = 0x00;
 821   1      
 822   1          gpio_init(P1_0);
 823   1          gpio_dir_set(P1_0, GPIO_DIR_OUT);
 824   1          gpio_dr_set(P1_0, GPIO_SR_HIGH);
 825   1          gpio_io_set(P1_0, GPIO_HIGH);
 826   1      
 827   1          /*
 828   1           * P1_2 输出
 829   1           */
 830   1          REG_P12_CFG = 0x00;
 831   1      
 832   1          gpio_init(P1_2);
 833   1          gpio_dir_set(P1_2, GPIO_DIR_OUT);
 834   1          gpio_dr_set(P1_2, GPIO_SR_HIGH);
 835   1          gpio_io_set(P1_2, GPIO_LOW);
 836   1      
 837   1          /*
 838   1           * P1_3 输出
 839   1           */
 840   1          REG_P13_CFG = 0x00;
 841   1      
 842   1          gpio_init(P1_3);
 843   1          gpio_dir_set(P1_3, GPIO_DIR_OUT);
 844   1          gpio_dr_set(P1_3, GPIO_SR_HIGH);
 845   1          gpio_io_set(P1_3, GPIO_LOW);
 846   1      
 847   1          /*
 848   1           * P1_4 输入中断。
 849   1           *
 850   1           * P1_4 用于捕获比较器输出脉冲。
C51 COMPILER V9.57.0.0   MAIN                                                              06/16/2026 14:42:23 PAGE 15  

 851   1           * ADC_CHANNEL_1 用于读取接收信号 ADC 幅值。
 852   1           *
 853   1           * 软件判断方式：
 854   1           *      比较器脉冲负责“有没有边沿”；
 855   1           *      ADC 迟滞负责“光强是否足够”；
 856   1           *      GTIMER0 负责“多久没有有效脉冲则判定遮光”。
 857   1           */
 858   1          gpio_init(P1_4);
 859   1          gpio_dir_set(P1_4, GPIO_DIR_IN);
 860   1          gpio_dr_set(P1_4, GPIO_SR_HIGH);
 861   1          gpio_in_enable(P1_4, IN_ENABLE);
 862   1          gpio_irq_set(P1_4, GPIO_IRQ_ENABLE, gpio_UECallBack);
 863   1      
 864   1          /*
 865   1           * 保留你原来的 P1_4 特殊配置。
 866   1           *
 867   1           * 如果串口 SH 持续增加，或者示波器看到一个 25us 脉冲触发多次中断，
 868   1           * 需要重点确认这里到底是单边沿触发还是双边沿触发。
 869   1           */
 870   1          P1AH &= ~(0x02);
 871   1          P1AH |=  (0x01);
 872   1      
 873   1          REG_P14_CFG = 0x20;
 874   1      
 875   1          /*
 876   1           * P1_5 输入，保留原配置。
 877   1           */
 878   1          REG_P15_CFG = 0x00;
 879   1      
 880   1          gpio_init(P1_5);
 881   1          gpio_dir_set(P1_5, GPIO_DIR_IN);
 882   1          gpio_in_enable(P1_5, IN_ENABLE);
 883   1      }


MODULE INFORMATION:   STATIC OVERLAYABLE
   CODE SIZE        =    733    ----
   CONSTANT SIZE    =   ----    ----
   XDATA SIZE       =     19       2
   PDATA SIZE       =   ----    ----
   DATA SIZE        =   ----    ----
   IDATA SIZE       =   ----    ----
   BIT SIZE         =   ----    ----
   EDATA SIZE       =   ----    ----
   HDATA SIZE       =   ----    ----
   XDATA CONST SIZE =   ----    ----
   FAR CONST SIZE   =   ----    ----
END OF MODULE INFORMATION.


C51 COMPILATION COMPLETE.  8 WARNING(S),  0 ERROR(S)
