C51 COMPILER V9.60.0.0   APP                                                               07/29/2022 10:06:21 PAGE 1   


C51 COMPILER V9.60.0.0, COMPILATION OF MODULE APP
OBJECT MODULE PLACED IN .\Out_Files\app.obj
COMPILER INVOKED BY: C:\Keil_v5\C51\BIN\C51.EXE ..\source\app.c COMPACT OMF2 OPTIMIZE(8,SIZE) BROWSE INCDIR(.\Common;.\U
                    -M800Y\driver;.\UM800Y\system;..\..\..\..\Driver\src;..\..\..\..\Driver\inc;..\..\..\..\MCU\Device;..\..\..\..\MCU\Common
                    -) DEBUG PRINT(.\Out_Files\app.lst) TABS(2) OBJECT(.\Out_Files\app.obj)

line level    source

   1          /***********************************************************************
   2           * Copyright (c)  2017 - 2020, Unicmicro Co.,Ltd .
   3           * All rights reserved.
   4           * Filename    : app.c
   5           * Description : app driver source file
   6           * Author(s)   : wanyi
   7           * version     : V1.0
   8           * Modify date : 2020-07-27
   9           ***********************************************************************/
  10          #include  "system_um800y.h"
  11          #include  "app.h"
  12          #include  "config.h"
  13          #include  "common.h"
  14          #include  "uart0.h"
  15          #include  "beeper.h"
  16          
  17          volatile uint8_t rx_flag ;
  18          volatile uint8_t uart0_rx_buf[32];
  19          volatile uint8_t uart0_tx_buf[32];
  20          volatile uint16_t rx_count = 0;
  21          volatile uint16_t tx_count = 0;
  22          /************************************************************************
  23           * function   : uart0_rec_pro
  24           * Description: uart0_rec_pro 串口接收处理回调函数
  25           * input : none
  26           * return: none
  27           ************************************************************************/
  28          void uart0_rec_pro(void)
  29          {
  30   1        uart0_rx_buf[rx_count++]= uart0_recv_byte();
  31   1        rx_flag = 1;  
  32   1      }
  33          
  34          /************************************************************************
  35           * function   : uart_init
  36           * Description: uart_init 串口初始化
  37           * input : none
  38           * return: none
  39           ************************************************************************/
  40          void uart_init(void)
  41          {
  42   1        rx_flag = 0;
  43   1        uart0_init(UART0_BAUD_RATE);
  44   1          uart0_irq_init(UART0_IRQ_ENABLE,uart0_rec_pro);
  45   1      }
  46          
  47          
  48          /************************************************************************
  49           * function   : beeper_test
  50           * Description: beeper_test
  51           * input : none
  52           * return: none
  53           ************************************************************************/
C51 COMPILER V9.60.0.0   APP                                                               07/29/2022 10:06:21 PAGE 2   

  54          void beeper_test(void)
  55          {
  56   1        printfS("System run at %ldHz\n\r", system_core_clock);
  57   1        printfS("beep test start! \n");
  58   1        beeper_init();
  59   1        beeper_level_set(HIGH,SEL_1KHz);
  60   1        
  61   1        while(1)
  62   1        {     
  63   2          
  64   2        }    
  65   1        
  66   1      }


MODULE INFORMATION:   STATIC OVERLAYABLE
   CODE SIZE        =     94    ----
   CONSTANT SIZE    =     41    ----
   XDATA SIZE       =   ----    ----
   PDATA SIZE       =     69    ----
   DATA SIZE        =   ----    ----
   IDATA SIZE       =   ----    ----
   BIT SIZE         =   ----    ----
   EDATA SIZE       =   ----    ----
   HDATA SIZE       =   ----    ----
   XDATA CONST SIZE =   ----    ----
   FAR CONST SIZE   =   ----    ----
END OF MODULE INFORMATION.


C51 COMPILATION COMPLETE.  0 WARNING(S),  0 ERROR(S)
