C51 COMPILER V9.57.0.0   MAIN                                                              06/08/2026 15:00:43 PAGE 1   


C51 COMPILER V9.57.0.0, COMPILATION OF MODULE MAIN
OBJECT MODULE PLACED IN .\Out_Files\main.obj
COMPILER INVOKED BY: D:\Keil\Keil_v5\C51\BIN\C51.EXE ..\source\main.c LARGE OMF2 OPTIMIZE(8,SIZE) BROWSE INCDIR(..\..\..
                    -\..\Driver\inc;..\..\..\..\Driver\src;..\..\..\..\MCU\Common;..\..\..\..\MCU\Device) DEBUG PRINT(.\Out_Files\main.lst) O
                    -BJECT(.\Out_Files\main.obj)

line level    source

   1          /***********************************************************************
   2           * 文件名称：main.c  快速处理优化版
   3           * 工程用途：工业级红外对射传感器接收端
   4           * 芯片平台：UM800Y / UM8004
   5           * 主频配置：24MHz
   6           *
   7           * 本版重构目标：
   8           *  1. 不再每读一次 ADC 就立刻判断输出。
   9           *  2. 改成“定时采集一帧 ADC 数组 -> 停止本帧采集 -> 统一均值化处理 -> 判断输出”。
  10           *  3. 对 1ms 周期、约 25us 宽度的窄脉冲，不能直接把整帧 ADC 做普通平均，
  11           *     否则 25us 脉冲会被 1.2ms 窗口严重平均掉。
  12           *  4. 本版采用：
  13           *        接收信号均值 = 一帧中最强的若干个 ADC 点的平均值；
  14           *        背景基线均值 = 一帧中最弱的若干个 ADC 点的平均值；
  15           *        有效幅度     = 接收信号均值 - 背景基线均值。
  16           *     这样既完成“均值化处理”，又不会把窄脉冲峰值抹掉。
  17           *
  18           * 工作流程：
  19           *  1. Timer0 配置成 1us 自由计数。
  20           *  2. 每一帧开始时清零 Timer0 计数器。
  21           *  3. 在 RX_CAPTURE_WINDOW_US 时间内连续读取接收 ADC，写入 g_adc_frame_buf[]。
  22           *  4. 到时间后结束本帧采集。
  23           *  5. 从数组里计算：最小值、最大值、整帧平均、背景均值、信号均值、脉冲幅度。
  24           *  6. 根据幅度阈值、有效点数、连续帧确认次数判断有光/遮光。
  25           *  7. 处理完成后继续下一帧采集。
  26           *
  27           * 硬件引脚对应：
  28           *  P1.5 / U3-1  -> LM358 输出，接收红外脉冲信号，ADC 输入
  29           *  P2.0 / ADJ   -> 电位器阈值调节，ADC 输入
  30           *  P1.0         -> NO 常开输出
  31           *  P1.2         -> NC 常闭输出；当 RX_NC_WINDOW_DEBUG_ENABLE=1 时改作采集窗口调试脚
  32           *  P1.3         -> 红色指示灯
  33           *
  34           * 重要说明：
  35           *  这版是“整帧数组处理”逻辑，稳定性比单点判断更好；
  36           *  但响应速度由 RX_CAPTURE_WINDOW_US 和确认帧数决定。
  37           ***********************************************************************/
  38          
  39          #include "system_um800y.h"
  40          #include "app.h"
  41          #include "gtimer.h"
  42          #include "pwm.h"
  43          #include "common.h"
  44          #include "config.h"
  45          #include "gpio.h"
  46          #include "adc.h"
  47          
  48          /*======================================================================
  49           * 一、编译器存储区适配
  50           *====================================================================*/
  51          
  52          /*
  53           * UM800Y 是 8051 内核，内部 RAM 很小。
C51 COMPILER V9.57.0.0   MAIN                                                              06/08/2026 15:00:43 PAGE 2   

  54           * ADC 采样数组不要放在 idata 里，建议放到 xdata。
  55           * 如果你的编译器不是 Keil C51，IR_XDATA 会自动为空。
  56           */
  57          #ifndef IR_XDATA
  58          #if defined(__C51__) || defined(__CX51__)
  59          #define IR_XDATA xdata
  60          #else
              #define IR_XDATA
              #endif
  63          #endif
  64          
  65          /*======================================================================
  66           * 二、ADC 通道映射
  67           *====================================================================*/
  68          
  69          /* 接收信号 ADC 通道：旧工程按 P1.5 / U3-1 / ADC_CHANNEL_1 使用。 */
  70          #define IR_SIGNAL_ADC_CHANNEL           ADC_CHANNEL_1
  71          
  72          /* 电位器 ADJ ADC 通道：原理图中 ADJ 在 P2.0，UM800Y 中 P2.0 复用 AIN2。 */
  73          #define IR_ADJ_ADC_CHANNEL              ADC_CHANNEL_2
  74          
  75          /*======================================================================
  76           * 三、GPIO 引脚映射
  77           *====================================================================*/
  78          
  79          #define IR_OUT_NO_PIN                   P1_0    /* NO 常开输出 */
  80          #define IR_OUT_NC_PIN                   P1_2    /* NC 常闭输出 */
  81          #define IR_LED_PIN                      P1_3    /* 红色指示灯 */
  82          
  83          /*======================================================================
  84           * 四、NC 窗口调试开关
  85           *====================================================================*/
  86          
  87          /*
  88           * RX_NC_WINDOW_DEBUG_ENABLE = 1：
  89           *      NC 引脚不再作为正常 NC 输出，而是作为采集窗口调试脚。
  90           *      每一帧采集窗口开始时，NC 输出 OUT_ACTIVE_LEVEL；
  91           *      每一帧采集窗口结束时，NC 输出 OUT_INACTIVE_LEVEL。
  92           *      这样可以用示波器观察“本帧 ADC 数组采集时间”。
  93           *
  94           * RX_NC_WINDOW_DEBUG_ENABLE = 0：
  95           *      NC 引脚恢复正常 NC 输出功能。
  96           */
  97          #define RX_NC_WINDOW_DEBUG_ENABLE       1U
  98          
  99          /*======================================================================
 100           * 五、输出极性配置
 101           *====================================================================*/
 102          
 103          #define OUT_ACTIVE_LEVEL                GPIO_HIGH
 104          #define OUT_INACTIVE_LEVEL              GPIO_LOW
 105          
 106          #define LED_ACTIVE_LEVEL                GPIO_HIGH
 107          #define LED_INACTIVE_LEVEL              GPIO_LOW
 108          
 109          /* 0=亮通：有光输出动作；1=暗通：遮光输出动作。 */
 110          #define SENSOR_DARK_ON                  0U
 111          
 112          /* 1=ADC 变大代表红外脉冲；0=ADC 变小代表红外脉冲。 */
 113          #define RX_SIGNAL_ACTIVE_HIGH           1U
 114          
 115          /*======================================================================
C51 COMPILER V9.57.0.0   MAIN                                                              06/08/2026 15:00:43 PAGE 3   

 116           * 六、Timer0 1us 采集定时参数
 117           *====================================================================*/
 118          
 119          /* 24MHz / (23 + 1) = 1MHz，所以 Timer0 每 1us 加 1。 */
 120          #define TIMER0_1US_RELOAD               0xFFFFU
 121          #define TIMER0_1US_PRESCALER            23U
 122          
 123          /*
 124           * 每帧采集窗口。
 125           * 发射周期约 1ms，脉冲宽度约 25us。
 126           *
 127           * 如果只采 1ms，边界处可能刚好把脉冲切开。
 128           * 这里默认采 1.2ms，基本能覆盖至少一个完整脉冲。
 129           *
 130           * 响应速度估算：
 131           *  1.2ms 一帧；
 132           *  连续 2 帧确认有光约 2.4ms，约 416Hz；
 133           *  连续 5 帧确认遮光约 6ms，约 166Hz。
 134           */
 135          #define RX_CAPTURE_WINDOW_US            1100U
 136          
 137          /*
 138           * 一帧最多保存多少个 ADC 点。
 139           * 旧版 384 点处理量偏大；本快速版限制为 160 点。
 140           * 采集窗口仍持续 1100us，但数组满后不再写入，后续处理只处理 160 点，
 141           * 可以显著缩短“窗口关闭到下一窗口打开”的处理间隔。
 142           */
 143          #define RX_ADC_FRAME_MAX_SAMPLES        160U
 144          
 145          /* 如果一帧采样点数太少，说明 ADC 或定时器异常，本帧直接判无效。 */
 146          #define RX_FRAME_MIN_SAMPLES            16U
 147          
 148          /*======================================================================
 149           * 七、数组均值化处理参数
 150           *====================================================================*/
 151          
 152          /*
 153           * 信号均值使用一帧里最强的若干个点。
 154           * 25us 脉冲内通常能采到多个点，取最强点平均可抗单点尖峰。
 155           */
 156          #define RX_SIGNAL_TOP_AVG_COUNT         4U
 157          
 158          /*
 159           * 背景基线均值使用一帧里最弱的若干个点。
 160           * 因为一帧中绝大部分时间都没有红外脉冲，所以低端样本通常代表环境背景。
 161           */
 162          #define RX_BASELINE_AVG_COUNT           8U
 163          
 164          /* 一帧中至少要有多少个点超过幅度阈值，才认为真的有脉冲。 */
 165          #define RX_ACTIVE_POINT_MIN             2U
 166          
 167          /*
 168           * 有效点数量上限百分比。
 169           * 真实 25us / 1200us 约 2.1%。考虑运放拖尾和采样误差，放宽到 35%。
 170           * 如果一帧中超过阈值的点太多，通常不是 25us 脉冲，而是饱和、环境干扰或基线错误。
 171           */
 172          #define RX_ACTIVE_POINT_MAX_PERCENT     35U
 173          
 174          /*======================================================================
 175           * 八、阈值和输出确认参数
 176           *====================================================================*/
 177          
C51 COMPILER V9.57.0.0   MAIN                                                              06/08/2026 15:00:43 PAGE 4   

 178          #define ADC_MAX_VALUE                   4095U
 179          
 180          /*
 181           * 注意：本版 g_threshold 表示“脉冲幅度阈值”，不是原始 ADC 绝对阈值。
 182           * 即判断条件是：
 183           *      g_frame_amp = 信号均值 - 背景均值
 184           *      g_frame_amp >= g_threshold
 185           *
 186           * 你当前工程原来把 MIN/MAX 都设为 800，相当于固定阈值 800。
 187           * 如果希望电位器真正调节灵敏度，可以把 MAX 改大，例如 1800 或 2500。
 188           */
 189          #define THRESHOLD_MIN_ADC               800U
 190          #define THRESHOLD_MAX_ADC               800U
 191          #define THRESHOLD_DEFAULT_ADC           800U
 192          
 193          /* 输出回差，避免临界距离附近一帧有光一帧无光。 */
 194          #define RX_AMP_HYS_ADC                  100U
 195          
 196          /* 连续多少帧有效后确认有光。 */
 197          #define RX_FRAME_ON_CONFIRM_COUNT       2U
 198          
 199          /* 连续多少帧无效后确认遮光。 */
 200          #define RX_FRAME_OFF_CONFIRM_COUNT      4U
 201          
 202          /* ADJ 更新周期。单位：帧。 */
 203          #define ADJ_UPDATE_PERIOD_MS            100U
 204          #define ADJ_UPDATE_FRAME_COUNT          ((uint16_t)((((uint32_t)ADJ_UPDATE_PERIOD_MS * 1000UL) + RX_CAPTUR
             -E_WINDOW_US - 1UL) / RX_CAPTURE_WINDOW_US))
 205          
 206          /* ADJ 阈值 IIR 平滑：1/8。 */
 207          #define ADJ_FILTER_SHIFT                3U
 208          
 209          /*======================================================================
 210           * 九、串口调试开关
 211           *====================================================================*/
 212          
 213          /*
 214           * 处理时间优化第一项：关闭串口长文本调试。
 215           * printfS 是阻塞发送，115200bps 下一百多个字符就可能占用 8~15ms。
 216           * 需要看 ADC 数据时再临时改成 1U。
 217           */
 218          #define UART_ADC_DEBUG_ENABLE           0U
 219          #define UART_ADC_DEBUG_PERIOD_MS        100U
 220          #define UART_ADC_DEBUG_FRAME_COUNT      ((uint16_t)((((uint32_t)UART_ADC_DEBUG_PERIOD_MS * 1000UL) + RX_CA
             -PTURE_WINDOW_US - 1UL) / RX_CAPTURE_WINDOW_US))
 221          
 222          /*======================================================================
 223           * 十、全局变量
 224           *====================================================================*/
 225          
 226          /* ADC 原始采样数组。 */
 227          static uint16_t IR_XDATA g_adc_frame_buf[RX_ADC_FRAME_MAX_SAMPLES];
 228          
 229          /* 用于均值化处理的小数组。 */
 230          static uint16_t g_proc_signal_buf[RX_SIGNAL_TOP_AVG_COUNT];
 231          static uint16_t g_proc_base_buf[RX_BASELINE_AVG_COUNT];
 232          
 233          /* 调试观察变量。 */
 234          static volatile uint16_t g_adc_signal = 0;
 235          static volatile uint16_t g_adc_adj = 0;
 236          static volatile uint16_t g_threshold = THRESHOLD_DEFAULT_ADC;
 237          
C51 COMPILER V9.57.0.0   MAIN                                                              06/08/2026 15:00:43 PAGE 5   

 238          static volatile uint16_t g_frame_sample_count = 0;
 239          static volatile uint8_t  g_frame_overflow = 0;
 240          static volatile uint16_t g_frame_min = 0;
 241          static volatile uint16_t g_frame_max = 0;
 242          static volatile uint16_t g_frame_mean = 0;
 243          static volatile uint16_t g_frame_baseline_mean = 0;
 244          static volatile uint16_t g_frame_signal_mean = 0;
 245          static volatile uint16_t g_frame_amp = 0;
 246          static volatile uint16_t g_frame_active_points = 0;
 247          static volatile uint8_t  g_frame_valid = 0;
 248          
 249          /* 当前是否确认收到光。 */
 250          static uint8_t g_light_ok = 0;
 251          
 252          /* 当前输出动作状态，方便调试。 */
 253          static uint8_t g_output_state = 0;
 254          
 255          /* 连续有效/无效帧计数。 */
 256          static uint8_t g_valid_frame_count = 0;
 257          static uint8_t g_invalid_frame_count = 0;
 258          
 259          /* 阈值滤波变量。 */
 260          static uint32_t g_threshold_filter = ((uint32_t)THRESHOLD_DEFAULT_ADC << ADJ_FILTER_SHIFT);
 261          static uint8_t  g_threshold_init = 0;
 262          static uint16_t g_adj_update_frame_count = 0;
 263          
 264          #if UART_ADC_DEBUG_ENABLE
              static uint16_t g_uart_debug_frame_count = 0;
              #endif
 267          
 268          /*======================================================================
 269           * 十一、函数声明
 270           *====================================================================*/
 271          
 272          void GPIO_Init(void);
 273          void ADC_Init(void);
 274          
 275          static void timer0_init_1us_capture(void);
 276          static void capture_timer_start(void);
 277          static void capture_timer_close(void);
 278          static uint16_t capture_timer_us(void);
 279          
 280          static uint16_t adc_read_once(uint8_t ch);
 281          
 282          static void rx_capture_frame(void);
 283          static void rx_process_frame(void);
 284          static void rx_update_output_state(void);
 285          
 286          static void threshold_update_process(void);
 287          static uint16_t threshold_map_from_adj(uint16_t adj);
 288          
 289          static uint16_t mean_top_high_samples(uint16_t *buf, uint16_t count, uint8_t top_n);
 290          static uint16_t mean_low_samples(uint16_t *buf, uint16_t count, uint8_t low_n);
 291          static uint16_t mean_top_low_samples(uint16_t *buf, uint16_t count, uint8_t low_n);
 292          static uint16_t mean_high_baseline_samples(uint16_t *buf, uint16_t count, uint8_t high_n);
 293          static uint16_t count_active_points(uint16_t *buf, uint16_t count, uint16_t baseline, uint16_t threshold);
 294          static uint16_t calc_threshold_off(void);
 295          
 296          static void output_apply(uint8_t light_ok);
 297          static void nc_window_debug_set(uint8_t on);
 298          
 299          #if UART_ADC_DEBUG_ENABLE
C51 COMPILER V9.57.0.0   MAIN                                                              06/08/2026 15:00:43 PAGE 6   

              static void uart_adc_debug_process(void);
              #endif
 302          
 303          /*======================================================================
 304           * 十二、主函数
 305           *====================================================================*/
 306          
 307          void main(void)
 308          {
 309   1          system_init();
 310   1      
 311   1          GPIO_Init();
 312   1      
 313   1      #if UART_ADC_DEBUG_ENABLE
                  uart_init();
              #endif
 316   1      
 317   1          ADC_Init();
 318   1          timer0_init_1us_capture();
 319   1      
 320   1          threshold_update_process();
 321   1      
 322   1          /* 本版不使用中断，Timer0 只做轮询计时。 */
 323   1          EA = 0;
 324   1      
 325   1          output_apply(0U);
 326   1      
 327   1          while(1)
 328   1          {
 329   2              /*
 330   2               * 1. 打开一帧采集。
 331   2               * 2. 在固定时间内连续读取 ADC 并写入数组。
 332   2               * 3. 到时间后结束本帧采集。
 333   2               */
 334   2              rx_capture_frame();
 335   2      
 336   2              /*
 337   2               * 4. 对数组里的 ADC 值做均值化处理。
 338   2               * 5. 根据处理结果判断有光/遮光。
 339   2               */
 340   2              rx_process_frame();
 341   2              rx_update_output_state();
 342   2      
 343   2              /*
 344   2               * ADJ 不在采集窗口中读取，避免抢占接收 ADC 时间。
 345   2               * 每若干帧更新一次即可。
 346   2               */
 347   2              g_adj_update_frame_count++;
 348   2              if(g_adj_update_frame_count >= ADJ_UPDATE_FRAME_COUNT)
 349   2              {
 350   3                  g_adj_update_frame_count = 0U;
 351   3                  threshold_update_process();
 352   3              }
 353   2      
 354   2      #if UART_ADC_DEBUG_ENABLE
                      uart_adc_debug_process();
              #endif
 357   2          }
 358   1      }
 359          
 360          /*======================================================================
 361           * 十三、GPIO 初始化
C51 COMPILER V9.57.0.0   MAIN                                                              06/08/2026 15:00:43 PAGE 7   

 362           *====================================================================*/
 363          
 364          void GPIO_Init(void)
 365          {
 366   1          REG_P10_CFG = 0x00;
 367   1          gpio_init(IR_OUT_NO_PIN);
 368   1          gpio_dir_set(IR_OUT_NO_PIN, GPIO_DIR_OUT);
 369   1          gpio_dr_set(IR_OUT_NO_PIN, GPIO_SR_HIGH);
 370   1          gpio_io_set(IR_OUT_NO_PIN, OUT_INACTIVE_LEVEL);
 371   1      
 372   1          REG_P12_CFG = 0x00;
 373   1          gpio_init(IR_OUT_NC_PIN);
 374   1          gpio_dir_set(IR_OUT_NC_PIN, GPIO_DIR_OUT);
 375   1          gpio_dr_set(IR_OUT_NC_PIN, GPIO_SR_HIGH);
 376   1      #if RX_NC_WINDOW_DEBUG_ENABLE
 377   1          /* 调试模式下，NC 先保持关闭，采集窗口开始时再打开。 */
 378   1          gpio_io_set(IR_OUT_NC_PIN, OUT_INACTIVE_LEVEL);
 379   1      #else
                  /* 正常模式下，NC 作为常闭输出，初始为闭合/动作状态。 */
                  gpio_io_set(IR_OUT_NC_PIN, OUT_ACTIVE_LEVEL);
              #endif
 383   1      
 384   1          REG_P13_CFG = 0x00;
 385   1          gpio_init(IR_LED_PIN);
 386   1          gpio_dir_set(IR_LED_PIN, GPIO_DIR_OUT);
 387   1          gpio_dr_set(IR_LED_PIN, GPIO_SR_HIGH);
 388   1          gpio_io_set(IR_LED_PIN, LED_INACTIVE_LEVEL);
 389   1      
 390   1          /* P1.5 接收信号，后续 adc_io_config() 配置为 ADC。 */
 391   1          REG_P15_CFG = 0x00;
 392   1      
 393   1      #ifdef REG_P20_CFG
 394   1          /* P2.0 ADJ，后续 adc_io_config() 配置为 ADC。 */
 395   1          REG_P20_CFG = 0x00;
 396   1      #endif
 397   1      }
 398          
 399          /*======================================================================
 400           * 十四、ADC 初始化
 401           *====================================================================*/
 402          
 403          void ADC_Init(void)
 404          {
 405   1          adc_clk_config(ADC_CLKSOURCE_SYSCLK,
 406   1                         ADC_VREFSOURCE_AVDD33,
 407   1                         4,
 408   1                         ADC_ENABLE);
 409   1      
 410   1          /* 保持较短采样时间，保证一帧内能采到足够多的点。 */
 411   1          adc_sample_clk_config(ADC_SAMPCLK_6);
 412   1      
 413   1          adc_io_config(IR_SIGNAL_ADC_CHANNEL | IR_ADJ_ADC_CHANNEL);
 414   1          adc_scan_mode_config(ADC_MODE_SINGLE);
 415   1          adc_power_config(ADC_ENABLE);
 416   1          adc_controller_config(ADC_ENABLE);
 417   1      }
 418          
 419          /*======================================================================
 420           * 十五、Timer0 1us 采集计时
 421           *====================================================================*/
 422          
 423          static void timer0_init_1us_capture(void)
C51 COMPILER V9.57.0.0   MAIN                                                              06/08/2026 15:00:43 PAGE 8   

 424          {
 425   1          gtimer0_count_init(TIMER0_1US_RELOAD, TIMER0_1US_PRESCALER);
 426   1      
 427   1      #ifdef REG_GTIM0_IER
 428   1          REG_GTIM0_IER = 0x00;
 429   1      #endif
 430   1      
 431   1          REG_GTIM0_SR = 0x07;
 432   1          REG_GTIM0_CNT0 = 0x00;
 433   1          REG_GTIM0_CNT1 = 0x00;
 434   1      
 435   1          gtimer0_start();
 436   1      }
 437          
 438          static void capture_timer_start(void)
 439          {
 440   1          /*
 441   1           * 每一帧重新从 0 开始计时。
 442   1           * 这里相当于打开本帧采集定时。
 443   1           */
 444   1          REG_GTIM0_SR = 0x07;
 445   1          REG_GTIM0_CNT0 = 0x00;
 446   1          REG_GTIM0_CNT1 = 0x00;
 447   1          gtimer0_start();
 448   1      }
 449          
 450          static void capture_timer_close(void)
 451          {
 452   1          /*
 453   1           * 旧工程库里只使用 gtimer0_start()，没有统一暴露 stop 接口。
 454   1           * 所以这里做“逻辑关闭”：本帧结束后不再读取 Timer0 判断采集时间，
 455   1           * 下一帧开始时重新清零计数器。
 456   1           */
 457   1          REG_GTIM0_SR = 0x07;
 458   1      }
 459          
 460          static uint16_t capture_timer_us(void)
 461          {
 462   1          uint8_t hi1;
 463   1          uint8_t hi2;
 464   1          uint8_t lo;
 465   1      
 466   1          do
 467   1          {
 468   2              hi1 = REG_GTIM0_CNT1;
 469   2              lo  = REG_GTIM0_CNT0;
 470   2              hi2 = REG_GTIM0_CNT1;
 471   2          } while(hi1 != hi2);
 472   1      
 473   1          return ((uint16_t)hi1 << 8) | (uint16_t)lo;
 474   1      }
 475          
 476          /*======================================================================
 477           * 十六、ADC 单次读取
 478           *====================================================================*/
 479          
 480          static uint16_t adc_read_once(uint8_t ch)
 481          {
 482   1          uint16_t value;
 483   1      
 484   1          adc_convert_start(ch);
 485   1      
C51 COMPILER V9.57.0.0   MAIN                                                              06/08/2026 15:00:43 PAGE 9   

 486   1          while((ADCGCR1 & 0x04) != 0);
 487   1          while(!(ADCCSTAT & 0x01));
 488   1      
 489   1          ADCCSTAT = 0x01;
 490   1      
 491   1          value = (((uint16_t)(ADCDR1 & 0x0F)) << 8) | ADCDR0;
 492   1      
 493   1          if(value > ADC_MAX_VALUE)
 494   1          {
 495   2              value = ADC_MAX_VALUE;
 496   2          }
 497   1      
 498   1          return value;
 499   1      }
 500          
 501          /*======================================================================
 502           * 十七、采集一帧 ADC 数组
 503           *====================================================================*/
 504          
 505          static void rx_capture_frame(void)
 506          {
 507   1          uint16_t sample;
 508   1          uint16_t count;
 509   1      
 510   1          count = 0U;
 511   1          g_frame_overflow = 0U;
 512   1      
 513   1          capture_timer_start();
 514   1      
 515   1          /*
 516   1           * 调试模式下：从采集窗口真正开始时打开 NC。
 517   1           * 示波器看到的 NC 高/低电平宽度，就是本帧 ADC 数组采集时间。
 518   1           */
 519   1          nc_window_debug_set(1U);
 520   1      
 521   1          while(capture_timer_us() < RX_CAPTURE_WINDOW_US)
 522   1          {
 523   2              sample = adc_read_once(IR_SIGNAL_ADC_CHANNEL);
 524   2              g_adc_signal = sample;
 525   2      
 526   2              if(count < RX_ADC_FRAME_MAX_SAMPLES)
 527   2              {
 528   3                  g_adc_frame_buf[count] = sample;
 529   3                  count++;
 530   3              }
 531   2              else
 532   2              {
 533   3                  /* 数组满了仍然等到本帧时间结束，但后续样本不再写入，避免越界。 */
 534   3                  g_frame_overflow = 1U;
 535   3              }
 536   2          }
 537   1      
 538   1          capture_timer_close();
 539   1      
 540   1          /* 调试模式下：窗口读取结束，立刻关闭 NC。 */
 541   1          nc_window_debug_set(0U);
 542   1      
 543   1          g_frame_sample_count = count;
 544   1      }
 545          
 546          /*======================================================================
 547           * 十八、处理一帧 ADC 数组
C51 COMPILER V9.57.0.0   MAIN                                                              06/08/2026 15:00:43 PAGE 10  

 548           *====================================================================*/
 549          
 550          static void rx_process_frame(void)
 551          {
 552   1          uint32_t sum;
 553   1          uint32_t signal_sum;
 554   1          uint32_t base_sum;
 555   1          uint16_t i;
 556   1          uint8_t j;
 557   1          uint8_t signal_used;
 558   1          uint8_t base_used;
 559   1          uint8_t replace_index;
 560   1          uint16_t count;
 561   1          uint16_t v;
 562   1          uint16_t baseline;
 563   1          uint16_t signal_mean;
 564   1          uint16_t threshold_on;
 565   1          uint16_t threshold_off;
 566   1          uint16_t active_points;
 567   1          uint16_t active_max;
 568   1          uint8_t valid;
 569   1      
 570   1          count = g_frame_sample_count;
 571   1          valid = 0U;
 572   1      
 573   1          if(count < RX_FRAME_MIN_SAMPLES)
 574   1          {
 575   2              g_frame_valid = 0U;
 576   2              g_frame_amp = 0U;
 577   2              return;
 578   2          }
 579   1      
 580   1          /*
 581   1           * 快速版重点：
 582   1           * 旧版处理流程大约是：
 583   1           *   1 次遍历求 min/max/mean；
 584   1           *   1 次遍历找最高若干点；
 585   1           *   1 次遍历找最低若干点；
 586   1           *   1 次遍历统计有效点。
 587   1           * 并且最高/最低均值函数内部还有 top_n/low_n 小循环。
 588   1           *
 589   1           * 本版把 min/max/mean、最高点均值、最低点均值合并到同一趟遍历里。
 590   1           * 后面只再遍历一次统计有效点。
 591   1           * 处理量明显下降，窗口关闭后的空白时间会缩短。
 592   1           */
 593   1          g_frame_min = g_adc_frame_buf[0];
 594   1          g_frame_max = g_adc_frame_buf[0];
 595   1          sum = 0UL;
 596   1          signal_used = 0U;
 597   1          base_used = 0U;
 598   1      
 599   1          for(i = 0U; i < count; i++)
 600   1          {
 601   2              v = g_adc_frame_buf[i];
 602   2      
 603   2              if(v < g_frame_min)
 604   2              {
 605   3                  g_frame_min = v;
 606   3              }
 607   2      
 608   2              if(v > g_frame_max)
 609   2              {
C51 COMPILER V9.57.0.0   MAIN                                                              06/08/2026 15:00:43 PAGE 11  

 610   3                  g_frame_max = v;
 611   3              }
 612   2      
 613   2              sum += v;
 614   2      
 615   2      #if RX_SIGNAL_ACTIVE_HIGH
 616   2              /* 高脉冲有效：最高若干点代表信号。 */
 617   2              if(signal_used < RX_SIGNAL_TOP_AVG_COUNT)
 618   2              {
 619   3                  g_proc_signal_buf[signal_used] = v;
 620   3                  signal_used++;
 621   3              }
 622   2              else
 623   2              {
 624   3                  replace_index = 0U;
 625   3                  for(j = 1U; j < RX_SIGNAL_TOP_AVG_COUNT; j++)
 626   3                  {
 627   4                      if(g_proc_signal_buf[j] < g_proc_signal_buf[replace_index])
 628   4                      {
 629   5                          replace_index = j;
 630   5                      }
 631   4                  }
 632   3      
 633   3                  if(v > g_proc_signal_buf[replace_index])
 634   3                  {
 635   4                      g_proc_signal_buf[replace_index] = v;
 636   4                  }
 637   3              }
 638   2      
 639   2              /* 高脉冲有效：最低若干点代表背景。 */
 640   2              if(base_used < RX_BASELINE_AVG_COUNT)
 641   2              {
 642   3                  g_proc_base_buf[base_used] = v;
 643   3                  base_used++;
 644   3              }
 645   2              else
 646   2              {
 647   3                  replace_index = 0U;
 648   3                  for(j = 1U; j < RX_BASELINE_AVG_COUNT; j++)
 649   3                  {
 650   4                      if(g_proc_base_buf[j] > g_proc_base_buf[replace_index])
 651   4                      {
 652   5                          replace_index = j;
 653   5                      }
 654   4                  }
 655   3      
 656   3                  if(v < g_proc_base_buf[replace_index])
 657   3                  {
 658   4                      g_proc_base_buf[replace_index] = v;
 659   4                  }
 660   3              }
 661   2      #else
                      /* 低脉冲有效：最低若干点代表信号。 */
                      if(signal_used < RX_SIGNAL_TOP_AVG_COUNT)
                      {
                          g_proc_signal_buf[signal_used] = v;
                          signal_used++;
                      }
                      else
                      {
                          replace_index = 0U;
                          for(j = 1U; j < RX_SIGNAL_TOP_AVG_COUNT; j++)
C51 COMPILER V9.57.0.0   MAIN                                                              06/08/2026 15:00:43 PAGE 12  

                          {
                              if(g_proc_signal_buf[j] > g_proc_signal_buf[replace_index])
                              {
                                  replace_index = j;
                              }
                          }
              
                          if(v < g_proc_signal_buf[replace_index])
                          {
                              g_proc_signal_buf[replace_index] = v;
                          }
                      }
              
                      /* 低脉冲有效：最高若干点代表背景。 */
                      if(base_used < RX_BASELINE_AVG_COUNT)
                      {
                          g_proc_base_buf[base_used] = v;
                          base_used++;
                      }
                      else
                      {
                          replace_index = 0U;
                          for(j = 1U; j < RX_BASELINE_AVG_COUNT; j++)
                          {
                              if(g_proc_base_buf[j] < g_proc_base_buf[replace_index])
                              {
                                  replace_index = j;
                              }
                          }
              
                          if(v > g_proc_base_buf[replace_index])
                          {
                              g_proc_base_buf[replace_index] = v;
                          }
                      }
              #endif
 708   2          }
 709   1      
 710   1          g_frame_mean = (uint16_t)(sum / count);
 711   1      
 712   1          signal_sum = 0UL;
 713   1          for(j = 0U; j < signal_used; j++)
 714   1          {
 715   2              signal_sum += g_proc_signal_buf[j];
 716   2          }
 717   1      
 718   1          base_sum = 0UL;
 719   1          for(j = 0U; j < base_used; j++)
 720   1          {
 721   2              base_sum += g_proc_base_buf[j];
 722   2          }
 723   1      
 724   1          signal_mean = (signal_used != 0U) ? (uint16_t)(signal_sum / signal_used) : 0U;
 725   1          baseline = (base_used != 0U) ? (uint16_t)(base_sum / base_used) : 0U;
 726   1      
 727   1      #if RX_SIGNAL_ACTIVE_HIGH
 728   1          if(signal_mean > baseline)
 729   1          {
 730   2              g_frame_amp = (uint16_t)(signal_mean - baseline);
 731   2          }
 732   1          else
 733   1          {
C51 COMPILER V9.57.0.0   MAIN                                                              06/08/2026 15:00:43 PAGE 13  

 734   2              g_frame_amp = 0U;
 735   2          }
 736   1      #else
                  if(baseline > signal_mean)
                  {
                      g_frame_amp = (uint16_t)(baseline - signal_mean);
                  }
                  else
                  {
                      g_frame_amp = 0U;
                  }
              #endif
 746   1      
 747   1          g_frame_baseline_mean = baseline;
 748   1          g_frame_signal_mean = signal_mean;
 749   1      
 750   1          threshold_on = g_threshold;
 751   1          threshold_off = calc_threshold_off();
 752   1      
 753   1          if(g_light_ok != 0U)
 754   1          {
 755   2              active_points = count_active_points(g_adc_frame_buf, count, baseline, threshold_off);
 756   2              if(g_frame_amp >= threshold_off)
 757   2              {
 758   3                  valid = 1U;
 759   3              }
 760   2          }
 761   1          else
 762   1          {
 763   2              active_points = count_active_points(g_adc_frame_buf, count, baseline, threshold_on);
 764   2              if(g_frame_amp >= threshold_on)
 765   2              {
 766   3                  valid = 1U;
 767   3              }
 768   2          }
 769   1      
 770   1          g_frame_active_points = active_points;
 771   1      
 772   1          active_max = (uint16_t)(((uint32_t)count * RX_ACTIVE_POINT_MAX_PERCENT) / 100UL);
 773   1          if(active_max < RX_ACTIVE_POINT_MIN)
 774   1          {
 775   2              active_max = RX_ACTIVE_POINT_MIN;
 776   2          }
 777   1      
 778   1          if(active_points < RX_ACTIVE_POINT_MIN)
 779   1          {
 780   2              valid = 0U;
 781   2          }
 782   1      
 783   1          if(active_points > active_max)
 784   1          {
 785   2              valid = 0U;
 786   2          }
 787   1      
 788   1          g_frame_valid = valid;
 789   1      }
 790          
 791          /*======================================================================
 792           * 十九、根据连续帧结果更新输出
 793           *====================================================================*/
 794          
 795          static void rx_update_output_state(void)
C51 COMPILER V9.57.0.0   MAIN                                                              06/08/2026 15:00:43 PAGE 14  

 796          {
 797   1          if(g_frame_valid != 0U)
 798   1          {
 799   2              g_invalid_frame_count = 0U;
 800   2              if(g_valid_frame_count < 255U)
 801   2              {
 802   3                  g_valid_frame_count++;
 803   3              }
 804   2      
 805   2              if(g_valid_frame_count >= RX_FRAME_ON_CONFIRM_COUNT)
 806   2              {
 807   3                  if(g_light_ok == 0U)
 808   3                  {
 809   4                      g_light_ok = 1U;
 810   4                      output_apply(1U);
 811   4                  }
 812   3              }
 813   2          }
 814   1          else
 815   1          {
 816   2              g_valid_frame_count = 0U;
 817   2              if(g_invalid_frame_count < 255U)
 818   2              {
 819   3                  g_invalid_frame_count++;
 820   3              }
 821   2      
 822   2              if(g_invalid_frame_count >= RX_FRAME_OFF_CONFIRM_COUNT)
 823   2              {
 824   3                  if(g_light_ok != 0U)
 825   3                  {
 826   4                      g_light_ok = 0U;
 827   4                      output_apply(0U);
 828   4                  }
 829   3              }
 830   2          }
 831   1      }
 832          
 833          /*======================================================================
 834           * 二十、均值化工具函数
 835           *====================================================================*/
 836          
 837          static uint16_t mean_top_high_samples(uint16_t *buf, uint16_t count, uint8_t top_n)
 838          {
 839   1          uint16_t i;
 840   1          uint8_t j;
 841   1          uint8_t used;
 842   1          uint8_t min_index;
 843   1          uint32_t sum;
 844   1      
 845   1          used = 0U;
 846   1      
 847   1          for(i = 0U; i < count; i++)
 848   1          {
 849   2              if(used < top_n)
 850   2              {
 851   3                  g_proc_signal_buf[used] = buf[i];
 852   3                  used++;
 853   3              }
 854   2              else
 855   2              {
 856   3                  min_index = 0U;
 857   3                  for(j = 1U; j < top_n; j++)
C51 COMPILER V9.57.0.0   MAIN                                                              06/08/2026 15:00:43 PAGE 15  

 858   3                  {
 859   4                      if(g_proc_signal_buf[j] < g_proc_signal_buf[min_index])
 860   4                      {
 861   5                          min_index = j;
 862   5                      }
 863   4                  }
 864   3      
 865   3                  if(buf[i] > g_proc_signal_buf[min_index])
 866   3                  {
 867   4                      g_proc_signal_buf[min_index] = buf[i];
 868   4                  }
 869   3              }
 870   2          }
 871   1      
 872   1          if(used == 0U)
 873   1          {
 874   2              return 0U;
 875   2          }
 876   1      
 877   1          sum = 0UL;
 878   1          for(j = 0U; j < used; j++)
 879   1          {
 880   2              sum += g_proc_signal_buf[j];
 881   2          }
 882   1      
 883   1          return (uint16_t)(sum / used);
 884   1      }
 885          
 886          static uint16_t mean_low_samples(uint16_t *buf, uint16_t count, uint8_t low_n)
 887          {
 888   1          uint16_t i;
 889   1          uint8_t j;
 890   1          uint8_t used;
 891   1          uint8_t max_index;
 892   1          uint32_t sum;
 893   1      
 894   1          used = 0U;
 895   1      
 896   1          for(i = 0U; i < count; i++)
 897   1          {
 898   2              if(used < low_n)
 899   2              {
 900   3                  g_proc_base_buf[used] = buf[i];
 901   3                  used++;
 902   3              }
 903   2              else
 904   2              {
 905   3                  max_index = 0U;
 906   3                  for(j = 1U; j < low_n; j++)
 907   3                  {
 908   4                      if(g_proc_base_buf[j] > g_proc_base_buf[max_index])
 909   4                      {
 910   5                          max_index = j;
 911   5                      }
 912   4                  }
 913   3      
 914   3                  if(buf[i] < g_proc_base_buf[max_index])
 915   3                  {
 916   4                      g_proc_base_buf[max_index] = buf[i];
 917   4                  }
 918   3              }
 919   2          }
C51 COMPILER V9.57.0.0   MAIN                                                              06/08/2026 15:00:43 PAGE 16  

 920   1      
 921   1          if(used == 0U)
 922   1          {
 923   2              return 0U;
 924   2          }
 925   1      
 926   1          sum = 0UL;
 927   1          for(j = 0U; j < used; j++)
 928   1          {
 929   2              sum += g_proc_base_buf[j];
 930   2          }
 931   1      
 932   1          return (uint16_t)(sum / used);
 933   1      }
 934          
 935          static uint16_t mean_top_low_samples(uint16_t *buf, uint16_t count, uint8_t low_n)
 936          {
 937   1          /* 低脉冲有效时，最强信号就是最低的若干个点。 */
 938   1          return mean_low_samples(buf, count, low_n);
 939   1      }
 940          
 941          static uint16_t mean_high_baseline_samples(uint16_t *buf, uint16_t count, uint8_t high_n)
 942          {
 943   1          /* 低脉冲有效时，背景基线就是最高的若干个点。 */
 944   1          return mean_top_high_samples(buf, count, high_n);
 945   1      }
 946          
 947          static uint16_t count_active_points(uint16_t *buf, uint16_t count, uint16_t baseline, uint16_t threshold)
 948          {
 949   1          uint16_t i;
 950   1          uint16_t cnt;
 951   1          uint16_t th;
 952   1      
 953   1          cnt = 0U;
 954   1      
 955   1      #if RX_SIGNAL_ACTIVE_HIGH
 956   1          if((uint32_t)baseline + threshold > ADC_MAX_VALUE)
 957   1          {
 958   2              th = ADC_MAX_VALUE;
 959   2          }
 960   1          else
 961   1          {
 962   2              th = (uint16_t)(baseline + threshold);
 963   2          }
 964   1      
 965   1          for(i = 0U; i < count; i++)
 966   1          {
 967   2              if(buf[i] >= th)
 968   2              {
 969   3                  cnt++;
 970   3              }
 971   2          }
 972   1      #else
                  if(baseline > threshold)
                  {
                      th = (uint16_t)(baseline - threshold);
                  }
                  else
                  {
                      th = 0U;
                  }
              
C51 COMPILER V9.57.0.0   MAIN                                                              06/08/2026 15:00:43 PAGE 17  

                  for(i = 0U; i < count; i++)
                  {
                      if(buf[i] <= th)
                      {
                          cnt++;
                      }
                  }
              #endif
 990   1      
 991   1          return cnt;
 992   1      }
 993          
 994          static uint16_t calc_threshold_off(void)
 995          {
 996   1          if(g_threshold > RX_AMP_HYS_ADC)
 997   1          {
 998   2              return (uint16_t)(g_threshold - RX_AMP_HYS_ADC);
 999   2          }
1000   1      
1001   1          return 0U;
1002   1      }
1003          
1004          /*======================================================================
1005           * 二十一、ADJ 阈值更新
1006           *====================================================================*/
1007          
1008          static void threshold_update_process(void)
1009          {
1010   1          uint16_t adj;
1011   1          uint16_t new_threshold;
1012   1      
1013   1          adj = adc_read_once(IR_ADJ_ADC_CHANNEL);
1014   1          if(adj > ADC_MAX_VALUE)
1015   1          {
1016   2              adj = ADC_MAX_VALUE;
1017   2          }
1018   1      
1019   1          g_adc_adj = adj;
1020   1          new_threshold = threshold_map_from_adj(adj);
1021   1      
1022   1          if(g_threshold_init == 0U)
1023   1          {
1024   2              g_threshold_init = 1U;
1025   2              g_threshold_filter = ((uint32_t)new_threshold << ADJ_FILTER_SHIFT);
1026   2              g_threshold = new_threshold;
1027   2              return;
1028   2          }
1029   1      
1030   1          g_threshold_filter -= (g_threshold_filter >> ADJ_FILTER_SHIFT);
1031   1          g_threshold_filter += new_threshold;
1032   1      
1033   1          g_threshold = (uint16_t)(g_threshold_filter >> ADJ_FILTER_SHIFT);
1034   1      
1035   1          if(g_threshold < THRESHOLD_MIN_ADC)
1036   1          {
1037   2              g_threshold = THRESHOLD_MIN_ADC;
1038   2          }
1039   1          else if(g_threshold > THRESHOLD_MAX_ADC)
1040   1          {
1041   2              g_threshold = THRESHOLD_MAX_ADC;
1042   2          }
1043   1      }
C51 COMPILER V9.57.0.0   MAIN                                                              06/08/2026 15:00:43 PAGE 18  

1044          
1045          static uint16_t threshold_map_from_adj(uint16_t adj)
1046          {
1047   1          uint32_t span;
1048   1          uint16_t threshold;
1049   1      
1050   1          if(adj > ADC_MAX_VALUE)
1051   1          {
1052   2              adj = ADC_MAX_VALUE;
1053   2          }
1054   1      
1055   1          span = (uint32_t)(THRESHOLD_MAX_ADC - THRESHOLD_MIN_ADC);
1056   1          threshold = (uint16_t)(THRESHOLD_MIN_ADC + (((uint32_t)adj * span) / ADC_MAX_VALUE));
1057   1      
1058   1          return threshold;
1059   1      }
1060          
1061          /*======================================================================
1062           * 二十二、串口调试输出
1063           *====================================================================*/
1064          
1065          #if UART_ADC_DEBUG_ENABLE
              static void uart_adc_debug_process(void)
              {
                  g_uart_debug_frame_count++;
              
                  if(g_uart_debug_frame_count < UART_ADC_DEBUG_FRAME_COUNT)
                  {
                      return;
                  }
              
                  g_uart_debug_frame_count = 0U;
              
                  printfS("S=%u,A=%u,TH=%u,N=%u,MIN=%u,MAX=%u,MEAN=%u,BASE=%u,SIG=%u,AMP=%u,AP=%u,V=%u,ON=%u,OFF=%u,L=%u
             -,O=%u,OV=%u\r\n",
                          g_adc_signal,
                          g_adc_adj,
                          g_threshold,
                          g_frame_sample_count,
                          g_frame_min,
                          g_frame_max,
                          g_frame_mean,
                          g_frame_baseline_mean,
                          g_frame_signal_mean,
                          g_frame_amp,
                          g_frame_active_points,
                          (uint16_t)g_frame_valid,
                          (uint16_t)g_valid_frame_count,
                          (uint16_t)g_invalid_frame_count,
                          (uint16_t)g_light_ok,
                          (uint16_t)g_output_state,
                          (uint16_t)g_frame_overflow);
              }
              #endif
1097          
1098          /*======================================================================
1099           * 二十三、输出控制
1100           *====================================================================*/
1101          
1102          static void output_apply(uint8_t light_ok)
1103          {
1104   1          uint8_t output_active;
C51 COMPILER V9.57.0.0   MAIN                                                              06/08/2026 15:00:43 PAGE 19  

1105   1      
1106   1      #if SENSOR_DARK_ON
                  output_active = (light_ok != 0U) ? 0U : 1U;
              #else
1109   1          output_active = (light_ok != 0U) ? 1U : 0U;
1110   1      #endif
1111   1      
1112   1          if(output_active != 0U)
1113   1          {
1114   2              gpio_io_set(IR_OUT_NO_PIN, OUT_ACTIVE_LEVEL);
1115   2      #if !RX_NC_WINDOW_DEBUG_ENABLE
                      gpio_io_set(IR_OUT_NC_PIN, OUT_INACTIVE_LEVEL);
              #endif
1118   2          }
1119   1          else
1120   1          {
1121   2              gpio_io_set(IR_OUT_NO_PIN, OUT_INACTIVE_LEVEL);
1122   2      #if !RX_NC_WINDOW_DEBUG_ENABLE
                      gpio_io_set(IR_OUT_NC_PIN, OUT_ACTIVE_LEVEL);
              #endif
1125   2          }
1126   1      
1127   1          if(light_ok != 0U)
1128   1          {
1129   2              gpio_io_set(IR_LED_PIN, LED_ACTIVE_LEVEL);
1130   2          }
1131   1          else
1132   1          {
1133   2              gpio_io_set(IR_LED_PIN, LED_INACTIVE_LEVEL);
1134   2          }
1135   1      
1136   1          g_output_state = output_active;
1137   1      }
1138          
1139          /*======================================================================
1140           * 二十四、NC 采集窗口调试输出
1141           *====================================================================*/
1142          
1143          static void nc_window_debug_set(uint8_t on)
1144          {
1145   1      #if RX_NC_WINDOW_DEBUG_ENABLE
1146   1          if(on != 0U)
1147   1          {
1148   2              gpio_io_set(IR_OUT_NC_PIN, OUT_ACTIVE_LEVEL);
1149   2          }
1150   1          else
1151   1          {
1152   2              gpio_io_set(IR_OUT_NC_PIN, OUT_INACTIVE_LEVEL);
1153   2          }
1154   1      #else
                  (void)on;
              #endif
1157   1      }


MODULE INFORMATION:   STATIC OVERLAYABLE
   CODE SIZE        =   3091    ----
   CONSTANT SIZE    =   ----    ----
   XDATA SIZE       =    379     102
   PDATA SIZE       =   ----    ----
   DATA SIZE        =   ----    ----
   IDATA SIZE       =   ----    ----
C51 COMPILER V9.57.0.0   MAIN                                                              06/08/2026 15:00:43 PAGE 20  

   BIT SIZE         =   ----    ----
   EDATA SIZE       =   ----    ----
   HDATA SIZE       =   ----    ----
   XDATA CONST SIZE =   ----    ----
   FAR CONST SIZE   =   ----    ----
END OF MODULE INFORMATION.


C51 COMPILATION COMPLETE.  0 WARNING(S),  0 ERROR(S)
