020E5E02055E53F7F8EF24FC600B1460
0C2402700B43F7032243F7042243F705
222222021275AF9922FFFF021146FFFF
FFFFFF021228E5B7540FFEAFB6D3EF94
01EE9400400774052FFFE43EFED3EF94
FFEE940F40047E0F7FFF2202143DFFFF
FFFFFF0209DBEF131313541FFEEF5407
9000CEF0EE700743DF0143E70122EEB4
010743DF0243E70222EEB4020643DF04
43E70422EF8FF553B4EF22020D2AFFFF
FFFFFF020C83FFFFFFFFFF020BDCBB01
0689828A83E0225002E722BBFE02E322
89828A83E49322BB010CE58229F582E5
833AF583E0225006E92582F8E622BBFE
06E92582F8E222E58229F582E5833AF5
83E49322BB010689828A83F0225002F7
22BBFE01F322F8BB010DE58229F582E5
833AF583E8F0225006E92582C8F622BB
FE05E92582C8F222C5F0F8A3E028F0C5
F0F8E582158270021583E038F022A3F8
E0C5F025F0F0E582158270021583E0C8
38F0E822EF2BFFEE3AFEED39FDEC38FC
22E88FF0A4CC8BF0A42CFCE98EF0A42C
FC8AF0EDA42CFCEA8EF0A4CDA8F08BF0
A42DCC3825F0FDE98FF0A42CCD35F0FC
EB8EF0A4FEA9F0EB8FF0A4CFC5F02ECD
39FEE43CFCEAA42DCE35F0FDE43CFC22
75F008758200EF2FFFEE33FECD33CDCC
33CCC58233C5829BED9AEC99E5829840
0CF582EE9BFEED9AFDEC99FC0FD5F0D6
E4CEFBE4CDFAE4CCF9A88222B800C1B9
0059BA002DEC8BF084CFCECDFCE5F0CB
F97818EF2FFFEE33FEED33FDEC33FCEB
33FB10D703994004EB99FB0FD8E5E4F9
FA227818EF2FFFEE33FEED33FDEC33FC
C933C910D7059BE99A4007EC9BFCE99A
F90FD8E0E4C9FAE4CCFB2275F010EF2F
FFEE33FEED33FDCC33CCC833C810D707
9BEC9AE899400AED9BFDEC9AFCE899F8
0FD5F0DAE4CDFBE4CCFAE4C8F922EF4B
FFEE4AFEED49FDEC48FC22EB9FF5F0EA
9E42F0E99D42F0E89C45F022E8600FEC
C313FCED13FDEE13FEEF13FFD8F122E8
600FEFC333FFEE33FEED33FDEC33FCD8
F122BB010DE58229F582E5833AF58302
02F25007E92582F802040BBBFE07E925
82F8020417E58229F582E5833AF58302
0423E0FCA3E0FDA3E0FEA3E0FF22E0F8
A3E0F9A3E0FAA3E0FB227401FF3395E0
FEFDFCA3A3A3E0CF2FF0E58215827002
1583E0CE3EF0E582158270021583E0CD
3DF0E582158270021583E0CC3CF022EC
F0A3EDF0A3EEF0A3EFF022A8828583F0
D083D082120362120362120362120362
E473E493A3C583C5F0C583C8C582C8F0
A3C583C5F0C583C8C582C822E0FBA3E0
FAA3E0F922F8E0FBA3A3E0F925F0F0E5
82158270021583E0FA38F022EBF0A3EA
F0A3E9F022D083D082F8E49370127401
93700DA3A393F8740193F5828883E473
7402936860EFA3A3A380DFD083D082E4
937012740193700DA3A393F8740193F5
828883E4737402936C70127403936D70
0C7404936E70067405936F60DDA3A3A3
A3A3A380CA8A838982E473E6FC08E6FD
08E6FE08E6FF22E2FC08E2FD08E2FE08
E2FF22E493FC740193FD740293FE7403
93FF229000CE12033F9000D212034B00
00000043F804E5F830E5FB9091AAE0FF
E4FCFDFE78101202AFC004C005C006C0
07A3E0FFE4FCFDFE78181202AFD003D0
02D001D00012027EC004C005C006C007
9091A9E0FFE4FCFDFE78081202AFD003
D002D001D00012027EA804A905AA06AB
079091A8E0FFE4FCFDFE12027E90010E
12033F7FC07E0A7D707C0190010E1202
FED312028B50167F407E617D6C7C0190
010E1202FEC312028B4002801274FFFF
FEFDFC90010E1202FEC312028B700C90
00D212034B02DC6C008015E47F02FEFD
FC90010E1202FE1201619000D212033F
9000CE1202F21203CB053F00B71B0005
3700F42400052F016E36000000053775
EE01E47B02800E75EE02E47B03800675
EE03E47B04FAF9F89000D21202F21201
EC90011212033F53F8FE53D9F822C0E0
C0F0C083C082C0D075D000C000C001C0
02C003C004C005C006C0077F0B121301
EF70030206697F02120EEAE5AD20E2FB
E5F630E0FB75F6019000C41202FEC000
C001C002C003120036E4FCFDD003D002
D001D0001201549000C412033F7F0212
0EEAE5AD20E2FBE5F630E0FB75F60190
00C41202FEC000C001C002C003120036
E4FCFDD003D002D001D0001201549000
C412033F7F02120EEAE5AD20E2FBE5F6
30E0FB75F6019000C41202FEC000C001
C002C003120036E4FCFDD003D002D001
D0001201549000C412033FE47B03FAF9
F89000C41202F21201EC9000B5EEF0A3
EFF0D39000C3E09F9000C2E09E5013C3
9000B6E094FF9000B5E0947F50047D01
8002E4FD7F0A1210567F0B1212BFD007
D006D005D004D003D002D001D000D0D0
D082D083D0F0D0E03244011200000000
44010E000000004200CC1F404200BCFA
004200B300004200B500004200AF0000
4200AD00004200C203E84400BE000000
004200B700004200CA00004200B10000
C103C1044200B900004100BB004100C8
004200AB00004100C900604800630000
00000000000000000000000000000000
00000000000000000000000000000000
00000000000000000000000000000000
00000000000000000000000000000000
00000000000041011600430117000000
43011A0000004900EA00000000000000
00004900F30000000000000000004900
FC0000000000000000004C00DE000000
00000000000000000041011D00490105
00000000000000000041001B00410004
0044000000000000420005000042005D
000242005F00004200610000C102C101
C10000AC07EF131313541F9000CEF0EF
5407A3F0ED6060EC75F003A42463F582
E43400F58312039CD2AFD2A81212BF90
00CEE0FF7011A3E0FE7401A806088002
C333D8FC42E922EFB401139000CFE0FF
7401A807088002C333D8FC42EA229000
CEE06402705CA3E0FF7401A807088002
C333D8FC42EB22C2A89000CEE0FF7012
A3E0FE7401A806088002C333D8FCF452
E922EFB401149000CFE0FF7401A80708
8002C333D8FCF452EA229000CEE0B402
11A3E0FF7401A807088002C333D8FCF4
52EB22EF131313541FFEEF5407FFED60
4FEE701690C000C083C082E0FE7401A8
07088002C333D8FC8033EEB4011690C0
01C083C082E0FE7401A807088002C333
D8FC8019EE6402706D90C002C083C082
E0FE7401A807088002C333D8FC4E8051
EE701890C000C083C082E0FE7401A807
088002C333D8FCF45E8036EEB4011890
C001C083C082E0FE7401A807088002C3
33D8FCF45E801AEEB4021B90C002C083
C082E0FE7401A807088002C333D8FCF4
5ED082D083F022EF131313541FFEEF54
07FFED604FEE701690C005C083C082E0
FE7401A807088002C333D8FC8033EEB4
011690C006C083C082E0FE7401A80708
8002C333D8FC8019EE6402706D90C007
C083C082E0FE7401A807088002C333D8
FC4E8051EE701890C005C083C082E0FE
7401A807088002C333D8FCF45E8036EE
B4011890C006C083C082E0FE7401A807
088002C333D8FCF45E801AEEB4021B90
C007C083C082E0FE7401A807088002C3
33D8FCF45ED082D083F022C0E0C0F0C0
83C082C0D075D000C000C001C002C003
C004C005C006C00790C809E030E01790
C808E030E010A37401F09000DE12037C
E94A605D805890C809E030E11790C808
E030E110A37402F09000E112037CE94A
603F803A90C809E030E21790C808E030
E210A37404F09000E412037CE94A6021
801C90C809E030E31890C808E030E311
A37408F09000E712037CE94A60031204
05D007D006D005D004D003D002D001D0
00D0D0D082D083D0F0D0E0329000CE12
039C90C9057407F0EF6401704FED24FE
601C14602E2402703D9000CE12037C90
00EA12039C90C904E04401F080289000
CE12037C9000ED12039C90C904E04402
F080139000CE12037C9000F012039C90
C904E04404F0D2AF43B80122ED24FE60
1B14602C2402703B9000CE12037C9000
EA12039C90C904E044FEF0229000CE12
037C9000ED12039C90C904E044FDF022
9000CE12037C9000F012039C90C904E0
44FBF0229000CE12039C90CA057407F0
EF6401704FED24FE601C14602E240270
3D9000CE12037C9000F312039C90CA04
E04401F080289000CE12037C9000F612
039C90CA04E04402F080139000CE1203
7C9000F912039C90CA04E04404F0D2AF
43B80422ED24FE601B14602C2402703B
9000CE12037C9000F312039C90CA04E0
44FEF0229000CE12037C9000F612039C
90CA04E044FDF0229000CE12037C9000
F912039C90CA04E044FBF022C0E0C0F0
C083C082C0D075D000C000C001C002C0
03C004C005C006C00790C905E030E01C
90C904E030E0159000EA12037CE94A60
0312040590C9057401F0804C90C905E0
30E11C90C904E030E1159000ED12037C
E94A600312040590C9057402F0802990
C905E030E21C90C904E030E2159000F0
12037CE94A600312040590C9057404F0
800690C9057407F0D007D006D005D004
D003D002D001D000D0D0D082D083D0F0
D0E032C0E0C0F0C083C082C0D075D000
C000C001C002C003C004C005C006C007
90CA05E030E01C90CA04E030E0159000
F312037CE94A600312040590CA057401
F0804C90CA05E030E11C90CA04E030E1
159000F612037CE94A600312040590CA
057402F0802990CA05E030E21C90CA04
E030E2159000F912037CE94A60031204
0590CA057404F0800690CA057407F0D0
07D006D005D004D003D002D001D000D0
D0D082D083D0F0D0E032C0E0C0F0C083
C082C0D075D000C000C001C002C003C0
04C005C006C00790CB05E030E01C90CB
04E030E0159000FC12037CE94A600312
040590CB057401F0804C90CB05E030E1
1C90CB04E030E1159000FF12037CE94A
600312040590CB057402F0802990CB05
E030E21C90CB04E030E2159001021203
7CE94A600312040590CB057404F08006
90CB057407F0D007D006D005D004D003
D002D001D000D0D0D082D083D0F0D0E0
3290C018E4F07F08120066E4FD7F0812
0F64E4FD7F08120FDD7D017F08121056
90C01AE4F07F0A120066E4FD7F0A120F
64E4FD7F0A120FDD7D017F0A1210567F
0B1200667D017F0B120F64E4FD7F0B12
0FDD7D017F0B1208737BFF7A0079227D
017F0B1207B343AE4090C01C7420F0E4
FD7F0C12092790C01DE4F07F0D120066
7D017F0D120F647D017F0D020873787F
E4F6D8FD758120020EA50211BDE493A3
F8E493A34003F68001F208DFF48029E4
93A3F85407240CC8C333C4540F4420C8
834004F456800146F6DFE4800B010204
0810204080900689E47E019360BCA3FF
543F30E509541FFEE493A360010ECF54
C025E060A840B8E493A3FAE493A3F8E4
93A3C8C582C8CAC583CAF0A3C8C582C8
CAC583CADFE9DEE780BEEF1203A50F0A
010F14020F1E040F28080F32100F3C20
0F46400F508000000F5AE5B454F04401
F5B48049E5B454F04402F5B4803FE5B4
54F04403F5B48035E5B454F04404F5B4
802BE5B454F04405F5B48021E5B454F0
4406F5B48017E5B454F04407F5B4800D
E5B454F04408F5B4800353B4F053ADFB
43AD0422EF131313541FFEEF5407FFED
6034EE700D04A807088002C333D8FC42
F922EEB4010E7401A807088002C333D8
FC42FA22EE6402704304A807088002C3
33D8FC42FB22EE700E04A807088002C3
33D8FCF452F922EEB4010F7401A80708
8002C333D8FCF452FA22EEB4020E7401
A807088002C333D8FCF452FB22EF1313
13541FFEEF5407FFED6034EE700D04A8
07088002C333D8FC429722EEB4010E74
01A807088002C333D8FC42E522EE6402
704304A807088002C333D8FC42FC22EE
700E04A807088002C333D8FCF4529722
EEB4010F7401A807088002C333D8FCF4
52E522EEB4020E7401A807088002C333
D8FCF452FC22EF131313541FFEEF5407
FFED6034EE700D04A807088002C333D8
FC428022EEB4010E7401A807088002C3
33D8FC429022EE6402704304A8070880
02C333D8FC42A022EE700E04A8070880
02C333D8FCF4528022EEB4010F7401A8
07088002C333D8FCF4529022EEB4020E
7401A807088002C333D8FCF452A02290
00D212033FE47F10FEFDFC9000D61202
FE1201619000DA12033FE47B02FAF9F8
9000DA1202F21201EC9000D21202FE12
01549000DA1202FE1201EC9000DA1203
3F9000DA1202FEC3E49BFF74049AFEE4
99FDE498FC9000DA12033F9000DA1202
F2780812029CAB079000DA1202F2EB54
03F5BA8FAA22C0E0C0F0C083C082C0D0
75D000C000C001C002C003C004C005C0
06C007E5C830E11053C8FD9001051203
7CE94A6003120405E5C930E11053C9FD
90010812037CE94A6003120405E5CA30
E11053CAFD90010B12037CE94A600312
0405D007D006D005D004D003D002D001
D000D0D0D082D083D0F0D0E0321214B5
120DD112145B7D0F7C007F647E001213
3C7BFF7A0079217D017F01120A8C1214
CA7D0F7C007F647E001213757BFF7A14
79C07D017F01120B341214D29000D274
01F07B047A00E4FD7F011213E57F0312
00067F06120094E4FF1214867F011214
747F011214A980FEC0E0C0F0C083C082
C0D075D000C000C001C002C003C004C0
05C006C007E5F630E00D90011A12037C
E94A600312040575F601D007D006D005
D004D003D002D001D000D0D0D082D083
D0F0D0E032C0E0C0F0C083C082C0D075
D000C000C001C002C003C004C005C006
C00730980F90011712037CE94A600312
0405C298D007D006D005D004D003D002
D001D000D0D0D082D083D0F0D0E032EF
131313541FFEEF5407FFEE700E04A807
088002C333D8FCF452E122EEB4010F74
01A807088002C333D8FCF452E222EEB4
020E7401A807088002C333D8FCF452E3
22EF131313541FFEEF5407FFEE700DE5
E1A807088002C313D8FC801CEEB4010D
E5E2A807088002C313D8FC800BE5E3A8
07088002C313D8FC5401FF22AB07AA06
43DF0843E70890C900E04440F0EC90C9
0DF0ED90C90CF0EB24FFEA34FF90C90F
F0EB1490C90EF090C9067401F090C905
E04401F022AB07AA0643DF2043E72090
CA00E04440F0EC90CA0DF0ED90CA0CF0
EB24FFEA34FF90CA0FF0EB1490CA0EF0
90CA067401F090CA05E04401F0229000
CE12033F43DE0143E601439E01E49001
16F0C29FD29EC299C2989000CE1202F2
9000D612033F9001121202F21210CFD2
9C53F33F229000D2E06401702743DE10
43E610EFC4333354C0FFE5AC54BF4FF5
ACE4F5FEF5FFEBF5FEEAF5FFE5FD54FE
4DF5FD2253DEEF53E6EF221200269000
5FE475F00112013EFC741C25F0F58274
003CF583EFF090005C7401F022C0E0C0
83C082E5A630E30990011D7401F075A3
2075A3FFD082D083D0E032E490005CF0
FF7EC27D01FC1213AE7BFF7A14791B7F
01021498EFB4010753ADFE53ADFD2243
AD0243AD012243AC20EF700553ACFD80
0343AC0253B5FE22EFB4010AD2AFD2AC
90011702039CC2AC22EFB4010443AC01
2253ACFE227F007E247DF47C00020433
9000ABE475F00102012890C900E04401
F02290CA00E04401F022FFFF

---------- Code Information -----------
Code Entrance:      0x00000000 
Code Run Entrance:  0x00000000 
Code Size:          0x000014DC 
Code CRC Value:     0xB2C2 
