02100402118753F7F8EF24FC600B1460
0C2402700B43F7032243F7042243F705
22FFFF0214A6AF9922FFFF0213E2FFFF
FFFFFF021459E5B7540FFEAFB6D3EF94
01EE9400400774052FFFE43EFED3EF94
FFEE940F40047E0F7FFF22021635FFFF
FFFFFF020CB6EF131313541FFEEF5407
9000ABF0EE700743DF0143E70122EEB4
010743DF0243E70222EEB4020643DF04
43E70422EF8FF553B4EF22020F5DFFFF
FFFFFF020EB6FFFFFFFFFF020E0FBB01
0689828A83E0225002E722BBFE02E322
89828A83E49322BB010CE58229F582E5
833AF583E0225006E92582F8E622BBFE
06E92582F8E222E58229F582E5833AF5
83E49322BB010689828A83F0225002F7
22BBFE01F322F8BB010DE58229F582E5
833AF583E8F0225006E92582C8F622BB
FE05E92582C8F222C5F0F8A3E028F0C5
F0F8E582158270021583E038F022A3F8
E0C5F025F0F0E582158270021583E0C8
38F0E822EF2BFFEE3AFEED39FDEC38FC
22E88FF0A4CC8BF0A42CFCE98EF0A42C
FC8AF0EDA42CFCEA8EF0A4CDA8F08BF0
A42DCC3825F0FDE98FF0A42CCD35F0FC
EB8EF0A4FEA9F0EB8FF0A4CFC5F02ECD
39FEE43CFCEAA42DCE35F0FDE43CFC22
75F008758200EF2FFFEE33FECD33CDCC
33CCC58233C5829BED9AEC99E5829840
0CF582EE9BFEED9AFDEC99FC0FD5F0D6
E4CEFBE4CDFAE4CCF9A88222B800C1B9
0059BA002DEC8BF084CFCECDFCE5F0CB
F97818EF2FFFEE33FEED33FDEC33FCEB
33FB10D703994004EB99FB0FD8E5E4F9
FA227818EF2FFFEE33FEED33FDEC33FC
C933C910D7059BE99A4007EC9BFCE99A
F90FD8E0E4C9FAE4CCFB2275F010EF2F
FFEE33FEED33FDCC33CCC833C810D707
9BEC9AE899400AED9BFDEC9AFCE899F8
0FD5F0DAE4CDFBE4CCFAE4C8F922EF4B
FFEE4AFEED49FDEC48FC22EB9FF5F0EA
9E42F0E99D42F0E89C45F022E8600FEC
C313FCED13FDEE13FEEF13FFD8F122E8
600FEFC333FFEE33FEED33FDEC33FCD8
F122BB010DE58229F582E5833AF58302
02F25007E92582F802040BBBFE07E925
82F8020417E58229F582E5833AF58302
0423E0FCA3E0FDA3E0FEA3E0FF22E0F8
A3E0F9A3E0FAA3E0FB227401FF3395E0
FEFDFCA3A3A3E0CF2FF0E58215827002
1583E0CE3EF0E582158270021583E0CD
3DF0E582158270021583E0CC3CF022EC
F0A3EDF0A3EEF0A3EFF022A8828583F0
D083D082120362120362120362120362
E473E493A3C583C5F0C583C8C582C8F0
A3C583C5F0C583C8C582C822E0FBA3E0
FAA3E0F922F8E0FBA3A3E0F925F0F0E5
82158270021583E0FA38F022EBF0A3EA
F0A3E9F022D083D082F8E49370127401
93700DA3A393F8740193F5828883E473
7402936860EFA3A3A380DFD083D082E4
937012740193700DA3A393F8740193F5
828883E4737402936C70127403936D70
0C7404936E70067405936F60DDA3A3A3
A3A3A380CA8A838982E473E6FC08E6FD
08E6FE08E6FF22E2FC08E2FD08E2FE08
E2FF22E493FC740193FD740293FE7403
93FF22E50824AEF582E43400F583E005
08229000AB3007039000AEE475F00112
03850200AE2000E97F2ED2008018EF54
0F2490D43440D4FF30040BEF24BFB41A
0050032461FFE50960021509050CE50C
7002050B30070E9000ABE475F0011203
85EF0200F40216F47403D2078003E4C2
07F5089000AB12039CE4F509F50BF50C
E50960077F2012047680F5750AFFC201
C200C202C203C205C206C208120442FF
700D3007057F00120487AF0CAE0B22B4
255FC2D5C204120442FF24D0B40A0050
1A75F00A780930D50508B6FF0106C6A4
26F620D5047002D20380D924CFB41A00
EF5004C2E5D204020688D20180C6D200
80C0D20280BCD2D580BAD20580B47F20
1204762002077401B5090040F1120433
FF1204760204B0D208D2068095120433
FB120433FA120433F94A4B700679597A
077BFF20022EE509602A7E008E827583
001200C760060EEE650A70F0C2D5EBC0
E0EAC0E0E9C0E0EE1206CFD0E0F9D0E0
FAD0E0FB1200AEFF60AAEBC0E0EAC0E0
E9C0E0120476D0E02401F9D0E03400FA
D0E0FBE50A0460DCD50AD980877BFF7A
0679CBD202809C791080027908C206C2
088008D2D5790A8004790AC2D5E50A04
7002F50AE4FAFDFEFF120433FC7B0820
0113120433FD7B1030000A120433FE12
0433FF7B20EC3382D592D55013C3E430
00069FFFE49EFEE42001039DFDE49CFC
E4CBF8C201EC700CCFCECDCCE824F8F8
70F38017C3EF33FFEE33FEED33FDEC33
FCEB33FB994002FB0FD8E9EB300105F8
D0E0C448B201C0E00AEC4D4E4F78207B
0070C2EAB50A0040BCC0E01206D1D0F0
D0E0200104C4C0E0C4B201C0F012045F
D0F0D5F0EB0204B01203A5054D5305C7
58051E4C051A4205CB4F05D34405D349
05334305D95505BD4605BD4505BD4707
795005222D05262E05492B052A230547
2007622A04E248000005413F3F3F0079
0AA2D5200314300509B910020404B908
0104A2D52006025001042002689202B5
09005034C0E07F203003197F30A20272
067205500F120728C202C206C205C208
7F30800F300503E9C0E0120476300503
D0E0F9D0E0B509CC3005177F30B9100C
1204767F583004077F788003B9080312
04763002057F2D0204767F202008F87F
2B2006F322920280CF286E756C6C2900
D2011204333001F8C201780930D50108
F60204E22D504349581204332403B405
004001E490077493120467743A120467
D2037509040205C71216E11210901216
537DC37C097F107E0012156D7BFF7A16
79C77D017F01120D671216EC9000AF74
01F07B047A00E4FD7F011215DD7F0312
00067F06120094E4FF1216947F011216
827F011216D57F0412110DE5AD20E2FB
E5F630E0FB75F6011200369000DCEEF0
A3EFF0C394ACEE940D4014E094FF9000
DCE0940F5009E49000E9F0A3F0805C90
00DCE0FEA3E0FFC394B8EE940B4014EF
94ACEE940D500C9000E97403F0A374E8
F08038C3EF94C4EE94094014EF94B8EE
940B500C9000E97407F0A374D0F0801B
C3EF94D0EE94074012EF94C4EE940950
0A9000E9740FF0A374FFF07F0212110D
E5AD20E2FBE5F630E0FB75F601120036
9000DCEEF0A3EFF07BFF7A1679B79000
AEEEF0A3EFF012049E9000E9E0FEA3E0
FF9000DCE0FCA3E0FDC39FEC9E500302
07E6ED94FFEC947F40030207E69000EB
E475F0011201289000EBE07004A3E064
0260030207E69000EBF0A3F090C90AE0
E4F0A3E0E4F0FD7F081212F27D017F0A
1212F20207E69000AB12033F9000AF12
034B0000000043F804E5F830E5FB9091
AAE0FFE4FCFDFE78101202AFC004C005
C006C007A3E0FFE4FCFDFE78181202AF
D003D002D001D00012027EC004C005C0
06C0079091A9E0FFE4FCFDFE78081202
AFD003D002D001D00012027EA804A905
AA06AB079091A8E0FFE4FCFDFE12027E
90011F12033F7FC07E0A7D707C019001
1F1202FED312028B50167F407E617D6C
7C0190011F1202FEC312028B40028012
74FFFFFEFDFC90011F1202FEC312028B
700C9000AF12034B02DC6C008015E47F
02FEFDFC90011F1202FE1201619000AF
12033F9000AB1202F21203CB0A1200B7
1B000A0A00F424000A02016E36000000
0A0A75EE01E47B02800E75EE02E47B03
800675EE03E47B04FAF9F89000AF1202
F21201EC90012312033F53F8FE53D9F8
224401230000000044011F0000000042
00ED1F404200E3FA004200DA00004200
DC00004200D600004200D400004200E9
00004400E5000000004200DE00004200
EB00004200D80000C10CC10D4200E000
004100E2006048006300000000000000
00000000000000000000000000000000
00000000000000000000000000000000
00000000000000000000000000000000
00000000000000000000000000000000
004101270043012800000043012B0000
004900FB000000000000000000490104
00000000000000000049010D00000000
00000000004C00EF0000000000000000
0000000041012E004901160000000000
0000000041001B004100040044000000
000000420005000042005D000242005F
00004200610000C10BC10AC10900EF13
1313541FFEEF5407FFED604FEE701690
C000C083C082E0FE7401A807088002C3
33D8FC8033EEB4011690C001C083C082
E0FE7401A807088002C333D8FC8019EE
6402706D90C002C083C082E0FE7401A8
07088002C333D8FC4E8051EE701890C0
00C083C082E0FE7401A807088002C333
D8FCF45E8036EEB4011890C001C083C0
82E0FE7401A807088002C333D8FCF45E
801AEEB4021B90C002C083C082E0FE74
01A807088002C333D8FCF45ED082D083
F022EF131313541FFEEF5407FFED604F
EE701690C005C083C082E0FE7401A807
088002C333D8FC8033EEB4011690C006
C083C082E0FE7401A807088002C333D8
FC8019EE6402706D90C007C083C082E0
FE7401A807088002C333D8FC4E8051EE
701890C005C083C082E0FE7401A80708
8002C333D8FCF45E8036EEB4011890C0
06C083C082E0FE7401A807088002C333
D8FCF45E801AEEB4021B90C007C083C0
82E0FE7401A807088002C333D8FCF45E
D082D083F022C0E0C0F0C083C082C0D0
75D000C000C001C002C003C004C005C0
06C00790C809E030E01790C808E030E0
10A37401F09000EF12037CE94A605D80
5890C809E030E11790C808E030E110A3
7402F09000F212037CE94A603F803A90
C809E030E21790C808E030E210A37404
F09000F512037CE94A6021801C90C809
E030E31890C808E030E311A37408F090
00F812037CE94A6003120405D007D006
D005D004D003D002D001D000D0D0D082
D083D0F0D0E0329000AB12039C90C905
7407F0EF6401704FED24FE601C14602E
2402703D9000AB12037C9000FB12039C
90C904E04401F080289000AB12037C90
00FE12039C90C904E04402F080139000
AB12037C90010112039C90C904E04404
F0D2AF43B80122ED24FE601B14602C24
02703B9000AB12037C9000FB12039C90
C904E044FEF0229000AB12037C9000FE
12039C90C904E044FDF0229000AB1203
7C90010112039C90C904E044FBF022C0
E0C0F0C083C082C0D075D000C000C001
C002C003C004C005C006C00790C905E0
30E01C90C904E030E0159000FB12037C
E94A600312040590C9057401F0804C90
C905E030E11C90C904E030E1159000FE
12037CE94A600312040590C9057402F0
802990C905E030E21C90C904E030E215
90010112037CE94A600312040590C905
7404F0800690C9057407F0D007D006D0
05D004D003D002D001D000D0D0D082D0
83D0F0D0E032C0E0C0F0C083C082C0D0
75D000C000C001C002C003C004C005C0
06C00790CA05E030E01C90CA04E030E0
1590010412037CE94A600312040590CA
057401F0804C90CA05E030E11C90CA04
E030E11590010712037CE94A60031204
0590CA057402F0802990CA05E030E21C
90CA04E030E21590010A12037CE94A60
0312040590CA057404F0800690CA0574
07F0D007D006D005D004D003D002D001
D000D0D0D082D083D0F0D0E032C0E0C0
F0C083C082C0D075D000C000C001C002
C003C004C005C006C00790CB05E030E0
1C90CB04E030E01590010D12037CE94A
600312040590CB057401F0804C90CB05
E030E11C90CB04E030E1159001101203
7CE94A600312040590CB057402F08029
90CB05E030E21C90CB04E030E2159001
1312037CE94A600312040590CB057404
F0800690CB057407F0D007D006D005D0
04D003D002D001D000D0D0D082D083D0
F0D0E032787FE4F6D8FD75812102104B
020798E493A3F8E493A34003F68001F2
08DFF48029E493A3F85407240CC8C333
C4540F4420C8834004F456800146F6DF
E4800B0102040810204080900A31E47E
019360BCA3FF543F30E509541FFEE493
A360010ECF54C025E060A840B8E493A3
FAE493A3F8E493A3C8C582C8CAC583CA
F0A3C8C582C8CAC583CADFE9DEE780BE
90C018E4F07F08120066E4FD7F081212
00E4FD7F081212797D017F081212F290
C01AE4F07F0A120066E4FD7F0A121200
E4FD7F0A1212797D017F0A1212F27F0B
120066E4FD7F0B121200E4FD7F0B1212
797D017F0B1212F290C01C7420F0E4FD
7F0C120C0290C01DE4F07F0D1200667D
017F0D1212007D017F0D020B4EEF1203
A5112D01113702114104114B08115510
115F201169401173800000117DE5B454
F04401F5B48049E5B454F04402F5B480
3FE5B454F04403F5B48035E5B454F044
04F5B4802BE5B454F04405F5B48021E5
B454F04406F5B48017E5B454F04407F5
B4800DE5B454F04408F5B4800353B4F0
53ADFB43AD0422C0E0C0F0C083C082C0
D075D000C000C001C002C003C004C005
C006C0079000D3E4F0F09000D3E0FFC3
94185031121532BF01239000D3E075F0
03A42463F582E43400F58312037CE94A
60031204059000D3E0FF1214F09000D3
E004F080C5D007D006D005D004D003D0
02D001D000D0D0D082D083D0F0D0E032
EF131313541FFEEF5407FFED6034EE70
0D04A807088002C333D8FC42F922EEB4
010E7401A807088002C333D8FC42FA22
EE6402704304A807088002C333D8FC42
FB22EE700E04A807088002C333D8FCF4
52F922EEB4010F7401A807088002C333
D8FCF452FA22EEB4020E7401A8070880
02C333D8FCF452FB22EF131313541FFE
EF5407FFED6034EE700D04A807088002
C333D8FC429722EEB4010E7401A80708
8002C333D8FC42E522EE6402704304A8
07088002C333D8FC42FC22EE700E04A8
07088002C333D8FCF4529722EEB4010F
7401A807088002C333D8FCF452E522EE
B4020E7401A807088002C333D8FCF452
FC22EF131313541FFEEF5407FFED6034
EE700D04A807088002C333D8FC428022
EEB4010E7401A807088002C333D8FC42
9022EE6402704304A807088002C333D8
FC42A022EE700E04A807088002C333D8
FCF4528022EEB4010F7401A807088002
C333D8FCF4529022EEB4020E7401A807
088002C333D8FCF452A0229000AF1203
3FE47F10FEFDFC9000B31202FE120161
9000B712033FE47B02FAF9F89000B712
02F21201EC9000AF1202FE1201549000
B71202FE1201EC9000B712033F9000B7
1202FEC3E49BFF74049AFEE499FDE498
FC9000B712033F9000B71202F2780812
029CAB079000B71202F2EB5403F5BA8F
AA22C0E0C0F0C083C082C0D075D000C0
00C001C002C003C004C005C006C007E5
C830E11053C8FD90011612037CE94A60
03120405E5C930E11053C9FD90011912
037CE94A6003120405E5CA30E11053CA
FD90011C12037CE94A6003120405D007
D006D005D004D003D002D001D000D0D0
D082D083D0F0D0E032C0E0C0F0C083C0
82C0D075D000C000C001C002C003C004
C005C006C007E5F630E00D90012B1203
7CE94A600312040575F601D007D006D0
05D004D003D002D001D000D0D0D082D0
83D0F0D0E032C0E0C0F0C083C082C0D0
75D000C000C001C002C003C004C005C0
06C00730980F90012812037CE94A6003
120405C298D007D006D005D004D003D0
02D001D000D0D0D082D083D0F0D0E032
EF131313541FFEEF5407FFEE700E04A8
07088002C333D8FCF452E122EEB4010F
7401A807088002C333D8FCF452E222EE
B4020E7401A807088002C333D8FCF452
E322EF131313541FFEEF5407FFEE700D
E5E1A807088002C313D8FC801CEEB401
0DE5E2A807088002C313D8FC800BE5E3
A807088002C313D8FC5401FF22AB07AA
0643DF0843E70890C900E04440F0EC90
C90DF0ED90C90CF0EB24FFEA34FF90C9
0FF0EB1490C90EF090C9067401F090C9
05E04401F0229000AB12033F43DE0143
E601439E01E4900127F0C29FD29EC299
C2989000AB1202F29000B312033F9001
231202F212136BD29C53F33F229000AF
E06401702743DE1043E610EFC4333354
C0FFE5AC54BF4FF5ACE4F5FEF5FFEBF5
FEEAF5FFE5FD54FE4DF5FD2253DEEF53
E6EF2212002690005FE475F00112013E
FC741C25F0F58274003CF583EFF09000
5C7401F022C0E0C083C082E5A630E309
90012E7401F075A32075A3FFD082D083
D0E032E490005CF0FF7EC27D01FC1215
A67BFF7A1679137F010216A674FFFDFC
8F9920990AED1DAE0470011C4E70F3C2
9922EFB4010753ADFE53ADFD2243AD02
43AD012243AC20EF700553ACFD800343
AC0253B5FE22EFB4010AD2AFD2AC9001
2802039CC2AC22414443206461746120
3A2025640D0A007D017F081212F2E4FD
7F0A0212F2EFB4010443AC012253ACFE
227F007E247DF47C0002090690C900E0
4401F022AB0712166C22FFFF

---------- Code Information -----------
Code Entrance:      0x00000000 
Code Run Entrance:  0x00000000 
Code Size:          0x000016FC 
Code CRC Value:     0x9196 
