02106AD3900152E09464900151E09400
400DA3E0249CFF900151E034FFFE22E4
FEFF22021456FFFFFFFFFF0212DBFFFF
FFFFFF0214097D177C0074FFFFFE1215
1F90C904E4F0A37407F090C90AE4F0A3
F00216BD90C9057407F022021615FFFF
FFFFFF020D36EF131313541FFEEF5407
900226F0EE700743DF0143E70122EEB4
010743DF0243E70222EEB4020643DF04
43E70422EF8FF553B4EF22020F35FFFF
FFFFFF020E8EFFFFFFFFFF020DE79001
6CE0FFA3E0900238CFF0A3EFF0E49002
46F0C3900239E09410900238E0940050
0CE490016BF0900175F0A3F022900000
E0FEA3E0FF900177EEF0A3EFF0900179
EEF0A3EFF090022612082000000000E4
900235F0A3F0900232F0A3F0900238E0
FEA3E0FF900232E0FCA3E0FDC39FEC9E
4003020300ED25E0FFEC33FE74002FF5
8274003EF583E0FEA3E0FF90023AEEF0
A3EFF0D3900178E09F900177E09E400F
90023AE0FFA3E0900177CFF0A3EFF090
0179E0FEA3E0FF90023AE0FCA3E0FDD3
9FEC9E4008900179ECF0A3EDF0900226
1207D390023AE0FEA3E0FFE4FCFD1206
1B900226120814900235E0FFC3940450
2290023AE0FCA3E0FDEF25E02440F582
E43401F583ECF0A3EDF0900235E004F0
020245E4900237F090023404F0900234
E0FFC39404503A900237E025E02440F5
82E43401F583E0FCA3E0FDEF25E02440
F582E43401F583E0FEA3E0C39DEE9C50
08900234E0900237F0900234E004F080
BC900237E0F925E02440F582E43401F5
83E0FEA3E0FF90023AE0FCA3E0FDD39F
EC9E4011E925E02440F582E43401F583
ECF0A3EDF0900236E0FFC39408502290
023AE0FCA3E0FDEF25E02453F582E434
01F583ECF0A3EDF0900236E004F00202
F3E4900237F090023404F0900234E0FF
C39408503A900237E025E02453F582E4
3401F583E0FCA3E0FDEF25E02453F582
E43401F583E0FEA3E0D39DEE9C400890
0234E0900237F0900234E004F080BC90
0237E0F925E02453F582E43401F583E0
FEA3E0FF90023AE0FCA3E0FDC39FEC9E
5011E925E02453F582E43401F583ECF0
A3EDF0900232E475F0011205B702010C
900238E0FEA3E0FFFBAA06E4F9F89002
261207C71206C1900171EEF0A3EFF090
022A12082000000000E4900234F09002
35E0FF900234E0C39F502E90022A1207
D3900234E025E02440F582E43401F583
E0FEA3E0FFE4FCFD12061B90022A1208
14900234E004F080C590022E12082000
000000E4900234F0900236E0FF900234
E0C39F502E90022E1207D3900234E025
E02453F582E43401F583E0FEA3E0FFE4
FCFD12061B90022E120814900234E004
F080C5900235E0FF6010FBE4FAF9F890
022A1207C71206C180047E007F009002
3EEEF0A3EFF0900236E0FF6010FBE4FA
F9F890022E1207C71206C180047E007F
0090023CEEF0A3EFF0A3E0FCA3E0FDD3
9FEC9E401690023CE0FEA3E0FFED9FFF
EC9E900175F0A3EFF08007E4900175F0
A3F090023CE0FFA3E090014BCFF0A3EF
F0900169ECF0A3EDF0900151E0FFA3E0
900240CFF0A3EFF0120003900242EEF0
A3EFF0900163E060427B017A00790090
0238E0FCA3E0FD90023CE0FFA3E09002
4CCFF0A3EFF0900242120C6C900244EE
F0A3EFF0900242E0FEA3E0FFC3900176
E09F900175E09E404880407B017A0079
00900238E0FCA3E0FD90023CE0FFA3E0
90024CCFF0A3EFF0900240120C6C9002
44EEF0A3EFF0900240E0FEA3E0FFC390
0176E09F900175E09E40069002467401
F0900244E0FFA3E0900167CFF0A3EFF0
900238E0FEA3E0FF7C007D231208E0E4
7B64FAF9F81206C1C3EF9402EE940050
047E007F02900244E0FCA3E0FDC39402
EC94005003E4A3F0D3ED9FEC9E4005E4
900246F0900246E090016BF022BB0106
89828A83E0225002E722BBFE02E32289
828A83E49322BB010CE58229F582E583
3AF583E0225006E92582F8E622BBFE06
E92582F8E222E58229F582E5833AF583
E49322BB010689828A83F0225002F722
BBFE01F322F8BB010DE58229F582E583
3AF583E8F0225006E92582C8F622BBFE
05E92582C8F222C5F0F8A3E028F0C5F0
F8E582158270021583E038F022A3F8E0
C5F025F0F0E582158270021583E0C838
F0E822BB0110E58229F582E5833AF583
E0F5F0A3E0225009E92582F886F008E6
22BBFE0AE92582F8E2F5F008E222E583
2AF583E993F5F0A3E99322EF2BFFEE3A
FEED39FDEC38FC22C3EF9BFFEE9AFEED
99FDEC98FC22E88FF0A4CC8BF0A42CFC
E98EF0A42CFC8AF0EDA42CFCEA8EF0A4
CDA8F08BF0A42DCC3825F0FDE98FF0A4
2CCD35F0FCEB8EF0A4FEA9F0EB8FF0A4
CFC5F02ECD39FEE43CFCEAA42DCE35F0
FDE43CFC2275F008758200EF2FFFEE33
FECD33CDCC33CCC58233C5829BED9AEC
99E58298400CF582EE9BFEED9AFDEC99
FC0FD5F0D6E4CEFBE4CDFAE4CCF9A882
22B800C1B90059BA002DEC8BF084CFCE
CDFCE5F0CBF97818EF2FFFEE33FEED33
FDEC33FCEB33FB10D703994004EB99FB
0FD8E5E4F9FA227818EF2FFFEE33FEED
33FDEC33FCC933C910D7059BE99A4007
EC9BFCE99AF90FD8E0E4C9FAE4CCFB22
75F010EF2FFFEE33FEED33FDCC33CCC8
33C810D7079BEC9AE899400AED9BFDEC
9AFCE899F80FD5F0DAE4CDFBE4CCFAE4
C8F922EF4BFFEE4AFEED49FDEC48FC22
EB9FF5F0EA9E42F0E99D42F0E89C45F0
22E8600FECC313FCED13FDEE13FEEF13
FFD8F122E8600FEFC333FFEE33FEED33
FDEC33FCD8F122BB010DE58229F582E5
833AF5830207C75007E92582F802090D
BBFE07E92582F8020919E58229F582E5
833AF583020925E0FCA3E0FDA3E0FEA3
E0FF22E0F8A3E0F9A3E0FAA3E0FB2274
01FF3395E0FEFDFCA3A3A3E0CF2FF0E5
82158270021583E0CE3EF0E582158270
021583E0CD3DF0E582158270021583E0
CC3CF022ECF0A3EDF0A3EEF0A3EFF022
A8828583F0D083D08212083712083712
0837120837E473E493A3C583C5F0C583
C8C582C8F0A3C583C5F0C583C8C582C8
22E0FBA3E0FAA3E0F922F8E0FBA3A3E0
F925F0F0E582158270021583E0FA38F0
22EBF0A3EAF0A3E9F022D083D082F8E4
937012740193700DA3A393F8740193F5
828883E4737402936860EFA3A3A380DF
D083D082E4937012740193700DA3A393
F8740193F5828883E4737402936C7012
7403936D700C7404936E70067405936F
60DDA3A3A3A3A3A380CA8A838982E473
EC8EF0A4CCC5F0CCCDF8EFA4CEC5F02D
FDE43CFCE8A42EC8C5F03DFDE43CFCEF
A4FFE5F028FEE43DFDE43CFC22E6FC08
E6FD08E6FE08E6FF22E2FC08E2FD08E2
FE08E2FF22E493FC740193FD740293FE
740393FF2244028A0000000044028600
00000042016E00004201490000420151
032042016C0000410165004201770000
4201790000420171000042014B000042
01690000420175000042016700004101
6B004101630041014800410170004101
640044014D0000190041016600420173
0000604801DE00000000000000000000
00000000000000000000000000000000
00000000000000000000000000000000
00000000000000000000000000000000
00000000000000000000000000004102
8E0043028F0000004302920000004902
6200000000000000000049026B000000
00000000000049027400000000000000
00004C02560000000000000000000000
004102950049027D0000000000000000
004101960041017F0044017B00000000
42018000004201D800024201DA000042
01DC0000C102C101C100009002261208
1490022A1208200000000043F804E5F8
30E5FB9091AAE0FFE4FCFDFE78101207
84C004C005C006C007A3E0FFE4FCFDFE
7818120784D003D002D001D000120753
C004C005C006C0079091A9E0FFE4FCFD
FE7808120784D003D002D001D0001207
53A804A905AA06AB079091A8E0FFE4FC
FDFE1207539002861208147FC07E0A7D
707C019002861207D3D312076050167F
407E617D6C7C019002861207D3C31207
604002801274FFFFFEFDFC9002861207
D3C3120760700C90022A12082002DC6C
008015E47F02FEFDFC9002861207D312
063690022A1208149002261207C71208
A00B7700B71B000B6F00F424000B6701
6E360000000B6F75EE01E47B02800E75
EE02E47B03800675EE03E47B04FAF9F8
90022A1207C71206C190028A12081453
F8FE53D9F8227F041215EFD3EF94FFEE
940F40047E0F7FFF900149EEF0A3EFF0
1214E1900226EEF0A3EFF0900166E070
2404F0900226E0FAA3E0FBFFAE02E4FC
FD780312078490014D120814900151EA
F0A3EBF02290014D1207C7C004C005C0
06C00790014D1207C77803120771A804
A905AA06AB07D007D006D005D0041206
2890014D12081490014D1207D3900226
E0FEA3E0FFE4FCFD12061B90014D1208
1490014D1207C77803120771900151EE
F0A3EFF0C3900152E09420900151E094
035002800FD3900152E09420900151E0
940340077403F0A37420F022E0FFA3E0
90024ECFF0A3EFF09002471208719002
4AECF0A3EDF0E4900252F0A3F090024C
E0FEA3E0FBAA06E4F9F8A3E0FEA3E0FF
E4FCFD12061BE47BFF7A0FC312076050
0C900254740FF0A374FFF0801A90024E
E0FEA3E0FF90024DE02FFF90024CE03E
900254F0A3EFF0E4900250F0A3F09002
4AE0FEA3E0FF900250E0FCA3E0FDC39F
EC9E5039ED25E0FFEC33FE9002471208
518F828E831205E3FFD3900255E09F90
0254E095F0500A900252E475F0011205
B7900250E475F0011205B780B1900252
E0FEA3E0FF22C0E0C0F0C083C082C0D0
75D000C000C001C002C003C004C005C0
06C00790C809E030E01790C808E030E0
10A37401F0900256120851E94A605D80
5890C809E030E11790C808E030E110A3
7402F0900259120851E94A603F803A90
C809E030E21790C808E030E210A37404
F090025C120851E94A6021801C90C809
E030E31890C808E030E311A37408F090
025F120851E94A60031208DAD007D006
D005D004D003D002D001D000D0D0D082
D083D0F0D0E032C0E0C0F0C083C082C0
D075D000C000C001C002C003C004C005
C006C00790C905E030E01C90C904E030
E015900262120851E94A60031208DA90
C9057401F0804C90C905E030E11C90C9
04E030E115900265120851E94A600312
08DA90C9057402F0802990C905E030E2
1C90C904E030E215900268120851E94A
60031208DA90C9057404F0800690C905
7407F0D007D006D005D004D003D002D0
01D000D0D0D082D083D0F0D0E032C0E0
C0F0C083C082C0D075D000C000C001C0
02C003C004C005C006C00790CA05E030
E01C90CA04E030E01590026B120851E9
4A60031208DA90CA057401F0804C90CA
05E030E11C90CA04E030E11590026E12
0851E94A60031208DA90CA057402F080
2990CA05E030E21C90CA04E030E21590
0271120851E94A60031208DA90CA0574
04F0800690CA057407F0D007D006D005
D004D003D002D001D000D0D0D082D083
D0F0D0E032C0E0C0F0C083C082C0D075
D000C000C001C002C003C004C005C006
C00790CB05E030E01C90CB04E030E015
900274120851E94A60031208DA90CB05
7401F0804C90CB05E030E11C90CB04E0
30E115900277120851E94A60031208DA
90CB057402F0802990CB05E030E21C90
CB04E030E21590027A120851E94A6003
1208DA90CB057404F0800690CB057407
F0D007D006D005D004D003D002D001D0
00D0D0D082D083D0F0D0E032E4900228
F0A3F0900165F01216877F0112169712
164EC3EF944CEE940450577F021215EF
900226EEF0A3EFF090016EEEF0A3EFF0
900228E0FEA3E0FFC394A0EE9400502A
900226E0FCA3E0FDEF25E0FFEE33FE74
002FF58274003EF583ECF0A3EDF09002
28E475F0011205B780A59001657401F0
809D120054E4FF121697900228E0FFA3
E090016CCFF0A3EFF022787FE4F6D8FD
7581200210B10214A0E493A3F8E493A3
4003F68001F208DFF48029E493A3F854
07240CC8C333C4540F4420C8834004F4
56800146F6DFE4800B01020408102040
80900935E47E019360BCA3FF543F30E5
09541FFEE493A360010ECF54C025E060
A840B8E493A3FAE493A3F8E493A3C8C5
82C8CAC583CAF0A3C8C582C8CAC583CA
DFE9DEE780BEEF12087A111601112002
112A04113408113E1011482011524011
5C8000001166E5B454F04401F5B48049
E5B454F04402F5B4803FE5B454F04403
F5B48035E5B454F04404F5B4802BE5B4
54F04405F5B48021E5B454F04406F5B4
8017E5B454F04407F5B4800DE5B454F0
4408F5B4800353B4F053ADFB43AD0422
EF131313541FFEEF5407FFED6034EE70
0D04A807088002C333D8FC42F922EEB4
010E7401A807088002C333D8FC42FA22
EE6402704304A807088002C333D8FC42
FB22EE700E04A807088002C333D8FCF4
52F922EEB4010F7401A807088002C333
D8FCF452FA22EEB4020E7401A8070880
02C333D8FCF452FB22EF131313541FFE
EF5407FFED6034EE700D04A807088002
C333D8FC429722EEB4010E7401A80708
8002C333D8FC42E522EE6402704304A8
07088002C333D8FC42FC22EE700E04A8
07088002C333D8FCF4529722EEB4010F
7401A807088002C333D8FCF452E522EE
B4020E7401A807088002C333D8FCF452
FC22EF131313541FFEEF5407FFED6034
EE700D04A807088002C333D8FC428022
EEB4010E7401A807088002C333D8FC42
9022EE6402704304A807088002C333D8
FC42A022EE700E04A807088002C333D8
FCF4528022EEB4010F7401A807088002
C333D8FCF4529022EEB4020E7401A807
088002C333D8FCF452A022C0E0C0F0C0
83C082C0D075D000C000C001C002C003
C004C005C006C007E5C830E11053C8FD
90027D120851E94A60031208DAE5C930
E11053C9FD900280120851E94A600312
08DAE5CA30E11053CAFD900283120851
E94A60031208DAD007D006D005D004D0
03D002D001D000D0D0D082D083D0F0D0
E03290C018E4F07F08120066E4FD7F08
121170E4FD7F081211E9E4FD7F081212
6290C01AE4F07F0A120066E4FD7F0A12
1170E4FD7F0A1211E9E4FD7F0A121262
90C01BE4F07F0B120066E4FD7F0B1211
70E4FD7F0B1211E9E4FD7F0B12126290
C01DE4F090C020F02290016BE06023E4
900164F0900170E0C394FF5003E004F0
900170E0C39402402F900163E0702904
8021E4900170F0900164E0C394FF5003
E004F0900164E0C39404400C900163E0
6006E4F0FF12155822C0E0C0F0C083C0
82C0D075D000C000C001C002C003C004
C005C006C007E5F630E00D9002921208
51E94A60031208DA75F601D007D006D0
05D004D003D002D001D000D0D0D082D0
83D0F0D0E032C0E0C0F0C083C082C0D0
75D000C000C001C002C003C004C005C0
06C00730980F90028F120851E94A6003
1208DAC298D007D006D005D004D003D0
02D001D000D0D0D082D083D0F0D0E032
1216B21213521215C5120036120B96C2
AFE4FF121558120FDC1200AE1213B990
0173E475F0011205B7C3900174E0945B
900173E0940040DEE4F0A3F0120B9680
D5AB07AA06D3EB94FFEA940F40047A0F
7BFF90022812082000000000AE02AF03
E4FCFD9002281207D3120636E47BFF7A
0FF9F81206C1EF2420FFEE3403FE22AB
07AA0643DF0843E70890C900E04440F0
EC90C90DF0ED90C90CF0EB24FFEA34FF
90C90FF0EB1490C90EF090C9067401F0
90C905E04401F022900226EFF07F0060
027F01900227EFF060047D018002E4FD
7F08121262900226E060047D018002E4
FD7F0B121262900227E0900148F02290
022AE06401702743DE1043E610EFC433
3354C0FFE5AC54BF4FF5ACE4F5FEF5FF
EBF5FEEAF5FFE5FD54FE4DF5FD2253DE
EF53E6EF2290022A7401F07B047A00E4
FD7F0112158F7F051216337F06120094
E4FF1216757F011216637F010216A612
10F6E5AD20E2FBE5F630E0FB75F601E5
B7540FFEADB6EDFFD394FFEE940F4004
7E0F7FFF22C0E0C083C082E5A630E309
9002957401F075A32075A3FFD082D083
D0E03253F7F8EF24FC600B14600C2402
700B43F7032243F7042243F7052290C9
0BE0FF90C90AE0FDA3E0FEEFB506EFFE
EDFF22EFB4010753ADFE53ADFD2243AD
0243AD012243AC20EF700553ACFD8003
43AC0253B5FE2290C9057407F090C90A
E4F0A3F00216BDEF60047D018002E4FD
7F0A12126222EFB4010443AC012253AC
FE227F007E367D6E7C01020A6B90C900
E04401F022FFFFFF

---------- Code Information -----------
Code Entrance:      0x00000000 
Code Run Entrance:  0x00000000 
Code Size:          0x000016C8 
Code CRC Value:     0xF641 
