020B517D0F7C007F0F7E0012103990C9
04E4F0A37407F090C90AE4F0A3F00213
0DFFFF020FEFFFFFFFFFFF020EC4FFFF
FFFFFF020FA2E49000BFF09000BDF090
00B2F09000C2F09000B3F09000BBE0FF
A3E09000B6CFF0A3EFF02202123DFFFF
FFFFFF02081290C905E030E02D7401F0
9000BBE475F0011201289000C3E475F0
01120128C39000C4E094889000C3E094
134007E4F0A3F012069222020A11FFFF
FFFFFF02096AFFFFFFFFFF0208C3BB01
0689828A83E0225002E722BBFE02E322
89828A83E49322BB010CE58229F582E5
833AF583E0225006E92582F8E622BBFE
06E92582F8E222E58229F582E5833AF5
83E49322BB010689828A83F0225002F7
22BBFE01F322F8BB010DE58229F582E5
833AF583E8F0225006E92582C8F622BB
FE05E92582C8F222C5F0F8A3E028F0C5
F0F8E582158270021583E038F022A3F8
E0C5F025F0F0E582158270021583E0C8
38F0E822EF2BFFEE3AFEED39FDEC38FC
22C3EF9BFFEE9AFEED99FDEC98FC22E8
8FF0A4CC8BF0A42CFCE98EF0A42CFC8A
F0EDA42CFCEA8EF0A4CDA8F08BF0A42D
CC3825F0FDE98FF0A42CCD35F0FCEB8E
F0A4FEA9F0EB8FF0A4CFC5F02ECD39FE
E43CFCEAA42DCE35F0FDE43CFC2275F0
08758200EF2FFFEE33FECD33CDCC33CC
C58233C5829BED9AEC99E58298400CF5
82EE9BFEED9AFDEC99FC0FD5F0D6E4CE
FBE4CDFAE4CCF9A88222B800C1B90059
BA002DEC8BF084CFCECDFCE5F0CBF978
18EF2FFFEE33FEED33FDEC33FCEB33FB
10D703994004EB99FB0FD8E5E4F9FA22
7818EF2FFFEE33FEED33FDEC33FCC933
C910D7059BE99A4007EC9BFCE99AF90F
D8E0E4C9FAE4CCFB2275F010EF2FFFEE
33FEED33FDCC33CCC833C810D7079BEC
9AE899400AED9BFDEC9AFCE899F80FD5
F0DAE4CDFBE4CCFAE4C8F922EF4BFFEE
4AFEED49FDEC48FC22EB9FF5F0EA9E42
F0E99D42F0E89C45F022E8600FECC313
FCED13FDEE13FEEF13FFD8F122E8600F
EFC333FFEE33FEED33FDEC33FCD8F122
BB010DE58229F582E5833AF583020300
5007E92582F8020419BBFE07E92582F8
020425E58229F582E5833AF583020431
E0FCA3E0FDA3E0FEA3E0FF22E0F8A3E0
F9A3E0FAA3E0FB227401FF3395E0FEFD
FCA3A3A3E0CF2FF0E582158270021583
E0CE3EF0E582158270021583E0CD3DF0
E582158270021583E0CC3CF022ECF0A3
EDF0A3EEF0A3EFF022A8828583F0D083
D082120370120370120370120370E473
E493A3C583C5F0C583C8C582C8F0A3C5
83C5F0C583C8C582C822E0FBA3E0FAA3
E0F922F8E0FBA3A3E0F925F0F0E58215
8270021583E0FA38F022EBF0A3EAF0A3
E9F022D083D082F8E493701274019370
0DA3A393F8740193F5828883E4737402
936860EFA3A3A380DFD083D082E49370
12740193700DA3A393F8740193F58288
83E4737402936C70127403936D700C74
04936E70067405936F60DDA3A3A3A3A3
A380CA8A838982E473E6FC08E6FD08E6
FE08E6FF22E2FC08E2FD08E2FE08E2FF
22E493FC740193FD740293FE740393FF
229000C712034D9000CB120359000000
0043F804E5F830E5FB9091AAE0FFE4FC
FDFE78101202BDC004C005C006C007A3
E0FFE4FCFDFE78181202BDD003D002D0
01D00012028CC004C005C006C0079091
A9E0FFE4FCFDFE78081202BDD003D002
D001D00012028CA804A905AA06AB0790
91A8E0FFE4FCFDFE12028C9001071203
4D7FC07E0A7D707C0190010712030CD3
12029950167F407E617D6C7C01900107
12030CC31202994002801274FFFFFEFD
FC90010712030CC3120299700C9000CB
12035902DC6C008015E47F02FEFDFC90
010712030C12016F9000CB12034D9000
C71203001203D9054D00B71B00054500
F42400053D016E36000000054575EE01
E47B02800E75EE02E47B03800675EE03
E47B04FAF9F89000CB1203001201FA90
010B12034D53F8FE53D9F82244010B00
000000440107000000004200BB000041
00BF004200C000004200AC00004200B8
05144400AE000028A04100BE004100BA
004100AB004100BD004100B2004200B6
00004200B400004200C500004100C200
4100B3004200C3000060480063000000
00000000000000000000000000000000
00000000000000000000000000000000
00000000000000000000000000000000
00000000000000000000000000000000
000000000041010F0043011000000043
01130000004900E30000000000000000
004900EC0000000000000000004900F5
0000000000000000004C00D700000000
0000000000000000410116004900FE00
000000000000000041001B0041000400
44000000000000420005000042005D00
0242005F00004200610000C102C101C1
00007F0412121C9000ACEEF0A3EFF012
0BDD9000C7EEF0A3EFF09000BEE07024
04F09000C7E0FAA3E0FBFFAE02E4FCFD
78031202BD9000AE12034D9000B8EAF0
A3EBF0229000AE120300C004C005C006
C0079000AE12030078031202AAA804A9
05AA06AB07D007D006D005D004120161
9000AE12034D9000AE12030C9000C7E0
FEA3E0FFE4FCFD1201549000AE12034D
9000AE12030078031202AA9000B8EEF0
A3EFF0C3948AEE9402500B9000B87402
F0A3748AF022D39000B9E094F09000B8
E0940A4007740AF0A374F0F0229000BB
E0FEA3E0FF9000B4E0FCA3E0FDC3EF9D
FDEE9CFCC3ED9410EC94274003020804
9000C5E0FCA3E0FDC3EF9DEE9CC39480
500AC3ED9FEC9EC39480407512107290
00C0EEF0A3EFF01212AAEF6028E49000
B3F09000C2E0C394FF5003E004F09000
C2E0C3940240409000BAE0703A04F0FF
1210E08032E49000C2F09000B3E0C394
FF5003E004F09000B3E0C39405400C90
00BAE06006E4F0FF1210E09000B3E0C3
940840030200369000C5E475F0641201
2822C0E0C0F0C083C082C0D075D000C0
00C001C002C003C004C005C006C00790
C809E030E01790C808E030E010A37401
F09000D712038AE94A605D805890C809
E030E11790C808E030E110A37402F090
00DA12038AE94A603F803A90C809E030
E21790C808E030E210A37404F09000DD
12038AE94A6021801C90C809E030E318
90C808E030E311A37408F09000E01203
8AE94A6003120413D007D006D005D004
D003D002D001D000D0D0D082D083D0F0
D0E032C0E0C0F0C083C082C0D075D000
C000C001C002C003C004C005C006C007
90C905E030E01C90C904E030E0159000
E312038AE94A600312041390C9057401
F0804C90C905E030E11C90C904E030E1
159000E612038AE94A600312041390C9
057402F0802990C905E030E21C90C904
E030E2159000E912038AE94A60031204
1390C9057404F0800690C9057407F0D0
07D006D005D004D003D002D001D000D0
D0D082D083D0F0D0E032C0E0C0F0C083
C082C0D075D000C000C001C002C003C0
04C005C006C00790CA05E030E01C90CA
04E030E0159000EC12038AE94A600312
041390CA057401F0804C90CA05E030E1
1C90CA04E030E1159000EF12038AE94A
600312041390CA057402F0802990CA05
E030E21C90CA04E030E2159000F21203
8AE94A600312041390CA057404F08006
90CA057407F0D007D006D005D004D003
D002D001D000D0D0D082D083D0F0D0E0
32C0E0C0F0C083C082C0D075D000C000
C001C002C003C004C005C006C00790CB
05E030E01C90CB04E030E0159000F512
038AE94A600312041390CB057401F080
4C90CB05E030E11C90CB04E030E11590
00F812038AE94A600312041390CB0574
02F0802990CB05E030E21C90CB04E030
E2159000FB12038AE94A600312041390
CB057404F0800690CB057407F0D007D0
06D005D004D003D002D001D000D0D0D0
82D083D0F0D0E0327F0212121C9000C7
EEF0A3EFF09000C0EEF0A3EFF09000BD
E0706A9000C7E0FEA3E0FF121276EF60
6F9000BD7401F09000BBE0FFA3E09000
C9CFF0A3EFF09000B2E0602B9000B6E0
FCA3E0FD9000C9E0FEA3E0FFC39DFDEE
9CFCC3ED9450EC9400400CD3ED9478EC
940050031211F89000B27401F09000C9
E0FFA3E09000B6CFF0A3EFF0229000C7
E0FEA3E0FF121290EF6005E49000BDF0
22787FE4F6D8FD758120020B9802114C
E493A3F8E493A34003F68001F208DFF4
8029E493A3F85407240CC8C333C4540F
4420C8834004F456800146F6DFE4800B
010204081020408090056CE47E019360
BCA3FF543F30E509541FFEE493A36001
0ECF54C025E060A840B8E493A3FAE493
A3F8E493A3C8C582C8CAC583CAF0A3C8
C582C8CAC583CADFE9DEE780BEAB07AA
06D3EB94FFEA940F40047A0F7BFF9000
C912035900000866AE02AF03E4FCFD90
00C912030C12016FE47BFF7A0FF9F812
01FAEF248AFFEE3402FEE43DFDE43CFC
9000CD12034DE47F8A7E02FDFC9000CD
12030CC3120299500C9000CD12035900
00028A801DE47FF07E0AFDFC9000CD12
030CD3120299400A9000CD1203590000
0AF09000CD020300EF1203B30C88010C
92020C9C040CA6080CB0100CBA200CC4
400CCE8000000CD8E5B454F04401F5B4
8049E5B454F04402F5B4803FE5B454F0
4403F5B48035E5B454F04404F5B4802B
E5B454F04405F5B48021E5B454F04406
F5B48017E5B454F04407F5B4800DE5B4
54F04408F5B4800353B4F053ADFB43AD
0422EF131313541FFEEF5407FFED6034
EE700D04A807088002C333D8FC42F922
EEB4010E7401A807088002C333D8FC42
FA22EE6402704304A807088002C333D8
FC42FB22EE700E04A807088002C333D8
FCF452F922EEB4010F7401A807088002
C333D8FCF452FA22EEB4020E7401A807
088002C333D8FCF452FB22EF13131354
1FFEEF5407FFED6034EE700D04A80708
8002C333D8FC429722EEB4010E7401A8
07088002C333D8FC42E522EE64027043
04A807088002C333D8FC42FC22EE700E
04A807088002C333D8FCF4529722EEB4
010F7401A807088002C333D8FCF452E5
22EEB4020E7401A807088002C333D8FC
F452FC22EF131313541FFEEF5407FFED
6034EE700D04A807088002C333D8FC42
8022EEB4010E7401A807088002C333D8
FC429022EE6402704304A807088002C3
33D8FC42A022EE700E04A807088002C3
33D8FCF4528022EEB4010F7401A80708
8002C333D8FCF4529022EEB4020E7401
A807088002C333D8FCF452A0229000CB
12034DE47F10FEFDFC9000CF12030C12
016F9000D312034DE47B02FAF9F89000
D31203001201FA9000CB12030C120154
9000D312030C1201FA9000D312034D90
00D312030CC3E49BFF74049AFEE499FD
E498FC9000D312034D9000D312030078
081202AAAB079000D3120300EB5403F5
BA8FAA22C0E0C0F0C083C082C0D075D0
00C000C001C002C003C004C005C006C0
07E5C830E11053C8FD9000FE12038AE9
4A6003120413E5C930E11053C9FD9001
0112038AE94A6003120413E5CA30E110
53CAFD90010412038AE94A6003120413
D007D006D005D004D003D002D001D000
D0D0D082D083D0F0D0E03290C018E4F0
7F0812117BE4FD7F08120CE2E4FD7F08
120D5BE4FD7F08120DD490C01AE4F07F
0A12117BE4FD7F0A120CE2E4FD7F0A12
0D5B7D017F0A120DD490C01BE4F07F0B
12117BE4FD7F0B120CE2E4FD7F0B120D
5BE4FD7F0B120DD490C01DE4F090C020
F022C0E0C0F0C083C082C0D075D000C0
00C001C002C003C004C005C006C007E5
F630E00D90011312038AE94A60031204
1375F601D007D006D005D004D003D002
D001D000D0D0D082D083D0F0D0E032C0
E0C0F0C083C082C0D075D000C000C001
C002C003C004C005C006C00730980F90
011012038AE94A6003120413C298D007
D006D005D004D003D002D001D000D0D0
D082D083D0F0D0E032AB07AA0643DF08
43E70890C900E04440F0EC90C90DF0ED
90C90CF0EB24FFEA34FF90C90FF0EB14
90C90EF090C9067401F090C905E04401
F022E49000C8F0A3F09000C7F07F0212
121CC39000C9E09F9000C8E09E5005EE
F0A3EFF09000C7E004F0E0C3940340DD
9000C8E0FEA3E0FF229000C712034D43
DE0143E601439E01E490010FF0C29FD2
9EC299C2989000C71203009000CF1203
4D90010B120300120E4DD29C53F33F22
EF7F0060027F019000ABEFF060127D01
7F08120DD4E4FD7F0A120DD47D018010
E4FD7F08120DD47D017F0A120DD4E4FD
7F0B120DD4229000CBE06401702743DE
1043E610EFC4333354C0FFE5AC54BF4F
F5ACE4F5FEF5FFEBF5FEEAF5FFE5FD54
FE4DF5FD2253DEEF53E6EF2212130212
0F3B1212E81211A9120003120692C2AF
E4FF1210E01200361200669000BFE070
05120AB880F212075D80EDEF13131354
1FFEEF54079000C7F0EE700743DF0143
E70122EEB4010743DF0243E70222EEB4
020643DF0443E704229000CB7401F07B
047A00E4FD7F011211167F0312125B7F
06121315E4FF1212D67F011212C47F01
0212F6E5B7540FFEAFB6D3EF9401EE94
00400774052FFFE43EFED3EF94FFEE94
0F40047E0F7FFF229000BF7401F09000
B4EEF0A3EFF02467FFE43E9000C5F0A3
EFF0E49000C2F09000B3F022120C68E5
AD20E2FBE5F630E0FB75F6011211D3D3
EF94FFEE940F40047E0F7FFF22C0E0C0
83C082E5A630E3099001167401F075A3
2075A3FFD082D083D0E03253F7F8EF24
FC600B14600C2402700B43F7032243F7
042243F705229000B9E02450FD9000B8
E03400FCC3EF9DEE9C7F0040027F0122
9000B9E024B0FD9000B8E034FFFCD3EF
9DEE9C7F0050027F01229000B9E02450
FD9000B8E03400FCC3EF9DEE9C7F0040
027F0122EFB4010753ADFE53ADFD2243
AD0243AD012243AC20EF700553ACFD80
0343AC0253B5FE22E490005CF0FF7EC2
7D01FC0210A9EFB4010443AC012253AC
FE227F007E367D6E7C0102044190C900
E04401F022EF8FF553B4EF22

---------- Code Information -----------
Code Entrance:      0x00000000 
Code Run Entrance:  0x00000000 
Code Size:          0x0000131C 
Code CRC Value:     0xF866 
