020EDC02043353F7F8EF24FC600B1460
0C2402700B43F7032243F7042243F705
2222220212F3AF9922FFFF0211C4FFFF
FFFFFF0212A6E5B7540FFEAFB6D3EF94
01EE9400400774052FFFE43EFED3EF94
FFEE940F40047E0F7FFF220214BBFFFF
FFFFFF020A59EF131313541FFEEF5407
9000D0F0EE700743DF0143E70122EEB4
010743DF0243E70222EEB4020643DF04
43E70422EF8FF553B4EF22020DA8FFFF
FFFFFF020D01FFFFFFFFFF020C5ABB01
0689828A83E0225002E722BBFE02E322
89828A83E49322BB010CE58229F582E5
833AF583E0225006E92582F8E622BBFE
06E92582F8E222E58229F582E5833AF5
83E49322BB010689828A83F0225002F7
22BBFE01F322F8BB010DE58229F582E5
833AF583E8F0225006E92582C8F622BB
FE05E92582C8F222C5F0F8A3E028F0C5
F0F8E582158270021583E038F022A3F8
E0C5F025F0F0E582158270021583E0C8
38F0E822EF2BFFEE3AFEED39FDEC38FC
22E88FF0A4CC8BF0A42CFCE98EF0A42C
FC8AF0EDA42CFCEA8EF0A4CDA8F08BF0
A42DCC3825F0FDE98FF0A42CCD35F0FC
EB8EF0A4FEA9F0EB8FF0A4CFC5F02ECD
39FEE43CFCEAA42DCE35F0FDE43CFC22
75F008758200EF2FFFEE33FECD33CDCC
33CCC58233C5829BED9AEC99E5829840
0CF582EE9BFEED9AFDEC99FC0FD5F0D6
E4CEFBE4CDFAE4CCF9A88222B800C1B9
0059BA002DEC8BF084CFCECDFCE5F0CB
F97818EF2FFFEE33FEED33FDEC33FCEB
33FB10D703994004EB99FB0FD8E5E4F9
FA227818EF2FFFEE33FEED33FDEC33FC
C933C910D7059BE99A4007EC9BFCE99A
F90FD8E0E4C9FAE4CCFB2275F010EF2F
FFEE33FEED33FDCC33CCC833C810D707
9BEC9AE899400AED9BFDEC9AFCE899F8
0FD5F0DAE4CDFBE4CCFAE4C8F922EF4B
FFEE4AFEED49FDEC48FC22EB9FF5F0EA
9E42F0E99D42F0E89C45F022E8600FEC
C313FCED13FDEE13FEEF13FFD8F122E8
600FEFC333FFEE33FEED33FDEC33FCD8
F122BB010DE58229F582E5833AF58302
02F25007E92582F802040BBBFE07E925
82F8020417E58229F582E5833AF58302
0423E0FCA3E0FDA3E0FEA3E0FF22E0F8
A3E0F9A3E0FAA3E0FB227401FF3395E0
FEFDFCA3A3A3E0CF2FF0E58215827002
1583E0CE3EF0E582158270021583E0CD
3DF0E582158270021583E0CC3CF022EC
F0A3EDF0A3EEF0A3EFF022A8828583F0
D083D082120362120362120362120362
E473E493A3C583C5F0C583C8C582C8F0
A3C583C5F0C583C8C582C822E0FBA3E0
FAA3E0F922F8E0FBA3A3E0F925F0F0E5
82158270021583E0FA38F022EBF0A3EA
F0A3E9F022D083D082F8E49370127401
93700DA3A393F8740193F5828883E473
7402936860EFA3A3A380DFD083D082E4
937012740193700DA3A393F8740193F5
828883E4737402936C70127403936D70
0C7404936E70067405936F60DDA3A3A3
A3A3A380CA8A838982E473E6FC08E6FD
08E6FE08E6FF22E2FC08E2FD08E2FE08
E2FF22E493FC740193FD740293FE7403
93FF22C0E0C0F0C083C082C0D075D000
C000C001C002C003C004C005C006C007
7F0B12137FEF70030205B77F04120F68
E5AD20E2FBE5F630E0FB75F601120036
9000C4EEF0A3EFF09000B5E0FEA3E0FF
C394ACEE940D4014EF94FFEE940F500C
9000C27403F0A37420F08055C3EF94B8
EE940B4014EF94ACEE940D500C9000C2
7403F0A374E8F08038C3EF94C4EE9409
4014EF94B8EE940B500C9000C27407F0
A374D0F0801BC3EF94D0EE94074012EF
94C4EE9409500A9000C2740BF0A374B8
F07F02120F68E5AD20E2FBE5F630E0FB
75F6019000C61202FEC000C001C002C0
03120036E4FCFDD003D002D001D00012
01549000C612033F7F02120F68E5AD20
E2FBE5F630E0FB75F6019000C61202FE
C000C001C002C003120036E4FCFDD003
D002D001D0001201549000C612033FE4
7B03FAF9F89000C61202F21201EC9000
B5EEF0FAA3EFF0FB9000C612034B0000
0000D39000C3E09B9000C2E09A501AC3
9000B6E094FF9000B5E0947F500B7D01
7F0A1210D47D018009E4FD7F0A1210D4
E4FD7F081210D47F0B12133DD007D006
D005D004D003D002D001D000D0D0D082
D083D0F0D0E032440114000000004401
10000000004200CE1F404200BCFA0042
00B300004200B500004200C400004200
AF00004200AD00004200C203E84400BE
000000004200B700004200CC00004200
B10000C103C1044200B900004100BB00
4100CA004200AB00004100CB00604800
63000000000000000000000000000000
00000000000000000000000000000000
00000000000000000000000000000000
00000000000000000000000000000000
00000000000000000041011800430119
00000043011C0000004900EC00000000
00000000004900F50000000000000000
004900FE0000000000000000004C00E0
00000000000000000000000041011F00
49010700000000000000000041001B00
41000400440000000000004200050000
42005D000242005F00004200610000C1
02C101C100009000D012033F9000D412
034B0000000043F804E5F830E5FB9091
AAE0FFE4FCFDFE78101202AFC004C005
C006C007A3E0FFE4FCFDFE78181202AF
D003D002D001D00012027EC004C005C0
06C0079091A9E0FFE4FCFDFE78081202
AFD003D002D001D00012027EA804A905
AA06AB079091A8E0FFE4FCFDFE12027E
90011012033F7FC07E0A7D707C019001
101202FED312028B50167F407E617D6C
7C019001101202FEC312028B40028012
74FFFFFEFDFC9001101202FEC312028B
700C9000D412034B02DC6C008015E47F
02FEFDFC9001101202FE1201619000D4
12033F9000D01202F21203CB081200B7
1B00080A00F424000802016E36000000
080A75EE01E47B02800E75EE02E47B03
800675EE03E47B04FAF9F89000D41202
F21201EC90011412033F53F8FE53D9F8
22AC07EF131313541F9000D0F0EF5407
A3F0ED6060EC75F003A42463F582E434
00F58312039CD2AFD2A812133D9000D0
E0FF7011A3E0FE7401A806088002C333
D8FC42E922EFB401139000D1E0FF7401
A807088002C333D8FC42EA229000D0E0
6402705CA3E0FF7401A807088002C333
D8FC42EB22C2A89000D0E0FF7012A3E0
FE7401A806088002C333D8FCF452E922
EFB401149000D1E0FF7401A807088002
C333D8FCF452EA229000D0E0B40211A3
E0FF7401A807088002C333D8FCF452EB
22EF131313541FFEEF5407FFED604FEE
701690C000C083C082E0FE7401A80708
8002C333D8FC8033EEB4011690C001C0
83C082E0FE7401A807088002C333D8FC
8019EE6402706D90C002C083C082E0FE
7401A807088002C333D8FC4E8051EE70
1890C000C083C082E0FE7401A8070880
02C333D8FCF45E8036EEB4011890C001
C083C082E0FE7401A807088002C333D8
FCF45E801AEEB4021B90C002C083C082
E0FE7401A807088002C333D8FCF45ED0
82D083F022EF131313541FFEEF5407FF
ED604FEE701690C005C083C082E0FE74
01A807088002C333D8FC8033EEB40116
90C006C083C082E0FE7401A807088002
C333D8FC8019EE6402706D90C007C083
C082E0FE7401A807088002C333D8FC4E
8051EE701890C005C083C082E0FE7401
A807088002C333D8FCF45E8036EEB401
1890C006C083C082E0FE7401A8070880
02C333D8FCF45E801AEEB4021B90C007
C083C082E0FE7401A807088002C333D8
FCF45ED082D083F022C0E0C0F0C083C0
82C0D075D000C000C001C002C003C004
C005C006C00790C809E030E01790C808
E030E010A37401F09000E012037CE94A
605D805890C809E030E11790C808E030
E110A37402F09000E312037CE94A603F
803A90C809E030E21790C808E030E210
A37404F09000E612037CE94A6021801C
90C809E030E31890C808E030E311A374
08F09000E912037CE94A6003120405D0
07D006D005D004D003D002D001D000D0
D0D082D083D0F0D0E0329000D012039C
90C9057407F0EF6401704FED24FE601C
14602E2402703D9000D012037C9000EC
12039C90C904E04401F080289000D012
037C9000EF12039C90C904E04402F080
139000D012037C9000F212039C90C904
E04404F0D2AF43B80122ED24FE601B14
602C2402703B9000D012037C9000EC12
039C90C904E044FEF0229000D012037C
9000EF12039C90C904E044FDF0229000
D012037C9000F212039C90C904E044FB
F0229000D012039C90CA057407F0EF64
01704FED24FE601C14602E2402703D90
00D012037C9000F512039C90CA04E044
01F080289000D012037C9000F812039C
90CA04E04402F080139000D012037C90
00FB12039C90CA04E04404F0D2AF43B8
0422ED24FE601B14602C2402703B9000
D012037C9000F512039C90CA04E044FE
F0229000D012037C9000F812039C90CA
04E044FDF0229000D012037C9000FB12
039C90CA04E044FBF022C0E0C0F0C083
C082C0D075D000C000C001C002C003C0
04C005C006C00790C905E030E01C90C9
04E030E0159000EC12037CE94A600312
040590C9057401F0804C90C905E030E1
1C90C904E030E1159000EF12037CE94A
600312040590C9057402F0802990C905
E030E21C90C904E030E2159000F21203
7CE94A600312040590C9057404F08006
90C9057407F0D007D006D005D004D003
D002D001D000D0D0D082D083D0F0D0E0
32C0E0C0F0C083C082C0D075D000C000
C001C002C003C004C005C006C00790CA
05E030E01C90CA04E030E0159000F512
037CE94A600312040590CA057401F080
4C90CA05E030E11C90CA04E030E11590
00F812037CE94A600312040590CA0574
02F0802990CA05E030E21C90CA04E030
E2159000FB12037CE94A600312040590
CA057404F0800690CA057407F0D007D0
06D005D004D003D002D001D000D0D0D0
82D083D0F0D0E032C0E0C0F0C083C082
C0D075D000C000C001C002C003C004C0
05C006C00790CB05E030E01C90CB04E0
30E0159000FE12037CE94A6003120405
90CB057401F0804C90CB05E030E11C90
CB04E030E11590010112037CE94A6003
12040590CB057402F0802990CB05E030
E21C90CB04E030E21590010412037CE9
4A600312040590CB057404F0800690CB
057407F0D007D006D005D004D003D002
D001D000D0D0D082D083D0F0D0E03290
C018E4F07F08120066E4FD7F08120FE2
E4FD7F0812105B7D017F081210D490C0
1AE4F07F0A120066E4FD7F0A120FE2E4
FD7F0A12105B7D017F0A1210D47F0B12
00667D017F0B120FE2E4FD7F0B12105B
7D017F0B1208F17BFF7A0079227D017F
0B12083143AE4090C01C7420F0E4FD7F
0C1209A590C01DE4F07F0D1200667D01
7F0D120FE27D017F0D0208F1787FE4F6
D8FD758120020F2302123BE493A3F8E4
93A34003F68001F208DFF48029E493A3
F85407240CC8C333C4540F4420C88340
04F456800146F6DFE4800B0102040810
2040809005D7E47E019360BCA3FF543F
30E509541FFEE493A360010ECF54C025
E060A840B8E493A3FAE493A3F8E493A3
C8C582C8CAC583CAF0A3C8C582C8CAC5
83CADFE9DEE780BEEF1203A50F88010F
92020F9C040FA6080FB0100FBA200FC4
400FCE8000000FD8E5B454F04401F5B4
8049E5B454F04402F5B4803FE5B454F0
4403F5B48035E5B454F04404F5B4802B
E5B454F04405F5B48021E5B454F04406
F5B48017E5B454F04407F5B4800DE5B4
54F04408F5B4800353B4F053ADFB43AD
0422EF131313541FFEEF5407FFED6034
EE700D04A807088002C333D8FC42F922
EEB4010E7401A807088002C333D8FC42
FA22EE6402704304A807088002C333D8
FC42FB22EE700E04A807088002C333D8
FCF452F922EEB4010F7401A807088002
C333D8FCF452FA22EEB4020E7401A807
088002C333D8FCF452FB22EF13131354
1FFEEF5407FFED6034EE700D04A80708
8002C333D8FC429722EEB4010E7401A8
07088002C333D8FC42E522EE64027043
04A807088002C333D8FC42FC22EE700E
04A807088002C333D8FCF4529722EEB4
010F7401A807088002C333D8FCF452E5
22EEB4020E7401A807088002C333D8FC
F452FC22EF131313541FFEEF5407FFED
6034EE700D04A807088002C333D8FC42
8022EEB4010E7401A807088002C333D8
FC429022EE6402704304A807088002C3
33D8FC42A022EE700E04A807088002C3
33D8FCF4528022EEB4010F7401A80708
8002C333D8FCF4529022EEB4020E7401
A807088002C333D8FCF452A0229000D4
12033FE47F10FEFDFC9000D81202FE12
01619000DC12033FE47B02FAF9F89000
DC1202F21201EC9000D41202FE120154
9000DC1202FE1201EC9000DC12033F90
00DC1202FEC3E49BFF74049AFEE499FD
E498FC9000DC12033F9000DC1202F278
0812029CAB079000DC1202F2EB5403F5
BA8FAA22C0E0C0F0C083C082C0D075D0
00C000C001C002C003C004C005C006C0
07E5C830E11053C8FD90010712037CE9
4A6003120405E5C930E11053C9FD9001
0A12037CE94A6003120405E5CA30E110
53CAFD90010D12037CE94A6003120405
D007D006D005D004D003D002D001D000
D0D0D082D083D0F0D0E032121533120E
4F1214D97D0F7C007F647E001213BA7B
FF7A0079217D017F01120B0A1215487D
0F7C007F647E001213F37BFF7A15793E
7D017F01120BB21215509000D47401F0
7B047A00E4FD7F011214637F03120006
7F06120094E4FF1215047F011214F27F
0112152780FEC0E0C0F0C083C082C0D0
75D000C000C001C002C003C004C005C0
06C007E5F630E00D90011C12037CE94A
600312040575F601D007D006D005D004
D003D002D001D000D0D0D082D083D0F0
D0E032C0E0C0F0C083C082C0D075D000
C000C001C002C003C004C005C006C007
30980F90011912037CE94A6003120405
C298D007D006D005D004D003D002D001
D000D0D0D082D083D0F0D0E032EF1313
13541FFEEF5407FFEE700E04A8070880
02C333D8FCF452E122EEB4010F7401A8
07088002C333D8FCF452E222EEB4020E
7401A807088002C333D8FCF452E322EF
131313541FFEEF5407FFEE700DE5E1A8
07088002C313D8FC801CEEB4010DE5E2
A807088002C313D8FC800BE5E3A80708
8002C313D8FC5401FF22AB07AA0643DF
0843E70890C900E04440F0EC90C90DF0
ED90C90CF0EB24FFEA34FF90C90FF0EB
1490C90EF090C9067401F090C905E044
01F022AB07AA0643DF2043E72090CA00
E04440F0EC90CA0DF0ED90CA0CF0EB24
FFEA34FF90CA0FF0EB1490CA0EF090CA
067401F090CA05E04401F0229000D012
033F43DE0143E601439E01E4900118F0
C29FD29EC299C2989000D01202F29000
D812033F9001141202F212114DD29C53
F33F229000D4E06401702743DE1043E6
10EFC4333354C0FFE5AC54BF4FF5ACE4
F5FEF5FFEBF5FEEAF5FFE5FD54FE4DF5
FD2253DEEF53E6EF2212002690005FE4
75F00112013EFC741C25F0F58274003C
F583EFF090005C7401F022C0E0C083C0
82E5A630E30990011F7401F075A32075
A3FFD082D083D0E032E490005CF0FF7E
C27D01FC12142C7BFF7A1479997F0102
1516EFB4010753ADFE53ADFD2243AD02
43AD012243AC20EF700553ACFD800343
AC0253B5FE22EFB4010AD2AFD2AC9001
1902039CC2AC22EFB4010443AC012253
ACFE227F007E247DF47C000207069000
ABE475F00102012890C900E04401F022
90CA00E04401F022

---------- Code Information -----------
Code Entrance:      0x00000000 
Code Run Entrance:  0x00000000 
Code Size:          0x00001558 
Code CRC Value:     0x4E8C 
