020F0402043353F7F8EF24FC600B1460
0C2402700B43F7032243F7042243F705
22222202131BAF9922FFFF0211ECFFFF
FFFFFF0212CEE5B7540FFEAFB6D3EF94
01EE9400400774052FFFE43EFED3EF94
FFEE940F40047E0F7FFF220214E3FFFF
FFFFFF020A7EEF131313541FFEEF5407
9000D0F0EE700743DF0143E70122EEB4
010743DF0243E70222EEB4020643DF04
43E70422EF8FF553B4EF22020DCDFFFF
FFFFFF020D26FFFFFFFFFF020C7FBB01
0689828A83E0225002E722BBFE02E322
89828A83E49322BB010CE58229F582E5
833AF583E0225006E92582F8E622BBFE
06E92582F8E222E58229F582E5833AF5
83E49322BB010689828A83F0225002F7
22BBFE01F322F8BB010DE58229F582E5
833AF583E8F0225006E92582C8F622BB
FE05E92582C8F222C5F0F8A3E028F0C5
F0F8E582158270021583E038F022A3F8
E0C5F025F0F0E582158270021583E0C8
38F0E822EF2BFFEE3AFEED39FDEC38FC
22E88FF0A4CC8BF0A42CFCE98EF0A42C
FC8AF0EDA42CFCEA8EF0A4CDA8F08BF0
A42DCC3825F0FDE98FF0A42CCD35F0FC
EB8EF0A4FEA9F0EB8FF0A4CFC5F02ECD
39FEE43CFCEAA42DCE35F0FDE43CFC22
75F008758200EF2FFFEE33FECD33CDCC
33CCC58233C5829BED9AEC99E5829840
0CF582EE9BFEED9AFDEC99FC0FD5F0D6
E4CEFBE4CDFAE4CCF9A88222B800C1B9
0059BA002DEC8BF084CFCECDFCE5F0CB
F97818EF2FFFEE33FEED33FDEC33FCEB
33FB10D703994004EB99FB0FD8E5E4F9
FA227818EF2FFFEE33FEED33FDEC33FC
C933C910D7059BE99A4007EC9BFCE99A
F90FD8E0E4C9FAE4CCFB2275F010EF2F
FFEE33FEED33FDCC33CCC833C810D707
9BEC9AE899400AED9BFDEC9AFCE899F8
0FD5F0DAE4CDFBE4CCFAE4C8F922EF4B
FFEE4AFEED49FDEC48FC22EB9FF5F0EA
9E42F0E99D42F0E89C45F022E8600FEC
C313FCED13FDEE13FEEF13FFD8F122E8
600FEFC333FFEE33FEED33FDEC33FCD8
F122BB010DE58229F582E5833AF58302
02F25007E92582F802040BBBFE07E925
82F8020417E58229F582E5833AF58302
0423E0FCA3E0FDA3E0FEA3E0FF22E0F8
A3E0F9A3E0FAA3E0FB227401FF3395E0
FEFDFCA3A3A3E0CF2FF0E58215827002
1583E0CE3EF0E582158270021583E0CD
3DF0E582158270021583E0CC3CF022EC
F0A3EDF0A3EEF0A3EFF022A8828583F0
D083D082120362120362120362120362
E473E493A3C583C5F0C583C8C582C8F0
A3C583C5F0C583C8C582C822E0FBA3E0
FAA3E0F922F8E0FBA3A3E0F925F0F0E5
82158270021583E0FA38F022EBF0A3EA
F0A3E9F022D083D082F8E49370127401
93700DA3A393F8740193F5828883E473
7402936860EFA3A3A380DFD083D082E4
937012740193700DA3A393F8740193F5
828883E4737402936C70127403936D70
0C7404936E70067405936F60DDA3A3A3
A3A3A380CA8A838982E473E6FC08E6FD
08E6FE08E6FF22E2FC08E2FD08E2FE08
E2FF22E493FC740193FD740293FE7403
93FF22C0E0C0F0C083C082C0D075D000
C000C001C002C003C004C005C006C007
7F0B1213A7EF70030205D57F04120F90
E5AD20E2FBE5F630E0FB75F601120036
9000C4EEF0A3EFF0C39000C5E094AC90
00C4E0940D4015A3E094FF9000C4E094
0F50099000C2E4F0A3F08073C39000C5
E094B89000C4E0940B4018A3E094AC90
00C4E0940D500C9000C27403F0A374E8
F0804CC39000C5E094C49000C4E09409
4018A3E094B89000C4E0940B500C9000
C27407F0A374D0F08025C39000C5E094
D09000C4E094074016A3E094C49000C4
E09409500A9000C2740BF0A374B8F07F
02120F90E5AD20E2FBE5F630E0FB75F6
011200369000B5EEF0A3EFF07F02120F
90E5AD20E2FBE5F630E0FB75F6011200
369000B5EEF0A3EFF07F02120F90E5AD
20E2FBE5F630E0FB75F6011200369000
B5EEF0A3EFF09000C2E0FEA3E0FFC390
00B6E09F9000B5E09E405AA3E094FF90
00B5E0947F504E9000CBE014603D0470
449000CCE475F0011201289000CCE070
04A3E06402702E7D017F0A1210FC7D01
7F081210FC90C90AE0E4F0A3E0E4F090
00CB04F0A3E4F0A3F0800A90C90AE0E4
F0A3E0E4F07F0B121365D007D006D005
D004D003D002D001D000D0D0D082D083
D0F0D0E0324401140000000044011000
0000004200CE1F404200BCFA004200B3
00004200B500004200C400004200C200
644400C6000000004200AF00004200AD
00004400BE000000004200B700004200
CC00004200B10000C103C1044200B900
004100BB004100CA004200AB00004100
CB006048006300000000000000000000
00000000000000000000000000000000
00000000000000000000000000000000
00000000000000000000000000000000
00000000000000000000000000004101
180043011900000043011C0000004900
EC0000000000000000004900F5000000
0000000000004900FE00000000000000
00004C00E00000000000000000000000
0041011F004901070000000000000000
0041001B004100040044000000000000
420005000042005D000242005F000042
00610000C102C101C100009000D01203
3F9000D412034B0000000043F804E5F8
30E5FB9091AAE0FFE4FCFDFE78101202
AFC004C005C006C007A3E0FFE4FCFDFE
78181202AFD003D002D001D00012027E
C004C005C006C0079091A9E0FFE4FCFD
FE78081202AFD003D002D001D0001202
7EA804A905AA06AB079091A8E0FFE4FC
FDFE12027E90011012033F7FC07E0A7D
707C019001101202FED312028B50167F
407E617D6C7C019001101202FEC31202
8B4002801274FFFFFEFDFC9001101202
FEC312028B700C9000D412034B02DC6C
008015E47F02FEFDFC9001101202FE12
01619000D412033F9000D01202F21203
CB083700B71B00082F00F42400082701
6E36000000082F75EE01E47B02800E75
EE02E47B03800675EE03E47B04FAF9F8
9000D41202F21201EC90011412033F53
F8FE53D9F822AC07EF131313541F9000
D0F0EF5407A3F0ED6060EC75F003A424
63F582E43400F58312039CD2AFD2A812
13659000D0E0FF7011A3E0FE7401A806
088002C333D8FC42E922EFB401139000
D1E0FF7401A807088002C333D8FC42EA
229000D0E06402705CA3E0FF7401A807
088002C333D8FC42EB22C2A89000D0E0
FF7012A3E0FE7401A806088002C333D8
FCF452E922EFB401149000D1E0FF7401
A807088002C333D8FCF452EA229000D0
E0B40211A3E0FF7401A807088002C333
D8FCF452EB22EF131313541FFEEF5407
FFED604FEE701690C000C083C082E0FE
7401A807088002C333D8FC8033EEB401
1690C001C083C082E0FE7401A8070880
02C333D8FC8019EE6402706D90C002C0
83C082E0FE7401A807088002C333D8FC
4E8051EE701890C000C083C082E0FE74
01A807088002C333D8FCF45E8036EEB4
011890C001C083C082E0FE7401A80708
8002C333D8FCF45E801AEEB4021B90C0
02C083C082E0FE7401A807088002C333
D8FCF45ED082D083F022EF131313541F
FEEF5407FFED604FEE701690C005C083
C082E0FE7401A807088002C333D8FC80
33EEB4011690C006C083C082E0FE7401
A807088002C333D8FC8019EE6402706D
90C007C083C082E0FE7401A807088002
C333D8FC4E8051EE701890C005C083C0
82E0FE7401A807088002C333D8FCF45E
8036EEB4011890C006C083C082E0FE74
01A807088002C333D8FCF45E801AEEB4
021B90C007C083C082E0FE7401A80708
8002C333D8FCF45ED082D083F022C0E0
C0F0C083C082C0D075D000C000C001C0
02C003C004C005C006C00790C809E030
E01790C808E030E010A37401F09000E0
12037CE94A605D805890C809E030E117
90C808E030E110A37402F09000E31203
7CE94A603F803A90C809E030E21790C8
08E030E210A37404F09000E612037CE9
4A6021801C90C809E030E31890C808E0
30E311A37408F09000E912037CE94A60
03120405D007D006D005D004D003D002
D001D000D0D0D082D083D0F0D0E03290
00D012039C90C9057407F0EF6401704F
ED24FE601C14602E2402703D9000D012
037C9000EC12039C90C904E04401F080
289000D012037C9000EF12039C90C904
E04402F080139000D012037C9000F212
039C90C904E04404F0D2AF43B80122ED
24FE601B14602C2402703B9000D01203
7C9000EC12039C90C904E044FEF02290
00D012037C9000EF12039C90C904E044
FDF0229000D012037C9000F212039C90
C904E044FBF0229000D012039C90CA05
7407F0EF6401704FED24FE601C14602E
2402703D9000D012037C9000F512039C
90CA04E04401F080289000D012037C90
00F812039C90CA04E04402F080139000
D012037C9000FB12039C90CA04E04404
F0D2AF43B80422ED24FE601B14602C24
02703B9000D012037C9000F512039C90
CA04E044FEF0229000D012037C9000F8
12039C90CA04E044FDF0229000D01203
7C9000FB12039C90CA04E044FBF022C0
E0C0F0C083C082C0D075D000C000C001
C002C003C004C005C006C00790C905E0
30E01C90C904E030E0159000EC12037C
E94A600312040590C9057401F0804C90
C905E030E11C90C904E030E1159000EF
12037CE94A600312040590C9057402F0
802990C905E030E21C90C904E030E215
9000F212037CE94A600312040590C905
7404F0800690C9057407F0D007D006D0
05D004D003D002D001D000D0D0D082D0
83D0F0D0E032C0E0C0F0C083C082C0D0
75D000C000C001C002C003C004C005C0
06C00790CA05E030E01C90CA04E030E0
159000F512037CE94A600312040590CA
057401F0804C90CA05E030E11C90CA04
E030E1159000F812037CE94A60031204
0590CA057402F0802990CA05E030E21C
90CA04E030E2159000FB12037CE94A60
0312040590CA057404F0800690CA0574
07F0D007D006D005D004D003D002D001
D000D0D0D082D083D0F0D0E032C0E0C0
F0C083C082C0D075D000C000C001C002
C003C004C005C006C00790CB05E030E0
1C90CB04E030E0159000FE12037CE94A
600312040590CB057401F0804C90CB05
E030E11C90CB04E030E1159001011203
7CE94A600312040590CB057402F08029
90CB05E030E21C90CB04E030E2159001
0412037CE94A600312040590CB057404
F0800690CB057407F0D007D006D005D0
04D003D002D001D000D0D0D082D083D0
F0D0E03290C018E4F07F08120066E4FD
7F0812100AE4FD7F081210837D017F08
1210FC90C01AE4F07F0A120066E4FD7F
0A12100AE4FD7F0A1210837D017F0A12
10FC7F0B1200667D017F0B12100AE4FD
7F0B1210837D017F0B1209167BFF7A00
79227D017F0B12085653AE7F43AE4090
C01C7420F0E4FD7F0C1209CA90C01DE4
F07F0D1200667D017F0D12100A7D017F
0D020916787FE4F6D8FD758120020F4B
021263E493A3F8E493A34003F68001F2
08DFF48029E493A3F85407240CC8C333
C4540F4420C8834004F456800146F6DF
E4800B01020408102040809005F5E47E
019360BCA3FF543F30E509541FFEE493
A360010ECF54C025E060A840B8E493A3
FAE493A3F8E493A3C8C582C8CAC583CA
F0A3C8C582C8CAC583CADFE9DEE780BE
EF1203A50FB0010FBA020FC4040FCE08
0FD8100FE2200FEC400FF68000001000
E5B454F04401F5B48049E5B454F04402
F5B4803FE5B454F04403F5B48035E5B4
54F04404F5B4802BE5B454F04405F5B4
8021E5B454F04406F5B48017E5B454F0
4407F5B4800DE5B454F04408F5B48003
53B4F053ADFB43AD0422EF131313541F
FEEF5407FFED6034EE700D04A8070880
02C333D8FC42F922EEB4010E7401A807
088002C333D8FC42FA22EE6402704304
A807088002C333D8FC42FB22EE700E04
A807088002C333D8FCF452F922EEB401
0F7401A807088002C333D8FCF452FA22
EEB4020E7401A807088002C333D8FCF4
52FB22EF131313541FFEEF5407FFED60
34EE700D04A807088002C333D8FC4297
22EEB4010E7401A807088002C333D8FC
42E522EE6402704304A807088002C333
D8FC42FC22EE700E04A807088002C333
D8FCF4529722EEB4010F7401A8070880
02C333D8FCF452E522EEB4020E7401A8
07088002C333D8FCF452FC22EF131313
541FFEEF5407FFED6034EE700D04A807
088002C333D8FC428022EEB4010E7401
A807088002C333D8FC429022EE640270
4304A807088002C333D8FC42A022EE70
0E04A807088002C333D8FCF4528022EE
B4010F7401A807088002C333D8FCF452
9022EEB4020E7401A807088002C333D8
FCF452A0229000D412033FE47F10FEFD
FC9000D81202FE1201619000DC12033F
E47B02FAF9F89000DC1202F21201EC90
00D41202FE1201549000DC1202FE1201
EC9000DC12033F9000DC1202FEC3E49B
FF74049AFEE499FDE498FC9000DC1203
3F9000DC1202F2780812029CAB079000
DC1202F2EB5403F5BA8FAA22C0E0C0F0
C083C082C0D075D000C000C001C002C0
03C004C005C006C007E5C830E11053C8
FD90010712037CE94A6003120405E5C9
30E11053C9FD90010A12037CE94A6003
120405E5CA30E11053CAFD90010D1203
7CE94A6003120405D007D006D005D004
D003D002D001D000D0D0D082D083D0F0
D0E03212156F120E741215017D0F7C00
7F987E081213E27BFF7A15791A7D017F
01120B2F12157A7D0F7C007F647E0012
141B7BFF7A0079217D017F01120BD712
15829000D47401F07B047A00E4FD7F01
12148B7F031200067F06120094E4FF12
15407F0112152E7F0112156380FEC0E0
C0F0C083C082C0D075D000C000C001C0
02C003C004C005C006C007E5F630E00D
90011C12037CE94A600312040575F601
D007D006D005D004D003D002D001D000
D0D0D082D083D0F0D0E032C0E0C0F0C0
83C082C0D075D000C000C001C002C003
C004C005C006C00730980F9001191203
7CE94A6003120405C298D007D006D005
D004D003D002D001D000D0D0D082D083
D0F0D0E032EF131313541FFEEF5407FF
EE700E04A807088002C333D8FCF452E1
22EEB4010F7401A807088002C333D8FC
F452E222EEB4020E7401A807088002C3
33D8FCF452E322EF131313541FFEEF54
07FFEE700DE5E1A807088002C313D8FC
801CEEB4010DE5E2A807088002C313D8
FC800BE5E3A807088002C313D8FC5401
FF22AB07AA0643DF0843E70890C900E0
4440F0EC90C90DF0ED90C90CF0EB24FF
EA34FF90C90FF0EB1490C90EF090C906
7401F090C905E04401F022AB07AA0643
DF2043E72090CA00E04440F0EC90CA0D
F0ED90CA0CF0EB24FFEA34FF90CA0FF0
EB1490CA0EF090CA067401F090CA05E0
4401F0229000D012033F43DE0143E601
439E01E4900118F0C29FD29EC299C298
9000D01202F29000D812033F90011412
02F2121175D29C53F33F229000D4E064
01702743DE1043E610EFC4333354C0FF
E5AC54BF4FF5ACE4F5FEF5FFEBF5FEEA
F5FFE5FD54FE4DF5FD2253DEEF53E6EF
2212002690005FE475F00112013EFC74
1C25F0F58274003CF583EFF090005C74
01F022C0E0C083C082E5A630E3099001
1F7401F075A32075A3FFD082D083D0E0
32E490005CF0FF7EC27D01FC1214547B
FF7A1479C17F01021552E4FD7F0A1210
FCE4FD7F081210FCE49000CBF022EFB4
010753ADFE53ADFD2243AD0243AD0122
43AC20EF700553ACFD800343AC0253B5
FE22EFB4010AD2AFD2AC90011902039C
C2AC22EFB4010443AC012253ACFE227F
007E247DF47C0002072B90C900E04401
F02290CA00E04401F022FFFF

---------- Code Information -----------
Code Entrance:      0x00000000 
Code Run Entrance:  0x00000000 
Code Size:          0x0000158C 
Code CRC Value:     0xEAE7 
