021586D3900316E09464900315E09400
400DA3E0249CFF900315E034FFFE22E4
FEFF22021A6DAB07021CB00218F2FFFF
FFFFFF021A207D177C0074FFFFFE121B
8190C904E4F0A37407F090C90AE4F0A3
F0021D3490C9057407F022021C77FFFF
FFFFFF0212E0EF131313541FFEEF5407
90040CF0EE700743DF0143E70122EEB4
010743DF0243E70222EEB4020643DF04
43E70422EF8FF553B4EF220214DFFFFF
FFFFFF021438FFFFFFFFFF021391BB01
0689828A83E0225002E722BBFE02E322
89828A83E49322BB010CE58229F582E5
833AF583E0225006E92582F8E622BBFE
06E92582F8E222E58229F582E5833AF5
83E49322BB010689828A83F0225002F7
22BBFE01F322F8BB010DE58229F582E5
833AF583E8F0225006E92582C8F622BB
FE05E92582C8F222C5F0F8A3E028F0C5
F0F8E582158270021583E038F022A3F8
E0C5F025F0F0E582158270021583E0C8
38F0E822BB0110E58229F582E5833AF5
83E0F5F0A3E0225009E92582F886F008
E622BBFE0AE92582F8E2F5F008E222E5
832AF583E993F5F0A3E99322EF2BFFEE
3AFEED39FDEC38FC22C3EF9BFFEE9AFE
ED99FDEC98FC22E88FF0A4CC8BF0A42C
FCE98EF0A42CFC8AF0EDA42CFCEA8EF0
A4CDA8F08BF0A42DCC3825F0FDE98FF0
A42CCD35F0FCEB8EF0A4FEA9F0EB8FF0
A4CFC5F02ECD39FEE43CFCEAA42DCE35
F0FDE43CFC2275F008758200EF2FFFEE
33FECD33CDCC33CCC58233C5829BED9A
EC99E58298400CF582EE9BFEED9AFDEC
99FC0FD5F0D6E4CEFBE4CDFAE4CCF9A8
8222B800C1B90059BA002DEC8BF084CF
CECDFCE5F0CBF97818EF2FFFEE33FEED
33FDEC33FCEB33FB10D703994004EB99
FB0FD8E5E4F9FA227818EF2FFFEE33FE
ED33FDEC33FCC933C910D7059BE99A40
07EC9BFCE99AF90FD8E0E4C9FAE4CCFB
2275F010EF2FFFEE33FEED33FDCC33CC
C833C810D7079BEC9AE899400AED9BFD
EC9AFCE899F80FD5F0DAE4CDFBE4CCFA
E4C8F922EF4BFFEE4AFEED49FDEC48FC
22EB9FF5F0EA9E42F0E99D42F0E89C45
F022E8600FECC313FCED13FDEE13FEEF
13FFD8F122E8600FEFC333FFEE33FEED
33FDEC33FCD8F122BB010DE58229F582
E5833AF5830203385007E92582F80204
7EBBFE07E92582F802048AE58229F582
E5833AF583020496E0FCA3E0FDA3E0FE
A3E0FF22E0F8A3E0F9A3E0FAA3E0FB22
7401FF3395E0FEFDFCA3A3A3E0CF2FF0
E582158270021583E0CE3EF0E5821582
70021583E0CD3DF0E582158270021583
E0CC3CF022ECF0A3EDF0A3EEF0A3EFF0
22A8828583F0D083D0821203A81203A8
1203A81203A8E473E493A3C583C5F0C5
83C8C582C8F0A3C583C5F0C583C8C582
C822E0FBA3E0FAA3E0F922F8E0FBA3A3
E0F925F0F0E582158270021583E0FA38
F022EBF0A3EAF0A3E9F022D083D082F8
E4937012740193700DA3A393F8740193
F5828883E4737402936860EFA3A3A380
DFD083D082E4937012740193700DA3A3
93F8740193F5828883E4737402936C70
127403936D700C7404936E7006740593
6F60DDA3A3A3A3A3A380CA8A838982E4
73EC8EF0A4CCC5F0CCCDF8EFA4CEC5F0
2DFDE43CFCE8A42EC8C5F03DFDE43CFC
EFA4FFE5F028FEE43DFDE43CFC22E6FC
08E6FD08E6FE08E6FF22E2FC08E2FD08
E2FE08E2FF22E493FC740193FD740293
FE740393FF22E508240FF582E43404F5
83E005082290040C30070390040FE475
F0011203CB0200AE2000E97F2ED20080
18EF540F2490D43440D4FF30040BEF24
BFB41A0050032461FFE5096002150905
0CE50C7002050B30070E90040CE475F0
011203CBEF0200F40200267403D20780
03E4C207F50890040C1203E2E4F509F5
0BF50CE50960077F201204E980F5750A
FFC201C200C202C203C205C206C20812
04B5FF700D3007057F001204FAAF0CAE
0B22B4255FC2D5C2041204B5FF24D0B4
0A00501A75F00A780930D50508B6FF01
06C6A426F620D5047002D20380D924CF
B41A00EF5004C2E5D2040206FBD20180
C6D20080C0D20280BCD2D580BAD20580
B47F201204E92002077401B5090040F1
1204A6FF1204E9020523D208D2068095
1204A6FB1204A6FA1204A6F94A4B7006
79CC7A077BFF20022EE509602A7E008E
827583001200C760060EEE650A70F0C2
D5EBC0E0EAC0E0E9C0E0EE120742D0E0
F9D0E0FAD0E0FB1200AEFF60AAEBC0E0
EAC0E0E9C0E01204E9D0E02401F9D0E0
3400FAD0E0FBE50A0460DCD50AD98087
7BFF7A07793ED202809C791080027908
C206C2088008D2D5790A8004790AC2D5
E50A047002F50AE4FAFDFEFF1204A6FC
7B082001131204A6FD7B1030000A1204
A6FE1204A6FF7B20EC3382D592D55013
C3E43000069FFFE49EFEE42001039DFD
E49CFCE4CBF8C201EC700CCFCECDCCE8
24F8F870F38017C3EF33FFEE33FEED33
FDEC33FCEB33FB994002FB0FD8E9EB30
0105F8D0E0C448B201C0E00AEC4D4E4F
78207B0070C2EAB50A0040BCC0E01207
44D0F0D0E0200104C4C0E0C4B201C0F0
1204D2D0F0D5F0EB0205231203EB05C0
53063A5805914C058D42063E4F064644
06464905A643064C5506304606304506
304707EC5005952D05992E05BC2B059D
2305BA2007D52A055548000005B43F3F
3F00790AA2D5200314300509B9100204
04B9080104A2D5200602500104200268
9202B509005034C0E07F203003197F30
A20272067205500F12079BC202C206C2
05C2087F30800F300503E9C0E01204E9
300503D0E0F9D0E0B509CC3005177F30
B9100C1204E97F583004077F788003B9
08031204E93002057F2D0204E97F2020
08F87F2B2006F322920280CF286E756C
6C2900D2011204A63001F8C201780930
D50108F60205552D504349581204A624
03B405004001E49007E7931204DA743A
1204DAD20375090402063A900350E0FF
A3E0900412CFF0A3EFF0E490041EF0C3
900413E09410900412E09400500CE490
034FF090035BF0A3F022900000E0FEA3
E0FF90035DEEF0A3EFF090035FEEF0A3
EFF090040C12039100000000E4900410
F0A3F0900412E0FEA3E0FF900410E0FC
A3E0FDC39FEC9E4003020916ED25E0FF
EC33FE74002FF58274003EF583E0FEA3
E0FF90035DE0FCA3E0FDC3EF9DEE9C50
0890035DEEF0A3EFF090035FE0FCA3E0
FDD3EF9DEE9C4023900411E025E0FF90
0410E033FE74002FF58274003EF583E0
FFA3E090035FCFF0A3EFF090040C1203
44900411E025E0FF900410E033FE7400
2FF58274003EF583E0FEA3E0FFE4FCFD
12018C90040C120385900410E475F001
120128020863900412E0FEA3E0FFFBAA
06E4F9F890040C120338120232900355
EEF0A3EFF07B017A007900900412E0FC
A3E0FD9004247406F0120AB3900416EE
F0A3EFF07B017A007900900412E0FCA3
E0FD9004247418F0120C38900414EEF0
A3EFF0A3E0FCA3E0FDD39FEC9E401690
0414E0FEA3E0FFED9FFFEC9E90035BF0
A3EFF08007E490035BF0A3F0900414E0
FFA3E090030FCFF0A3EFF090034DECF0
A3EDF0900315E0FFA3E0900418CFF0A3
EFF012000390041AEEF0A3EFF0900347
E060407B017A007900900412E0FCA3E0
FDA3E0FFA3E0900424CFF0A3EFF09004
1A12121690041CEEF0A3EFF090041AE0
FEA3E0FFC390035CE09F90035BE09E40
46803E7B017A007900900412E0FCA3E0
FDA3E0FFA3E0900424CFF0A3EFF09004
1812121690041CEEF0A3EFF0900418E0
FEA3E0FFC390035CE09F90035BE09E40
0690041E7401F090041CE0FFA3E09003
4BCFF0A3EFF0900412E0FEA3E0FF7C00
7D23120451E47B64FAF9F8120232C3EF
9402EE940050047E007F0290041CE0FC
A3E0FDC39402EC94005003E4A3F0D3ED
9FEC9E4005E490041EF090041EE09003
4FF022900422ECF0A3EDF0E4900428F0
900425F0A3F0900422E0FEA3E0FFC390
0426E09F900425E09E4003020BD19004
24E0FF900428E0FDC39F502F900426E0
25E0FF900425E0338F82F583120154FF
ED25E02400F582E43403F583E5F0F0A3
EFF0900428E004F0020BC4E4900429F0
90042704F0900424E0FF900427E0FEC3
9F503A900429E025E02400F582E43403
F583E0FCA3E0FDEE25E02400F582E434
03F583E0FEA3E0C39DEE9C5008900427
E0900429F0900427E004F080B8900426
E025E0FF900425E0338F82F583120154
FF900429E025E02400F582E43403F583
E0FCA3E0C39FEC95F05029900426E025
E0FF900425E0338F82F583120154FF90
0429E025E02400F582E43403F583E5F0
F0A3EFF0900425E475F001120128020A
C6900428E07003FEFF2290042A120391
00000000E4900427F0900428E0FF9004
27E0C39F502E90042A120344900427E0
25E02400F582E43403F583E0FEA3E0FF
E4FCFD12018C90042A120385900427E0
04F080C5900428E0FFFBE4FAF9F89004
2A12033812023222900422ECF0A3EDF0
E4900428F0900425F0A3F0900422E0FE
A3E0FFC3900426E09F900425E09E4003
020D56900424E0FF900428E0FDC39F50
2F900426E025E0FF900425E0338F82F5
83120154FFED25E02417F582E43403F5
83E5F0F0A3EFF0900428E004F0020D49
E4900429F090042704F0900424E0FF90
0427E0FEC39F503A900429E025E02417
F582E43403F583E0FCA3E0FDEE25E024
17F582E43403F583E0FEA3E0D39DEE9C
4008900427E0900429F0900427E004F0
80B8900426E025E0FF900425E0338F82
F583120154FF900429E025E02417F582
E43403F583E0FCA3E0D39FEC95F04029
900426E025E0FF900425E0338F82F583
120154FF900429E025E02417F582E434
03F583E5F0F0A3EFF0900425E475F001
120128020C4B900428E07003FEFF2290
042A12039100000000E4900427F09004
28E0FF900427E0C39F502E90042A1203
44900427E025E02417F582E43403F583
E0FEA3E0FFE4FCFD12018C90042A1203
85900427E004F080C5900428E0FFFBE4
FAF9F890042A12033812023222440468
00000000440464000000004203520000
42030D00004203150320420350000041
03490042035D000042035F0000420355
000042030F000042034D000042035B00
0042034B000041034F00410347004103
0C004103540041034800440311000019
0041034A004203570000420359000060
4803C400000000000000000000000000
00000000000000000000000000000000
00000000000000000000000000000000
00000000000000000000000000000000
000000000000000000000041046C0043
046D0000004304700000004904400000
00000000000000490449000000000000
0000004904520000000000000000004C
04340000000000000000000000004104
730049045B0000000000000000004103
7C004103650044036100000000420366
00004203BE00024203C000004203C200
00C10BC10AC1090090040C1203859004
101203910000000043F804E5F830E5FB
9091AAE0FFE4FCFDFE78101202F5C004
C005C006C007A3E0FFE4FCFDFE781812
02F5D003D002D001D0001202C4C004C0
05C006C0079091A9E0FFE4FCFDFE7808
1202F5D003D002D001D0001202C4A804
A905AA06AB079091A8E0FFE4FCFDFE12
02C49004641203857FC07E0A7D707C01
900464120344D31202D150167F407E61
7D6C7C01900464120344C31202D14002
801274FFFFFEFDFC900464120344C312
02D1700C90041012039102DC6C008015
E47F02FEFDFC9004641203441201A790
041012038590040C1203381204111004
00B71B000FFC00F424000FF4016E3600
00000FFC75EE01E47B02800E75EE02E4
7B03800675EE03E47B04FAF9F8900410
12033812023290046812038553F8FE53
D9F822900359E475F001120128C39003
5AE09454900359E09400500302113FE4
F0A3F07BFF7A1D793C900352E0FFA3E0
90040FCFF0A3EFF090030DE0FFA3E090
0411CFF0A3EFF0900315E0FFA3E09004
13CFF0A3EFF0900350E0FFA3E0900415
CFF0A3EFF090035DE0FFA3E0900417CF
F0A3EFF090035FE0FFA3E0900419CFF0
A3EFF0900355E0FFA3E090041BCFF0A3
EFF090030FE0FFA3E090041DCFF0A3EF
F090034DE0FFA3E090041FCFF0A3EFF0
90035BE0FFA3E0900421CFF0A3EFF090
034BE0FFA3E0900423CFF0A3EFF09003
4FE0FF900425E4F0A3EFF0900354E0FF
900427E4F0A3EFF0900348E0FF900429
E4F0A3EFF0900347E0FF90042BE4F0A3
EFF090030CE0FF90042DE4F0A3EFF090
0349E0FF90042FE4F0A3EFF012051122
7F04121C51D3EF94FFEE940F40047E0F
7FFF90030DEEF0A3EFF0121B4390040C
EEF0A3EFF090034AE0702404F090040C
E0FAA3E0FBFFAE02E4FCFD78031202F5
900311120385900315EAF0A3EBF02290
0311120338C004C005C006C007900311
12033878031202E2A804A905AA06AB07
D007D006D005D0041201999003111203
8590031112034490040CE0FEA3E0FFE4
FCFD12018C9003111203859003111203
3878031202E2900315EEF0A3EFF0C390
0316E09420900315E094035002800FD3
900316E09420900315E0940340077403
F0A37420F022E0FFA3E0900426CFF0A3
EFF090041F1203E2900422ECF0A3EDF0
E490042AF0A3F0900424E0FEA3E0FBAA
06E4F9F8A3E0FEA3E0FFE4FCFD12018C
E47BFF7A0FC31202D1500C90042C740F
F0A374FFF0801A900426E0FEA3E0FF90
0425E02FFF900424E03E90042CF0A3EF
F0E4900428F0A3F0900422E0FEA3E0FF
900428E0FCA3E0FDC39FEC9E5039ED25
E0FFEC33FE90041F1203C28F828E8312
0154FFD390042DE09F90042CE095F050
0A90042AE475F001120128900428E475
F00112012880B190042AE0FEA3E0FF22
C0E0C0F0C083C082C0D075D000C000C0
01C002C003C004C005C006C00790C809
E030E01790C808E030E010A37401F090
04341203C2E94A605D805890C809E030
E11790C808E030E110A37402F0900437
1203C2E94A603F803A90C809E030E217
90C808E030E210A37404F090043A1203
C2E94A6021801C90C809E030E31890C8
08E030E311A37408F090043D1203C2E9
4A600312044BD007D006D005D004D003
D002D001D000D0D0D082D083D0F0D0E0
32C0E0C0F0C083C082C0D075D000C000
C001C002C003C004C005C006C00790C9
05E030E01C90C904E030E01590044012
03C2E94A600312044B90C9057401F080
4C90C905E030E11C90C904E030E11590
04431203C2E94A600312044B90C90574
02F0802990C905E030E21C90C904E030
E2159004461203C2E94A600312044B90
C9057404F0800690C9057407F0D007D0
06D005D004D003D002D001D000D0D0D0
82D083D0F0D0E032C0E0C0F0C083C082
C0D075D000C000C001C002C003C004C0
05C006C00790CA05E030E01C90CA04E0
30E0159004491203C2E94A600312044B
90CA057401F0804C90CA05E030E11C90
CA04E030E11590044C1203C2E94A6003
12044B90CA057402F0802990CA05E030
E21C90CA04E030E21590044F1203C2E9
4A600312044B90CA057404F0800690CA
057407F0D007D006D005D004D003D002
D001D000D0D0D082D083D0F0D0E032C0
E0C0F0C083C082C0D075D000C000C001
C002C003C004C005C006C00790CB05E0
30E01C90CB04E030E0159004521203C2
E94A600312044B90CB057401F0804C90
CB05E030E11C90CB04E030E115900455
1203C2E94A600312044B90CB057402F0
802990CB05E030E21C90CB04E030E215
9004581203C2E94A600312044B90CB05
7404F0800690CB057407F0D007D006D0
05D004D003D002D001D000D0D0D082D0
83D0F0D0E032787FE4F6D8FD75812102
15CD021AB7E493A3F8E493A34003F680
01F208DFF48029E493A3F85407240CC8
C333C4540F4420C8834004F456800146
F6DFE4800B0102040810204080900DBD
E47E019360BCA3FF543F30E509541FFE
E493A360010ECF54C025E060A840B8E4
93A3FAE493A3F8E493A3C8C582C8CAC5
83CAF0A3C8C582C8CAC583CADFE9DEE7
80BEE490040EF0A3F0900349F0121CFF
121CC6C3EF94B0EE940450577F02121C
5190040CEEF0A3EFF0900352EEF0A3EF
F090040EE0FEA3E0FFC39480EE940150
2A90040CE0FCA3E0FDEF25E0FFEE33FE
74002FF58274003EF583ECF0A3EDF090
040EE475F00112012880A59003497401
F0809D12005490040EE0FFA3E0900350
CFF0A3EFF022EF1203EB16B60116C002
16CA0416D40816DE1016E82016F24016
FC8000001706E5B454F04401F5B48049
E5B454F04402F5B4803FE5B454F04403
F5B48035E5B454F04404F5B4802BE5B4
54F04405F5B48021E5B454F04406F5B4
8017E5B454F04407F5B4800DE5B454F0
4408F5B4800353B4F053ADFB43AD0422
EF131313541FFEEF5407FFED6034EE70
0D04A807088002C333D8FC42F922EEB4
010E7401A807088002C333D8FC42FA22
EE6402704304A807088002C333D8FC42
FB22EE700E04A807088002C333D8FCF4
52F922EEB4010F7401A807088002C333
D8FCF452FA22EEB4020E7401A8070880
02C333D8FCF452FB22EF131313541FFE
EF5407FFED6034EE700D04A807088002
C333D8FC429722EEB4010E7401A80708
8002C333D8FC42E522EE6402704304A8
07088002C333D8FC42FC22EE700E04A8
07088002C333D8FCF4529722EEB4010F
7401A807088002C333D8FCF452E522EE
B4020E7401A807088002C333D8FCF452
FC22EF131313541FFEEF5407FFED6034
EE700D04A807088002C333D8FC428022
EEB4010E7401A807088002C333D8FC42
9022EE6402704304A807088002C333D8
FC42A022EE700E04A807088002C333D8
FCF4528022EEB4010F7401A807088002
C333D8FCF4529022EEB4020E7401A807
088002C333D8FCF452A0229004101203
85E47F10FEFDFC9004141203441201A7
900418120385E47B02FAF9F890041812
033812023290041012034412018C9004
18120344120232900418120385900418
120344C3E49BFF74049AFEE499FDE498
FC900418120385900418120338780812
02E2AB07900418120338EB5403F5BA8F
AA22C0E0C0F0C083C082C0D075D000C0
00C001C002C003C004C005C006C007E5
C830E11053C8FD90045B1203C2E94A60
0312044BE5C930E11053C9FD90045E12
03C2E94A600312044BE5CA30E11053CA
FD9004611203C2E94A600312044BD007
D006D005D004D003D002D001D000D0D0
D082D083D0F0D0E03290C018E4F07F08
120066E4FD7F08121710E4FD7F081217
89E4FD7F0812180290C01AE4F07F0A12
0066E4FD7F0A121710E4FD7F0A121789
7D017F0A12180290C01BE4F07F0B1200
66E4FD7F0B121710E4FD7F0B121789E4
FD7F0B12180290C01DE4F090C020F022
90034FE06023E4900348F0900354E0C3
94FF5003E004F0900354E0C39402402F
900347E07029048021E4900354F09003
48E0C394FF5003E004F0900348E0C394
05400C900347E06006E4F0FF121AFE22
C0E0C0F0C083C082C0D075D000C000C0
01C002C003C004C005C006C007E5F630
E00D9004701203C2E94A600312044B75
F601D007D006D005D004D003D002D001
D000D0D0D082D083D0F0D0E032C0E0C0
F0C083C082C0D075D000C000C001C002
C003C004C005C006C00730980F90046D
1203C2E94A600312044BC298D007D006
D005D004D003D002D001D000D0D0D082
D083D0F0D0E032121D29121969121D0F
121C27120036121140C2AFE4FF121AFE
12161212080B1219D0900357E475F001
120128C3900358E09454900357E09400
4007E4F0A3F012114012102380D29004
0CEFF07F0060027F0190040DEFF0600B
7D017F08121802E4FD8009E4FD7F0812
18027D017F0A12180290040CE060047D
018002E4FD7F0B12180290040DE09003
0CF022AB07AA06D3EB94FFEA940F4004
7A0F7BFF90040E12039100000000AE02
AF03E4FCFD90040E1203441201A7E47B
FF7A0FF9F8120232EF2420FFEE3403FE
22AB07AA0643DF0843E70890C900E044
40F0EC90C90DF0ED90C90CF0EB24FFEA
34FF90C90FF0EB1490C90EF090C90674
01F090C905E04401F02290040C120385
43DE0143E601439E01E490046CF0C29F
D29EC299C29890040C12033890041412
038590046812033812187BD29C53F33F
22900410E06401702743DE1043E610EF
C4333354C0FFE5AC54BF4FF5ACE4F5FE
F5FFEBF5FEEAF5FFE5FD54FE4DF5FD22
53DEEF53E6EF229004107401F07B047A
00E4FD7F01121BF17F05121C957F0612
0094E4FF121CED7F01121CDB7F01021D
1D121696E5AD20E2FBE5F630E0FB75F6
01E5B7540FFEADB6EDFFD394FFEE940F
40047E0F7FFF22C0E0C083C082E5A630
E3099004737401F075A32075A3FFD082
D083D0E03253F7F8EF24FC600B14600C
2402700B43F7032243F7042243F70522
74FFFDFC8F9920990AED1DAE0470011C
4E70F3C2992290C90BE0FF90C90AE0FD
A3E0FEEFB506EFFEEDFF22EFB4010753
ADFE53ADFD2243AD0243AD012243AC20
EF700553ACFD800343AC0253B5FE2290
C9057407F090C90AE4F0A3F0021D34E4
9003BDF0FF7EC27D01FC021BBAEFB401
0443AC012253ACFE227F007E367D6E7C
01020EF890C900E04401F022533D2575
2C413D25752C54483D25752C4E3D2575
2C4D494E3D25752C4D41583D25752C4D
45414E3D25752C424153453D25752C53
49473D25752C414D503D25752C41503D
25752C563D25752C4F4E3D25752C4F46
463D25752C4C3D25752C4F3D25752C4F
563D25750D0A00FF

---------- Code Information -----------
Code Entrance:      0x00000000 
Code Run Entrance:  0x00000000 
Code Size:          0x00001DA8 
Code CRC Value:     0x5BDC 
