0211AF02079853F7F8EF24FC600B1460
0C2402700B43F7032243F7042243F705
2222FF02155BAB0702175C021497AF99
22FFFF02150EE5B7540FFEAFB6D3EF94
01EE9400400774052FFFE43EFED3EF94
FFEE940F40047E0F7FFF22021725FFFF
FFFFFF020DC4EF131313541FFEEF5407
900063F0EE700743DF0143E70122EEB4
010743DF0243E70222EEB4020643DF04
43E70422EF8FF553B4EF2202106BFFFF
FFFFFF020FC4FFFFFFFFFF020F1DBB01
0689828A83E0225002E722BBFE02E322
89828A83E49322BB010CE58229F582E5
833AF583E0225006E92582F8E622BBFE
06E92582F8E222E58229F582E5833AF5
83E49322BB010689828A83F0225002F7
22BBFE01F322F8BB010DE58229F582E5
833AF583E8F0225006E92582C8F622BB
FE05E92582C8F222C5F0F8A3E028F0C5
F0F8E582158270021583E038F022A3F8
E0C5F025F0F0E582158270021583E0C8
38F0E822EF2BFFEE3AFEED39FDEC38FC
22E88FF0A4CC8BF0A42CFCE98EF0A42C
FC8AF0EDA42CFCEA8EF0A4CDA8F08BF0
A42DCC3825F0FDE98FF0A42CCD35F0FC
EB8EF0A4FEA9F0EB8FF0A4CFC5F02ECD
39FEE43CFCEAA42DCE35F0FDE43CFC22
75F008758200EF2FFFEE33FECD33CDCC
33CCC58233C5829BED9AEC99E5829840
0CF582EE9BFEED9AFDEC99FC0FD5F0D6
E4CEFBE4CDFAE4CCF9A88222B800C1B9
0059BA002DEC8BF084CFCECDFCE5F0CB
F97818EF2FFFEE33FEED33FDEC33FCEB
33FB10D703994004EB99FB0FD8E5E4F9
FA227818EF2FFFEE33FEED33FDEC33FC
C933C910D7059BE99A4007EC9BFCE99A
F90FD8E0E4C9FAE4CCFB2275F010EF2F
FFEE33FEED33FDCC33CCC833C810D707
9BEC9AE899400AED9BFDEC9AFCE899F8
0FD5F0DAE4CDFBE4CCFAE4C8F922EF4B
FFEE4AFEED49FDEC48FC22EB9FF5F0EA
9E42F0E99D42F0E89C45F022E8600FEC
C313FCED13FDEE13FEEF13FFD8F122E8
600FEFC333FFEE33FEED33FDEC33FCD8
F122BB010DE58229F582E5833AF58302
02F25007E92582F802040BBBFE07E925
82F8020417E58229F582E5833AF58302
0423E0FCA3E0FDA3E0FEA3E0FF22E0F8
A3E0F9A3E0FAA3E0FB227401FF3395E0
FEFDFCA3A3A3E0CF2FF0E58215827002
1583E0CE3EF0E582158270021583E0CD
3DF0E582158270021583E0CC3CF022EC
F0A3EDF0A3EEF0A3EFF022A8828583F0
D083D082120362120362120362120362
E473E493A3C583C5F0C583C8C582C8F0
A3C583C5F0C583C8C582C822E0FBA3E0
FAA3E0F922F8E0FBA3A3E0F925F0F0E5
82158270021583E0FA38F022EBF0A3EA
F0A3E9F022D083D082F8E49370127401
93700DA3A393F8740193F5828883E473
7402936860EFA3A3A380DFD083D082E4
937012740193700DA3A393F8740193F5
828883E4737402936C70127403936D70
0C7404936E70067405936F60DDA3A3A3
A3A3A380CA8A838982E473E6FC08E6FD
08E6FE08E6FF22E2FC08E2FD08E2FE08
E2FF22E493FC740193FD740293FE7403
93FF22E50D248EF582E43400F583E005
0D2290008B30100390008EE475F00112
03850200AE2009E97F2ED2098018EF54
0F2490D43440D4FF300D0BEF24BFB41A
0050032461FFE50E6002150E0511E511
7002051030100E90008BE475F0011203
85EF0200F40200267403D2108003E4C2
10F50D90008B12039CE4F50EF510F511
E50E60077F2012047680F5750FFFC20A
C209C20BC20CC20EC20FC211120442FF
700D3010057F00120487AF11AE1022B4
255FC2D5C20D120442FF24D0B40A0050
1A75F00A780E30D50508B6FF0106C6A4
26F620D5047002D20C80D924CFB41A00
EF5004C2E5D20D020688D20A80C6D209
80C0D20B80BCD2D580BAD20E80B47F20
120476200B077401B50E0040F1120433
FF1204760204B0D211D20F8095120433
FB120433FA120433F94A4B700679597A
077BFF200B2EE50E602A7E008E827583
001200C760060EEE650F70F0C2D5EBC0
E0EAC0E0E9C0E0EE1206CFD0E0F9D0E0
FAD0E0FB1200AEFF60AAEBC0E0EAC0E0
E9C0E0120476D0E02401F9D0E03400FA
D0E0FBE50F0460DCD50FD980877BFF7A
0679CBD20B809C791080027908C20FC2
118008D2D5790A8004790AC2D5E50F04
7002F50FE4FAFDFEFF120433FC7B0820
0A13120433FD7B1030090A120433FE12
0433FF7B20EC3382D592D55013C3E430
09069FFFE49EFEE4200A039DFDE49CFC
E4CBF8C20AEC700CCFCECDCCE824F8F8
70F38017C3EF33FFEE33FEED33FDEC33
FCEB33FB994002FB0FD8E9EB300A05F8
D0E0C448B20AC0E00AEC4D4E4F78207B
0070C2EAB50F0040BCC0E01206D1D0F0
D0E0200A04C4C0E0C4B20AC0F012045F
D0F0D5F0EB0204B01203A5054D5305C7
58051E4C051A4205CB4F05D34405D349
05334305D95505BD4605BD4505BD4707
795005222D05262E05492B052A230547
2007622A04E248000005413F3F3F0079
0AA2D5200C14300E09B910020404B908
0104A2D5200F02500104200B68920BB5
0E005034C0E07F20300C197F30A20B72
0F720E500F120728C20BC20FC20EC211
7F30800F300E03E9C0E0120476300E03
D0E0F9D0E0B50ECC300E177F30B9100C
1204767F58300D077F788003B9080312
0476300B057F2D0204767F202011F87F
2B200FF322920B80CF286E756C6C2900
D20A120433300AF8C20A780E30D50108
F60204E22D504349581204332403B405
004001E490077493120467743A120467
D20C750E040205C7C0E0C0F0C083C082
C0D075D000C000C001C002C003C004C0
05C006C0077F0C121622EF70030208D8
7F0212123BE5AD20E2FBE5F630E0FB75
F601120036900107EEF0A3EFF0900107
E0FFA3E0900116CFF0A3EFF07BFF7A17
79F5900107E0FFA3E090008ECFF0A3EF
F09000FBE0FFA3E0900090CFF0A3EFF0
900122E0FFA3E0900092CFF0A3EFF012
049E900114E0FEA3E0FFC3900108E09F
900107E09E50030208D8A3E094FF9001
07E0947F40030208D8900122E0FEA3E0
FFC3900108E09F900107E09E407A9000
FBE0FEA3E0FFD3900108E09F900107E0
9E5065C3A3E094FF900107E0947F5058
7BFF7A18790E12049E90011DE014603E
04704590011EE475F00112012890011E
E07004A3E06402702F90C90AE0E4F0A3
E0E4F07D017F0A1213A77D017F081213
A790011D7401F0A3E4F0A3F0800A90C9
0AE0E4F0A3E0E4F090C900E04401F07F
0C1215A5D007D006D005D004D003D002
D001D000D0D0D082D083D0F0D0E03244
01580000000044015400000000420120
1F4042010EFA00420105000042010700
00420116000042011400644200FB0190
42012200004401180000000042010100
004200FF000044011000000000420109
000042011E00004201030000C115C116
42010B000041010D0041011C004200FD
000041011D00604800B3000000000000
00000000000000000000000000000000
00000000000000000000000000000000
00000000000000000000000000000000
00000000000000000000000000000000
000041015C0043015D00000043016000
00004901300000000000000000004901
39000000000000000000490142000000
0000000000004C012400000000000000
00000000004101630049014B00000000
000000000041001B0041000400440000
00000000420005000042005D00024200
5F00004200610000C114C113C1120090
006312033F90006712034B0000000043
F804E5F830E5FB9091AAE0FFE4FCFDFE
78101202AFC004C005C006C007A3E0FF
E4FCFDFE78181202AFD003D002D001D0
0012027EC004C005C006C0079091A9E0
FFE4FCFDFE78081202AFD003D002D001
D00012027EA804A905AA06AB079091A8
E0FFE4FCFDFE12027E90015412033F7F
C07E0A7D707C019001541202FED31202
8B50167F407E617D6C7C019001541202
FEC312028B4002801274FFFFFEFDFC90
01541202FEC312028B700C9000671203
4B02DC6C008015E47F02FEFDFC900154
1202FE12016190006712033F90006312
02F21203CB0B4B00B71B000B4300F424
000B3B016E360000000B4375EE01E47B
02800E75EE02E47B03800675EE03E47B
04FAF9F89000671202F21201EC900158
12033F53F8FE53D9F8221217C7121112
1217437D0F7C007F4C7E0412165D7BFF
7A1779727D017F01120E751217D29000
677401F07B047A00E4FD7F011216CD7F
031200067F06120094E4FF1217987F01
1217867F011217BB7F0B1215E7EF6003
020C4BC2AF900116E0FFA3E0900114CF
F0A3EFF0900117E0242CFE900116E034
019000FBF0A3CEF0C3900117E0942C90
0116E094014014A3E024D4FE900116E0
34FE900122F0A3CEF08007E4900122F0
A3F07BFF7A1779DA900114E0FFA3E090
008ECFF0A3EFF09000FBE0FFA3E09000
90CFF0A3EFF0900122E0FFA3E0900092
CFF0A3EFF012049E020BB8D2AF020BB8
AC07EF131313541F900063F0EF5407A3
F0ED6060EC75F003A424B3F582E43400
F58312039CD2AFD2A81215A5900063E0
FF7011A3E0FE7401A806088002C333D8
FC42E922EFB40113900064E0FF7401A8
07088002C333D8FC42EA22900063E064
02705CA3E0FF7401A807088002C333D8
FC42EB22C2A8900063E0FF7012A3E0FE
7401A806088002C333D8FCF452E922EF
B40114900064E0FF7401A807088002C3
33D8FCF452EA22900063E0B40211A3E0
FF7401A807088002C333D8FCF452EB22
EF131313541FFEEF5407FFED604FEE70
1690C000C083C082E0FE7401A8070880
02C333D8FC8033EEB4011690C001C083
C082E0FE7401A807088002C333D8FC80
19EE6402706D90C002C083C082E0FE74
01A807088002C333D8FC4E8051EE7018
90C000C083C082E0FE7401A807088002
C333D8FCF45E8036EEB4011890C001C0
83C082E0FE7401A807088002C333D8FC
F45E801AEEB4021B90C002C083C082E0
FE7401A807088002C333D8FCF45ED082
D083F022C0E0C0F0C083C082C0D075D0
00C000C001C002C003C004C005C006C0
0790C809E030E01790C808E030E010A3
7401F090012412037CE94A605D805890
C809E030E11790C808E030E110A37402
F090012712037CE94A603F803A90C809
E030E21790C808E030E210A37404F090
012A12037CE94A6021801C90C809E030
E31890C808E030E311A37408F090012D
12037CE94A6003120405D007D006D005
D004D003D002D001D000D0D0D082D083
D0F0D0E03290006312039C90C9057407
F0EF6401704FED24FE601C14602E2402
703D90006312037C90013012039C90C9
04E04401F0802890006312037C900133
12039C90C904E04402F0801390006312
037C90013612039C90C904E04404F0D2
AF43B80122ED24FE601B14602C240270
3B90006312037C90013012039C90C904
E044FEF02290006312037C9001331203
9C90C904E044FDF02290006312037C90
013612039C90C904E044FBF022C0E0C0
F0C083C082C0D075D000C000C001C002
C003C004C005C006C00790C905E030E0
1C90C904E030E01590013012037CE94A
600312040590C9057401F0804C90C905
E030E11C90C904E030E1159001331203
7CE94A600312040590C9057402F08029
90C905E030E21C90C904E030E2159001
3612037CE94A600312040590C9057404
F0800690C9057407F0D007D006D005D0
04D003D002D001D000D0D0D082D083D0
F0D0E032C0E0C0F0C083C082C0D075D0
00C000C001C002C003C004C005C006C0
0790CA05E030E01C90CA04E030E01590
013912037CE94A600312040590CA0574
01F0804C90CA05E030E11C90CA04E030
E11590013C12037CE94A600312040590
CA057402F0802990CA05E030E21C90CA
04E030E21590013F12037CE94A600312
040590CA057404F0800690CA057407F0
D007D006D005D004D003D002D001D000
D0D0D082D083D0F0D0E032C0E0C0F0C0
83C082C0D075D000C000C001C002C003
C004C005C006C00790CB05E030E01C90
CB04E030E01590014212037CE94A6003
12040590CB057401F0804C90CB05E030
E11C90CB04E030E11590014512037CE9
4A600312040590CB057402F0802990CB
05E030E21C90CB04E030E21590014812
037CE94A600312040590CB057404F080
0690CB057407F0D007D006D005D004D0
03D002D001D000D0D0D082D083D0F0D0
E03290C018E4F07F08120066E4FD7F08
1212B5E4FD7F0812132E7D017F081213
A790C01AE4F07F0A120066E4FD7F0A12
12B5E4FD7F0A12132E7D017F0A1213A7
7F0B1200667D017F0B1212B5E4FD7F0B
12132E7D017F0B120D107F0C1200667D
017F0C1212B5E4FD7F0C12132E7D017F
0C120D107BFF7A0079217D017F0C120C
5053B0FB43B00190C01DE4F07F0D1200
667D017F0D1212B57D017F0D020D1078
7FE4F6D8FD7581220211F6020B6AE493
A3F8E493A34003F68001F208DFF48029
E493A3F85407240CC8C333C4540F4420
C8834004F456800146F6DFE4800B0102
0408102040809008FFE47E019360BCA3
FF543F30E509541FFEE493A360010ECF
54C025E060A840B8E493A3FAE493A3F8
E493A3C8C582C8CAC583CAF0A3C8C582
C8CAC583CADFE9DEE780BEEF1203A512
5B01126502126F04127908128310128D
2012974012A180000012ABE5B454F044
01F5B48049E5B454F04402F5B4803FE5
B454F04403F5B48035E5B454F04404F5
B4802BE5B454F04405F5B48021E5B454
F04406F5B48017E5B454F04407F5B480
0DE5B454F04408F5B4800353B4F053AD
FB43AD0422EF131313541FFEEF5407FF
ED6034EE700D04A807088002C333D8FC
42F922EEB4010E7401A807088002C333
D8FC42FA22EE6402704304A807088002
C333D8FC42FB22EE700E04A807088002
C333D8FCF452F922EEB4010F7401A807
088002C333D8FCF452FA22EEB4020E74
01A807088002C333D8FCF452FB22EF13
1313541FFEEF5407FFED6034EE700D04
A807088002C333D8FC429722EEB4010E
7401A807088002C333D8FC42E522EE64
02704304A807088002C333D8FC42FC22
EE700E04A807088002C333D8FCF45297
22EEB4010F7401A807088002C333D8FC
F452E522EEB4020E7401A807088002C3
33D8FCF452FC22EF131313541FFEEF54
07FFED6034EE700D04A807088002C333
D8FC428022EEB4010E7401A807088002
C333D8FC429022EE6402704304A80708
8002C333D8FC42A022EE700E04A80708
8002C333D8FCF4528022EEB4010F7401
A807088002C333D8FCF4529022EEB402
0E7401A807088002C333D8FCF452A022
90006712033FE47F10FEFDFC90006B12
02FE12016190006F12033FE47B02FAF9
F890006F1202F21201EC9000671202FE
12015490006F1202FE1201EC90006F12
033F90006F1202FEC3E49BFF74049AFE
E499FDE498FC90006F12033F90006F12
02F2780812029CAB0790006F1202F2EB
5403F5BA8FAA22C0E0C0F0C083C082C0
D075D000C000C001C002C003C004C005
C006C007E5C830E11053C8FD90014B12
037CE94A6003120405E5C930E11053C9
FD90014E12037CE94A6003120405E5CA
30E11053CAFD90015112037CE94A6003
120405D007D006D005D004D003D002D0
01D000D0D0D082D083D0F0D0E032C0E0
C0F0C083C082C0D075D000C000C001C0
02C003C004C005C006C007E5F630E00D
90016012037CE94A600312040575F601
D007D006D005D004D003D002D001D000
D0D0D082D083D0F0D0E032C0E0C0F0C0
83C082C0D075D000C000C001C002C003
C004C005C006C00730980F90015D1203
7CE94A6003120405C298D007D006D005
D004D003D002D001D000D0D0D082D083
D0F0D0E032EF131313541FFEEF5407FF
EE700E04A807088002C333D8FCF452E1
22EEB4010F7401A807088002C333D8FC
F452E222EEB4020E7401A807088002C3
33D8FCF452E322EF131313541FFEEF54
07FFEE700DE580A807088002C313D8FC
801CEEB4010DE590A807088002C313D8
FC800BE5A0A807088002C313D8FC5401
FF22EF131313541FFEEF5407FFEE700D
E5E1A807088002C313D8FC801CEEB401
0DE5E2A807088002C313D8FC800BE5E3
A807088002C313D8FC5401FF22AB07AA
0643DF0843E70890C900E04440F0EC90
C90DF0ED90C90CF0EB24FFEA34FF90C9
0FF0EB1490C90EF090C9067401F090C9
05E04401F02290006312033F43DE0143
E601439E01E490015CF0C29FD29EC299
C2989000631202F290006B12033F9001
581202F2121420D29C53F33F22900067
E06401702743DE1043E610EFC4333354
C0FFE5AC54BF4FF5ACE4F5FEF5FFEBF5
FEEAF5FFE5FD54FE4DF5FD2253DEEF53
E6EF2212002E90005FE475F00112013E
FC741C25F0F58274003CF583EFF09000
5C7401F022C0E0C083C082E5A630E309
9001637401F075A32075A3FFD082D083
D0E032E490005CF0FF7EC27D01FC1216
967BFF7A1779037F010217AA74FFFDFC
8F9920990AED1DAE0470011C4E70F3C2
9922E4FD7F0A1213A7E4FD7F081213A7
E490011DF022EFB4010753ADFE53ADFD
2243AD0243AD012243AC20EF700553AC
FD800343AC0253B5FE22EFB4010AD2AF
D2AC90015D02039CC2AC22EFB4010443
AC012253ACFE227F007E247DF47C0002
0A3F90C900E04401F02261647365743A
2564206164636D3A2564206164636E3A
25640D0A006164633A2564206164636D
3A2564206164636E3A25640D0A006F6E
0D0A00FF

---------- Code Information -----------
Code Entrance:      0x00000000 
Code Run Entrance:  0x00000000 
Code Size:          0x00001814 
Code CRC Value:     0x7CCA 
