020C94020E1753F7F8EF24FC600B1460
0C2402700B43F7032243F7042243F705
22FFFF021136AF9922FFFF021072FFFF
FFFFFF0210E9E5B7540FFEAFB6D3EF94
01EE9400400774052FFFE43EFED3EF94
FFEE940F40047E0F7FFF220212C5FFFF
FFFFFF020946EF131313541FFEEF5407
9000C6F0EE700743DF0143E70122EEB4
010743DF0243E70222EEB4020643DF04
43E70422EF8FF553B4EF22020BEDFFFF
FFFFFF020B46FFFFFFFFFF020A9FBB01
0689828A83E0225002E722BBFE02E322
89828A83E49322BB010CE58229F582E5
833AF583E0225006E92582F8E622BBFE
06E92582F8E222E58229F582E5833AF5
83E49322BB010689828A83F0225002F7
22BBFE01F322F8BB010DE58229F582E5
833AF583E8F0225006E92582C8F622BB
FE05E92582C8F222C5F0F8A3E028F0C5
F0F8E582158270021583E038F022A3F8
E0C5F025F0F0E582158270021583E0C8
38F0E822EF2BFFEE3AFEED39FDEC38FC
22E88FF0A4CC8BF0A42CFCE98EF0A42C
FC8AF0EDA42CFCEA8EF0A4CDA8F08BF0
A42DCC3825F0FDE98FF0A42CCD35F0FC
EB8EF0A4FEA9F0EB8FF0A4CFC5F02ECD
39FEE43CFCEAA42DCE35F0FDE43CFC22
75F008758200EF2FFFEE33FECD33CDCC
33CCC58233C5829BED9AEC99E5829840
0CF582EE9BFEED9AFDEC99FC0FD5F0D6
E4CEFBE4CDFAE4CCF9A88222B800C1B9
0059BA002DEC8BF084CFCECDFCE5F0CB
F97818EF2FFFEE33FEED33FDEC33FCEB
33FB10D703994004EB99FB0FD8E5E4F9
FA227818EF2FFFEE33FEED33FDEC33FC
C933C910D7059BE99A4007EC9BFCE99A
F90FD8E0E4C9FAE4CCFB2275F010EF2F
FFEE33FEED33FDCC33CCC833C810D707
9BEC9AE899400AED9BFDEC9AFCE899F8
0FD5F0DAE4CDFBE4CCFAE4C8F922EF4B
FFEE4AFEED49FDEC48FC22EB9FF5F0EA
9E42F0E99D42F0E89C45F022E8600FEC
C313FCED13FDEE13FEEF13FFD8F122E8
600FEFC333FFEE33FEED33FDEC33FCD8
F122BB010DE58229F582E5833AF58302
02F25007E92582F802040BBBFE07E925
82F8020417E58229F582E5833AF58302
0423E0FCA3E0FDA3E0FEA3E0FF22E0F8
A3E0F9A3E0FAA3E0FB227401FF3395E0
FEFDFCA3A3A3E0CF2FF0E58215827002
1583E0CE3EF0E582158270021583E0CD
3DF0E582158270021583E0CC3CF022EC
F0A3EDF0A3EEF0A3EFF022A8828583F0
D083D082120362120362120362120362
E473E493A3C583C5F0C583C8C582C8F0
A3C583C5F0C583C8C582C822E0FBA3E0
FAA3E0F922F8E0FBA3A3E0F925F0F0E5
82158270021583E0FA38F022EBF0A3EA
F0A3E9F022D083D082F8E49370127401
93700DA3A393F8740193F5828883E473
7402936860EFA3A3A380DFD083D082E4
937012740193700DA3A393F8740193F5
828883E4737402936C70127403936D70
0C7404936E70067405936F60DDA3A3A3
A3A3A380CA8A838982E473E6FC08E6FD
08E6FE08E6FF22E2FC08E2FD08E2FE08
E2FF22E493FC740193FD740293FE7403
93FF22121352120D201212E37DC37C09
7F107E001211FD7BFF7A1279FC7D017F
011209F712135D9000CA7401F07B047A
00E4FD7F0112126D7F031200067F0612
0094E4FF1213237F011213117F011213
467F04120D9DE5AD20E2FBE5F630E0FB
75F6011200369000B3EEF0A3EFF0C394
ACEE940D4014E094FF9000B3E0940F50
09E49000C0F0A3F0805C9000B3E0FEA3
E0FFC394B8EE940B4014EF94ACEE940D
500C9000C07403F0A374E8F08038C3EF
94C4EE94094014EF94B8EE940B500C90
00C07407F0A374D0F0801BC3EF94D0EE
94074012EF94C4EE9409500A9000C074
0BF0A374B8F07F02120D9DE5AD20E2FB
E5F630E0FB75F6011200369000B3EEF0
A3EFF0D39000C1E09F9000C0E09E4003
020481C39000B4E094FF9000B3E0947F
40030204819000C2E475F00112012890
00C2E07004A3E0640260030204819000
C2F0A3F090C90AE0E4F0A3E0E4F07D01
7F0B120F827D017F08120F82E4FD7F0A
120F820204819000C612033F9000CA12
034B0000000043F804E5F830E5FB9091
AAE0FFE4FCFDFE78101202AFC004C005
C006C007A3E0FFE4FCFDFE78181202AF
D003D002D001D00012027EC004C005C0
06C0079091A9E0FFE4FCFDFE78081202
AFD003D002D001D00012027EA804A905
AA06AB079091A8E0FFE4FCFDFE12027E
90010712033F7FC07E0A7D707C019001
071202FED312028B50167F407E617D6C
7C019001071202FEC312028B40028012
74FFFFFEFDFC9001071202FEC312028B
700C9000CA12034B02DC6C008015E47F
02FEFDFC9001071202FE1201619000CA
12033F9000C61202F21203CB06A200B7
1B00069A00F424000692016E36000000
069A75EE01E47B02800E75EE02E47B03
800675EE03E47B04FAF9F89000CA1202
F21201EC90010B12033F53F8FE53D9F8
2244010B000000004401070000000042
00C41F404200BAFA004200B100004200
B300004200AD00004200AB00004200C0
00004400BC000000004200B500004200
C200004200AF0000C103C1044200B700
004100B9006048006300000000000000
00000000000000000000000000000000
00000000000000000000000000000000
00000000000000000000000000000000
00000000000000000000000000000000
0041010F004301100000004301130000
004900E30000000000000000004900EC
0000000000000000004900F500000000
00000000004C00D70000000000000000
00000000410116004900FE0000000000
0000000041001B004100040044000000
000000420005000042005D000242005F
00004200610000C102C101C10000EF13
1313541FFEEF5407FFED604FEE701690
C000C083C082E0FE7401A807088002C3
33D8FC8033EEB4011690C001C083C082
E0FE7401A807088002C333D8FC8019EE
6402706D90C002C083C082E0FE7401A8
07088002C333D8FC4E8051EE701890C0
00C083C082E0FE7401A807088002C333
D8FCF45E8036EEB4011890C001C083C0
82E0FE7401A807088002C333D8FCF45E
801AEEB4021B90C002C083C082E0FE74
01A807088002C333D8FCF45ED082D083
F022EF131313541FFEEF5407FFED604F
EE701690C005C083C082E0FE7401A807
088002C333D8FC8033EEB4011690C006
C083C082E0FE7401A807088002C333D8
FC8019EE6402706D90C007C083C082E0
FE7401A807088002C333D8FC4E8051EE
701890C005C083C082E0FE7401A80708
8002C333D8FCF45E8036EEB4011890C0
06C083C082E0FE7401A807088002C333
D8FCF45E801AEEB4021B90C007C083C0
82E0FE7401A807088002C333D8FCF45E
D082D083F022C0E0C0F0C083C082C0D0
75D000C000C001C002C003C004C005C0
06C00790C809E030E01790C808E030E0
10A37401F09000D712037CE94A605D80
5890C809E030E11790C808E030E110A3
7402F09000DA12037CE94A603F803A90
C809E030E21790C808E030E210A37404
F09000DD12037CE94A6021801C90C809
E030E31890C808E030E311A37408F090
00E012037CE94A6003120405D007D006
D005D004D003D002D001D000D0D0D082
D083D0F0D0E0329000C612039C90C905
7407F0EF6401704FED24FE601C14602E
2402703D9000C612037C9000E312039C
90C904E04401F080289000C612037C90
00E612039C90C904E04402F080139000
C612037C9000E912039C90C904E04404
F0D2AF43B80122ED24FE601B14602C24
02703B9000C612037C9000E312039C90
C904E044FEF0229000C612037C9000E6
12039C90C904E044FDF0229000C61203
7C9000E912039C90C904E044FBF022C0
E0C0F0C083C082C0D075D000C000C001
C002C003C004C005C006C00790C905E0
30E01C90C904E030E0159000E312037C
E94A600312040590C9057401F0804C90
C905E030E11C90C904E030E1159000E6
12037CE94A600312040590C9057402F0
802990C905E030E21C90C904E030E215
9000E912037CE94A600312040590C905
7404F0800690C9057407F0D007D006D0
05D004D003D002D001D000D0D0D082D0
83D0F0D0E032C0E0C0F0C083C082C0D0
75D000C000C001C002C003C004C005C0
06C00790CA05E030E01C90CA04E030E0
159000EC12037CE94A600312040590CA
057401F0804C90CA05E030E11C90CA04
E030E1159000EF12037CE94A60031204
0590CA057402F0802990CA05E030E21C
90CA04E030E2159000F212037CE94A60
0312040590CA057404F0800690CA0574
07F0D007D006D005D004D003D002D001
D000D0D0D082D083D0F0D0E032C0E0C0
F0C083C082C0D075D000C000C001C002
C003C004C005C006C00790CB05E030E0
1C90CB04E030E0159000F512037CE94A
600312040590CB057401F0804C90CB05
E030E11C90CB04E030E1159000F81203
7CE94A600312040590CB057402F08029
90CB05E030E21C90CB04E030E2159000
FB12037CE94A600312040590CB057404
F0800690CB057407F0D007D006D005D0
04D003D002D001D000D0D0D082D083D0
F0D0E032787FE4F6D8FD758120020CDB
020433E493A3F8E493A34003F68001F2
08DFF48029E493A3F85407240CC8C333
C4540F4420C8834004F456800146F6DF
E4800B01020408102040809006C1E47E
019360BCA3FF543F30E509541FFEE493
A360010ECF54C025E060A840B8E493A3
FAE493A3F8E493A3C8C582C8CAC583CA
F0A3C8C582C8CAC583CADFE9DEE780BE
90C018E4F07F08120066E4FD7F08120E
90E4FD7F08120F097D017F08120F8290
C01AE4F07F0A120066E4FD7F0A120E90
E4FD7F0A120F097D017F0A120F827F0B
120066E4FD7F0B120E90E4FD7F0B120F
097D017F0B120F8290C01C7420F0E4FD
7F0C12089290C01DE4F07F0D1200667D
017F0D120E907D017F0D0207DEEF1203
A50DBD010DC7020DD1040DDB080DE510
0DEF200DF9400E038000000E0DE5B454
F04401F5B48049E5B454F04402F5B480
3FE5B454F04403F5B48035E5B454F044
04F5B4802BE5B454F04405F5B48021E5
B454F04406F5B48017E5B454F04407F5
B4800DE5B454F04408F5B4800353B4F0
53ADFB43AD0422C0E0C0F0C083C082C0
D075D000C000C001C002C003C004C005
C006C0079000D6E4F0F09000D6E0FFC3
941850311211C2BF01239000D6E075F0
03A42463F582E43400F58312037CE94A
60031204059000D6E0FF1211809000D6
E004F080C5D007D006D005D004D003D0
02D001D000D0D0D082D083D0F0D0E032
EF131313541FFEEF5407FFED6034EE70
0D04A807088002C333D8FC42F922EEB4
010E7401A807088002C333D8FC42FA22
EE6402704304A807088002C333D8FC42
FB22EE700E04A807088002C333D8FCF4
52F922EEB4010F7401A807088002C333
D8FCF452FA22EEB4020E7401A8070880
02C333D8FCF452FB22EF131313541FFE
EF5407FFED6034EE700D04A807088002
C333D8FC429722EEB4010E7401A80708
8002C333D8FC42E522EE6402704304A8
07088002C333D8FC42FC22EE700E04A8
07088002C333D8FCF4529722EEB4010F
7401A807088002C333D8FCF452E522EE
B4020E7401A807088002C333D8FCF452
FC22EF131313541FFEEF5407FFED6034
EE700D04A807088002C333D8FC428022
EEB4010E7401A807088002C333D8FC42
9022EE6402704304A807088002C333D8
FC42A022EE700E04A807088002C333D8
FCF4528022EEB4010F7401A807088002
C333D8FCF4529022EEB4020E7401A807
088002C333D8FCF452A0229000CA1203
3FE47F10FEFDFC9000CE1202FE120161
9000D212033FE47B02FAF9F89000D212
02F21201EC9000CA1202FE1201549000
D21202FE1201EC9000D212033F9000D2
1202FEC3E49BFF74049AFEE499FDE498
FC9000D212033F9000D21202F2780812
029CAB079000D21202F2EB5403F5BA8F
AA22C0E0C0F0C083C082C0D075D000C0
00C001C002C003C004C005C006C007E5
C830E11053C8FD9000FE12037CE94A60
03120405E5C930E11053C9FD90010112
037CE94A6003120405E5CA30E11053CA
FD90010412037CE94A6003120405D007
D006D005D004D003D002D001D000D0D0
D082D083D0F0D0E032C0E0C0F0C083C0
82C0D075D000C000C001C002C003C004
C005C006C007E5F630E00D9001131203
7CE94A600312040575F601D007D006D0
05D004D003D002D001D000D0D0D082D0
83D0F0D0E032C0E0C0F0C083C082C0D0
75D000C000C001C002C003C004C005C0
06C00730980F90011012037CE94A6003
120405C298D007D006D005D004D003D0
02D001D000D0D0D082D083D0F0D0E032
EF131313541FFEEF5407FFEE700E04A8
07088002C333D8FCF452E122EEB4010F
7401A807088002C333D8FCF452E222EE
B4020E7401A807088002C333D8FCF452
E322EF131313541FFEEF5407FFEE700D
E5E1A807088002C313D8FC801CEEB401
0DE5E2A807088002C313D8FC800BE5E3
A807088002C313D8FC5401FF22AB07AA
0643DF0843E70890C900E04440F0EC90
C90DF0ED90C90CF0EB24FFEA34FF90C9
0FF0EB1490C90EF090C9067401F090C9
05E04401F0229000C612033F43DE0143
E601439E01E490010FF0C29FD29EC299
C2989000C61202F29000CE12033F9001
0B1202F2120FFBD29C53F33F229000CA
E06401702743DE1043E610EFC4333354
C0FFE5AC54BF4FF5ACE4F5FEF5FFEBF5
FEEAF5FFE5FD54FE4DF5FD2253DEEF53
E6EF2212002690005FE475F00112013E
FC741C25F0F58274003CF583EFF09000
5C7401F022C0E0C083C082E5A630E309
9001167401F075A32075A3FFD082D083
D0E032E490005CF0FF7EC27D01FC1212
367BFF7A1279A37F01021335E4FD7F0B
120F82E4FD7F08120F827D017F0A020F
82EFB4010753ADFE53ADFD2243AD0243
AD012243AC20EF700553ACFD800343AC
0253B5FE22EFB4010AD2AFD2AC900110
02039CC2AC22EFB4010443AC012253AC
FE227F007E247DF47C0002059690C900
E04401F022FFFFFF

---------- Code Information -----------
Code Entrance:      0x00000000 
Code Run Entrance:  0x00000000 
Code Size:          0x00001368 
Code CRC Value:     0x4318 
