020B757D0F7C007F0F7E0012105D90C9
04E4F0A37407F090C90AE4F0A3F00213
4DFFFF021013FFFFFFFFFF020EE8FFFF
FFFFFF020FC6E5B7540FFEAFB6D3EF94
01EE9400400774052FFFE43EFED3EF94
FFEE940F40047E0F7FFF22021257FFFF
FFFFFF02083690C905E030E02D7401F0
9000BCE475F0011201289000C4E475F0
01120128C39000C5E094889000C4E094
134007E4F0A3F012076B22020A35FFFF
FFFFFF02098EFFFFFFFFFF0208E7BB01
0689828A83E0225002E722BBFE02E322
89828A83E49322BB010CE58229F582E5
833AF583E0225006E92582F8E622BBFE
06E92582F8E222E58229F582E5833AF5
83E49322BB010689828A83F0225002F7
22BBFE01F322F8BB010DE58229F582E5
833AF583E8F0225006E92582C8F622BB
FE05E92582C8F222C5F0F8A3E028F0C5
F0F8E582158270021583E038F022A3F8
E0C5F025F0F0E582158270021583E0C8
38F0E822EF2BFFEE3AFEED39FDEC38FC
22C3EF9BFFEE9AFEED99FDEC98FC22E8
8FF0A4CC8BF0A42CFCE98EF0A42CFC8A
F0EDA42CFCEA8EF0A4CDA8F08BF0A42D
CC3825F0FDE98FF0A42CCD35F0FCEB8E
F0A4FEA9F0EB8FF0A4CFC5F02ECD39FE
E43CFCEAA42DCE35F0FDE43CFC2275F0
08758200EF2FFFEE33FECD33CDCC33CC
C58233C5829BED9AEC99E58298400CF5
82EE9BFEED9AFDEC99FC0FD5F0D6E4CE
FBE4CDFAE4CCF9A88222B800C1B90059
BA002DEC8BF084CFCECDFCE5F0CBF978
18EF2FFFEE33FEED33FDEC33FCEB33FB
10D703994004EB99FB0FD8E5E4F9FA22
7818EF2FFFEE33FEED33FDEC33FCC933
C910D7059BE99A4007EC9BFCE99AF90F
D8E0E4C9FAE4CCFB2275F010EF2FFFEE
33FEED33FDCC33CCC833C810D7079BEC
9AE899400AED9BFDEC9AFCE899F80FD5
F0DAE4CDFBE4CCFAE4C8F922EF4BFFEE
4AFEED49FDEC48FC22EB9FF5F0EA9E42
F0E99D42F0E89C45F022E8600FECC313
FCED13FDEE13FEEF13FFD8F122E8600F
EFC333FFEE33FEED33FDEC33FCD8F122
BB010DE58229F582E5833AF583020300
5007E92582F8020419BBFE07E92582F8
020425E58229F582E5833AF583020431
E0FCA3E0FDA3E0FEA3E0FF22E0F8A3E0
F9A3E0FAA3E0FB227401FF3395E0FEFD
FCA3A3A3E0CF2FF0E582158270021583
E0CE3EF0E582158270021583E0CD3DF0
E582158270021583E0CC3CF022ECF0A3
EDF0A3EEF0A3EFF022A8828583F0D083
D082120370120370120370120370E473
E493A3C583C5F0C583C8C582C8F0A3C5
83C5F0C583C8C582C822E0FBA3E0FAA3
E0F922F8E0FBA3A3E0F925F0F0E58215
8270021583E0FA38F022EBF0A3EAF0A3
E9F022D083D082F8E493701274019370
0DA3A393F8740193F5828883E4737402
936860EFA3A3A380DFD083D082E49370
12740193700DA3A393F8740193F58288
83E4737402936C70127403936D700C74
04936E70067405936F60DDA3A3A3A3A3
A380CA8A838982E473E6FC08E6FD08E6
FE08E6FF22E2FC08E2FD08E2FE08E2FF
22E493FC740193FD740293FE740393FF
229000C812034D9000CC120359000000
0043F804E5F830E5FB9091AAE0FFE4FC
FDFE78101202BDC004C005C006C007A3
E0FFE4FCFDFE78181202BDD003D002D0
01D00012028CC004C005C006C0079091
A9E0FFE4FCFDFE78081202BDD003D002
D001D00012028CA804A905AA06AB0790
91A8E0FFE4FCFDFE12028C9001081203
4D7FC07E0A7D707C0190010812030CD3
12029950167F407E617D6C7C01900108
12030CC31202994002801274FFFFFEFD
FC90010812030CC3120299700C9000CC
12035902DC6C008015E47F02FEFDFC90
010812030C12016F9000CC12034D9000
C81203001203D9054D00B71B00054500
F42400053D016E36000000054575EE01
E47B02800E75EE02E47B03800675EE03
E47B04FAF9F89000CC1203001201FA90
010C12034D53F8FE53D9F82244010C00
000000440108000000004200BC000041
00C0004200C100004200AC00004200B9
05144400AE000028A04100BF004100BB
004100AB004100BE004100B3004200B7
00004200B500004200C600004100C300
4100B4004200C400004100B200604800
63000000000000000000000000000000
00000000000000000000000000000000
00000000000000000000000000000000
00000000000000000000000000000000
00000000000000000041011000430111
0000004301140000004900E400000000
00000000004900ED0000000000000000
004900F60000000000000000004C00D8
00000000000000000000000041011700
4900FF00000000000000000041001B00
41000400440000000000004200050000
42005D000242005F00004200610000C1
02C101C100009000BCE0FFA3E09000C8
CFF0A3EFF09000B5E0FEA3E0FFC39000
C9E09FFF9000C8E09EFEC3EF9410EE94
27400302075D9000C8E0FEA3E0FF9000
C6E0FCA3E0FD121302EF700302076A12
131F1210969000CAEEF0A3EFF0121342
9000CAE0FEA3E0FF9000C1EEF0A3EFF0
1212C4EF6028E49000B4F09000C3E0C3
94FF5003E004F09000C3E0C394024040
9000BBE0703A04F0FF1211C18032E490
00C3F09000B4E0C394FF5003E004F090
00B4E0C39405400C9000BBE06006E4F0
FF1211C19000B4E0C3940840030211E9
9000C6E475F064120128227F04121236
9000ACEEF0A3EFF0120C019000C8EEF0
A3EFF09000BFE0702404F09000C8E0FA
A3E0FBFFAE02E4FCFD78031202BD9000
AE12034D9000B9EAF0A3EBF0229000AE
120300C004C005C006C0079000AE1203
0078031202AAA804A905AA06AB07D007
D006D005D0041201619000AE12034D90
00AE12030C9000C8E0FEA3E0FFE4FCFD
1201549000AE12034D9000AE12030078
031202AA9000B9EEF0A3EFF0C3948AEE
9402500B9000B97402F0A3748AF022D3
9000BAE094F09000B9E0940A4007740A
F0A374F0F022C0E0C0F0C083C082C0D0
75D000C000C001C002C003C004C005C0
06C00790C809E030E01790C808E030E0
10A37401F09000D812038AE94A605D80
5890C809E030E11790C808E030E110A3
7402F09000DB12038AE94A603F803A90
C809E030E21790C808E030E210A37404
F09000DE12038AE94A6021801C90C809
E030E31890C808E030E311A37408F090
00E112038AE94A6003120413D007D006
D005D004D003D002D001D000D0D0D082
D083D0F0D0E032C0E0C0F0C083C082C0
D075D000C000C001C002C003C004C005
C006C00790C905E030E01C90C904E030
E0159000E412038AE94A600312041390
C9057401F0804C90C905E030E11C90C9
04E030E1159000E712038AE94A600312
041390C9057402F0802990C905E030E2
1C90C904E030E2159000EA12038AE94A
600312041390C9057404F0800690C905
7407F0D007D006D005D004D003D002D0
01D000D0D0D082D083D0F0D0E032C0E0
C0F0C083C082C0D075D000C000C001C0
02C003C004C005C006C00790CA05E030
E01C90CA04E030E0159000ED12038AE9
4A600312041390CA057401F0804C90CA
05E030E11C90CA04E030E1159000F012
038AE94A600312041390CA057402F080
2990CA05E030E21C90CA04E030E21590
00F312038AE94A600312041390CA0574
04F0800690CA057407F0D007D006D005
D004D003D002D001D000D0D0D082D083
D0F0D0E032C0E0C0F0C083C082C0D075
D000C000C001C002C003C004C005C006
C00790CB05E030E01C90CB04E030E015
9000F612038AE94A600312041390CB05
7401F0804C90CB05E030E11C90CB04E0
30E1159000F912038AE94A6003120413
90CB057402F0802990CB05E030E21C90
CB04E030E2159000FC12038AE94A6003
12041390CB057404F0800690CB057407
F0D007D006D005D004D003D002D001D0
00D0D0D082D083D0F0D0E0327F021212
369000C8EEF0A3EFF09000C1EEF0A3EF
F09000BEE0706A9000C8E0FEA3E0FF12
1290EF606F9000BE7401F09000BCE0FF
A3E09000CACFF0A3EFF09000B3E0602B
9000B7E0FCA3E0FD9000CAE0FEA3E0FF
C39DFDEE9CFCC3ED9450EC9400400CD3
ED9478EC940050031212109000B37401
F09000CAE0FFA3E09000B7CFF0A3EFF0
229000C8E0FEA3E0FF1212AAEF6005E4
9000BEF022787FE4F6D8FD758120020B
BC02113AE493A3F8E493A34003F68001
F208DFF48029E493A3F85407240CC8C3
33C4540F4420C8834004F456800146F6
DFE4800B010204081020408090056CE4
7E019360BCA3FF543F30E509541FFEE4
93A360010ECF54C025E060A840B8E493
A3FAE493A3F8E493A3C8C582C8CAC583
CAF0A3C8C582C8CAC583CADFE9DEE780
BEAB07AA06D3EB94FFEA940F40047A0F
7BFF9000CA12035900000866AE02AF03
E4FCFD9000CA12030C12016FE47BFF7A
0FF9F81201FAEF248AFFEE3402FEE43D
FDE43CFC9000CE12034DE47F8A7E02FD
FC9000CE12030CC3120299500C9000CE
1203590000028A801DE47FF07E0AFDFC
9000CE12030CD3120299400A9000CE12
035900000AF09000CE020300EF1203B3
0CAC010CB6020CC0040CCA080CD4100C
DE200CE8400CF28000000CFCE5B454F0
4401F5B48049E5B454F04402F5B4803F
E5B454F04403F5B48035E5B454F04404
F5B4802BE5B454F04405F5B48021E5B4
54F04406F5B48017E5B454F04407F5B4
800DE5B454F04408F5B4800353B4F053
ADFB43AD0422EF131313541FFEEF5407
FFED6034EE700D04A807088002C333D8
FC42F922EEB4010E7401A807088002C3
33D8FC42FA22EE6402704304A8070880
02C333D8FC42FB22EE700E04A8070880
02C333D8FCF452F922EEB4010F7401A8
07088002C333D8FCF452FA22EEB4020E
7401A807088002C333D8FCF452FB22EF
131313541FFEEF5407FFED6034EE700D
04A807088002C333D8FC429722EEB401
0E7401A807088002C333D8FC42E522EE
6402704304A807088002C333D8FC42FC
22EE700E04A807088002C333D8FCF452
9722EEB4010F7401A807088002C333D8
FCF452E522EEB4020E7401A807088002
C333D8FCF452FC22EF131313541FFEEF
5407FFED6034EE700D04A807088002C3
33D8FC428022EEB4010E7401A8070880
02C333D8FC429022EE6402704304A807
088002C333D8FC42A022EE700E04A807
088002C333D8FCF4528022EEB4010F74
01A807088002C333D8FCF4529022EEB4
020E7401A807088002C333D8FCF452A0
229000CC12034DE47F10FEFDFC9000D0
12030C12016F9000D412034DE47B02FA
F9F89000D41203001201FA9000CC1203
0C1201549000D412030C1201FA9000D4
12034D9000D412030CC3E49BFF74049A
FEE499FDE498FC9000D412034D9000D4
12030078081202AAAB079000D4120300
EB5403F5BA8FAA22C0E0C0F0C083C082
C0D075D000C000C001C002C003C004C0
05C006C007E5C830E11053C8FD9000FF
12038AE94A6003120413E5C930E11053
C9FD90010212038AE94A6003120413E5
CA30E11053CAFD90010512038AE94A60
03120413D007D006D005D004D003D002
D001D000D0D0D082D083D0F0D0E03290
C018E4F07F08121169E4FD7F08120D06
E4FD7F08120D7FE4FD7F08120DF890C0
1AE4F07F0A121169E4FD7F0A120D06E4
FD7F0A120D7FE4FD7F0A120DF890C01B
E4F07F0B121169E4FD7F0B120D06E4FD
7F0B120D7FE4FD7F0B120DF890C01DE4
F090C020F022C0E0C0F0C083C082C0D0
75D000C000C001C002C003C004C005C0
06C007E5F630E00D90011412038AE94A
600312041375F601D007D006D005D004
D003D002D001D000D0D0D082D083D0F0
D0E032C0E0C0F0C083C082C0D075D000
C000C001C002C003C004C005C006C007
30980F90011112038AE94A6003120413
C298D007D006D005D004D003D002D001
D000D0D0D082D083D0F0D0E032AB07AA
0643DF0843E70890C900E04440F0EC90
C90DF0ED90C90CF0EB24FFEA34FF90C9
0FF0EB1490C90EF090C9067401F090C9
05E04401F022E49000CDF0A3F09000CC
F07F02121236C39000CEE09F9000CDE0
9E5005EEF0A3EFF09000CCE004F0E0C3
940340DD9000CDE0FEA3E0FF229000C8
12034D43DE0143E601439E01E4900110
F0C29FD29EC299C2989000C812030090
00D012034D90010C120300120E71D29C
53F33F229000CCE06401702743DE1043
E610EFC4333354C0FFE5AC54BF4FF5AC
E4F5FEF5FFEBF5FEEAF5FFE5FD54FE4D
F5FD2253DEEF53E6EF22121337120F5F
12131112119712000312076BC2AFE4FF
1211C11211E91200669000C0E0700512
0ADC80F212069680EDEF131313541FFE
EF54079000C8F0EE700743DF0143E701
22EEB4010743DF0243E70222EEB40206
43DF0443E704229000CC7401F07B047A
00E4FD7F011211047F031212757F0612
1355E4FF1212F07F011212DE7F010213
2BEF7F0060027F019000ABEFF0600B7D
017F08120DF87D018009E4FD7F08120D
F8E4FD7F0B120DF822E49000C0F09000
BEF09000B3F09000C3F09000B4F09000
BCE0FFA3E09000B7CFF0A3EFF0021342
9000C07401F09000B5EEF0A3EFF02467
FFE43E9000C6F0A3EFF0E49000C3F090
00B4F0021342120C8CE5AD20E2FBE5F6
30E0FB75F601120036D3EF94FFEE940F
40047E0F7FFF22C0E0C083C082E5A630
E3099001177401F075A32075A3FFD082
D083D0E03253F7F8EF24FC600B14600C
2402700B43F7032243F7042243F70522
9000BAE02450FD9000B9E03400FCC3EF
9DEE9C7F0040027F01229000BAE024B0
FD9000B9E034FFFCD3EF9DEE9C7F0050
027F01229000BAE02450FD9000B9E034
00FCC3EF9DEE9C7F0040027F0122EFB4
010753ADFE53ADFD2243AD0243AD0122
43AC20EF700553ACFD800343AC0253B5
FE22C3EF9DEE9CC394807F0050027F01
22E490005CF0FF7EC27D01FC0210CD90
00B27401F0FD7F0A020DF8EFB4010443
AC012253ACFE227F007E367D6E7C0102
0441E49000B2F0FD7F0A020DF890C900
E04401F022EF8FF553B4EF22

---------- Code Information -----------
Code Entrance:      0x00000000 
Code Run Entrance:  0x00000000 
Code Size:          0x0000135C 
Code CRC Value:     0x924B 
