020E227D177C007F0A7E001213E390C9
04E4F0A37407F090C90AE4F0A3F00216
1BFFFF0212DBAB070215BC02110AFFFF
FFFFFF02128E1216101211811215F612
14E31200031209F9C2AFE4FF12132512
11E412123B120AC280F5FF021583FFFF
FFFFFF020B7C9000E8EEF0A3EFF0C390
00EBE09F9000EAE09E5005EEF0A3EFF0
C39000EFE094FF9000EEE094FF5007E4
75F00112012822FFFFFFFF020D7BFFFF
FFFFFF020CD4FFFFFFFFFF020C2DBB01
0689828A83E0225002E722BBFE02E322
89828A83E49322BB010CE58229F582E5
833AF583E0225006E92582F8E622BBFE
06E92582F8E222E58229F582E5833AF5
83E49322BB010689828A83F0225002F7
22BBFE01F322F8BB010DE58229F582E5
833AF583E8F0225006E92582C8F622BB
FE05E92582C8F222C5F0F8A3E028F0C5
F0F8E582158270021583E038F022A3F8
E0C5F025F0F0E582158270021583E0C8
38F0E822EF2BFFEE3AFEED39FDEC38FC
22C3EF9BFFEE9AFEED99FDEC98FC22E8
8FF0A4CC8BF0A42CFCE98EF0A42CFC8A
F0EDA42CFCEA8EF0A4CDA8F08BF0A42D
CC3825F0FDE98FF0A42CCD35F0FCEB8E
F0A4FEA9F0EB8FF0A4CFC5F02ECD39FE
E43CFCEAA42DCE35F0FDE43CFC2275F0
08758200EF2FFFEE33FECD33CDCC33CC
C58233C5829BED9AEC99E58298400CF5
82EE9BFEED9AFDEC99FC0FD5F0D6E4CE
FBE4CDFAE4CCF9A88222B800C1B90059
BA002DEC8BF084CFCECDFCE5F0CBF978
18EF2FFFEE33FEED33FDEC33FCEB33FB
10D703994004EB99FB0FD8E5E4F9FA22
7818EF2FFFEE33FEED33FDEC33FCC933
C910D7059BE99A4007EC9BFCE99AF90F
D8E0E4C9FAE4CCFB2275F010EF2FFFEE
33FEED33FDCC33CCC833C810D7079BEC
9AE899400AED9BFDEC9AFCE899F80FD5
F0DAE4CDFBE4CCFAE4C8F922EF4BFFEE
4AFEED49FDEC48FC22EB9FF5F0EA9E42
F0E99D42F0E89C45F022E8600FECC313
FCED13FDEE13FEEF13FFD8F122E8600F
EFC333FFEE33FEED33FDEC33FCD8F122
BB010DE58229F582E5833AF583020300
5007E92582F8020419BBFE07E92582F8
020425E58229F582E5833AF583020431
E0FCA3E0FDA3E0FEA3E0FF22E0F8A3E0
F9A3E0FAA3E0FB227401FF3395E0FEFD
FCA3A3A3E0CF2FF0E582158270021583
E0CE3EF0E582158270021583E0CD3DF0
E582158270021583E0CC3CF022ECF0A3
EDF0A3EEF0A3EFF022A8828583F0D083
D082120370120370120370120370E473
E493A3C583C5F0C583C8C582C8F0A3C5
83C5F0C583C8C582C822E0FBA3E0FAA3
E0F922F8E0FBA3A3E0F925F0F0E58215
8270021583E0FA38F022EBF0A3EAF0A3
E9F022D083D082F8E493701274019370
0DA3A393F8740193F5828883E4737402
936860EFA3A3A380DFD083D082E49370
12740193700DA3A393F8740193F58288
83E4737402936C70127403936D700C74
04936E70067405936F60DDA3A3A3A3A3
A380CA8A838982E473E6FC08E6FD08E6
FE08E6FF22E2FC08E2FD08E2FE08E2FF
22E493FC740193FD740293FE740393FF
22E50824B0F582E43400F583E0050822
9000AD3007039000B0E475F001120393
0200AE2000E97F2ED2008018EF540F24
90D43440D4FF30040BEF24BFB41A0050
032461FFE50960021509050CE50C7002
050B30070E9000ADE475F001120393EF
0200F40200267403D2078003E4C207F5
089000AD1203AAE4F509F50BF50CE509
60077F2012048480F5750AFFC201C200
C202C203C205C206C208120450FF700D
3007057F00120495AF0CAE0B22B4255F
C2D5C204120450FF24D0B40A00501A75
F00A780930D50508B6FF0106C6A426F6
20D5047002D20380D924CFB41A00EF50
04C2E5D204020696D20180C6D20080C0
D20280BCD2D580BAD20580B47F201204
842002077401B5090040F1120441FF12
04840204BED208D2068095120441FB12
0441FA120441F94A4B700679677A077B
FF20022EE509602A7E008E8275830012
00C760060EEE650A70F0C2D5EBC0E0EA
C0E0E9C0E0EE1206DDD0E0F9D0E0FAD0
E0FB1200AEFF60AAEBC0E0EAC0E0E9C0
E0120484D0E02401F9D0E03400FAD0E0
FBE50A0460DCD50AD980877BFF7A0679
D9D202809C791080027908C206C20880
08D2D5790A8004790AC2D5E50A047002
F50AE4FAFDFEFF120441FC7B08200113
120441FD7B1030000A120441FE120441
FF7B20EC3382D592D55013C3E4300006
9FFFE49EFEE42001039DFDE49CFCE4CB
F8C201EC700CCFCECDCCE824F8F870F3
8017C3EF33FFEE33FEED33FDEC33FCEB
33FB994002FB0FD8E9EB300105F8D0E0
C448B201C0E00AEC4D4E4F78207B0070
C2EAB50A0040BCC0E01206DFD0F0D0E0
200104C4C0E0C4B201C0F012046DD0F0
D5F0EB0204BE1203B3055B5305D55805
2C4C05284205D94F05E14405E1490541
4305E75505CB4605CB4505CB47078750
05302D05342E05572B05382305552007
702A04F0480000054F3F3F3F00790AA2
D5200314300509B910020404B9080104
A2D52006025001042002689202B50900
5034C0E07F203003197F30A202720672
05500F120736C202C206C205C2087F30
800F300503E9C0E0120484300503D0E0
F9D0E0B509CC3005177F30B9100C1204
847F583004077F788003B90803120484
3002057F2D0204847F202008F87F2B20
06F322920280CF286E756C6C2900D201
1204413001F8C201780930D50108F602
04F02D504349581204412403B4050040
01E490078293120475743A120475D203
7509040205D59000AB12034D9000AF12
03590000000043F804E5F830E5FB9091
AAE0FFE4FCFDFE78101202BDC004C005
C006C007A3E0FFE4FCFDFE78181202BD
D003D002D001D00012028CC004C005C0
06C0079091A9E0FFE4FCFDFE78081202
BDD003D002D001D00012028CA804A905
AA06AB079091A8E0FFE4FCFDFE12028C
90012312034D7FC07E0A7D707C019001
2312030CD312029950167F407E617D6C
7C0190012312030CC312029940028012
74FFFFFEFDFC90012312030CC3120299
700C9000AF12035902DC6C008015E47F
02FEFDFC90012312030C12016F9000AF
12034D9000AB1203001203D908B200B7
1B0008AA00F4240008A2016E36000000
08AA75EE01E47B02800E75EE02E47B03
800675EE03E47B04FAF9F89000AF1203
001201FA90012712034D53F8FE53D9F8
22440127000000004401230000000042
00E200004200EC00004200D600004200
DF05144400D9000028A04100E7004100
E1004100D5004100E6004100F2004200
E400004200F000004200DD00004100D8
004200E800004200EA00004200EE0000
60480063000000000000000000000000
00000000000000000000000000000000
00000000000000000000000000000000
00000000000000000000000000000000
00000000000000000000000041012B00
43012C00000043012F0000004900FF00
00000000000000004901080000000000
00000000490111000000000000000000
4C00F300000000000000000000000041
01320049011A00000000000000000041
001B0041000400440000000000004200
05000042005D000242005F0000420061
0000C10BC10AC109007F0412155D9000
D6EEF0A3EFF012136A9000ABEEF0A3EF
F09000E7E0702404F09000ABE0FAA3E0
FBFFAE02E4FCFD78031202BD9000D912
034D9000DFEAF0A3EBF0229000D91203
00C004C005C006C0079000D912030078
031202AAA804A905AA06AB07D007D006
D005D0041201619000D912034D9000D9
12030C9000ABE0FEA3E0FFE4FCFD1201
549000D912034D9000D9120300780312
02AA9000DFEEF0A3EFF0C39000E0E094
209000DFE094035002800FD39000E0E0
94209000DFE0940340077403F0A37420
F0229000D8E07003020B7BE4F09000EE
E07002A3E060119000EAE0FFA3E09000
ABCFF0A3EFF08007E49000ABF0A3F0E4
9000E8F0A3F0A3F0A3F09000EEF0A3F0
7BFF7A16792A9000ECE0FFA3E09000B0
CFF0A3EFF09000D6E0FFA3E09000B2CF
F0A3EFF09000DFE0FFA3E09000B4CFF0
A3EFF09000E4E0FFA3E09000B6CFF0A3
EFF09000F2E0FF9000B8E4F0A3EFF090
00E1E0FF9000BAE4F0A3EFF09000E6E0
FF9000BCE4F0A3EFF09000ABE0FFA3E0
9000BECFF0A3EFF01204AC22C0E0C0F0
C083C082C0D075D000C000C001C002C0
03C004C005C006C00790C809E030E017
90C808E030E010A37401F09000F31203
8AE94A605D805890C809E030E11790C8
08E030E110A37402F09000F612038AE9
4A603F803A90C809E030E21790C808E0
30E210A37404F09000F912038AE94A60
21801C90C809E030E31890C808E030E3
11A37408F09000FC12038AE94A600312
0413D007D006D005D004D003D002D001
D000D0D0D082D083D0F0D0E032C0E0C0
F0C083C082C0D075D000C000C001C002
C003C004C005C006C00790C905E030E0
1C90C904E030E0159000FF12038AE94A
600312041390C9057401F0804C90C905
E030E11C90C904E030E1159001021203
8AE94A600312041390C9057402F08029
90C905E030E21C90C904E030E2159001
0512038AE94A600312041390C9057404
F0800690C9057407F0D007D006D005D0
04D003D002D001D000D0D0D082D083D0
F0D0E032C0E0C0F0C083C082C0D075D0
00C000C001C002C003C004C005C006C0
0790CA05E030E01C90CA04E030E01590
010812038AE94A600312041390CA0574
01F0804C90CA05E030E11C90CA04E030
E11590010B12038AE94A600312041390
CA057402F0802990CA05E030E21C90CA
04E030E21590010E12038AE94A600312
041390CA057404F0800690CA057407F0
D007D006D005D004D003D002D001D000
D0D0D082D083D0F0D0E032C0E0C0F0C0
83C082C0D075D000C000C001C002C003
C004C005C006C00790CB05E030E01C90
CB04E030E01590011112038AE94A6003
12041390CB057401F0804C90CB05E030
E11C90CB04E030E11590011412038AE9
4A600312041390CB057402F0802990CB
05E030E21C90CB04E030E21590011712
038AE94A600312041390CB057404F080
0690CB057407F0D007D006D005D004D0
03D002D001D000D0D0D082D083D0F0D0
E032787FE4F6D8FD758121020E690200
36E493A3F8E493A34003F68001F208DF
F48029E493A3F85407240CC8C333C454
0F4420C8834004F456800146F6DFE480
0B01020408102040809008D1E47E0193
60BCA3FF543F30E509541FFEE493A360
010ECF54C025E060A840B8E493A3FAE4
93A3F8E493A3C8C582C8CAC583CAF0A3
C8C582C8CAC583CADFE9DEE780BEEF12
03B30ECE010ED8020EE2040EEC080EF6
100F00200F0A400F148000000F1EE5B4
54F04401F5B48049E5B454F04402F5B4
803FE5B454F04403F5B48035E5B454F0
4404F5B4802BE5B454F04405F5B48021
E5B454F04406F5B48017E5B454F04407
F5B4800DE5B454F04408F5B4800353B4
F053ADFB43AD0422EF131313541FFEEF
5407FFED6034EE700D04A807088002C3
33D8FC42F922EEB4010E7401A8070880
02C333D8FC42FA22EE6402704304A807
088002C333D8FC42FB22EE700E04A807
088002C333D8FCF452F922EEB4010F74
01A807088002C333D8FCF452FA22EEB4
020E7401A807088002C333D8FCF452FB
22EF131313541FFEEF5407FFED6034EE
700D04A807088002C333D8FC429722EE
B4010E7401A807088002C333D8FC42E5
22EE6402704304A807088002C333D8FC
42FC22EE700E04A807088002C333D8FC
F4529722EEB4010F7401A807088002C3
33D8FCF452E522EEB4020E7401A80708
8002C333D8FCF452FC22EF131313541F
FEEF5407FFED6034EE700D04A8070880
02C333D8FC428022EEB4010E7401A807
088002C333D8FC429022EE6402704304
A807088002C333D8FC42A022EE700E04
A807088002C333D8FCF4528022EEB401
0F7401A807088002C333D8FCF4529022
EEB4020E7401A807088002C333D8FCF4
52A0229000AF12034DE47F10FEFDFC90
00B312030C12016F9000B712034DE47B
02FAF9F89000B71203001201FA9000AF
12030C1201549000B712030C1201FA90
00B712034D9000B712030CC3E49BFF74
049AFEE499FDE498FC9000B712034D90
00B712030078081202AAAB079000B712
0300EB5403F5BA8FAA22C0E0C0F0C083
C082C0D075D000C000C001C002C003C0
04C005C006C007E5C830E11053C8FD90
011A12038AE94A6003120413E5C930E1
1053C9FD90011D12038AE94A60031204
13E5CA30E11053CAFD90012012038AE9
4A6003120413D007D006D005D004D003
D002D001D000D0D0D082D083D0F0D0E0
3290C018E4F07F08121489E4FD7F0812
0F28E4FD7F08120FA1E4FD7F0812101A
90C01AE4F07F0A121489E4FD7F0A120F
28E4FD7F0A120FA17D017F0A12101A90
C01BE4F07F0B121489E4FD7F0B120F28
E4FD7F0B120FA1E4FD7F0B12101A90C0
1DE4F02290C905E030E04F7401F09000
E2E475F0011201289000F0E475F00112
0128C39000F1E094109000F0E0942740
07E4F0A3F01209F99000DDE475F00112
0128C39000DEE094109000DDE0942740
09E4F0A3F09000D804F0227F0212155D
9000ABEEF0A3EFF09000ECEEF0A3EFF0
121536EF601B9000ABE0FEA3E0FF1200
66E49000E4F0A3F0A3E0702104F00215
0D9000E6E060139000ABE0FEA3E0FF12
14B7EF6005E49000E6F01213A822C0E0
C0F0C083C082C0D075D000C000C001C0
02C003C004C005C006C007E5F630E00D
90012F12038AE94A600312041375F601
D007D006D005D004D003D002D001D000
D0D0D082D083D0F0D0E032C0E0C0F0C0
83C082C0D075D000C000C001C002C003
C004C005C006C00730980F90012C1203
8AE94A6003120413C298D007D006D005
D004D003D002D001D000D0D0D082D083
D0F0D0E0329000ADEFF07F0060027F01
9000AEEFF0600B7D017F0812101AE4FD
8009E4FD7F0812101A7D017F0A12101A
9000ADE060047D018002E4FD7F0B1210
1A9000AEE09000D5F022AB07AA06D3EB
94FFEA940F40047A0F7BFF9000AD1203
5900000000AE02AF03E4FCFD9000AD12
030C12016FE47BFF7A0FF9F81201FAEF
2420FFEE3403FE22C39000E5E094FF90
00E4E094FF5007E475F001120128C390
00E5E094649000E4E094004015E49000
F2F09000E6F09000E1E06006E4F0FF12
132522AB07AA0643DF0843E70890C900
E04440F0EC90C90DF0ED90C90CF0EB24
FFEA34FF90C90FF0EB1490C90EF090C9
067401F090C905E04401F0229000AB12
034D43DE0143E601439E01E490012BF0
C29FD29EC299C2989000AB1203009000
B312034D900127120300121093D29C53
F33F229000AFE06401702743DE1043E6
10EFC4333354C0FFE5AC54BF4FF5ACE4
F5FEF5FFEBF5FEEAF5FFE5FD54FE4DF5
FD2253DEEF53E6EF22EF131313541FFE
EF54079000ABF0EE700743DF0143E701
22EEB4010743DF0243E70222EEB40206
43DF0443E70422D39000E0E094E89000
DFE09403400EA3E02418FD9000DFE034
FCFC8003E4FCFDD3EF9DEE9C7F005002
7F01229000AF7401F07B047A00E4FD7F
011214537F051215A17F06121623E4FF
1215E47F011215D27F01021604E49000
E4F0A3F09000F2E0C394FF5003E004F0
9000F2E0C39401400C9000E1E0700604
F0FF121325229000E0E024E8FD9000DF
E03403FCD3ED94FFEC940F40047C0F7D
FFC3EF9DEE9C7F0040027F0122120EAE
E5AD20E2FBE5F630E0FB75F601E5B754
0FFEADB6EDFFD394FFEE940F40047E0F
7FFF22C0E0C083C082E5A630E3099001
327401F075A32075A3FFD082D083D0E0
3253F7F8EF24FC600B14600C2402700B
43F7032243F7042243F7052274FFFDFC
8F9920990AED1DAE0470011C4E70F3C2
9922EFB4010753ADFE53ADFD2243AD02
43AD012243AC20EF700553ACFD800343
AC0253B5FE22E490005CF0FF7EC27D01
FC02141CEFB4010443AC012253ACFE22
7F007E367D6E7C010207A690C900E044
01F022EF8FF553B4EF22533D25752C41
3D25752C54483D25752C494E563D2575
2C56503D25752C4C3D25752C503D2575
2C414D503D25750D0A00FFFF

---------- Code Information -----------
Code Entrance:      0x00000000 
Code Run Entrance:  0x00000000 
Code Size:          0x0000165C 
Code CRC Value:     0x72F9 
