020E6F02069653F7F8EF24FC600B1460
0C2402700B43F7032243F7042243F705
2222FF0212DEAF9922FFFF021157FFFF
FFFFFF021291E5B7540FFEAFB6D3EF94
01EE9400400774052FFFE43EFED3EF94
FFEE940F40047E0F7FFF220214A6FFFF
FFFFFF0209E9EF131313541FFEEF5407
9000D2F0EE700743DF0143E70122EEB4
010743DF0243E70222EEB4020643DF04
43E70422EF8FF553B4EF22020D38FFFF
FFFFFF020C91FFFFFFFFFF020BEABB01
0689828A83E0225002E722BBFE02E322
89828A83E49322BB010CE58229F582E5
833AF583E0225006E92582F8E622BBFE
06E92582F8E222E58229F582E5833AF5
83E49322BB010689828A83F0225002F7
22BBFE01F322F8BB010DE58229F582E5
833AF583E8F0225006E92582C8F622BB
FE05E92582C8F222C5F0F8A3E028F0C5
F0F8E582158270021583E038F022A3F8
E0C5F025F0F0E582158270021583E0C8
38F0E822EF2BFFEE3AFEED39FDEC38FC
22E88FF0A4CC8BF0A42CFCE98EF0A42C
FC8AF0EDA42CFCEA8EF0A4CDA8F08BF0
A42DCC3825F0FDE98FF0A42CCD35F0FC
EB8EF0A4FEA9F0EB8FF0A4CFC5F02ECD
39FEE43CFCEAA42DCE35F0FDE43CFC22
75F008758200EF2FFFEE33FECD33CDCC
33CCC58233C5829BED9AEC99E5829840
0CF582EE9BFEED9AFDEC99FC0FD5F0D6
E4CEFBE4CDFAE4CCF9A88222B800C1B9
0059BA002DEC8BF084CFCECDFCE5F0CB
F97818EF2FFFEE33FEED33FDEC33FCEB
33FB10D703994004EB99FB0FD8E5E4F9
FA227818EF2FFFEE33FEED33FDEC33FC
C933C910D7059BE99A4007EC9BFCE99A
F90FD8E0E4C9FAE4CCFB2275F010EF2F
FFEE33FEED33FDCC33CCC833C810D707
9BEC9AE899400AED9BFDEC9AFCE899F8
0FD5F0DAE4CDFBE4CCFAE4C8F922EF4B
FFEE4AFEED49FDEC48FC22EB9FF5F0EA
9E42F0E99D42F0E89C45F022E8600FEC
C313FCED13FDEE13FEEF13FFD8F122E8
600FEFC333FFEE33FEED33FDEC33FCD8
F122BB010DE58229F582E5833AF58302
02F25007E92582F802040BBBFE07E925
82F8020417E58229F582E5833AF58302
0423E0FCA3E0FDA3E0FEA3E0FF22E0F8
A3E0F9A3E0FAA3E0FB227401FF3395E0
FEFDFCA3A3A3E0CF2FF0E58215827002
1583E0CE3EF0E582158270021583E0CD
3DF0E582158270021583E0CC3CF022EC
F0A3EDF0A3EEF0A3EFF022A8828583F0
D083D082120362120362120362120362
E473E493A3C583C5F0C583C8C582C8F0
A3C583C5F0C583C8C582C822E0FBA3E0
FAA3E0F922F8E0FBA3A3E0F925F0F0E5
82158270021583E0FA38F022EBF0A3EA
F0A3E9F022D083D082F8E49370127401
93700DA3A393F8740193F5828883E473
7402936860EFA3A3A380DFD083D082E4
937012740193700DA3A393F8740193F5
828883E4737402936C70127403936D70
0C7404936E70067405936F60DDA3A3A3
A3A3A380CA8A838982E473E6FC08E6FD
08E6FE08E6FF22E2FC08E2FD08E2FE08
E2FF22E493FC740193FD740293FE7403
93FF2244011600000000440112000000
004200D01F404200C0FA004200B70000
4200B900004400C8000000004200B300
004200B100004200C603E84400C20000
00004200BB00004200CE00004200B500
00C103C1044200BD00004100BF004100
CC004200AF00004100CD004400AB0000
00006048006300000000000000000000
00000000000000000000000000000000
00000000000000000000000000000000
00000000000000000000000000000000
00000000000000000000000000004101
1A0043011B00000043011E0000004900
EE0000000000000000004900F7000000
00000000000049010000000000000000
00004C00E20000000000000000000000
00410121004901090000000000000000
0041001B004100040044000000000000
420005000042005D000242005F000042
00610000C102C101C100009000D21203
3F9000D612034B0000000043F804E5F8
30E5FB9091AAE0FFE4FCFDFE78101202
AFC004C005C006C007A3E0FFE4FCFDFE
78181202AFD003D002D001D00012027E
C004C005C006C0079091A9E0FFE4FCFD
FE78081202AFD003D002D001D0001202
7EA804A905AA06AB079091A8E0FFE4FC
FDFE12027E90011212033F7FC07E0A7D
707C019001121202FED312028B50167F
407E617D6C7C019001121202FEC31202
8B4002801274FFFFFEFDFC9001121202
FEC312028B700C9000D612034B02DC6C
008015E47F02FEFDFC9001121202FE12
01619000D612033F9000D21202F21203
CB067700B71B00066F00F42400066701
6E36000000066F75EE01E47B02800E75
EE02E47B03800675EE03E47B04FAF9F8
9000D61202F21201EC90011612033F53
F8FE53D9F822C0E0C0F0C083C082C0D0
75D000C000C001C002C003C004C005C0
06C0077F0B12136AEF70030207A17F02
120EFBE5AD20E2FBE5F630E0FB75F601
9000C81202FEC000C001C002C0031200
36E4FCFDD003D002D001D00012015490
00C812033F7F02120EFBE5AD20E2FBE5
F630E0FB75F6019000C81202FEC000C0
01C002C003120036E4FCFDD003D002D0
01D0001201549000C812033F7F02120E
FBE5AD20E2FBE5F630E0FB75F6019000
C81202FEC000C001C002C003120036E4
FCFDD003D002D001D0001201549000C8
12033F9000C81202F2E47B03FAF9F812
01EC9000C812033F9000C6E0FEA3E0FF
9000B9E0FCA3E0FDC39FEC9E400CED94
FFEC947F50047D018002E4FD7F0A1210
677F0B121328D007D006D005D004D003
D002D001D000D0D0D082D083D0F0D0E0
32AC07EF131313541F9000D2F0EF5407
A3F0ED6060EC75F003A42463F582E434
00F58312039CD2AFD2A81213289000D2
E0FF7011A3E0FE7401A806088002C333
D8FC42E922EFB401139000D3E0FF7401
A807088002C333D8FC42EA229000D2E0
6402705CA3E0FF7401A807088002C333
D8FC42EB22C2A89000D2E0FF7012A3E0
FE7401A806088002C333D8FCF452E922
EFB401149000D3E0FF7401A807088002
C333D8FCF452EA229000D2E0B40211A3
E0FF7401A807088002C333D8FCF452EB
22EF131313541FFEEF5407FFED604FEE
701690C000C083C082E0FE7401A80708
8002C333D8FC8033EEB4011690C001C0
83C082E0FE7401A807088002C333D8FC
8019EE6402706D90C002C083C082E0FE
7401A807088002C333D8FC4E8051EE70
1890C000C083C082E0FE7401A8070880
02C333D8FCF45E8036EEB4011890C001
C083C082E0FE7401A807088002C333D8
FCF45E801AEEB4021B90C002C083C082
E0FE7401A807088002C333D8FCF45ED0
82D083F022EF131313541FFEEF5407FF
ED604FEE701690C005C083C082E0FE74
01A807088002C333D8FC8033EEB40116
90C006C083C082E0FE7401A807088002
C333D8FC8019EE6402706D90C007C083
C082E0FE7401A807088002C333D8FC4E
8051EE701890C005C083C082E0FE7401
A807088002C333D8FCF45E8036EEB401
1890C006C083C082E0FE7401A8070880
02C333D8FCF45E801AEEB4021B90C007
C083C082E0FE7401A807088002C333D8
FCF45ED082D083F022C0E0C0F0C083C0
82C0D075D000C000C001C002C003C004
C005C006C00790C809E030E01790C808
E030E010A37401F09000E212037CE94A
605D805890C809E030E11790C808E030
E110A37402F09000E512037CE94A603F
803A90C809E030E21790C808E030E210
A37404F09000E812037CE94A6021801C
90C809E030E31890C808E030E311A374
08F09000EB12037CE94A6003120405D0
07D006D005D004D003D002D001D000D0
D0D082D083D0F0D0E0329000D212039C
90C9057407F0EF6401704FED24FE601C
14602E2402703D9000D212037C9000EE
12039C90C904E04401F080289000D212
037C9000F112039C90C904E04402F080
139000D212037C9000F412039C90C904
E04404F0D2AF43B80122ED24FE601B14
602C2402703B9000D212037C9000EE12
039C90C904E044FEF0229000D212037C
9000F112039C90C904E044FDF0229000
D212037C9000F412039C90C904E044FB
F0229000D212039C90CA057407F0EF64
01704FED24FE601C14602E2402703D90
00D212037C9000F712039C90CA04E044
01F080289000D212037C9000FA12039C
90CA04E04402F080139000D212037C90
00FD12039C90CA04E04404F0D2AF43B8
0422ED24FE601B14602C2402703B9000
D212037C9000F712039C90CA04E044FE
F0229000D212037C9000FA12039C90CA
04E044FDF0229000D212037C9000FD12
039C90CA04E044FBF022C0E0C0F0C083
C082C0D075D000C000C001C002C003C0
04C005C006C00790C905E030E01C90C9
04E030E0159000EE12037CE94A600312
040590C9057401F0804C90C905E030E1
1C90C904E030E1159000F112037CE94A
600312040590C9057402F0802990C905
E030E21C90C904E030E2159000F41203
7CE94A600312040590C9057404F08006
90C9057407F0D007D006D005D004D003
D002D001D000D0D0D082D083D0F0D0E0
32C0E0C0F0C083C082C0D075D000C000
C001C002C003C004C005C006C00790CA
05E030E01C90CA04E030E0159000F712
037CE94A600312040590CA057401F080
4C90CA05E030E11C90CA04E030E11590
00FA12037CE94A600312040590CA0574
02F0802990CA05E030E21C90CA04E030
E2159000FD12037CE94A600312040590
CA057404F0800690CA057407F0D007D0
06D005D004D003D002D001D000D0D0D0
82D083D0F0D0E032C0E0C0F0C083C082
C0D075D000C000C001C002C003C004C0
05C006C00790CB05E030E01C90CB04E0
30E01590010012037CE94A6003120405
90CB057401F0804C90CB05E030E11C90
CB04E030E11590010312037CE94A6003
12040590CB057402F0802990CB05E030
E21C90CB04E030E21590010612037CE9
4A600312040590CB057404F0800690CB
057407F0D007D006D005D004D003D002
D001D000D0D0D082D083D0F0D0E03290
C018E4F07F08120066E4FD7F08120F75
E4FD7F08120FEE7D017F0812106790C0
1AE4F07F0A120066E4FD7F0A120F75E4
FD7F0A120FEE7D017F0A1210677F0B12
00667D017F0B120F75E4FD7F0B120FEE
7D017F0B1208817BFF7A0079217D017F
0B1207C153AE7F43AE4090C01C7420F0
E4FD7F0C12093590C01DE4F07F0D1200
667D017F0D120F757D017F0D02088178
7FE4F6D8FD758120020EB60211CEE493
A3F8E493A34003F68001F208DFF48029
E493A3F85407240CC8C333C4540F4420
C8834004F456800146F6DFE4800B0102
040810204080900433E47E019360BCA3
FF543F30E509541FFEE493A360010ECF
54C025E060A840B8E493A3FAE493A3F8
E493A3C8C582C8CAC583CAF0A3C8C582
C8CAC583CADFE9DEE780BEEF1203A50F
1B010F25020F2F040F39080F43100F4D
200F57400F618000000F6BE5B454F044
01F5B48049E5B454F04402F5B4803FE5
B454F04403F5B48035E5B454F04404F5
B4802BE5B454F04405F5B48021E5B454
F04406F5B48017E5B454F04407F5B480
0DE5B454F04408F5B4800353B4F053AD
FB43AD0422EF131313541FFEEF5407FF
ED6034EE700D04A807088002C333D8FC
42F922EEB4010E7401A807088002C333
D8FC42FA22EE6402704304A807088002
C333D8FC42FB22EE700E04A807088002
C333D8FCF452F922EEB4010F7401A807
088002C333D8FCF452FA22EEB4020E74
01A807088002C333D8FCF452FB22EF13
1313541FFEEF5407FFED6034EE700D04
A807088002C333D8FC429722EEB4010E
7401A807088002C333D8FC42E522EE64
02704304A807088002C333D8FC42FC22
EE700E04A807088002C333D8FCF45297
22EEB4010F7401A807088002C333D8FC
F452E522EEB4020E7401A807088002C3
33D8FCF452FC22EF131313541FFEEF54
07FFED6034EE700D04A807088002C333
D8FC428022EEB4010E7401A807088002
C333D8FC429022EE6402704304A80708
8002C333D8FC42A022EE700E04A80708
8002C333D8FCF4528022EEB4010F7401
A807088002C333D8FCF4529022EEB402
0E7401A807088002C333D8FCF452A022
9000D612033FE47F10FEFDFC9000DA12
02FE1201619000DE12033FE47B02FAF9
F89000DE1202F21201EC9000D61202FE
1201549000DE1202FE1201EC9000DE12
033F9000DE1202FEC3E49BFF74049AFE
E499FDE498FC9000DE12033F9000DE12
02F2780812029CAB079000DE1202F2EB
5403F5BA8FAA22C0E0C0F0C083C082C0
D075D000C000C001C002C003C004C005
C006C007E5C830E11053C8FD90010912
037CE94A6003120405E5C930E11053C9
FD90010C12037CE94A6003120405E5CA
30E11053CAFD90010F12037CE94A6003
120405D007D006D005D004D003D002D0
01D000D0D0D082D083D0F0D0E0321215
1E120DDF1214C47D0F7C007F647E0012
13A57BFF7A1279397D017F01120A9A12
15337D0F7C007F647E001213DE7BFF7A
1579297D017F01120B4212153B9000D6
7401F07B047A00E4FD7F0112144E7F03
1200067F06120094E4FF1214EF7F0112
14DD7F0112151280FE9000AB1202F2EF
2401FFE43EFEE43DFDE43CFC9000AB12
033FE47F107E27FDFC9000AB1202FEC3
12028B702B9000AB12034B0000000090
00CCE0F4F0600B7D017F081210677D01
8009E4FD7F08121067E4FD7F0A121067
22C0E0C0F0C083C082C0D075D000C000
C001C002C003C004C005C006C007E5F6
30E00D90011E12037CE94A6003120405
75F601D007D006D005D004D003D002D0
01D000D0D0D082D083D0F0D0E032C0E0
C0F0C083C082C0D075D000C000C001C0
02C003C004C005C006C00730980F9001
1B12037CE94A6003120405C298D007D0
06D005D004D003D002D001D000D0D0D0
82D083D0F0D0E032EF131313541FFEEF
5407FFEE700E04A807088002C333D8FC
F452E122EEB4010F7401A807088002C3
33D8FCF452E222EEB4020E7401A80708
8002C333D8FCF452E322EF131313541F
FEEF5407FFEE700DE5E1A807088002C3
13D8FC801CEEB4010DE5E2A807088002
C313D8FC800BE5E3A807088002C313D8
FC5401FF22AB07AA0643DF0843E70890
C900E04440F0EC90C90DF0ED90C90CF0
EB24FFEA34FF90C90FF0EB1490C90EF0
90C9067401F090C905E04401F022AB07
AA0643DF2043E72090CA00E04440F0EC
90CA0DF0ED90CA0CF0EB24FFEA34FF90
CA0FF0EB1490CA0EF090CA067401F090
CA05E04401F0229000D212033F43DE01
43E601439E01E490011AF0C29FD29EC2
99C2989000D21202F29000DA12033F90
01161202F21210E0D29C53F33F229000
D6E06401702743DE1043E610EFC43333
54C0FFE5AC54BF4FF5ACE4F5FEF5FFEB
F5FEEAF5FFE5FD54FE4DF5FD2253DEEF
53E6EF2212002690005FE475F0011201
3EFC741C25F0F58274003CF583EFF090
005C7401F022C0E0C083C082E5A630E3
099001217401F075A32075A3FFD082D0
83D0E032E490005CF0FF7EC27D01FC12
14177BFF7A1479847F01021501EFB401
0753ADFE53ADFD2243AD0243AD012243
AC20EF700553ACFD800343AC0253B5FE
22EFB4010AD2AFD2AC90011B02039CC2
AC22EFB4010443AC012253ACFE227F00
7E247DF47C0002056B9000AFE475F001
02012890C900E04401F02290CA00E044
01F022FF

---------- Code Information -----------
Code Entrance:      0x00000000 
Code Run Entrance:  0x00000000 
Code Size:          0x00001544 
Code CRC Value:     0x75D4 
