020C50020BBB53F7F8EF24FC600B1460
0C2402700B43F7032243F7042243F705
2222FF020FD2AF9922FFFF020EBEFFFF
FFFFFF020F8512002690005FE475F001
12013EFC741C25F0F58274003CF583EF
F090005C7401F022FFFFFF02113FFFFF
FFFFFF0207C7EF131313541FFEEF5407
9000ABF0EE700743DF0143E70122EEB4
010743DF0243E70222EEB4020643DF04
43E70422EF8FF553B4EF22020A6EFFFF
FFFFFF0209C7FFFFFFFFFF020920BB01
0689828A83E0225002E722BBFE02E322
89828A83E49322BB010CE58229F582E5
833AF583E0225006E92582F8E622BBFE
06E92582F8E222E58229F582E5833AF5
83E49322BB010689828A83F0225002F7
22BBFE01F322F8BB010DE58229F582E5
833AF583E8F0225006E92582C8F622BB
FE05E92582C8F222C5F0F8A3E028F0C5
F0F8E582158270021583E038F022A3F8
E0C5F025F0F0E582158270021583E0C8
38F0E822EF2BFFEE3AFEED39FDEC38FC
22E88FF0A4CC8BF0A42CFCE98EF0A42C
FC8AF0EDA42CFCEA8EF0A4CDA8F08BF0
A42DCC3825F0FDE98FF0A42CCD35F0FC
EB8EF0A4FEA9F0EB8FF0A4CFC5F02ECD
39FEE43CFCEAA42DCE35F0FDE43CFC22
75F008758200EF2FFFEE33FECD33CDCC
33CCC58233C5829BED9AEC99E5829840
0CF582EE9BFEED9AFDEC99FC0FD5F0D6
E4CEFBE4CDFAE4CCF9A88222B800C1B9
0059BA002DEC8BF084CFCECDFCE5F0CB
F97818EF2FFFEE33FEED33FDEC33FCEB
33FB10D703994004EB99FB0FD8E5E4F9
FA227818EF2FFFEE33FEED33FDEC33FC
C933C910D7059BE99A4007EC9BFCE99A
F90FD8E0E4C9FAE4CCFB2275F010EF2F
FFEE33FEED33FDCC33CCC833C810D707
9BEC9AE899400AED9BFDEC9AFCE899F8
0FD5F0DAE4CDFBE4CCFAE4C8F922EF4B
FFEE4AFEED49FDEC48FC22EB9FF5F0EA
9E42F0E99D42F0E89C45F022E8600FEC
C313FCED13FDEE13FEEF13FFD8F122E8
600FEFC333FFEE33FEED33FDEC33FCD8
F122BB010DE58229F582E5833AF58302
02F25007E92582F802040BBBFE07E925
82F8020417E58229F582E5833AF58302
0423E0FCA3E0FDA3E0FEA3E0FF22E0F8
A3E0F9A3E0FAA3E0FB227401FF3395E0
FEFDFCA3A3A3E0CF2FF0E58215827002
1583E0CE3EF0E582158270021583E0CD
3DF0E582158270021583E0CC3CF022EC
F0A3EDF0A3EEF0A3EFF022A8828583F0
D083D082120362120362120362120362
E473E493A3C583C5F0C583C8C582C8F0
A3C583C5F0C583C8C582C822E0FBA3E0
FAA3E0F922F8E0FBA3A3E0F925F0F0E5
82158270021583E0FA38F022EBF0A3EA
F0A3E9F022D083D082F8E49370127401
93700DA3A393F8740193F5828883E473
7402936860EFA3A3A380DFD083D082E4
937012740193700DA3A393F8740193F5
828883E4737402936C70127403936D70
0C7404936E70067405936F60DDA3A3A3
A3A3A380CA8A838982E473E6FC08E6FD
08E6FE08E6FF22E2FC08E2FD08E2FE08
E2FF22E493FC740193FD740293FE7403
93FF229000AB12033F9000AF12034B00
00000043F804E5F830E5FB9091AAE0FF
E4FCFDFE78101202AFC004C005C006C0
07A3E0FFE4FCFDFE78181202AFD003D0
02D001D00012027EC004C005C006C007
9091A9E0FFE4FCFDFE78081202AFD003
D002D001D00012027EA804A905AA06AB
079091A8E0FFE4FCFDFE12027E9000F7
12033F7FC07E0A7D707C019000F71202
FED312028B50167F407E617D6C7C0190
00F71202FEC312028B4002801274FFFF
FEFDFC9000F71202FEC312028B700C90
00AF12034B02DC6C008015E47F02FEFD
FC9000F71202FE1201619000AF12033F
9000AB1202F21203CB053F00B71B0005
3700F42400052F016E36000000053775
EE01E47B02800E75EE02E47B03800675
EE03E47B04FAF9F89000AF1202F21201
EC9000FB12033F53F8FE53D9F8224400
FB000000004400F7000000004200BD00
004200C300004200C100C84200BF0000
4200C500004200BB0000604800630000
00000000000000000000000000000000
00000000000000000000000000000000
00000000000000000000000000000000
00000000000000000000000000000000
0000000000004100FF00430100000000
4301030000004900D300000000000000
00004900DC0000000000000000004900
E50000000000000000004C00C7000000
000000000000000000410106004900EE
00000000000000000041001B00410004
0044000000000000420005000042005D
000242005F00004200610000C102C101
C10000AC07EF131313541F9000ABF0EF
5407A3F0ED6060EC75F003A42463F582
E43400F58312039CD2AFD2A812101C90
00ABE0FF7011A3E0FE7401A806088002
C333D8FC42E922EFB401139000ACE0FF
7401A807088002C333D8FC42EA229000
ABE06402705CA3E0FF7401A807088002
C333D8FC42EB22C2A89000ABE0FF7012
A3E0FE7401A806088002C333D8FCF452
E922EFB401149000ACE0FF7401A80708
8002C333D8FCF452EA229000ABE0B402
11A3E0FF7401A807088002C333D8FCF4
52EB22EF131313541FFEEF5407FFED60
4FEE701690C000C083C082E0FE7401A8
07088002C333D8FC8033EEB4011690C0
01C083C082E0FE7401A807088002C333
D8FC8019EE6402706D90C002C083C082
E0FE7401A807088002C333D8FC4E8051
EE701890C000C083C082E0FE7401A807
088002C333D8FCF45E8036EEB4011890
C001C083C082E0FE7401A807088002C3
33D8FCF45E801AEEB4021B90C002C083
C082E0FE7401A807088002C333D8FCF4
5ED082D083F022C0E0C0F0C083C082C0
D075D000C000C001C002C003C004C005
C006C00790C809E030E01790C808E030
E010A37401F09000C712037CE94A605D
805890C809E030E11790C808E030E110
A37402F09000CA12037CE94A603F803A
90C809E030E21790C808E030E210A374
04F09000CD12037CE94A6021801C90C8
09E030E31890C808E030E311A37408F0
9000D012037CE94A6003120405D007D0
06D005D004D003D002D001D000D0D0D0
82D083D0F0D0E0329000AB12039C90C9
057407F0EF6401704FED24FE601C1460
2E2402703D9000AB12037C9000D31203
9C90C904E04401F080289000AB12037C
9000D612039C90C904E04402F0801390
00AB12037C9000D912039C90C904E044
04F0D2AF43B80122ED24FE601B14602C
2402703B9000AB12037C9000D312039C
90C904E044FEF0229000AB12037C9000
D612039C90C904E044FDF0229000AB12
037C9000D912039C90C904E044FBF022
C0E0C0F0C083C082C0D075D000C000C0
01C002C003C004C005C006C00790C905
E030E01C90C904E030E0159000D31203
7CE94A600312040590C9057401F0804C
90C905E030E11C90C904E030E1159000
D612037CE94A600312040590C9057402
F0802990C905E030E21C90C904E030E2
159000D912037CE94A600312040590C9
057404F0800690C9057407F0D007D006
D005D004D003D002D001D000D0D0D082
D083D0F0D0E032C0E0C0F0C083C082C0
D075D000C000C001C002C003C004C005
C006C00790CA05E030E01C90CA04E030
E0159000DC12037CE94A600312040590
CA057401F0804C90CA05E030E11C90CA
04E030E1159000DF12037CE94A600312
040590CA057402F0802990CA05E030E2
1C90CA04E030E2159000E212037CE94A
600312040590CA057404F0800690CA05
7407F0D007D006D005D004D003D002D0
01D000D0D0D082D083D0F0D0E032C0E0
C0F0C083C082C0D075D000C000C001C0
02C003C004C005C006C00790CB05E030
E01C90CB04E030E0159000E512037CE9
4A600312040590CB057401F0804C90CB
05E030E11C90CB04E030E1159000E812
037CE94A600312040590CB057402F080
2990CB05E030E21C90CB04E030E21590
00EB12037CE94A600312040590CB0574
04F0800690CB057407F0D007D006D005
D004D003D002D001D000D0D0D082D083
D0F0D0E03290C018E4F07F08120066E4
FD7F08120CDCE4FD7F08120D557D017F
08120DCE90C01AE4F07F0A120066E4FD
7F0A120CDCE4FD7F0A120D557D017F0A
120DCE90C01BE4F07F0B120066E4FD7F
0B120CDCE4FD7F0B120D55E4FD7F0B12
0DCE7F0C1200667D017F0C120CDCE4FD
7F0C120D557D017F0C1207137BFF7A00
79217D017F0C12065353B0FD43B00190
C01C7420F0A3E4F07F0D1200667D017F
0D120CDC7D017F0D020713C0E0C0F0C0
83C082C0D075D000C000C001C002C003
C004C005C006C0077F0C12105EEF6042
90C900E054FEF07D017F08120DCE90C9
0AE0E4F0A3E0E4F09000C575F0011201
289000C5E07004A3E0640270157D017F
0A120DCE7D017F0B120DCE9000C5E4F0
A3F0E4FD7F08120DCE90C900E04401F0
7F0C12101CD007D006D005D004D003D0
02D001D000D0D0D082D083D0F0D0E032
787FE4F6D8FD758120020C97020F35E4
93A3F8E493A34003F68001F208DFF480
29E493A3F85407240CC8C333C4540F44
20C8834004F456800146F6DFE4800B01
0204081020408090055EE47E019360BC
A3FF543F30E509541FFEE493A360010E
CF54C025E060A840B8E493A3FAE493A3
F8E493A3C8C582C8CAC583CAF0A3C8C5
82C8CAC583CADFE9DEE780BEEF131313
541FFEEF5407FFED6034EE700D04A807
088002C333D8FC42F922EEB4010E7401
A807088002C333D8FC42FA22EE640270
4304A807088002C333D8FC42FB22EE70
0E04A807088002C333D8FCF452F922EE
B4010F7401A807088002C333D8FCF452
FA22EEB4020E7401A807088002C333D8
FCF452FB22EF131313541FFEEF5407FF
ED6034EE700D04A807088002C333D8FC
429722EEB4010E7401A807088002C333
D8FC42E522EE6402704304A807088002
C333D8FC42FC22EE700E04A807088002
C333D8FCF4529722EEB4010F7401A807
088002C333D8FCF452E522EEB4020E74
01A807088002C333D8FCF452FC22EF13
1313541FFEEF5407FFED6034EE700D04
A807088002C333D8FC428022EEB4010E
7401A807088002C333D8FC429022EE64
02704304A807088002C333D8FC42A022
EE700E04A807088002C333D8FCF45280
22EEB4010F7401A807088002C333D8FC
F4529022EEB4020E7401A807088002C3
33D8FCF452A0229000AF12033FE47F10
FEFDFC9000B31202FE1201619000B712
033FE47B02FAF9F89000B71202F21201
EC9000AF1202FE1201549000B71202FE
1201EC9000B712033F9000B71202FEC3
E49BFF74049AFEE499FDE498FC9000B7
12033F9000B71202F2780812029CAB07
9000B71202F2EB5403F5BA8FAA22C0E0
C0F0C083C082C0D075D000C000C001C0
02C003C004C005C006C007E5C830E110
53C8FD9000EE12037CE94A6003120405
E5C930E11053C9FD9000F112037CE94A
6003120405E5CA30E11053CAFD9000F4
12037CE94A6003120405D007D006D005
D004D003D002D001D000D0D0D082D083
D0F0D0E0321211C5120B1512115D7D0F
7C007FB87E0B1210997BFF7A1179AB7D
017F011208781211D09000AF7401F07B
047A00E4FD7F011211097F031200067F
06120094E4FF1211887F011211767F01
1211B980FEC0E0C0F0C083C082C0D075
D000C000C001C002C003C004C005C006
C007E5F630E00D90010312037CE94A60
0312040575F601D007D006D005D004D0
03D002D001D000D0D0D082D083D0F0D0
E032C0E0C0F0C083C082C0D075D000C0
00C001C002C003C004C005C006C00730
980F90010012037CE94A6003120405C2
98D007D006D005D004D003D002D001D0
00D0D0D082D083D0F0D0E032EF131313
541FFEEF5407FFEE700E04A807088002
C333D8FCF452E122EEB4010F7401A807
088002C333D8FCF452E222EEB4020E74
01A807088002C333D8FCF452E322EF13
1313541FFEEF5407FFEE700DE5E1A807
088002C313D8FC801CEEB4010DE5E2A8
07088002C313D8FC800BE5E3A8070880
02C313D8FC5401FF22AB07AA0643DF08
43E70890C900E04440F0EC90C90DF0ED
90C90CF0EB24FFEA34FF90C90FF0EB14
90C90EF090C9067401F090C905E04401
F0229000AB12033F43DE0143E601439E
01E49000FFF0C29FD29EC299C2989000
AB1202F29000B312033F9000FB1202F2
120E47D29C53F33F229000AFE0640170
2743DE1043E610EFC4333354C0FFE5AC
54BF4FF5ACE4F5FEF5FFEBF5FEEAF5FF
E5FD54FE4DF5FD2253DEEF53E6EF22C0
E0C083C082E5A630E3099001067401F0
75A32075A3FFD082D083D0E032E49000
5CF0FF7EC27D01FC1210D27BFF7A0079
367F0102119AEFB4010753ADFE53ADFD
2243AD0243AD012243AC20EF700553AC
FD800343AC0253B5FE22EFB4010AD2AF
D2AC90010002039CC2AC22E4FD7F0A12
0DCEE4FD7F0B020DCEEFB4010443AC01
2253ACFE227F007E367D6E7C01020433
90C900E04401F022

---------- Code Information -----------
Code Entrance:      0x00000000 
Code Run Entrance:  0x00000000 
Code Size:          0x000011D8 
Code CRC Value:     0x4F15 
