020E5E02069253F7F8EF24FC600B1460
0C2402700B43F7032243F7042243F705
222222021275AF9922FFFF021146FFFF
FFFFFF021228E5B7540FFEAFB6D3EF94
01EE9400400774052FFFE43EFED3EF94
FFEE940F40047E0F7FFF2202143DFFFF
FFFFFF0209B9EF131313541FFEEF5407
9000D2F0EE700743DF0143E70122EEB4
010743DF0243E70222EEB4020643DF04
43E70422EF8FF553B4EF22020DB7FFFF
FFFFFF020D10FFFFFFFFFF020C69BB01
0689828A83E0225002E722BBFE02E322
89828A83E49322BB010CE58229F582E5
833AF583E0225006E92582F8E622BBFE
06E92582F8E222E58229F582E5833AF5
83E49322BB010689828A83F0225002F7
22BBFE01F322F8BB010DE58229F582E5
833AF583E8F0225006E92582C8F622BB
FE05E92582C8F222C5F0F8A3E028F0C5
F0F8E582158270021583E038F022A3F8
E0C5F025F0F0E582158270021583E0C8
38F0E822EF2BFFEE3AFEED39FDEC38FC
22E88FF0A4CC8BF0A42CFCE98EF0A42C
FC8AF0EDA42CFCEA8EF0A4CDA8F08BF0
A42DCC3825F0FDE98FF0A42CCD35F0FC
EB8EF0A4FEA9F0EB8FF0A4CFC5F02ECD
39FEE43CFCEAA42DCE35F0FDE43CFC22
75F008758200EF2FFFEE33FECD33CDCC
33CCC58233C5829BED9AEC99E5829840
0CF582EE9BFEED9AFDEC99FC0FD5F0D6
E4CEFBE4CDFAE4CCF9A88222B800C1B9
0059BA002DEC8BF084CFCECDFCE5F0CB
F97818EF2FFFEE33FEED33FDEC33FCEB
33FB10D703994004EB99FB0FD8E5E4F9
FA227818EF2FFFEE33FEED33FDEC33FC
C933C910D7059BE99A4007EC9BFCE99A
F90FD8E0E4C9FAE4CCFB2275F010EF2F
FFEE33FEED33FDCC33CCC833C810D707
9BEC9AE899400AED9BFDEC9AFCE899F8
0FD5F0DAE4CDFBE4CCFAE4C8F922EF4B
FFEE4AFEED49FDEC48FC22EB9FF5F0EA
9E42F0E99D42F0E89C45F022E8600FEC
C313FCED13FDEE13FEEF13FFD8F122E8
600FEFC333FFEE33FEED33FDEC33FCD8
F122BB010DE58229F582E5833AF58302
02F25007E92582F802040BBBFE07E925
82F8020417E58229F582E5833AF58302
0423E0FCA3E0FDA3E0FEA3E0FF22E0F8
A3E0F9A3E0FAA3E0FB227401FF3395E0
FEFDFCA3A3A3E0CF2FF0E58215827002
1583E0CE3EF0E582158270021583E0CD
3DF0E582158270021583E0CC3CF022EC
F0A3EDF0A3EEF0A3EFF022A8828583F0
D083D082120362120362120362120362
E473E493A3C583C5F0C583C8C582C8F0
A3C583C5F0C583C8C582C822E0FBA3E0
FAA3E0F922F8E0FBA3A3E0F925F0F0E5
82158270021583E0FA38F022EBF0A3EA
F0A3E9F022D083D082F8E49370127401
93700DA3A393F8740193F5828883E473
7402936860EFA3A3A380DFD083D082E4
937012740193700DA3A393F8740193F5
828883E4737402936C70127403936D70
0C7404936E70067405936F60DDA3A3A3
A3A3A380CA8A838982E473E6FC08E6FD
08E6FE08E6FF22E2FC08E2FD08E2FE08
E2FF22E493FC740193FD740293FE7403
93FF2244011600000000440112000000
004200D01F404200BCFA004200B30000
4200B500004200C600004200C4000042
00AF00004200AD00004200C200004400
BE000000004200B700004200CE000042
00B10000C103C1044200B900004100BB
004100CC004200AB00004100CD006048
00630000000000000000000000000000
00000000000000000000000000000000
00000000000000000000000000000000
00000000000000000000000000000000
0000000000000000000041011A004301
1B00000043011E0000004900EE000000
0000000000004900F700000000000000
00004901000000000000000000004C00
E2000000000000000000000000410121
0049010900000000000000000041001B
00410004004400000000000042000500
0042005D000242005F00004200610000
C102C101C100009000D212033F9000D6
12034B0000000043F804E5F830E5FB90
91AAE0FFE4FCFDFE78101202AFC004C0
05C006C007A3E0FFE4FCFDFE78181202
AFD003D002D001D00012027EC004C005
C006C0079091A9E0FFE4FCFDFE780812
02AFD003D002D001D00012027EA804A9
05AA06AB079091A8E0FFE4FCFDFE1202
7E90011212033F7FC07E0A7D707C0190
01121202FED312028B50167F407E617D
6C7C019001121202FEC312028B400280
1274FFFFFEFDFC9001121202FEC31202
8B700C9000D612034B02DC6C008015E4
7F02FEFDFC9001121202FE1201619000
D612033F9000D21202F21203CB067300
B71B00066B00F424000663016E360000
00066B75EE01E47B02800E75EE02E47B
03800675EE03E47B04FAF9F89000D612
02F21201EC90011612033F53F8FE53D9
F822C0E0C0F0C083C082C0D075D000C0
00C001C002C003C004C005C006C0077F
0C121301EF70030207717F04120EEAE5
AD20E2FBE5F630E0FB75F60112003690
00C4EEF0A3EFF07F02120EEAE5AD20E2
FBE5F630E0FB75F6011200369000B5EE
F0A3EFF07F02120EEAE5AD20E2FBE5F6
30E0FB75F6011200369000B5EEF0A3EF
F07F02120EEAE5AD20E2FBE5F630E0FB
75F6011200369000B5EEF0A3EFF0D390
00C3E09F9000C2E09E5021C39000B6E0
94FF9000B5E0947F50127D017F0A1210
567D017F081210567D018010E4FD7F0A
121056E4FD7F08121056E4FD7F0B1210
567F0C1212BFD007D006D005D004D003
D002D001D000D0D0D082D083D0F0D0E0
32AC07EF131313541F9000D2F0EF5407
A3F0ED6060EC75F003A42463F582E434
00F58312039CD2AFD2A81212BF9000D2
E0FF7011A3E0FE7401A806088002C333
D8FC42E922EFB401139000D3E0FF7401
A807088002C333D8FC42EA229000D2E0
6402705CA3E0FF7401A807088002C333
D8FC42EB22C2A89000D2E0FF7012A3E0
FE7401A806088002C333D8FCF452E922
EFB401149000D3E0FF7401A807088002
C333D8FCF452EA229000D2E0B40211A3
E0FF7401A807088002C333D8FCF452EB
22EF131313541FFEEF5407FFED604FEE
701690C000C083C082E0FE7401A80708
8002C333D8FC8033EEB4011690C001C0
83C082E0FE7401A807088002C333D8FC
8019EE6402706D90C002C083C082E0FE
7401A807088002C333D8FC4E8051EE70
1890C000C083C082E0FE7401A8070880
02C333D8FCF45E8036EEB4011890C001
C083C082E0FE7401A807088002C333D8
FCF45E801AEEB4021B90C002C083C082
E0FE7401A807088002C333D8FCF45ED0
82D083F022EF131313541FFEEF5407FF
ED604FEE701690C005C083C082E0FE74
01A807088002C333D8FC8033EEB40116
90C006C083C082E0FE7401A807088002
C333D8FC8019EE6402706D90C007C083
C082E0FE7401A807088002C333D8FC4E
8051EE701890C005C083C082E0FE7401
A807088002C333D8FCF45E8036EEB401
1890C006C083C082E0FE7401A8070880
02C333D8FCF45E801AEEB4021B90C007
C083C082E0FE7401A807088002C333D8
FCF45ED082D083F022C0E0C0F0C083C0
82C0D075D000C000C001C002C003C004
C005C006C00790C809E030E01790C808
E030E010A37401F09000E212037CE94A
605D805890C809E030E11790C808E030
E110A37402F09000E512037CE94A603F
803A90C809E030E21790C808E030E210
A37404F09000E812037CE94A6021801C
90C809E030E31890C808E030E311A374
08F09000EB12037CE94A6003120405D0
07D006D005D004D003D002D001D000D0
D0D082D083D0F0D0E03290C018E4F07F
08120066E4FD7F08120F64E4FD7F0812
0FDD7D017F0812105690C01AE4F07F0A
120066E4FD7F0A120F64E4FD7F0A120F
DD7D017F0A12105690C01BE4F07F0B12
0066E4FD7F0B120F64E4FD7F0B120FDD
E4FD7F0B1210567F0C1200667D017F0C
120F64E4FD7F0C120FDD7D017F0C1208
517BFF7A0079227D017F0C12079143B0
0243B00190C01C7420F0E4FD7F0C1209
0590C01DE4F07F0D1200667D017F0D12
0F647D017F0D0208519000D212039C90
C9057407F0EF6401704FED24FE601C14
602E2402703D9000D212037C9000EE12
039C90C904E04401F080289000D21203
7C9000F112039C90C904E04402F08013
9000D212037C9000F412039C90C904E0
4404F0D2AF43B80122ED24FE601B1460
2C2402703B9000D212037C9000EE1203
9C90C904E044FEF0229000D212037C90
00F112039C90C904E044FDF0229000D2
12037C9000F412039C90C904E044FBF0
229000D212039C90CA057407F0EF6401
704FED24FE601C14602E2402703D9000
D212037C9000F712039C90CA04E04401
F080289000D212037C9000FA12039C90
CA04E04402F080139000D212037C9000
FD12039C90CA04E04404F0D2AF43B804
22ED24FE601B14602C2402703B9000D2
12037C9000F712039C90CA04E044FEF0
229000D212037C9000FA12039C90CA04
E044FDF0229000D212037C9000FD1203
9C90CA04E044FBF022C0E0C0F0C083C0
82C0D075D000C000C001C002C003C004
C005C006C00790C905E030E01C90C904
E030E0159000EE12037CE94A60031204
0590C9057401F0804C90C905E030E11C
90C904E030E1159000F112037CE94A60
0312040590C9057402F0802990C905E0
30E21C90C904E030E2159000F412037C
E94A600312040590C9057404F0800690
C9057407F0D007D006D005D004D003D0
02D001D000D0D0D082D083D0F0D0E032
C0E0C0F0C083C082C0D075D000C000C0
01C002C003C004C005C006C00790CA05
E030E01C90CA04E030E0159000F71203
7CE94A600312040590CA057401F0804C
90CA05E030E11C90CA04E030E1159000
FA12037CE94A600312040590CA057402
F0802990CA05E030E21C90CA04E030E2
159000FD12037CE94A600312040590CA
057404F0800690CA057407F0D007D006
D005D004D003D002D001D000D0D0D082
D083D0F0D0E032C0E0C0F0C083C082C0
D075D000C000C001C002C003C004C005
C006C00790CB05E030E01C90CB04E030
E01590010012037CE94A600312040590
CB057401F0804C90CB05E030E11C90CB
04E030E11590010312037CE94A600312
040590CB057402F0802990CB05E030E2
1C90CB04E030E21590010612037CE94A
600312040590CB057404F0800690CB05
7407F0D007D006D005D004D003D002D0
01D000D0D0D082D083D0F0D0E032787F
E4F6D8FD758120020EA50211BDE493A3
F8E493A34003F68001F208DFF48029E4
93A3F85407240CC8C333C4540F4420C8
834004F456800146F6DFE4800B010204
0810204080900433E47E019360BCA3FF
543F30E509541FFEE493A360010ECF54
C025E060A840B8E493A3FAE493A3F8E4
93A3C8C582C8CAC583CAF0A3C8C582C8
CAC583CADFE9DEE780BEEF1203A50F0A
010F14020F1E040F28080F32100F3C20
0F46400F508000000F5AE5B454F04401
F5B48049E5B454F04402F5B4803FE5B4
54F04403F5B48035E5B454F04404F5B4
802BE5B454F04405F5B48021E5B454F0
4406F5B48017E5B454F04407F5B4800D
E5B454F04408F5B4800353B4F053ADFB
43AD0422EF131313541FFEEF5407FFED
6034EE700D04A807088002C333D8FC42
F922EEB4010E7401A807088002C333D8
FC42FA22EE6402704304A807088002C3
33D8FC42FB22EE700E04A807088002C3
33D8FCF452F922EEB4010F7401A80708
8002C333D8FCF452FA22EEB4020E7401
A807088002C333D8FCF452FB22EF1313
13541FFEEF5407FFED6034EE700D04A8
07088002C333D8FC429722EEB4010E74
01A807088002C333D8FC42E522EE6402
704304A807088002C333D8FC42FC22EE
700E04A807088002C333D8FCF4529722
EEB4010F7401A807088002C333D8FCF4
52E522EEB4020E7401A807088002C333
D8FCF452FC22EF131313541FFEEF5407
FFED6034EE700D04A807088002C333D8
FC428022EEB4010E7401A807088002C3
33D8FC429022EE6402704304A8070880
02C333D8FC42A022EE700E04A8070880
02C333D8FCF4528022EEB4010F7401A8
07088002C333D8FCF4529022EEB4020E
7401A807088002C333D8FCF452A02290
00D612033FE47F10FEFDFC9000DA1202
FE1201619000DE12033FE47B02FAF9F8
9000DE1202F21201EC9000D61202FE12
01549000DE1202FE1201EC9000DE1203
3F9000DE1202FEC3E49BFF74049AFEE4
99FDE498FC9000DE12033F9000DE1202
F2780812029CAB079000DE1202F2EB54
03F5BA8FAA22C0E0C0F0C083C082C0D0
75D000C000C001C002C003C004C005C0
06C007E5C830E11053C8FD9001091203
7CE94A6003120405E5C930E11053C9FD
90010C12037CE94A6003120405E5CA30
E11053CAFD90010F12037CE94A600312
0405D007D006D005D004D003D002D001
D000D0D0D082D083D0F0D0E0321214B5
120A6A12145B7D0F7C007F647E001213
3C7BFF7A0079217D017F01120B191214
CA7D0F7C007F647E001213757BFF7A14
79C07D017F01120BC11214D29000D674
01F07B047A00E4FD7F011213E57F0312
00067F06120094E4FF1214867F011214
747F011214A980FEC0E0C0F0C083C082
C0D075D000C000C001C002C003C004C0
05C006C007E5F630E00D90011E12037C
E94A600312040575F601D007D006D005
D004D003D002D001D000D0D0D082D083
D0F0D0E032C0E0C0F0C083C082C0D075
D000C000C001C002C003C004C005C006
C00730980F90011B12037CE94A600312
0405C298D007D006D005D004D003D002
D001D000D0D0D082D083D0F0D0E032EF
131313541FFEEF5407FFEE700E04A807
088002C333D8FCF452E122EEB4010F74
01A807088002C333D8FCF452E222EEB4
020E7401A807088002C333D8FCF452E3
22EF131313541FFEEF5407FFEE700DE5
E1A807088002C313D8FC801CEEB4010D
E5E2A807088002C313D8FC800BE5E3A8
07088002C313D8FC5401FF22AB07AA06
43DF0843E70890C900E04440F0EC90C9
0DF0ED90C90CF0EB24FFEA34FF90C90F
F0EB1490C90EF090C9067401F090C905
E04401F022AB07AA0643DF2043E72090
CA00E04440F0EC90CA0DF0ED90CA0CF0
EB24FFEA34FF90CA0FF0EB1490CA0EF0
90CA067401F090CA05E04401F0229000
D212033F43DE0143E601439E01E49001
1AF0C29FD29EC299C2989000D21202F2
9000DA12033F9001161202F21210CFD2
9C53F33F229000D6E06401702743DE10
43E610EFC4333354C0FFE5AC54BF4FF5
ACE4F5FEF5FFEBF5FEEAF5FFE5FD54FE
4DF5FD2253DEEF53E6EF221200269000
5FE475F00112013EFC741C25F0F58274
003CF583EFF090005C7401F022C0E0C0
83C082E5A630E3099001217401F075A3
2075A3FFD082D083D0E032E490005CF0
FF7EC27D01FC1213AE7BFF7A14791B7F
01021498EFB4010753ADFE53ADFD2243
AD0243AD012243AC20EF700553ACFD80
0343AC0253B5FE22EFB4010AD2AFD2AC
90011B02039CC2AC22EFB4010443AC01
2253ACFE227F007E247DF47C00020567
9000ABE475F00102012890C900E04401
F02290CA00E04401F022FFFF

---------- Code Information -----------
Code Entrance:      0x00000000 
Code Run Entrance:  0x00000000 
Code Size:          0x000014DC 
Code CRC Value:     0x503D 
