020AD29000D4E0FEA3E09000CEFFE0FC
A3E0FDC3EF9DEE9CC394807F0050027F
0122FF020FFBFFFFFFFFFF020DBAFFFF
FFFFFF020FAE9000D4EEF0A3EFF0C3EB
9DFFEA9CFEC3E09DFD9000D4E09CFCD3
ED9FEC9E7F0050027F012202133CFFFF
FFFFFF02077C9000B7E0FEA3E0FFC390
00BFE09FFF9000BEE09EFEC3EF94F4EE
94014015E49000CDF09000C2F09000BB
E06006E4F0FF1210F422FF020A2BFFFF
FFFFFF020984FFFFFFFFFF0208DDBB01
0689828A83E0225002E722BBFE02E322
89828A83E49322BB010CE58229F582E5
833AF583E0225006E92582F8E622BBFE
06E92582F8E222E58229F582E5833AF5
83E49322BB010689828A83F0225002F7
22BBFE01F322F8BB010DE58229F582E5
833AF583E8F0225006E92582C8F622BB
FE05E92582C8F222C5F0F8A3E028F0C5
F0F8E582158270021583E038F022A3F8
E0C5F025F0F0E582158270021583E0C8
38F0E822EF2BFFEE3AFEED39FDEC38FC
22C3EF9BFFEE9AFEED99FDEC98FC22E8
8FF0A4CC8BF0A42CFCE98EF0A42CFC8A
F0EDA42CFCEA8EF0A4CDA8F08BF0A42D
CC3825F0FDE98FF0A42CCD35F0FCEB8E
F0A4FEA9F0EB8FF0A4CFC5F02ECD39FE
E43CFCEAA42DCE35F0FDE43CFC2275F0
08758200EF2FFFEE33FECD33CDCC33CC
C58233C5829BED9AEC99E58298400CF5
82EE9BFEED9AFDEC99FC0FD5F0D6E4CE
FBE4CDFAE4CCF9A88222B800C1B90059
BA002DEC8BF084CFCECDFCE5F0CBF978
18EF2FFFEE33FEED33FDEC33FCEB33FB
10D703994004EB99FB0FD8E5E4F9FA22
7818EF2FFFEE33FEED33FDEC33FCC933
C910D7059BE99A4007EC9BFCE99AF90F
D8E0E4C9FAE4CCFB2275F010EF2FFFEE
33FEED33FDCC33CCC833C810D7079BEC
9AE899400AED9BFDEC9AFCE899F80FD5
F0DAE4CDFBE4CCFAE4C8F922EF4BFFEE
4AFEED49FDEC48FC22EB9FF5F0EA9E42
F0E99D42F0E89C45F022E8600FECC313
FCED13FDEE13FEEF13FFD8F122E8600F
EFC333FFEE33FEED33FDEC33FCD8F122
BB010DE58229F582E5833AF583020300
5007E92582F8020419BBFE07E92582F8
020425E58229F582E5833AF583020431
E0FCA3E0FDA3E0FEA3E0FF22E0F8A3E0
F9A3E0FAA3E0FB227401FF3395E0FEFD
FCA3A3A3E0CF2FF0E582158270021583
E0CE3EF0E582158270021583E0CD3DF0
E582158270021583E0CC3CF022ECF0A3
EDF0A3EEF0A3EFF022A8828583F0D083
D082120370120370120370120370E473
E493A3C583C5F0C583C8C582C8F0A3C5
83C5F0C583C8C582C822E0FBA3E0FAA3
E0F922F8E0FBA3A3E0F925F0F0E58215
8270021583E0FA38F022EBF0A3EAF0A3
E9F022D083D082F8E493701274019370
0DA3A393F8740193F5828883E4737402
936860EFA3A3A380DFD083D082E49370
12740193700DA3A393F8740193F58288
83E4737402936C70127403936D700C74
04936E70067405936F60DDA3A3A3A3A3
A380CA8A838982E473E6FC08E6FD08E6
FE08E6FF22E2FC08E2FD08E2FE08E2FF
22E493FC740193FD740293FE740393FF
22440114000000004401100000000042
00BE00004200C800004200AD00004200
B905144400AF000028A04100C3004100
BB004100AC004100C2004100CD004200
B700004200CB00004100CA004100BD00
4100C7004200B300004200C000004200
CE00004200C500004200B500004100BC
004100C4004100AB0060480063000000
00000000000000000000000000000000
00000000000000000000000000000000
00000000000000000000000000000000
00000000000000000000000000000000
00000000004101180043011900000043
011C0000004900EC0000000000000000
004900F50000000000000000004900FE
0000000000000000004C00E000000000
000000000000000041011F0049010700
000000000000000041001B0041000400
44000000000000420005000042005D00
0242005F00004200610000C102C101C1
00009000D012034D9000D41203590000
000043F804E5F830E5FB9091AAE0FFE4
FCFDFE78101202BDC004C005C006C007
A3E0FFE4FCFDFE78181202BDD003D002
D001D00012028CC004C005C006C00790
91A9E0FFE4FCFDFE78081202BDD003D0
02D001D00012028CA804A905AA06AB07
9091A8E0FFE4FCFDFE12028C90011012
034D7FC07E0A7D707C0190011012030C
D312029950167F407E617D6C7C019001
1012030CC31202994002801274FFFFFE
FDFC90011012030CC3120299700C9000
D412035902DC6C008015E47F02FEFDFC
90011012030C12016F9000D412034D90
00D01203001203D9068E00B71B000686
00F42400067E016E36000000068675EE
01E47B02800E75EE02E47B03800675EE
03E47B04FAF9F89000D41203001201FA
90011412034D53F8FE53D9F8227F0412
12FD9000ADEEF0A3EFF01210459000D0
EEF0A3EFF09000C3E0702404F09000D0
E0FAA3E0FBFFAE02E4FCFD78031202BD
9000AF12034D9000B9EAF0A3EBF02290
00AF120300C004C005C006C0079000AF
12030078031202AAA804A905AA06AB07
D007D006D005D0041201619000AF1203
4D9000AF12030C9000D0E0FEA3E0FFE4
FCFD1201549000AF12034D9000AF1203
0078031202AA9000B9EEF0A3EFF0C390
00BAE094209000B9E0940350087403F0
A37420F022D39000BAE094809000B9E0
940C4007740CF0A37480F022C0E0C0F0
C083C082C0D075D000C000C001C002C0
03C004C005C006C00790C809E030E017
90C808E030E010A37401F09000E01203
8AE94A605D805890C809E030E11790C8
08E030E110A37402F09000E312038AE9
4A603F803A90C809E030E21790C808E0
30E210A37404F09000E612038AE94A60
21801C90C809E030E31890C808E030E3
11A37408F09000E912038AE94A600312
0413D007D006D005D004D003D002D001
D000D0D0D082D083D0F0D0E0329000D6
EEF0A3EFF09000C7E0600F121198EF70
030208DCE49000C7F0229000BDE07020
9000D6121233EF70030208DC9000BD74
01F0A3E0FFA3E09000B3CFF0A3EFF022
9000B3E0FEA3E0FFC39000BFE09FFF90
00BEE09E9000D8F0A3EFF0121198EF60
32E49000BDF09000D8E0FEA3E0FF9000
B5EEF0A3EFF0C3EF941EEE9400402DD3
EF9478EE940050249000B3E0FEA3E0FF
020F5DD39000D9E094789000D8E09400
400AE49000BDF09000C704F022C0E0C0
F0C083C082C0D075D000C000C001C002
C003C004C005C006C00790C905E030E0
1C90C904E030E0159000EC12038AE94A
600312041390C9057401F0804C90C905
E030E11C90C904E030E1159000EF1203
8AE94A600312041390C9057402F08029
90C905E030E21C90C904E030E2159000
F212038AE94A600312041390C9057404
F0800690C9057407F0D007D006D005D0
04D003D002D001D000D0D0D082D083D0
F0D0E032C0E0C0F0C083C082C0D075D0
00C000C001C002C003C004C005C006C0
0790CA05E030E01C90CA04E030E01590
00F512038AE94A600312041390CA0574
01F0804C90CA05E030E11C90CA04E030
E1159000F812038AE94A600312041390
CA057402F0802990CA05E030E21C90CA
04E030E2159000FB12038AE94A600312
041390CA057404F0800690CA057407F0
D007D006D005D004D003D002D001D000
D0D0D082D083D0F0D0E032C0E0C0F0C0
83C082C0D075D000C000C001C002C003
C004C005C006C00790CB05E030E01C90
CB04E030E0159000FE12038AE94A6003
12041390CB057401F0804C90CB05E030
E11C90CB04E030E11590010112038AE9
4A600312041390CB057402F0802990CB
05E030E21C90CB04E030E21590010412
038AE94A600312041390CB057404F080
0690CB057407F0D007D006D005D004D0
03D002D001D000D0D0D082D083D0F0D0
E032787FE4F6D8FD758120020B190212
DCE493A3F8E493A34003F68001F208DF
F48029E493A3F85407240CC8C333C454
0F4420C8834004F456800146F6DFE480
0B0102040810204080900441E47E0193
60BCA3FF543F30E509541FFEE493A360
010ECF54C025E060A840B8E493A3FAE4
93A3F8E493A3C8C582C8CAC583CAF0A3
C8C582C8CAC583CADFE9DEE780BEEF12
03B30B7E010B88020B92040B9C080BA6
100BB0200BBA400BC48000000BCEE5B4
54F04401F5B48049E5B454F04402F5B4
803FE5B454F04403F5B48035E5B454F0
4404F5B4802BE5B454F04405F5B48021
E5B454F04406F5B48017E5B454F04407
F5B4800DE5B454F04408F5B4800353B4
F053ADFB43AD0422EF131313541FFEEF
5407FFED6034EE700D04A807088002C3
33D8FC42F922EEB4010E7401A8070880
02C333D8FC42FA22EE6402704304A807
088002C333D8FC42FB22EE700E04A807
088002C333D8FCF452F922EEB4010F74
01A807088002C333D8FCF452FA22EEB4
020E7401A807088002C333D8FCF452FB
22EF131313541FFEEF5407FFED6034EE
700D04A807088002C333D8FC429722EE
B4010E7401A807088002C333D8FC42E5
22EE6402704304A807088002C333D8FC
42FC22EE700E04A807088002C333D8FC
F4529722EEB4010F7401A807088002C3
33D8FCF452E522EEB4020E7401A80708
8002C333D8FCF452FC22EF131313541F
FEEF5407FFED6034EE700D04A8070880
02C333D8FC428022EEB4010E7401A807
088002C333D8FC429022EE6402704304
A807088002C333D8FC42A022EE700E04
A807088002C333D8FCF4528022EEB401
0F7401A807088002C333D8FCF4529022
EEB4020E7401A807088002C333D8FCF4
52A0229000D412034DE47F10FEFDFC90
00D812030C12016F9000DC12034DE47B
02FAF9F89000DC1203001201FA9000D4
12030C1201549000DC12030C1201FA90
00DC12034D9000DC12030CC3E49BFF74
049AFEE499FDE498FC9000DC12034D90
00DC12030078081202AAAB079000DC12
0300EB5403F5BA8FAA22C0E0C0F0C083
C082C0D075D000C000C001C002C003C0
04C005C006C007E5C830E11053C8FD90
010712038AE94A6003120413E5C930E1
1053C9FD90010A12038AE94A60031204
13E5CA30E11053CAFD90010D12038AE9
4A6003120413D007D006D005D004D003
D002D001D000D0D0D082D083D0F0D0E0
329000CAE0700280649000BEE0FFA3E0
9000D0CFF0A3EFF09000C5E0FEA3E0FF
24ECFDEE34FFFCEF2496FFE43E9000D2
F0FAA3EFF0FB9000D0E0FEA3E0FF1200
36EF600280279000D0E0FEA3E0A31200
0DEF601CE49000CAF09000BDF09000C7
F09000C4E0C394FF5003E004F002135A
1211CC2290C018E4F07F0812125FE4FD
7F08120BD8E4FD7F08120C51E4FD7F08
120CCA90C01AE4F07F0A12125FE4FD7F
0A120BD8E4FD7F0A120C517D017F0A12
0CCA90C01BE4F07F0B12125FE4FD7F0B
120BD8E4FD7F0B120C51E4FD7F0B120C
CA90C01DE4F0229000D6EEF0A3EFF090
00C8EEF0A3EFF0ED602E9000C2E07014
121230EF60369000C27401F0FD7F0A12
0CCA80209000D612119BEF601FE49000
C2F0FD7F0A020CCA121230EF60099000
C27401F00211FFE49000C2F022AD07AC
069000CA7401F09000C0ECF0A3EDF024
70FEE43C9000CEF0A3CEF0EF2410FEEC
34279000C5F0A3CEF09000BEE0FFA3E0
9000B7CFF0A3EFF0E49000BDF09000C7
F09000BCE0C394FF5003E004F022C0E0
C0F0C083C082C0D075D000C000C001C0
02C003C004C005C006C007E5F630E00D
90011C12038AE94A600312041375F601
D007D006D005D004D003D002D001D000
D0D0D082D083D0F0D0E032C0E0C0F0C0
83C082C0D075D000C000C001C002C003
C004C005C006C00730980F9001191203
8AE94A6003120413C298D007D006D005
D004D003D002D001D000D0D0D082D083
D0F0D0E032AB07AA06D3EB94FFEA940F
40047A0F7BFF9000D212035900000960
AE02AF03E4FCFD9000D212030C12016F
E47BFF7A0FF9F81201FAEF2420FFEE34
03FE22AB07AA0643DF0843E70890C900
E04440F0EC90C90DF0ED90C90CF0EB24
FFEA34FF90C90FF0EB1490C90EF090C9
067401F090C905E04401F02290C905E0
30E0307401F09000BEE475F001120128
1200669000CBE475F001120128C39000
CCE094889000CBE094134007E4F0A3F0
1206AD229000D8EFF07F0060027F0190
00D9EFF060047D018002E4FD7F08120C
CA9000D8E060047D018002E4FD7F0B12
0CCA9000D9E09000ACF0229000D01203
4D43DE0143E601439E01E4900118F0C2
9FD29EC299C2989000D01203009000D8
12034D900114120300120D43D29C53F3
3F229000D4E06401702743DE1043E610
EFC4333354C0FFE5AC54BF4FF5ACE4F5
FEF5FFEBF5FEEAF5FFE5FD54FE4DF5FD
2253DEEF53E6EF229000D6E0FEA3E0FF
D39000BAE094649000B9E09400400EA3
E0249CFD9000B9E034FFFC8003E4FCFD
D3EF9DEE9C7F0050027F01229000BEE0
FFA3E09000D4CFF0A3EFF0120003EF60
1D1213927F021212FDE4FD120F079000
CEE475F064120128120003EF70F02290
00BEE0FFA3E09000B7CFF0A3EFF09000
CDE0C394FF5003E004F09000CDE0C394
02400C9000BBE0700604F0FF1210F422
9000D6E0FEA3E0FF9000BAE02464FD90
00B9E03400FCD3ED94FFEC940F40047C
0F7DFFC3EF9DEE9C7F0040027F0122EF
131313541FFEEF54079000D0F0EE7007
43DF0143E70122EEB4010743DF0243E7
0222EEB4020643DF0443E704229000D4
7401F07B047A00E4FD7F011211627F05
1213777F061213F9E4FF1213BA7F0112
13A87F010213DAE5B7540FFEAFB6D3EF
9401EE9400400774052FFFE43EFED3EF
94FFEE940F40047E0F7FFF221213E612
0EA41213CC12128D12131E1206ADC2AF
E4FF1210F41210BC120E3180F8120B5E
E5AD20E2FBE5F630E0FB75F6011212B7
D3EF94FFEE940F40047E0F7FFF227D17
7C007F0A7E0012108390C904E4F0A374
07F090C90AE4F0A3F00213F1C0E0C083
C082E5A630E30990011F7401F075A320
75A3FFD082D083D0E0327F021212FD90
00D4EEF0A3EFF012082D9000D4E0FEA3
E0FF7D01020F0753F7F8EF24FC600B14
600C2402700B43F7032243F7042243F7
05229000ABE06003E480059000AB7401
F0FD7F0A120CCA22EFB4010753ADFE53
ADFD2243AD0243AD012243AC20EF7005
53ACFD800343AC0253B5FE22E490005C
F0FF7EC27D01FC02112BEFB4010443AC
012253ACFE227F007E367D6E7C010205
8290C900E04401F022EF8FF553B4EF22

---------- Code Information -----------
Code Entrance:      0x00000000 
Code Run Entrance:  0x00000000 
Code Size:          0x00001400 
Code CRC Value:     0x6056 
