020BE6020D6953F7F8EF24FC600B1460
0C2402700B43F7032243F7042243F705
22FFFF021088AF9922FFFF020FC4FFFF
FFFFFF02103BE5B7540FFEAFB6D3EF94
01EE9400400774052FFFE43EFED3EF94
FFEE940F40047E0F7FFF22021217FFFF
FFFFFF020898EF131313541FFEEF5407
9000C4F0EE700743DF0143E70122EEB4
010743DF0243E70222EEB4020643DF04
43E70422EF8FF553B4EF22020B3FFFFF
FFFFFF020A98FFFFFFFFFF0209F1BB01
0689828A83E0225002E722BBFE02E322
89828A83E49322BB010CE58229F582E5
833AF583E0225006E92582F8E622BBFE
06E92582F8E222E58229F582E5833AF5
83E49322BB010689828A83F0225002F7
22BBFE01F322F8BB010DE58229F582E5
833AF583E8F0225006E92582C8F622BB
FE05E92582C8F222C5F0F8A3E028F0C5
F0F8E582158270021583E038F022A3F8
E0C5F025F0F0E582158270021583E0C8
38F0E822EF2BFFEE3AFEED39FDEC38FC
22E88FF0A4CC8BF0A42CFCE98EF0A42C
FC8AF0EDA42CFCEA8EF0A4CDA8F08BF0
A42DCC3825F0FDE98FF0A42CCD35F0FC
EB8EF0A4FEA9F0EB8FF0A4CFC5F02ECD
39FEE43CFCEAA42DCE35F0FDE43CFC22
75F008758200EF2FFFEE33FECD33CDCC
33CCC58233C5829BED9AEC99E5829840
0CF582EE9BFEED9AFDEC99FC0FD5F0D6
E4CEFBE4CDFAE4CCF9A88222B800C1B9
0059BA002DEC8BF084CFCECDFCE5F0CB
F97818EF2FFFEE33FEED33FDEC33FCEB
33FB10D703994004EB99FB0FD8E5E4F9
FA227818EF2FFFEE33FEED33FDEC33FC
C933C910D7059BE99A4007EC9BFCE99A
F90FD8E0E4C9FAE4CCFB2275F010EF2F
FFEE33FEED33FDCC33CCC833C810D707
9BEC9AE899400AED9BFDEC9AFCE899F8
0FD5F0DAE4CDFBE4CCFAE4C8F922EF4B
FFEE4AFEED49FDEC48FC22EB9FF5F0EA
9E42F0E99D42F0E89C45F022E8600FEC
C313FCED13FDEE13FEEF13FFD8F122E8
600FEFC333FFEE33FEED33FDEC33FCD8
F122BB010DE58229F582E5833AF58302
02F25007E92582F802040BBBFE07E925
82F8020417E58229F582E5833AF58302
0423E0FCA3E0FDA3E0FEA3E0FF22E0F8
A3E0F9A3E0FAA3E0FB227401FF3395E0
FEFDFCA3A3A3E0CF2FF0E58215827002
1583E0CE3EF0E582158270021583E0CD
3DF0E582158270021583E0CC3CF022EC
F0A3EDF0A3EEF0A3EFF022A8828583F0
D083D082120362120362120362120362
E473E493A3C583C5F0C583C8C582C8F0
A3C583C5F0C583C8C582C822E0FBA3E0
FAA3E0F922F8E0FBA3A3E0F925F0F0E5
82158270021583E0FA38F022EBF0A3EA
F0A3E9F022D083D082F8E49370127401
93700DA3A393F8740193F5828883E473
7402936860EFA3A3A380DFD083D082E4
937012740193700DA3A393F8740193F5
828883E4737402936C70127403936D70
0C7404936E70067405936F60DDA3A3A3
A3A3A380CA8A838982E473E6FC08E6FD
08E6FE08E6FF22E2FC08E2FD08E2FE08
E2FF22E493FC740193FD740293FE7403
93FF229000C412033F9000C812034B00
00000043F804E5F830E5FB9091AAE0FF
E4FCFDFE78101202AFC004C005C006C0
07A3E0FFE4FCFDFE78181202AFD003D0
02D001D00012027EC004C005C006C007
9091A9E0FFE4FCFDFE78081202AFD003
D002D001D00012027EA804A905AA06AB
079091A8E0FFE4FCFDFE12027E900105
12033F7FC07E0A7D707C019001051202
FED312028B50167F407E617D6C7C0190
01051202FEC312028B4002801274FFFF
FEFDFC9001051202FEC312028B700C90
00C812034B02DC6C008015E47F02FEFD
FC9001051202FE1201619000C812033F
9000C41202F21203CB053F00B71B0005
3700F42400052F016E36000000053775
EE01E47B02800E75EE02E47B03800675
EE03E47B04FAF9F89000C81202F21201
EC90010912033F53F8FE53D9F8224401
0900000000440105000000004200C21F
404200BAFA004200B100004200B30000
4200AD00004200AB00004400BC000000
004200B500004200C000004200AF0000
C103C1044200B700004100B900604800
63000000000000000000000000000000
00000000000000000000000000000000
00000000000000000000000000000000
00000000000000000000000000000000
00000000000000000041010D0043010E
0000004301110000004900E100000000
00000000004900EA0000000000000000
004900F30000000000000000004C00D5
00000000000000000000000041011400
4900FC00000000000000000041001B00
41000400440000000000004200050000
42005D000242005F00004200610000C1
02C101C100001212A4120C721212357D
C37C097F107E0012114F7BFF7A12794E
7D017F011209491212AF9000C87401F0
7B047A00E4FD7F011211BF7F03120006
7F02120094E4FF1212757F011212637F
011212987F02120CEFE5AD20E2FBE5F6
30E0FB75F6011200369000B3EEF0A3EF
F0C394B8EE940B40DBE094FF9000B3E0
947F50D09000C0E475F0011201289000
C0E07004A3E0640270BA9000C0F0A3F0
90C90AE0E4F0A3E0E4F0FD7F0B120ED4
E4FD7F08120ED47D017F0A120ED48094
EF131313541FFEEF5407FFED604FEE70
1690C000C083C082E0FE7401A8070880
02C333D8FC8033EEB4011690C001C083
C082E0FE7401A807088002C333D8FC80
19EE6402706D90C002C083C082E0FE74
01A807088002C333D8FC4E8051EE7018
90C000C083C082E0FE7401A807088002
C333D8FCF45E8036EEB4011890C001C0
83C082E0FE7401A807088002C333D8FC
F45E801AEEB4021B90C002C083C082E0
FE7401A807088002C333D8FCF45ED082
D083F022EF131313541FFEEF5407FFED
604FEE701690C005C083C082E0FE7401
A807088002C333D8FC8033EEB4011690
C006C083C082E0FE7401A807088002C3
33D8FC8019EE6402706D90C007C083C0
82E0FE7401A807088002C333D8FC4E80
51EE701890C005C083C082E0FE7401A8
07088002C333D8FCF45E8036EEB40118
90C006C083C082E0FE7401A807088002
C333D8FCF45E801AEEB4021B90C007C0
83C082E0FE7401A807088002C333D8FC
F45ED082D083F022C0E0C0F0C083C082
C0D075D000C000C001C002C003C004C0
05C006C00790C809E030E01790C808E0
30E010A37401F09000D512037CE94A60
5D805890C809E030E11790C808E030E1
10A37402F09000D812037CE94A603F80
3A90C809E030E21790C808E030E210A3
7404F09000DB12037CE94A6021801C90
C809E030E31890C808E030E311A37408
F09000DE12037CE94A6003120405D007
D006D005D004D003D002D001D000D0D0
D082D083D0F0D0E0329000C412039C90
C9057407F0EF6401704FED24FE601C14
602E2402703D9000C412037C9000E112
039C90C904E04401F080289000C41203
7C9000E412039C90C904E04402F08013
9000C412037C9000E712039C90C904E0
4404F0D2AF43B80122ED24FE601B1460
2C2402703B9000C412037C9000E11203
9C90C904E044FEF0229000C412037C90
00E412039C90C904E044FDF0229000C4
12037C9000E712039C90C904E044FBF0
22C0E0C0F0C083C082C0D075D000C000
C001C002C003C004C005C006C00790C9
05E030E01C90C904E030E0159000E112
037CE94A600312040590C9057401F080
4C90C905E030E11C90C904E030E11590
00E412037CE94A600312040590C90574
02F0802990C905E030E21C90C904E030
E2159000E712037CE94A600312040590
C9057404F0800690C9057407F0D007D0
06D005D004D003D002D001D000D0D0D0
82D083D0F0D0E032C0E0C0F0C083C082
C0D075D000C000C001C002C003C004C0
05C006C00790CA05E030E01C90CA04E0
30E0159000EA12037CE94A6003120405
90CA057401F0804C90CA05E030E11C90
CA04E030E1159000ED12037CE94A6003
12040590CA057402F0802990CA05E030
E21C90CA04E030E2159000F012037CE9
4A600312040590CA057404F0800690CA
057407F0D007D006D005D004D003D002
D001D000D0D0D082D083D0F0D0E032C0
E0C0F0C083C082C0D075D000C000C001
C002C003C004C005C006C00790CB05E0
30E01C90CB04E030E0159000F312037C
E94A600312040590CB057401F0804C90
CB05E030E11C90CB04E030E1159000F6
12037CE94A600312040590CB057402F0
802990CB05E030E21C90CB04E030E215
9000F912037CE94A600312040590CB05
7404F0800690CB057407F0D007D006D0
05D004D003D002D001D000D0D0D082D0
83D0F0D0E032787FE4F6D8FD75812002
0C2D020676E493A3F8E493A34003F680
01F208DFF48029E493A3F85407240CC8
C333C4540F4420C8834004F456800146
F6DFE4800B010204081020408090055E
E47E019360BCA3FF543F30E509541FFE
E493A360010ECF54C025E060A840B8E4
93A3FAE493A3F8E493A3C8C582C8CAC5
83CAF0A3C8C582C8CAC583CADFE9DEE7
80BE90C018E4F07F08120066E4FD7F08
120DE2E4FD7F08120E5B7D017F08120E
D490C01AE4F07F0A120066E4FD7F0A12
0DE2E4FD7F0A120E5B7D017F0A120ED4
7F0B120066E4FD7F0B120DE2E4FD7F0B
120E5B7D017F0B120ED490C01C7420F0
E4FD7F0C1207E490C01DE4F07F0D1200
667D017F0D120DE27D017F0D020730EF
1203A50D0F010D19020D23040D2D080D
37100D41200D4B400D558000000D5FE5
B454F04401F5B48049E5B454F04402F5
B4803FE5B454F04403F5B48035E5B454
F04404F5B4802BE5B454F04405F5B480
21E5B454F04406F5B48017E5B454F044
07F5B4800DE5B454F04408F5B4800353
B4F053ADFB43AD0422C0E0C0F0C083C0
82C0D075D000C000C001C002C003C004
C005C006C0079000D4E4F0F09000D4E0
FFC394185031121114BF01239000D4E0
75F003A42463F582E43400F58312037C
E94A60031204059000D4E0FF1210D290
00D4E004F080C5D007D006D005D004D0
03D002D001D000D0D0D082D083D0F0D0
E032EF131313541FFEEF5407FFED6034
EE700D04A807088002C333D8FC42F922
EEB4010E7401A807088002C333D8FC42
FA22EE6402704304A807088002C333D8
FC42FB22EE700E04A807088002C333D8
FCF452F922EEB4010F7401A807088002
C333D8FCF452FA22EEB4020E7401A807
088002C333D8FCF452FB22EF13131354
1FFEEF5407FFED6034EE700D04A80708
8002C333D8FC429722EEB4010E7401A8
07088002C333D8FC42E522EE64027043
04A807088002C333D8FC42FC22EE700E
04A807088002C333D8FCF4529722EEB4
010F7401A807088002C333D8FCF452E5
22EEB4020E7401A807088002C333D8FC
F452FC22EF131313541FFEEF5407FFED
6034EE700D04A807088002C333D8FC42
8022EEB4010E7401A807088002C333D8
FC429022EE6402704304A807088002C3
33D8FC42A022EE700E04A807088002C3
33D8FCF4528022EEB4010F7401A80708
8002C333D8FCF4529022EEB4020E7401
A807088002C333D8FCF452A0229000C8
12033FE47F10FEFDFC9000CC1202FE12
01619000D012033FE47B02FAF9F89000
D01202F21201EC9000C81202FE120154
9000D01202FE1201EC9000D012033F90
00D01202FEC3E49BFF74049AFEE499FD
E498FC9000D012033F9000D01202F278
0812029CAB079000D01202F2EB5403F5
BA8FAA22C0E0C0F0C083C082C0D075D0
00C000C001C002C003C004C005C006C0
07E5C830E11053C8FD9000FC12037CE9
4A6003120405E5C930E11053C9FD9000
FF12037CE94A6003120405E5CA30E110
53CAFD90010212037CE94A6003120405
D007D006D005D004D003D002D001D000
D0D0D082D083D0F0D0E032C0E0C0F0C0
83C082C0D075D000C000C001C002C003
C004C005C006C007E5F630E00D900111
12037CE94A600312040575F601D007D0
06D005D004D003D002D001D000D0D0D0
82D083D0F0D0E032C0E0C0F0C083C082
C0D075D000C000C001C002C003C004C0
05C006C00730980F90010E12037CE94A
6003120405C298D007D006D005D004D0
03D002D001D000D0D0D082D083D0F0D0
E032EF131313541FFEEF5407FFEE700E
04A807088002C333D8FCF452E122EEB4
010F7401A807088002C333D8FCF452E2
22EEB4020E7401A807088002C333D8FC
F452E322EF131313541FFEEF5407FFEE
700DE5E1A807088002C313D8FC801CEE
B4010DE5E2A807088002C313D8FC800B
E5E3A807088002C313D8FC5401FF22AB
07AA0643DF0843E70890C900E04440F0
EC90C90DF0ED90C90CF0EB24FFEA34FF
90C90FF0EB1490C90EF090C9067401F0
90C905E04401F0229000C412033F43DE
0143E601439E01E490010DF0C29FD29E
C299C2989000C41202F29000CC12033F
9001091202F2120F4DD29C53F33F2290
00C8E06401702743DE1043E610EFC433
3354C0FFE5AC54BF4FF5ACE4F5FEF5FF
EBF5FEEAF5FFE5FD54FE4DF5FD2253DE
EF53E6EF2212002690005FE475F00112
013EFC741C25F0F58274003CF583EFF0
90005C7401F022C0E0C083C082E5A630
E3099001147401F075A32075A3FFD082
D083D0E032E490005CF0FF7EC27D01FC
1211887BFF7A1179F57F010212877D01
7F0B120ED47D017F08120ED4E4FD7F0A
020ED4EFB4010753ADFE53ADFD2243AD
0243AD012243AC20EF700553ACFD8003
43AC0253B5FE22EFB4010AD2AFD2AC90
010E02039CC2AC22EFB4010443AC0122
53ACFE227F007E247DF47C0002043390
C900E04401F022FF

---------- Code Information -----------
Code Entrance:      0x00000000 
Code Run Entrance:  0x00000000 
Code Size:          0x000012B8 
Code CRC Value:     0xF98F 
