020FF602117953F7F8EF24FC600B1460
0C2402700B43F7032243F7042243F705
22FFFF021498AF9922FFFF0213D4FFFF
FFFFFF02144BE5B7540FFEAFB6D3EF94
01EE9400400774052FFFE43EFED3EF94
FFEE940F40047E0F7FFF22021627FFFF
FFFFFF020CA8EF131313541FFEEF5407
9000ABF0EE700743DF0143E70122EEB4
010743DF0243E70222EEB4020643DF04
43E70422EF8FF553B4EF22020F4FFFFF
FFFFFF020EA8FFFFFFFFFF020E01BB01
0689828A83E0225002E722BBFE02E322
89828A83E49322BB010CE58229F582E5
833AF583E0225006E92582F8E622BBFE
06E92582F8E222E58229F582E5833AF5
83E49322BB010689828A83F0225002F7
22BBFE01F322F8BB010DE58229F582E5
833AF583E8F0225006E92582C8F622BB
FE05E92582C8F222C5F0F8A3E028F0C5
F0F8E582158270021583E038F022A3F8
E0C5F025F0F0E582158270021583E0C8
38F0E822EF2BFFEE3AFEED39FDEC38FC
22E88FF0A4CC8BF0A42CFCE98EF0A42C
FC8AF0EDA42CFCEA8EF0A4CDA8F08BF0
A42DCC3825F0FDE98FF0A42CCD35F0FC
EB8EF0A4FEA9F0EB8FF0A4CFC5F02ECD
39FEE43CFCEAA42DCE35F0FDE43CFC22
75F008758200EF2FFFEE33FECD33CDCC
33CCC58233C5829BED9AEC99E5829840
0CF582EE9BFEED9AFDEC99FC0FD5F0D6
E4CEFBE4CDFAE4CCF9A88222B800C1B9
0059BA002DEC8BF084CFCECDFCE5F0CB
F97818EF2FFFEE33FEED33FDEC33FCEB
33FB10D703994004EB99FB0FD8E5E4F9
FA227818EF2FFFEE33FEED33FDEC33FC
C933C910D7059BE99A4007EC9BFCE99A
F90FD8E0E4C9FAE4CCFB2275F010EF2F
FFEE33FEED33FDCC33CCC833C810D707
9BEC9AE899400AED9BFDEC9AFCE899F8
0FD5F0DAE4CDFBE4CCFAE4C8F922EF4B
FFEE4AFEED49FDEC48FC22EB9FF5F0EA
9E42F0E99D42F0E89C45F022E8600FEC
C313FCED13FDEE13FEEF13FFD8F122E8
600FEFC333FFEE33FEED33FDEC33FCD8
F122BB010DE58229F582E5833AF58302
02F25007E92582F802040BBBFE07E925
82F8020417E58229F582E5833AF58302
0423E0FCA3E0FDA3E0FEA3E0FF22E0F8
A3E0F9A3E0FAA3E0FB227401FF3395E0
FEFDFCA3A3A3E0CF2FF0E58215827002
1583E0CE3EF0E582158270021583E0CD
3DF0E582158270021583E0CC3CF022EC
F0A3EDF0A3EEF0A3EFF022A8828583F0
D083D082120362120362120362120362
E473E493A3C583C5F0C583C8C582C8F0
A3C583C5F0C583C8C582C822E0FBA3E0
FAA3E0F922F8E0FBA3A3E0F925F0F0E5
82158270021583E0FA38F022EBF0A3EA
F0A3E9F022D083D082F8E49370127401
93700DA3A393F8740193F5828883E473
7402936860EFA3A3A380DFD083D082E4
937012740193700DA3A393F8740193F5
828883E4737402936C70127403936D70
0C7404936E70067405936F60DDA3A3A3
A3A3A380CA8A838982E473E6FC08E6FD
08E6FE08E6FF22E2FC08E2FD08E2FE08
E2FF22E493FC740193FD740293FE7403
93FF22E50824AEF582E43400F583E005
08229000AB3007039000AEE475F00112
03850200AE2000E97F2ED2008018EF54
0F2490D43440D4FF30040BEF24BFB41A
0050032461FFE50960021509050CE50C
7002050B30070E9000ABE475F0011203
85EF0200F40216E67403D2078003E4C2
07F5089000AB12039CE4F509F50BF50C
E50960077F2012047680F5750AFFC201
C200C202C203C205C206C208120442FF
700D3007057F00120487AF0CAE0B22B4
255FC2D5C204120442FF24D0B40A0050
1A75F00A780930D50508B6FF0106C6A4
26F620D5047002D20380D924CFB41A00
EF5004C2E5D204020688D20180C6D200
80C0D20280BCD2D580BAD20580B47F20
1204762002077401B5090040F1120433
FF1204760204B0D208D2068095120433
FB120433FA120433F94A4B700679597A
077BFF20022EE509602A7E008E827583
001200C760060EEE650A70F0C2D5EBC0
E0EAC0E0E9C0E0EE1206CFD0E0F9D0E0
FAD0E0FB1200AEFF60AAEBC0E0EAC0E0
E9C0E0120476D0E02401F9D0E03400FA
D0E0FBE50A0460DCD50AD980877BFF7A
0679CBD202809C791080027908C206C2
088008D2D5790A8004790AC2D5E50A04
7002F50AE4FAFDFEFF120433FC7B0820
0113120433FD7B1030000A120433FE12
0433FF7B20EC3382D592D55013C3E430
00069FFFE49EFEE42001039DFDE49CFC
E4CBF8C201EC700CCFCECDCCE824F8F8
70F38017C3EF33FFEE33FEED33FDEC33
FCEB33FB994002FB0FD8E9EB300105F8
D0E0C448B201C0E00AEC4D4E4F78207B
0070C2EAB50A0040BCC0E01206D1D0F0
D0E0200104C4C0E0C4B201C0F012045F
D0F0D5F0EB0204B01203A5054D5305C7
58051E4C051A4205CB4F05D34405D349
05334305D95505BD4605BD4505BD4707
795005222D05262E05492B052A230547
2007622A04E248000005413F3F3F0079
0AA2D5200314300509B910020404B908
0104A2D52006025001042002689202B5
09005034C0E07F203003197F30A20272
067205500F120728C202C206C205C208
7F30800F300503E9C0E0120476300503
D0E0F9D0E0B509CC3005177F30B9100C
1204767F583004077F788003B9080312
04763002057F2D0204767F202008F87F
2B2006F322920280CF286E756C6C2900
D2011204333001F8C201780930D50108
F60204E22D504349581204332403B405
004001E490077493120467743A120467
D2037509040205C71216D31210821216
457DC37C097F107E0012155F7BFF7A16
79B97D017F01120D591216DE9000AF74
01F07B047A00E4FD7F011215CF7F0312
00067F06120094E4FF1216867F011216
747F011216C77F041210FFE5AD20E2FB
E5F630E0FB75F6011200369000DCEEF0
A3EFF0C394ACEE940D400DE094FF9000
DCE0940F500280329000DCE0FEA3E0FF
C394B8EE940B400AEF94ACEE940D5002
80349000DCE0FEA3E0FFC394C4EE9409
400CEF94B8EE940B5004E4FD801A9000
DCE0FEA3E0FFC394D0EE9407400FEF94
C4EE940950077D017F0B1212E47F0212
10FFE5AD20E2FBE5F630E0FB75F60112
00369000DCEEF0A3EFF07BFF7A1679A9
9000AEEEF0A3EFF012049E9000E9E0FE
A3E0FF9000DCE0FCA3E0FDC39FEC9E50
030207E6ED94FFEC947F40030207E690
00EBE475F0011201289000EBE07004A3
E0640260030207E69000EBF0A3F090C9
0AE0E4F0A3E0E4F0FD7F081212E47D01
7F0A1212E40207E69000AB12033F9000
AF12034B0000000043F804E5F830E5FB
9091AAE0FFE4FCFDFE78101202AFC004
C005C006C007A3E0FFE4FCFDFE781812
02AFD003D002D001D00012027EC004C0
05C006C0079091A9E0FFE4FCFDFE7808
1202AFD003D002D001D00012027EA804
A905AA06AB079091A8E0FFE4FCFDFE12
027E90011F12033F7FC07E0A7D707C01
90011F1202FED312028B50167F407E61
7D6C7C0190011F1202FEC312028B4002
801274FFFFFEFDFC90011F1202FEC312
028B700C9000AF12034B02DC6C008015
E47F02FEFDFC90011F1202FE12016190
00AF12033F9000AB1202F21203CB0A04
00B71B0009FC00F4240009F4016E3600
000009FC75EE01E47B02800E75EE02E4
7B03800675EE03E47B04FAF9F89000AF
1202F21201EC90012312033F53F8FE53
D9F8224401230000000044011F000000
004200ED1F404200E3FA004200DA0000
4200DC00004200D600004200D4000042
00E900004400E5000000004200DE0000
4200EB00004200D80000C10CC10D4200
E000004100E200604800630000000000
00000000000000000000000000000000
00000000000000000000000000000000
00000000000000000000000000000000
00000000000000000000000000000000
0000004101270043012800000043012B
0000004900FB00000000000000000049
010400000000000000000049010D0000
000000000000004C00EF000000000000
00000000000041012E00490116000000
00000000000041001B00410004004400
0000000000420005000042005D000242
005F00004200610000C10BC10AC10900
EF131313541FFEEF5407FFED604FEE70
1690C000C083C082E0FE7401A8070880
02C333D8FC8033EEB4011690C001C083
C082E0FE7401A807088002C333D8FC80
19EE6402706D90C002C083C082E0FE74
01A807088002C333D8FC4E8051EE7018
90C000C083C082E0FE7401A807088002
C333D8FCF45E8036EEB4011890C001C0
83C082E0FE7401A807088002C333D8FC
F45E801AEEB4021B90C002C083C082E0
FE7401A807088002C333D8FCF45ED082
D083F022EF131313541FFEEF5407FFED
604FEE701690C005C083C082E0FE7401
A807088002C333D8FC8033EEB4011690
C006C083C082E0FE7401A807088002C3
33D8FC8019EE6402706D90C007C083C0
82E0FE7401A807088002C333D8FC4E80
51EE701890C005C083C082E0FE7401A8
07088002C333D8FCF45E8036EEB40118
90C006C083C082E0FE7401A807088002
C333D8FCF45E801AEEB4021B90C007C0
83C082E0FE7401A807088002C333D8FC
F45ED082D083F022C0E0C0F0C083C082
C0D075D000C000C001C002C003C004C0
05C006C00790C809E030E01790C808E0
30E010A37401F09000EF12037CE94A60
5D805890C809E030E11790C808E030E1
10A37402F09000F212037CE94A603F80
3A90C809E030E21790C808E030E210A3
7404F09000F512037CE94A6021801C90
C809E030E31890C808E030E311A37408
F09000F812037CE94A6003120405D007
D006D005D004D003D002D001D000D0D0
D082D083D0F0D0E0329000AB12039C90
C9057407F0EF6401704FED24FE601C14
602E2402703D9000AB12037C9000FB12
039C90C904E04401F080289000AB1203
7C9000FE12039C90C904E04402F08013
9000AB12037C90010112039C90C904E0
4404F0D2AF43B80122ED24FE601B1460
2C2402703B9000AB12037C9000FB1203
9C90C904E044FEF0229000AB12037C90
00FE12039C90C904E044FDF0229000AB
12037C90010112039C90C904E044FBF0
22C0E0C0F0C083C082C0D075D000C000
C001C002C003C004C005C006C00790C9
05E030E01C90C904E030E0159000FB12
037CE94A600312040590C9057401F080
4C90C905E030E11C90C904E030E11590
00FE12037CE94A600312040590C90574
02F0802990C905E030E21C90C904E030
E21590010112037CE94A600312040590
C9057404F0800690C9057407F0D007D0
06D005D004D003D002D001D000D0D0D0
82D083D0F0D0E032C0E0C0F0C083C082
C0D075D000C000C001C002C003C004C0
05C006C00790CA05E030E01C90CA04E0
30E01590010412037CE94A6003120405
90CA057401F0804C90CA05E030E11C90
CA04E030E11590010712037CE94A6003
12040590CA057402F0802990CA05E030
E21C90CA04E030E21590010A12037CE9
4A600312040590CA057404F0800690CA
057407F0D007D006D005D004D003D002
D001D000D0D0D082D083D0F0D0E032C0
E0C0F0C083C082C0D075D000C000C001
C002C003C004C005C006C00790CB05E0
30E01C90CB04E030E01590010D12037C
E94A600312040590CB057401F0804C90
CB05E030E11C90CB04E030E115900110
12037CE94A600312040590CB057402F0
802990CB05E030E21C90CB04E030E215
90011312037CE94A600312040590CB05
7404F0800690CB057407F0D007D006D0
05D004D003D002D001D000D0D0D082D0
83D0F0D0E032787FE4F6D8FD75812102
103D020798E493A3F8E493A34003F680
01F208DFF48029E493A3F85407240CC8
C333C4540F4420C8834004F456800146
F6DFE4800B0102040810204080900A23
E47E019360BCA3FF543F30E509541FFE
E493A360010ECF54C025E060A840B8E4
93A3FAE493A3F8E493A3C8C582C8CAC5
83CAF0A3C8C582C8CAC583CADFE9DEE7
80BE90C018E4F07F08120066E4FD7F08
1211F2E4FD7F0812126B7D017F081212
E490C01AE4F07F0A120066E4FD7F0A12
11F2E4FD7F0A12126B7D017F0A1212E4
7F0B120066E4FD7F0B1211F2E4FD7F0B
12126B7D017F0B1212E490C01C7420F0
E4FD7F0C120BF490C01DE4F07F0D1200
667D017F0D1211F27D017F0D020B40EF
1203A5111F01112902113304113D0811
4710115120115B401165800000116FE5
B454F04401F5B48049E5B454F04402F5
B4803FE5B454F04403F5B48035E5B454
F04404F5B4802BE5B454F04405F5B480
21E5B454F04406F5B48017E5B454F044
07F5B4800DE5B454F04408F5B4800353
B4F053ADFB43AD0422C0E0C0F0C083C0
82C0D075D000C000C001C002C003C004
C005C006C0079000D3E4F0F09000D3E0
FFC394185031121524BF01239000D3E0
75F003A42463F582E43400F58312037C
E94A60031204059000D3E0FF1214E290
00D3E004F080C5D007D006D005D004D0
03D002D001D000D0D0D082D083D0F0D0
E032EF131313541FFEEF5407FFED6034
EE700D04A807088002C333D8FC42F922
EEB4010E7401A807088002C333D8FC42
FA22EE6402704304A807088002C333D8
FC42FB22EE700E04A807088002C333D8
FCF452F922EEB4010F7401A807088002
C333D8FCF452FA22EEB4020E7401A807
088002C333D8FCF452FB22EF13131354
1FFEEF5407FFED6034EE700D04A80708
8002C333D8FC429722EEB4010E7401A8
07088002C333D8FC42E522EE64027043
04A807088002C333D8FC42FC22EE700E
04A807088002C333D8FCF4529722EEB4
010F7401A807088002C333D8FCF452E5
22EEB4020E7401A807088002C333D8FC
F452FC22EF131313541FFEEF5407FFED
6034EE700D04A807088002C333D8FC42
8022EEB4010E7401A807088002C333D8
FC429022EE6402704304A807088002C3
33D8FC42A022EE700E04A807088002C3
33D8FCF4528022EEB4010F7401A80708
8002C333D8FCF4529022EEB4020E7401
A807088002C333D8FCF452A0229000AF
12033FE47F10FEFDFC9000B31202FE12
01619000B712033FE47B02FAF9F89000
B71202F21201EC9000AF1202FE120154
9000B71202FE1201EC9000B712033F90
00B71202FEC3E49BFF74049AFEE499FD
E498FC9000B712033F9000B71202F278
0812029CAB079000B71202F2EB5403F5
BA8FAA22C0E0C0F0C083C082C0D075D0
00C000C001C002C003C004C005C006C0
07E5C830E11053C8FD90011612037CE9
4A6003120405E5C930E11053C9FD9001
1912037CE94A6003120405E5CA30E110
53CAFD90011C12037CE94A6003120405
D007D006D005D004D003D002D001D000
D0D0D082D083D0F0D0E032C0E0C0F0C0
83C082C0D075D000C000C001C002C003
C004C005C006C007E5F630E00D90012B
12037CE94A600312040575F601D007D0
06D005D004D003D002D001D000D0D0D0
82D083D0F0D0E032C0E0C0F0C083C082
C0D075D000C000C001C002C003C004C0
05C006C00730980F90012812037CE94A
6003120405C298D007D006D005D004D0
03D002D001D000D0D0D082D083D0F0D0
E032EF131313541FFEEF5407FFEE700E
04A807088002C333D8FCF452E122EEB4
010F7401A807088002C333D8FCF452E2
22EEB4020E7401A807088002C333D8FC
F452E322EF131313541FFEEF5407FFEE
700DE5E1A807088002C313D8FC801CEE
B4010DE5E2A807088002C313D8FC800B
E5E3A807088002C313D8FC5401FF22AB
07AA0643DF0843E70890C900E04440F0
EC90C90DF0ED90C90CF0EB24FFEA34FF
90C90FF0EB1490C90EF090C9067401F0
90C905E04401F0229000AB12033F43DE
0143E601439E01E4900127F0C29FD29E
C299C2989000AB1202F29000B312033F
9001231202F212135DD29C53F33F2290
00AFE06401702743DE1043E610EFC433
3354C0FFE5AC54BF4FF5ACE4F5FEF5FF
EBF5FEEAF5FFE5FD54FE4DF5FD2253DE
EF53E6EF2212002690005FE475F00112
013EFC741C25F0F58274003CF583EFF0
90005C7401F022C0E0C083C082E5A630
E30990012E7401F075A32075A3FFD082
D083D0E032E490005CF0FF7EC27D01FC
1215987BFF7A1679057F0102169874FF
FDFC8F9920990AED1DAE0470011C4E70
F3C29922EFB4010753ADFE53ADFD2243
AD0243AD012243AC20EF700553ACFD80
0343AC0253B5FE22EFB4010AD2AFD2AC
90012802039CC2AC2241444320646174
61203A2025640D0A007D017F081212E4
E4FD7F0A0212E4EFB4010443AC012253
ACFE227F007E247DF47C000208F890C9
00E04401F022AB0712165E22

---------- Code Information -----------
Code Entrance:      0x00000000 
Code Run Entrance:  0x00000000 
Code Size:          0x000016EC 
Code CRC Value:     0x02B7 
