020F7502043353F7F8EF24FC600B1460
0C2402700B43F7032243F7042243F705
222222021321AF9922FFFF02125DFFFF
FFFFFF0212D4E5B7540FFEAFB6D3EF94
01EE9400400774052FFFE43EFED3EF94
FFEE940F40047E0F7FFF220214E9FFFF
FFFFFF020AF2EF131313541FFEEF5407
9000CEF0EE700743DF0143E70122EEB4
010743DF0243E70222EEB4020643DF04
43E70422EF8FF553B4EF22020E41FFFF
FFFFFF020D9AFFFFFFFFFF020CF3BB01
0689828A83E0225002E722BBFE02E322
89828A83E49322BB010CE58229F582E5
833AF583E0225006E92582F8E622BBFE
06E92582F8E222E58229F582E5833AF5
83E49322BB010689828A83F0225002F7
22BBFE01F322F8BB010DE58229F582E5
833AF583E8F0225006E92582C8F622BB
FE05E92582C8F222C5F0F8A3E028F0C5
F0F8E582158270021583E038F022A3F8
E0C5F025F0F0E582158270021583E0C8
38F0E822EF2BFFEE3AFEED39FDEC38FC
22E88FF0A4CC8BF0A42CFCE98EF0A42C
FC8AF0EDA42CFCEA8EF0A4CDA8F08BF0
A42DCC3825F0FDE98FF0A42CCD35F0FC
EB8EF0A4FEA9F0EB8FF0A4CFC5F02ECD
39FEE43CFCEAA42DCE35F0FDE43CFC22
75F008758200EF2FFFEE33FECD33CDCC
33CCC58233C5829BED9AEC99E5829840
0CF582EE9BFEED9AFDEC99FC0FD5F0D6
E4CEFBE4CDFAE4CCF9A88222B800C1B9
0059BA002DEC8BF084CFCECDFCE5F0CB
F97818EF2FFFEE33FEED33FDEC33FCEB
33FB10D703994004EB99FB0FD8E5E4F9
FA227818EF2FFFEE33FEED33FDEC33FC
C933C910D7059BE99A4007EC9BFCE99A
F90FD8E0E4C9FAE4CCFB2275F010EF2F
FFEE33FEED33FDCC33CCC833C810D707
9BEC9AE899400AED9BFDEC9AFCE899F8
0FD5F0DAE4CDFBE4CCFAE4C8F922EF4B
FFEE4AFEED49FDEC48FC22EB9FF5F0EA
9E42F0E99D42F0E89C45F022E8600FEC
C313FCED13FDEE13FEEF13FFD8F122E8
600FEFC333FFEE33FEED33FDEC33FCD8
F122BB010DE58229F582E5833AF58302
02F25007E92582F802040BBBFE07E925
82F8020417E58229F582E5833AF58302
0423E0FCA3E0FDA3E0FEA3E0FF22E0F8
A3E0F9A3E0FAA3E0FB227401FF3395E0
FEFDFCA3A3A3E0CF2FF0E58215827002
1583E0CE3EF0E582158270021583E0CD
3DF0E582158270021583E0CC3CF022EC
F0A3EDF0A3EEF0A3EFF022A8828583F0
D083D082120362120362120362120362
E473E493A3C583C5F0C583C8C582C8F0
A3C583C5F0C583C8C582C822E0FBA3E0
FAA3E0F922F8E0FBA3A3E0F925F0F0E5
82158270021583E0FA38F022EBF0A3EA
F0A3E9F022D083D082F8E49370127401
93700DA3A393F8740193F5828883E473
7402936860EFA3A3A380DFD083D082E4
937012740193700DA3A393F8740193F5
828883E4737402936C70127403936D70
0C7404936E70067405936F60DDA3A3A3
A3A3A380CA8A838982E473E6FC08E6FD
08E6FE08E6FF22E2FC08E2FD08E2FE08
E2FF22E493FC740193FD740293FE7403
93FF22C0E0C0F0C083C082C0D075D000
C000C001C002C003C004C005C006C007
7F0B1213ADEF700302054A7F02121001
E5AD20E2FBE5F630E0FB75F6019000C4
1202FEC000C001C002C003120036E4FC
FDD003D002D001D0001201549000C412
033F7F02121001E5AD20E2FBE5F630E0
FB75F6019000C41202FEC000C001C002
C003120036E4FCFDD003D002D001D000
1201549000C412033F7F02121001E5AD
20E2FBE5F630E0FB75F6019000C41202
FEC000C001C002C003120036E4FCFDD0
03D002D001D0001201549000C412033F
E47B03FAF9F89000C41202F21201EC90
00B5EEF0FAA3EFF0FB9000C412034B00
000000D39000C3E09B9000C2E09A5013
C39000B6E094FF9000B5E0947F50047D
018002E4FD7F0A12116D7F0B12136BD0
07D006D005D004D003D002D001D000D0
D0D082D083D0F0D0E0329000CE12033F
9000D212034B0000000043F804E5F830
E5FB9091AAE0FFE4FCFDFE78101202AF
C004C005C006C007A3E0FFE4FCFDFE78
181202AFD003D002D001D00012027EC0
04C005C006C0079091A9E0FFE4FCFDFE
78081202AFD003D002D001D00012027E
A804A905AA06AB079091A8E0FFE4FCFD
FE12027E90010E12033F7FC07E0A7D70
7C0190010E1202FED312028B50167F40
7E617D6C7C0190010E1202FEC312028B
4002801274FFFFFEFDFC90010E1202FE
C312028B700C9000D212034B02DC6C00
8015E47F02FEFDFC90010E1202FE1201
619000D212033F9000CE1202F21203CB
067600B71B00066E00F424000666016E
36000000066E75EE01E47B02800E75EE
02E47B03800675EE03E47B04FAF9F890
00D21202F21201EC90011212033F53F8
FE53D9F8224401120000000044010E00
0000004200CC1F404200BCFA004200B3
00004200B500004200AF00004200AD00
004200C203E84400BE000000004200B7
00004200CA00004200B10000C103C104
4200B900004100BB004100C8004200AB
00004100C90060480063000000000000
00000000000000000000000000000000
00000000000000000000000000000000
00000000000000000000000000000000
00000000000000000000000000000000
00004101160043011700000043011A00
00004900EA0000000000000000004900
F30000000000000000004900FC000000
0000000000004C00DE00000000000000
000000000041011D0049010500000000
000000000041001B0041000400440000
00000000420005000042005D00024200
5F00004200610000C102C101C1000012
1561120EE81215077D0F7C007F647E00
1213E87BFF7A0079217D017F01120BA3
1215767D0F7C007F647E001214217BFF
7A15796C7D017F01120C4B12157E9000
D27401F07B047A00E4FD7F011214917F
031200067F06120094E4FF1215327F01
1215207F01121555C2AF7F04121001E5
AD20E2FBE5F630E0FB75F60112003690
00B5EEF0A3EFF0D2AFC394ACEE940D40
14E094FF9000B5E0940F5009E49000C2
F0A3F080C39000B5E0FEA3E0FFC394B8
EE940B4014EF94ACEE940D500C9000C2
7403F0A374E8F0809FC3EF94C4EE9409
4014EF94B8EE940B500C9000C27407F0
A374D0F08082C3EF94D0EE9407500302
0828EF94C4EE940940030208289000C2
740BF0A374B8F0020828AC07EF131313
541F9000CEF0EF5407A3F0ED6060EC75
F003A42463F582E43400F58312039CD2
AFD2A812136B9000CEE0FF7011A3E0FE
7401A806088002C333D8FC42E922EFB4
01139000CFE0FF7401A807088002C333
D8FC42EA229000CEE06402705CA3E0FF
7401A807088002C333D8FC42EB22C2A8
9000CEE0FF7012A3E0FE7401A8060880
02C333D8FCF452E922EFB401149000CF
E0FF7401A807088002C333D8FCF452EA
229000CEE0B40211A3E0FF7401A80708
8002C333D8FCF452EB22EF131313541F
FEEF5407FFED604FEE701690C000C083
C082E0FE7401A807088002C333D8FC80
33EEB4011690C001C083C082E0FE7401
A807088002C333D8FC8019EE6402706D
90C002C083C082E0FE7401A807088002
C333D8FC4E8051EE701890C000C083C0
82E0FE7401A807088002C333D8FCF45E
8036EEB4011890C001C083C082E0FE74
01A807088002C333D8FCF45E801AEEB4
021B90C002C083C082E0FE7401A80708
8002C333D8FCF45ED082D083F022EF13
1313541FFEEF5407FFED604FEE701690
C005C083C082E0FE7401A807088002C3
33D8FC8033EEB4011690C006C083C082
E0FE7401A807088002C333D8FC8019EE
6402706D90C007C083C082E0FE7401A8
07088002C333D8FC4E8051EE701890C0
05C083C082E0FE7401A807088002C333
D8FCF45E8036EEB4011890C006C083C0
82E0FE7401A807088002C333D8FCF45E
801AEEB4021B90C007C083C082E0FE74
01A807088002C333D8FCF45ED082D083
F022C0E0C0F0C083C082C0D075D000C0
00C001C002C003C004C005C006C00790
C809E030E01790C808E030E010A37401
F09000DE12037CE94A605D805890C809
E030E11790C808E030E110A37402F090
00E112037CE94A603F803A90C809E030
E21790C808E030E210A37404F09000E4
12037CE94A6021801C90C809E030E318
90C808E030E311A37408F09000E71203
7CE94A6003120405D007D006D005D004
D003D002D001D000D0D0D082D083D0F0
D0E0329000CE12039C90C9057407F0EF
6401704FED24FE601C14602E2402703D
9000CE12037C9000EA12039C90C904E0
4401F080289000CE12037C9000ED1203
9C90C904E04402F080139000CE12037C
9000F012039C90C904E04404F0D2AF43
B80122ED24FE601B14602C2402703B90
00CE12037C9000EA12039C90C904E044
FEF0229000CE12037C9000ED12039C90
C904E044FDF0229000CE12037C9000F0
12039C90C904E044FBF0229000CE1203
9C90CA057407F0EF6401704FED24FE60
1C14602E2402703D9000CE12037C9000
F312039C90CA04E04401F080289000CE
12037C9000F612039C90CA04E04402F0
80139000CE12037C9000F912039C90CA
04E04404F0D2AF43B80422ED24FE601B
14602C2402703B9000CE12037C9000F3
12039C90CA04E044FEF0229000CE1203
7C9000F612039C90CA04E044FDF02290
00CE12037C9000F912039C90CA04E044
FBF022C0E0C0F0C083C082C0D075D000
C000C001C002C003C004C005C006C007
90C905E030E01C90C904E030E0159000
EA12037CE94A600312040590C9057401
F0804C90C905E030E11C90C904E030E1
159000ED12037CE94A600312040590C9
057402F0802990C905E030E21C90C904
E030E2159000F012037CE94A60031204
0590C9057404F0800690C9057407F0D0
07D006D005D004D003D002D001D000D0
D0D082D083D0F0D0E032C0E0C0F0C083
C082C0D075D000C000C001C002C003C0
04C005C006C00790CA05E030E01C90CA
04E030E0159000F312037CE94A600312
040590CA057401F0804C90CA05E030E1
1C90CA04E030E1159000F612037CE94A
600312040590CA057402F0802990CA05
E030E21C90CA04E030E2159000F91203
7CE94A600312040590CA057404F08006
90CA057407F0D007D006D005D004D003
D002D001D000D0D0D082D083D0F0D0E0
32C0E0C0F0C083C082C0D075D000C000
C001C002C003C004C005C006C00790CB
05E030E01C90CB04E030E0159000FC12
037CE94A600312040590CB057401F080
4C90CB05E030E11C90CB04E030E11590
00FF12037CE94A600312040590CB0574
02F0802990CB05E030E21C90CB04E030
E21590010212037CE94A600312040590
CB057404F0800690CB057407F0D007D0
06D005D004D003D002D001D000D0D0D0
82D083D0F0D0E03290C018E4F07F0812
0066E4FD7F0812107BE4FD7F081210F4
7D017F0812116D90C01AE4F07F0A1200
66E4FD7F0A12107BE4FD7F0A1210F47D
017F0A12116D7F0B1200667D017F0B12
107BE4FD7F0B1210F47D017F0B12098A
7BFF7A0079227D017F0B1208CA43AE40
90C01C7420F0E4FD7F0C120A3E90C01D
E4F07F0D1200667D017F0D12107B7D01
7F0D02098A787FE4F6D8FD758120020F
BC0207BFE493A3F8E493A34003F68001
F208DFF48029E493A3F85407240CC8C3
33C4540F4420C8834004F456800146F6
DFE4800B0102040810204080900695E4
7E019360BCA3FF543F30E509541FFEE4
93A360010ECF54C025E060A840B8E493
A3FAE493A3F8E493A3C8C582C8CAC583
CAF0A3C8C582C8CAC583CADFE9DEE780
BEEF1203A5102101102B02103504103F
08104910105320105D40106780000010
71E5B454F04401F5B48049E5B454F044
02F5B4803FE5B454F04403F5B48035E5
B454F04404F5B4802BE5B454F04405F5
B48021E5B454F04406F5B48017E5B454
F04407F5B4800DE5B454F04408F5B480
0353B4F053ADFB43AD0422EF13131354
1FFEEF5407FFED6034EE700D04A80708
8002C333D8FC42F922EEB4010E7401A8
07088002C333D8FC42FA22EE64027043
04A807088002C333D8FC42FB22EE700E
04A807088002C333D8FCF452F922EEB4
010F7401A807088002C333D8FCF452FA
22EEB4020E7401A807088002C333D8FC
F452FB22EF131313541FFEEF5407FFED
6034EE700D04A807088002C333D8FC42
9722EEB4010E7401A807088002C333D8
FC42E522EE6402704304A807088002C3
33D8FC42FC22EE700E04A807088002C3
33D8FCF4529722EEB4010F7401A80708
8002C333D8FCF452E522EEB4020E7401
A807088002C333D8FCF452FC22EF1313
13541FFEEF5407FFED6034EE700D04A8
07088002C333D8FC428022EEB4010E74
01A807088002C333D8FC429022EE6402
704304A807088002C333D8FC42A022EE
700E04A807088002C333D8FCF4528022
EEB4010F7401A807088002C333D8FCF4
529022EEB4020E7401A807088002C333
D8FCF452A0229000D212033FE47F10FE
FDFC9000D61202FE1201619000DA1203
3FE47B02FAF9F89000DA1202F21201EC
9000D21202FE1201549000DA1202FE12
01EC9000DA12033F9000DA1202FEC3E4
9BFF74049AFEE499FDE498FC9000DA12
033F9000DA1202F2780812029CAB0790
00DA1202F2EB5403F5BA8FAA22C0E0C0
F0C083C082C0D075D000C000C001C002
C003C004C005C006C007E5C830E11053
C8FD90010512037CE94A6003120405E5
C930E11053C9FD90010812037CE94A60
03120405E5CA30E11053CAFD90010B12
037CE94A6003120405D007D006D005D0
04D003D002D001D000D0D0D082D083D0
F0D0E032C0E0C0F0C083C082C0D075D0
00C000C001C002C003C004C005C006C0
07E5F630E00D90011A12037CE94A6003
12040575F601D007D006D005D004D003
D002D001D000D0D0D082D083D0F0D0E0
32C0E0C0F0C083C082C0D075D000C000
C001C002C003C004C005C006C0073098
0F90011712037CE94A6003120405C298
D007D006D005D004D003D002D001D000
D0D0D082D083D0F0D0E032EF13131354
1FFEEF5407FFEE700E04A807088002C3
33D8FCF452E122EEB4010F7401A80708
8002C333D8FCF452E222EEB4020E7401
A807088002C333D8FCF452E322EF1313
13541FFEEF5407FFEE700DE5E1A80708
8002C313D8FC801CEEB4010DE5E2A807
088002C313D8FC800BE5E3A807088002
C313D8FC5401FF22AB07AA0643DF0843
E70890C900E04440F0EC90C90DF0ED90
C90CF0EB24FFEA34FF90C90FF0EB1490
C90EF090C9067401F090C905E04401F0
22AB07AA0643DF2043E72090CA00E044
40F0EC90CA0DF0ED90CA0CF0EB24FFEA
34FF90CA0FF0EB1490CA0EF090CA0674
01F090CA05E04401F0229000CE12033F
43DE0143E601439E01E4900116F0C29F
D29EC299C2989000CE1202F29000D612
033F9001121202F21211E6D29C53F33F
229000D2E06401702743DE1043E610EF
C4333354C0FFE5AC54BF4FF5ACE4F5FE
F5FFEBF5FEEAF5FFE5FD54FE4DF5FD22
53DEEF53E6EF2212002690005FE475F0
0112013EFC741C25F0F58274003CF583
EFF090005C7401F022C0E0C083C082E5
A630E30990011D7401F075A32075A3FF
D082D083D0E032E490005CF0FF7EC27D
01FC12145A7BFF7A1479C77F01021544
EFB4010753ADFE53ADFD2243AD0243AD
012243AC20EF700553ACFD800343AC02
53B5FE22EFB4010AD2AFD2AC90011702
039CC2AC22EFB4010443AC012253ACFE
227F007E247DF47C0002056A9000ABE4
75F00102012890C900E04401F02290CA
00E04401F022FFFF

---------- Code Information -----------
Code Entrance:      0x00000000 
Code Run Entrance:  0x00000000 
Code Size:          0x00001588 
Code CRC Value:     0x6BD1 
