020E3302069253F7F8EF24FC600B1460
0C2402700B43F7032243F7042243F705
22222202124AAF9922FFFF02111BFFFF
FFFFFF0211FDE5B7540FFEAFB6D3EF94
01EE9400400774052FFFE43EFED3EF94
FFEE940F40047E0F7FFF22021412FFFF
FFFFFF02098EEF131313541FFEEF5407
9000D2F0EE700743DF0143E70122EEB4
010743DF0243E70222EEB4020643DF04
43E70422EF8FF553B4EF22020D8CFFFF
FFFFFF020CE5FFFFFFFFFF020C3EBB01
0689828A83E0225002E722BBFE02E322
89828A83E49322BB010CE58229F582E5
833AF583E0225006E92582F8E622BBFE
06E92582F8E222E58229F582E5833AF5
83E49322BB010689828A83F0225002F7
22BBFE01F322F8BB010DE58229F582E5
833AF583E8F0225006E92582C8F622BB
FE05E92582C8F222C5F0F8A3E028F0C5
F0F8E582158270021583E038F022A3F8
E0C5F025F0F0E582158270021583E0C8
38F0E822EF2BFFEE3AFEED39FDEC38FC
22E88FF0A4CC8BF0A42CFCE98EF0A42C
FC8AF0EDA42CFCEA8EF0A4CDA8F08BF0
A42DCC3825F0FDE98FF0A42CCD35F0FC
EB8EF0A4FEA9F0EB8FF0A4CFC5F02ECD
39FEE43CFCEAA42DCE35F0FDE43CFC22
75F008758200EF2FFFEE33FECD33CDCC
33CCC58233C5829BED9AEC99E5829840
0CF582EE9BFEED9AFDEC99FC0FD5F0D6
E4CEFBE4CDFAE4CCF9A88222B800C1B9
0059BA002DEC8BF084CFCECDFCE5F0CB
F97818EF2FFFEE33FEED33FDEC33FCEB
33FB10D703994004EB99FB0FD8E5E4F9
FA227818EF2FFFEE33FEED33FDEC33FC
C933C910D7059BE99A4007EC9BFCE99A
F90FD8E0E4C9FAE4CCFB2275F010EF2F
FFEE33FEED33FDCC33CCC833C810D707
9BEC9AE899400AED9BFDEC9AFCE899F8
0FD5F0DAE4CDFBE4CCFAE4C8F922EF4B
FFEE4AFEED49FDEC48FC22EB9FF5F0EA
9E42F0E99D42F0E89C45F022E8600FEC
C313FCED13FDEE13FEEF13FFD8F122E8
600FEFC333FFEE33FEED33FDEC33FCD8
F122BB010DE58229F582E5833AF58302
02F25007E92582F802040BBBFE07E925
82F8020417E58229F582E5833AF58302
0423E0FCA3E0FDA3E0FEA3E0FF22E0F8
A3E0F9A3E0FAA3E0FB227401FF3395E0
FEFDFCA3A3A3E0CF2FF0E58215827002
1583E0CE3EF0E582158270021583E0CD
3DF0E582158270021583E0CC3CF022EC
F0A3EDF0A3EEF0A3EFF022A8828583F0
D083D082120362120362120362120362
E473E493A3C583C5F0C583C8C582C8F0
A3C583C5F0C583C8C582C822E0FBA3E0
FAA3E0F922F8E0FBA3A3E0F925F0F0E5
82158270021583E0FA38F022EBF0A3EA
F0A3E9F022D083D082F8E49370127401
93700DA3A393F8740193F5828883E473
7402936860EFA3A3A380DFD083D082E4
937012740193700DA3A393F8740193F5
828883E4737402936C70127403936D70
0C7404936E70067405936F60DDA3A3A3
A3A3A380CA8A838982E473E6FC08E6FD
08E6FE08E6FF22E2FC08E2FD08E2FE08
E2FF22E493FC740193FD740293FE7403
93FF2244011600000000440112000000
004200D01F404200BCFA004200B30000
4200B500004200C600004200C4000042
00AF00004200AD00004200C203E84400
BE000000004200B700004200CE000042
00B10000C103C1044200B900004100BB
004100CC004200AB00004100CD006048
00630000000000000000000000000000
00000000000000000000000000000000
00000000000000000000000000000000
00000000000000000000000000000000
0000000000000000000041011A004301
1B00000043011E0000004900EE000000
0000000000004900F700000000000000
00004901000000000000000000004C00
E2000000000000000000000000410121
0049010900000000000000000041001B
00410004004400000000000042000500
0042005D000242005F00004200610000
C102C101C100009000D212033F9000D6
12034B0000000043F804E5F830E5FB90
91AAE0FFE4FCFDFE78101202AFC004C0
05C006C007A3E0FFE4FCFDFE78181202
AFD003D002D001D00012027EC004C005
C006C0079091A9E0FFE4FCFDFE780812
02AFD003D002D001D00012027EA804A9
05AA06AB079091A8E0FFE4FCFDFE1202
7E90011212033F7FC07E0A7D707C0190
01121202FED312028B50167F407E617D
6C7C019001121202FEC312028B400280
1274FFFFFEFDFC9001121202FEC31202
8B700C9000D612034B02DC6C008015E4
7F02FEFDFC9001121202FE1201619000
D612033F9000D21202F21203CB067300
B71B00066B00F424000663016E360000
00066B75EE01E47B02800E75EE02E47B
03800675EE03E47B04FAF9F89000D612
02F21201EC90011612033F53F8FE53D9
F822C0E0C0F0C083C082C0D075D000C0
00C001C002C003C004C005C006C0077F
0C1212D6EF70030207467F02120EBFE5
AD20E2FBE5F630E0FB75F60112003690
00B5EEF0A3EFF07F02120EBFE5AD20E2
FBE5F630E0FB75F6011200369000B5EE
F0A3EFF07F02120EBFE5AD20E2FBE5F6
30E0FB75F6011200369000B5EEF0A3EF
F0D39000C3E09F9000C2E09E501AC390
00B6E094FF9000B5E0947F500B7D017F
0A12102B7D018009E4FD7F0A12102BE4
FD7F0812102B7F0C121294D007D006D0
05D004D003D002D001D000D0D0D082D0
83D0F0D0E032AC07EF131313541F9000
D2F0EF5407A3F0ED6060EC75F003A424
63F582E43400F58312039CD2AFD2A812
12949000D2E0FF7011A3E0FE7401A806
088002C333D8FC42E922EFB401139000
D3E0FF7401A807088002C333D8FC42EA
229000D2E06402705CA3E0FF7401A807
088002C333D8FC42EB22C2A89000D2E0
FF7012A3E0FE7401A806088002C333D8
FCF452E922EFB401149000D3E0FF7401
A807088002C333D8FCF452EA229000D2
E0B40211A3E0FF7401A807088002C333
D8FCF452EB22EF131313541FFEEF5407
FFED604FEE701690C000C083C082E0FE
7401A807088002C333D8FC8033EEB401
1690C001C083C082E0FE7401A8070880
02C333D8FC8019EE6402706D90C002C0
83C082E0FE7401A807088002C333D8FC
4E8051EE701890C000C083C082E0FE74
01A807088002C333D8FCF45E8036EEB4
011890C001C083C082E0FE7401A80708
8002C333D8FCF45E801AEEB4021B90C0
02C083C082E0FE7401A807088002C333
D8FCF45ED082D083F022EF131313541F
FEEF5407FFED604FEE701690C005C083
C082E0FE7401A807088002C333D8FC80
33EEB4011690C006C083C082E0FE7401
A807088002C333D8FC8019EE6402706D
90C007C083C082E0FE7401A807088002
C333D8FC4E8051EE701890C005C083C0
82E0FE7401A807088002C333D8FCF45E
8036EEB4011890C006C083C082E0FE74
01A807088002C333D8FCF45E801AEEB4
021B90C007C083C082E0FE7401A80708
8002C333D8FCF45ED082D083F022C0E0
C0F0C083C082C0D075D000C000C001C0
02C003C004C005C006C00790C809E030
E01790C808E030E010A37401F09000E2
12037CE94A605D805890C809E030E117
90C808E030E110A37402F09000E51203
7CE94A603F803A90C809E030E21790C8
08E030E210A37404F09000E812037CE9
4A6021801C90C809E030E31890C808E0
30E311A37408F09000EB12037CE94A60
03120405D007D006D005D004D003D002
D001D000D0D0D082D083D0F0D0E03290
C018E4F07F08120066E4FD7F08120F39
E4FD7F08120FB27D017F0812102B90C0
1AE4F07F0A120066E4FD7F0A120F39E4
FD7F0A120FB27D017F0A12102B90C01B
E4F07F0B120066E4FD7F0B120F39E4FD
7F0B120FB2E4FD7F0B12102B7F0C1200
667D017F0C120F39E4FD7F0C120FB27D
017F0C1208267BFF7A0079227D017F0C
12076653B0FE43B00190C01C7420F0E4
FD7F0C1208DA90C01DE4F07F0D120066
7D017F0D120F397D017F0D0208269000
D212039C90C9057407F0EF6401704FED
24FE601C14602E2402703D9000D21203
7C9000EE12039C90C904E04401F08028
9000D212037C9000F112039C90C904E0
4402F080139000D212037C9000F41203
9C90C904E04404F0D2AF43B80122ED24
FE601B14602C2402703B9000D212037C
9000EE12039C90C904E044FEF0229000
D212037C9000F112039C90C904E044FD
F0229000D212037C9000F412039C90C9
04E044FBF0229000D212039C90CA0574
07F0EF6401704FED24FE601C14602E24
02703D9000D212037C9000F712039C90
CA04E04401F080289000D212037C9000
FA12039C90CA04E04402F080139000D2
12037C9000FD12039C90CA04E04404F0
D2AF43B80422ED24FE601B14602C2402
703B9000D212037C9000F712039C90CA
04E044FEF0229000D212037C9000FA12
039C90CA04E044FDF0229000D212037C
9000FD12039C90CA04E044FBF022C0E0
C0F0C083C082C0D075D000C000C001C0
02C003C004C005C006C00790C905E030
E01C90C904E030E0159000EE12037CE9
4A600312040590C9057401F0804C90C9
05E030E11C90C904E030E1159000F112
037CE94A600312040590C9057402F080
2990C905E030E21C90C904E030E21590
00F412037CE94A600312040590C90574
04F0800690C9057407F0D007D006D005
D004D003D002D001D000D0D0D082D083
D0F0D0E032C0E0C0F0C083C082C0D075
D000C000C001C002C003C004C005C006
C00790CA05E030E01C90CA04E030E015
9000F712037CE94A600312040590CA05
7401F0804C90CA05E030E11C90CA04E0
30E1159000FA12037CE94A6003120405
90CA057402F0802990CA05E030E21C90
CA04E030E2159000FD12037CE94A6003
12040590CA057404F0800690CA057407
F0D007D006D005D004D003D002D001D0
00D0D0D082D083D0F0D0E032C0E0C0F0
C083C082C0D075D000C000C001C002C0
03C004C005C006C00790CB05E030E01C
90CB04E030E01590010012037CE94A60
0312040590CB057401F0804C90CB05E0
30E11C90CB04E030E11590010312037C
E94A600312040590CB057402F0802990
CB05E030E21C90CB04E030E215900106
12037CE94A600312040590CB057404F0
800690CB057407F0D007D006D005D004
D003D002D001D000D0D0D082D083D0F0
D0E032787FE4F6D8FD758120020E7A02
1192E493A3F8E493A34003F68001F208
DFF48029E493A3F85407240CC8C333C4
540F4420C8834004F456800146F6DFE4
800B0102040810204080900433E47E01
9360BCA3FF543F30E509541FFEE493A3
60010ECF54C025E060A840B8E493A3FA
E493A3F8E493A3C8C582C8CAC583CAF0
A3C8C582C8CAC583CADFE9DEE780BEEF
1203A50EDF010EE9020EF3040EFD080F
07100F11200F1B400F258000000F2FE5
B454F04401F5B48049E5B454F04402F5
B4803FE5B454F04403F5B48035E5B454
F04404F5B4802BE5B454F04405F5B480
21E5B454F04406F5B48017E5B454F044
07F5B4800DE5B454F04408F5B4800353
B4F053ADFB43AD0422EF131313541FFE
EF5407FFED6034EE700D04A807088002
C333D8FC42F922EEB4010E7401A80708
8002C333D8FC42FA22EE6402704304A8
07088002C333D8FC42FB22EE700E04A8
07088002C333D8FCF452F922EEB4010F
7401A807088002C333D8FCF452FA22EE
B4020E7401A807088002C333D8FCF452
FB22EF131313541FFEEF5407FFED6034
EE700D04A807088002C333D8FC429722
EEB4010E7401A807088002C333D8FC42
E522EE6402704304A807088002C333D8
FC42FC22EE700E04A807088002C333D8
FCF4529722EEB4010F7401A807088002
C333D8FCF452E522EEB4020E7401A807
088002C333D8FCF452FC22EF13131354
1FFEEF5407FFED6034EE700D04A80708
8002C333D8FC428022EEB4010E7401A8
07088002C333D8FC429022EE64027043
04A807088002C333D8FC42A022EE700E
04A807088002C333D8FCF4528022EEB4
010F7401A807088002C333D8FCF45290
22EEB4020E7401A807088002C333D8FC
F452A0229000D612033FE47F10FEFDFC
9000DA1202FE1201619000DE12033FE4
7B02FAF9F89000DE1202F21201EC9000
D61202FE1201549000DE1202FE1201EC
9000DE12033F9000DE1202FEC3E49BFF
74049AFEE499FDE498FC9000DE12033F
9000DE1202F2780812029CAB079000DE
1202F2EB5403F5BA8FAA22C0E0C0F0C0
83C082C0D075D000C000C001C002C003
C004C005C006C007E5C830E11053C8FD
90010912037CE94A6003120405E5C930
E11053C9FD90010C12037CE94A600312
0405E5CA30E11053CAFD90010F12037C
E94A6003120405D007D006D005D004D0
03D002D001D000D0D0D082D083D0F0D0
E03212148A120A3F1214307D0F7C007F
647E001213117BFF7A0079217D017F01
120AEE12149F7D0F7C007F647E001213
4A7BFF7A1479957D017F01120B961214
A79000D67401F07B047A00E4FD7F0112
13BA7F031200067F06120094E4FF1214
5B7F011214497F0112147E80FEC0E0C0
F0C083C082C0D075D000C000C001C002
C003C004C005C006C007E5F630E00D90
011E12037CE94A600312040575F601D0
07D006D005D004D003D002D001D000D0
D0D082D083D0F0D0E032C0E0C0F0C083
C082C0D075D000C000C001C002C003C0
04C005C006C00730980F90011B12037C
E94A6003120405C298D007D006D005D0
04D003D002D001D000D0D0D082D083D0
F0D0E032EF131313541FFEEF5407FFEE
700E04A807088002C333D8FCF452E122
EEB4010F7401A807088002C333D8FCF4
52E222EEB4020E7401A807088002C333
D8FCF452E322EF131313541FFEEF5407
FFEE700DE5E1A807088002C313D8FC80
1CEEB4010DE5E2A807088002C313D8FC
800BE5E3A807088002C313D8FC5401FF
22AB07AA0643DF0843E70890C900E044
40F0EC90C90DF0ED90C90CF0EB24FFEA
34FF90C90FF0EB1490C90EF090C90674
01F090C905E04401F022AB07AA0643DF
2043E72090CA00E04440F0EC90CA0DF0
ED90CA0CF0EB24FFEA34FF90CA0FF0EB
1490CA0EF090CA067401F090CA05E044
01F0229000D212033F43DE0143E60143
9E01E490011AF0C29FD29EC299C29890
00D21202F29000DA12033F9001161202
F21210A4D29C53F33F229000D6E06401
702743DE1043E610EFC4333354C0FFE5
AC54BF4FF5ACE4F5FEF5FFEBF5FEEAF5
FFE5FD54FE4DF5FD2253DEEF53E6EF22
12002690005FE475F00112013EFC741C
25F0F58274003CF583EFF090005C7401
F022C0E0C083C082E5A630E309900121
7401F075A32075A3FFD082D083D0E032
E490005CF0FF7EC27D01FC1213837BFF
7A1379F07F0102146DEFB4010753ADFE
53ADFD2243AD0243AD012243AC20EF70
0553ACFD800343AC0253B5FE22EFB401
0AD2AFD2AC90011B02039CC2AC22EFB4
010443AC012253ACFE227F007E247DF4
7C000205679000ABE475F00102012890
C900E04401F02290CA00E04401F022FF

---------- Code Information -----------
Code Entrance:      0x00000000 
Code Run Entrance:  0x00000000 
Code Size:          0x000014B0 
Code CRC Value:     0x068B 
