020E14020433E4FD7F0A12100CE4FD7F
0812100CE4FD7F0B12100CE49000CCF0
2222FF021210AF9922FFFF0210FCFFFF
FFFFFF0211C3E5B7540FFEAFB6D3EF94
01EE9400400774052FFFE43EFED3EF94
FFEE940F40047E0F7FFF2202139FFFFF
FFFFFF020A24EF131313541FFEEF5407
9000D1F0EE700743DF0143E70122EEB4
010743DF0243E70222EEB4020643DF04
43E70422EF8FF553B4EF22020CCBFFFF
FFFFFF020C24FFFFFFFFFF020B7DBB01
0689828A83E0225002E722BBFE02E322
89828A83E49322BB010CE58229F582E5
833AF583E0225006E92582F8E622BBFE
06E92582F8E222E58229F582E5833AF5
83E49322BB010689828A83F0225002F7
22BBFE01F322F8BB010DE58229F582E5
833AF583E8F0225006E92582C8F622BB
FE05E92582C8F222C5F0F8A3E028F0C5
F0F8E582158270021583E038F022A3F8
E0C5F025F0F0E582158270021583E0C8
38F0E822EF2BFFEE3AFEED39FDEC38FC
22E88FF0A4CC8BF0A42CFCE98EF0A42C
FC8AF0EDA42CFCEA8EF0A4CDA8F08BF0
A42DCC3825F0FDE98FF0A42CCD35F0FC
EB8EF0A4FEA9F0EB8FF0A4CFC5F02ECD
39FEE43CFCEAA42DCE35F0FDE43CFC22
75F008758200EF2FFFEE33FECD33CDCC
33CCC58233C5829BED9AEC99E5829840
0CF582EE9BFEED9AFDEC99FC0FD5F0D6
E4CEFBE4CDFAE4CCF9A88222B800C1B9
0059BA002DEC8BF084CFCECDFCE5F0CB
F97818EF2FFFEE33FEED33FDEC33FCEB
33FB10D703994004EB99FB0FD8E5E4F9
FA227818EF2FFFEE33FEED33FDEC33FC
C933C910D7059BE99A4007EC9BFCE99A
F90FD8E0E4C9FAE4CCFB2275F010EF2F
FFEE33FEED33FDCC33CCC833C810D707
9BEC9AE899400AED9BFDEC9AFCE899F8
0FD5F0DAE4CDFBE4CCFAE4C8F922EF4B
FFEE4AFEED49FDEC48FC22EB9FF5F0EA
9E42F0E99D42F0E89C45F022E8600FEC
C313FCED13FDEE13FEEF13FFD8F122E8
600FEFC333FFEE33FEED33FDEC33FCD8
F122BB010DE58229F582E5833AF58302
02F25007E92582F802040BBBFE07E925
82F8020417E58229F582E5833AF58302
0423E0FCA3E0FDA3E0FEA3E0FF22E0F8
A3E0F9A3E0FAA3E0FB227401FF3395E0
FEFDFCA3A3A3E0CF2FF0E58215827002
1583E0CE3EF0E582158270021583E0CD
3DF0E582158270021583E0CC3CF022EC
F0A3EDF0A3EEF0A3EFF022A8828583F0
D083D082120362120362120362120362
E473E493A3C583C5F0C583C8C582C8F0
A3C583C5F0C583C8C582C822E0FBA3E0
FAA3E0F922F8E0FBA3A3E0F925F0F0E5
82158270021583E0FA38F022EBF0A3EA
F0A3E9F022D083D082F8E49370127401
93700DA3A393F8740193F5828883E473
7402936860EFA3A3A380DFD083D082E4
937012740193700DA3A393F8740193F5
828883E4737402936C70127403936D70
0C7404936E70067405936F60DDA3A3A3
A3A3A380CA8A838982E473E6FC08E6FD
08E6FE08E6FF22E2FC08E2FD08E2FE08
E2FF22E493FC740193FD740293FE7403
93FF22C0E0C0F0C083C082C0D075D000
C000C001C002C003C004C005C006C007
7F0C12129CEF700302062490C900E054
FEF07F04120EA0E5AD20E2FBE5F630E0
FB75F6011200369000C5EEF0A3EFF0C3
9000C6E094AC9000C5E0940D4019A3E0
94FF9000C5E0940F500D9000C37409F0
A374C4F0020590C39000C6E094809000
C5E0940C4019A3E094AC9000C5E0940D
500D9000C37407F0A374D0F0020590C3
9000C6E094B89000C5E0940B4018A3E0
94809000C5E0940C500C9000C37407F0
A304F0020590C39000C6E0948C9000C5
E0940A4018A3E094B89000C5E0940B50
0C9000C37406F0A37440F08073C39000
C6E094C49000C5E094094018A3E0948C
9000C5E0940A500C9000C37405F0A374
78F0804CC39000C6E094989000C5E094
084018A3E094C49000C5E09409500C90
00C37404F0A374B0F08025C39000C6E0
94D09000C5E094074016A3E094989000
C5E09408500A9000C37403F0A374E8F0
7F02120EA0E5AD20E2FBE5F630E0FB75
F6011200369000B5EEF0A3EFF09000C3
E0FEA3E0FFC39000B6E09F9000B5E09E
4062A3E094FF9000B5E0947F50569000
CCE014604504704C9000CDE475F00112
01289000CDE07004A3E06402703690C9
0AE0E4F0A3E0E4F07D017F0A12100C7D
017F0812100C7D017F0B12100C9000CC
7401F0A3E4F0A3F0800A90C90AE0E4F0
A3E0E4F090C900E04401F07F0C12125A
D007D006D005D004D003D002D001D000
D0D0D082D083D0F0D0E0324401150000
0000440111000000004200CF1F404200
BCFA004200B300004200B500004200C5
00004200C300644400C7000000004200
AF00004200AD00004400BF0000000042
00B700004200CD00004200B10000C103
C1044200B900004100BB004100CB0042
00AB00004100CC004100BE0060480063
00000000000000000000000000000000
00000000000000000000000000000000
00000000000000000000000000000000
00000000000000000000000000000000
00000000000000004101190043011A00
000043011D0000004900ED0000000000
000000004900F6000000000000000000
4900FF0000000000000000004C00E100
00000000000000000000004101200049
010800000000000000000041001B0041
00040044000000000000420005000042
005D000242005F00004200610000C102
C101C100009000D112033F9000D51203
4B0000000043F804E5F830E5FB9091AA
E0FFE4FCFDFE78101202AFC004C005C0
06C007A3E0FFE4FCFDFE78181202AFD0
03D002D001D00012027EC004C005C006
C0079091A9E0FFE4FCFDFE78081202AF
D003D002D001D00012027EA804A905AA
06AB079091A8E0FFE4FCFDFE12027E90
011112033F7FC07E0A7D707C01900111
1202FED312028B50167F407E617D6C7C
019001111202FEC312028B4002801274
FFFFFEFDFC9001111202FEC312028B70
0C9000D512034B02DC6C008015E47F02
FEFDFC9001111202FE1201619000D512
033F9000D11202F21203CB089100B71B
00088900F424000881016E3600000008
8975EE01E47B02800E75EE02E47B0380
0675EE03E47B04FAF9F89000D51202F2
1201EC90011512033F53F8FE53D9F822
AC07EF131313541F9000D1F0EF5407A3
F0ED6060EC75F003A42463F582E43400
F58312039CD2AFD2A812125A9000D1E0
FF7011A3E0FE7401A806088002C333D8
FC42E922EFB401139000D2E0FF7401A8
07088002C333D8FC42EA229000D1E064
02705CA3E0FF7401A807088002C333D8
FC42EB22C2A89000D1E0FF7012A3E0FE
7401A806088002C333D8FCF452E922EF
B401149000D2E0FF7401A807088002C3
33D8FCF452EA229000D1E0B40211A3E0
FF7401A807088002C333D8FCF452EB22
EF131313541FFEEF5407FFED604FEE70
1690C000C083C082E0FE7401A8070880
02C333D8FC8033EEB4011690C001C083
C082E0FE7401A807088002C333D8FC80
19EE6402706D90C002C083C082E0FE74
01A807088002C333D8FC4E8051EE7018
90C000C083C082E0FE7401A807088002
C333D8FCF45E8036EEB4011890C001C0
83C082E0FE7401A807088002C333D8FC
F45E801AEEB4021B90C002C083C082E0
FE7401A807088002C333D8FCF45ED082
D083F022C0E0C0F0C083C082C0D075D0
00C000C001C002C003C004C005C006C0
0790C809E030E01790C808E030E010A3
7401F09000E112037CE94A605D805890
C809E030E11790C808E030E110A37402
F09000E412037CE94A603F803A90C809
E030E21790C808E030E210A37404F090
00E712037CE94A6021801C90C809E030
E31890C808E030E311A37408F09000EA
12037CE94A6003120405D007D006D005
D004D003D002D001D000D0D0D082D083
D0F0D0E0329000D112039C90C9057407
F0EF6401704FED24FE601C14602E2402
703D9000D112037C9000ED12039C90C9
04E04401F080289000D112037C9000F0
12039C90C904E04402F080139000D112
037C9000F312039C90C904E04404F0D2
AF43B80122ED24FE601B14602C240270
3B9000D112037C9000ED12039C90C904
E044FEF0229000D112037C9000F01203
9C90C904E044FDF0229000D112037C90
00F312039C90C904E044FBF022C0E0C0
F0C083C082C0D075D000C000C001C002
C003C004C005C006C00790C905E030E0
1C90C904E030E0159000ED12037CE94A
600312040590C9057401F0804C90C905
E030E11C90C904E030E1159000F01203
7CE94A600312040590C9057402F08029
90C905E030E21C90C904E030E2159000
F312037CE94A600312040590C9057404
F0800690C9057407F0D007D006D005D0
04D003D002D001D000D0D0D082D083D0
F0D0E032C0E0C0F0C083C082C0D075D0
00C000C001C002C003C004C005C006C0
0790CA05E030E01C90CA04E030E01590
00F612037CE94A600312040590CA0574
01F0804C90CA05E030E11C90CA04E030
E1159000F912037CE94A600312040590
CA057402F0802990CA05E030E21C90CA
04E030E2159000FC12037CE94A600312
040590CA057404F0800690CA057407F0
D007D006D005D004D003D002D001D000
D0D0D082D083D0F0D0E032C0E0C0F0C0
83C082C0D075D000C000C001C002C003
C004C005C006C00790CB05E030E01C90
CB04E030E0159000FF12037CE94A6003
12040590CB057401F0804C90CB05E030
E11C90CB04E030E11590010212037CE9
4A600312040590CB057402F0802990CB
05E030E21C90CB04E030E21590010512
037CE94A600312040590CB057404F080
0690CB057407F0D007D006D005D004D0
03D002D001D000D0D0D082D083D0F0D0
E03290C018E4F07F08120066E4FD7F08
120F1AE4FD7F08120F937D017F081210
0C90C01AE4F07F0A120066E4FD7F0A12
0F1AE4FD7F0A120F937D017F0A12100C
90C01BE4F07F0B120066E4FD7F0B120F
1AE4FD7F0B120F93E4FD7F0B12100C7F
0C1200667D017F0C120F1AE4FD7F0C12
0F937D017F0C1209707BFF7A0079217D
017F0C1208B053B0FE43B00190C01DE4
F07F0D1200667D017F0D120F1A7D017F
0D020970787FE4F6D8FD758120020E5B
021173E493A3F8E493A34003F68001F2
08DFF48029E493A3F85407240CC8C333
C4540F4420C8834004F456800146F6DF
E4800B010204081020408090064BE47E
019360BCA3FF543F30E509541FFEE493
A360010ECF54C025E060A840B8E493A3
FAE493A3F8E493A3C8C582C8CAC583CA
F0A3C8C582C8CAC583CADFE9DEE780BE
EF1203A50EC0010ECA020ED4040EDE08
0EE8100EF2200EFC400F068000000F10
E5B454F04401F5B48049E5B454F04402
F5B4803FE5B454F04403F5B48035E5B4
54F04404F5B4802BE5B454F04405F5B4
8021E5B454F04406F5B48017E5B454F0
4407F5B4800DE5B454F04408F5B48003
53B4F053ADFB43AD0422EF131313541F
FEEF5407FFED6034EE700D04A8070880
02C333D8FC42F922EEB4010E7401A807
088002C333D8FC42FA22EE6402704304
A807088002C333D8FC42FB22EE700E04
A807088002C333D8FCF452F922EEB401
0F7401A807088002C333D8FCF452FA22
EEB4020E7401A807088002C333D8FCF4
52FB22EF131313541FFEEF5407FFED60
34EE700D04A807088002C333D8FC4297
22EEB4010E7401A807088002C333D8FC
42E522EE6402704304A807088002C333
D8FC42FC22EE700E04A807088002C333
D8FCF4529722EEB4010F7401A8070880
02C333D8FCF452E522EEB4020E7401A8
07088002C333D8FCF452FC22EF131313
541FFEEF5407FFED6034EE700D04A807
088002C333D8FC428022EEB4010E7401
A807088002C333D8FC429022EE640270
4304A807088002C333D8FC42A022EE70
0E04A807088002C333D8FCF4528022EE
B4010F7401A807088002C333D8FCF452
9022EEB4020E7401A807088002C333D8
FCF452A0229000D512033FE47F10FEFD
FC9000D91202FE1201619000DD12033F
E47B02FAF9F89000DD1202F21201EC90
00D51202FE1201549000DD1202FE1201
EC9000DD12033F9000DD1202FEC3E49B
FF74049AFEE499FDE498FC9000DD1203
3F9000DD1202F2780812029CAB079000
DD1202F2EB5403F5BA8FAA22C0E0C0F0
C083C082C0D075D000C000C001C002C0
03C004C005C006C007E5C830E11053C8
FD90010812037CE94A6003120405E5C9
30E11053C9FD90010B12037CE94A6003
120405E5CA30E11053CAFD90010E1203
7CE94A6003120405D007D006D005D004
D003D002D001D000D0D0D082D083D0F0
D0E032121432120D721213D87D0F7C00
7F4C7E041212D77BFF7A0079067D017F
01120AD512143D9000D57401F07B047A
00E4FD7F011213477F031213BD7F0612
0094E4FF1214037F011213F17F011214
2680FEC0E0C0F0C083C082C0D075D000
C000C001C002C003C004C005C006C007
E5F630E00D90011D12037CE94A600312
040575F601D007D006D005D004D003D0
02D001D000D0D0D082D083D0F0D0E032
C0E0C0F0C083C082C0D075D000C000C0
01C002C003C004C005C006C00730980F
90011A12037CE94A6003120405C298D0
07D006D005D004D003D002D001D000D0
D0D082D083D0F0D0E032EF131313541F
FEEF5407FFEE700E04A807088002C333
D8FCF452E122EEB4010F7401A8070880
02C333D8FCF452E222EEB4020E7401A8
07088002C333D8FCF452E322EF131313
541FFEEF5407FFEE700DE5E1A8070880
02C313D8FC801CEEB4010DE5E2A80708
8002C313D8FC800BE5E3A807088002C3
13D8FC5401FF22AB07AA0643DF0843E7
0890C900E04440F0EC90C90DF0ED90C9
0CF0EB24FFEA34FF90C90FF0EB1490C9
0EF090C9067401F090C905E04401F022
9000D112033F43DE0143E601439E01E4
900119F0C29FD29EC299C2989000D112
02F29000D912033F9001151202F21210
85D29C53F33F229000D5E06401702743
DE1043E610EFC4333354C0FFE5AC54BF
4FF5ACE4F5FEF5FFEBF5FEEAF5FFE5FD
54FE4DF5FD2253DEEF53E6EF22120026
90005FE475F00112013EFC741C25F0F5
8274003CF583EFF090005C7401F022C0
E0C083C082E5A630E3099001207401F0
75A32075A3FFD082D083D0E03253F7F8
EF24FC600B14600C2402700B43F70322
43F7042243F70522E490005CF0FF7EC2
7D01FC1213107BFF7A13797D7F010214
15EFB4010753ADFE53ADFD2243AD0243
AD012243AC20EF700553ACFD800343AC
0253B5FE22EFB4010AD2AFD2AC90011A
02039CC2AC22EFB4010443AC012253AC
FE227F007E367D6E7C0102078590C900
E04401F022FFFFFF

---------- Code Information -----------
Code Entrance:      0x00000000 
Code Run Entrance:  0x00000000 
Code Size:          0x00001448 
Code CRC Value:     0x6D09 
