020CD502055E53F7F8EF24FC600B1460
0C2402700B43F7032243F7042243F705
2222FF0210D1AF9922FFFF020FBDFFFF
FFFFFF021084E5B7540FFEAFB6D3EF94
01EE9400400774052FFFE43EFED3EF94
FFEE940F40047E0F7FFF22021260FFFF
FFFFFF0208E1EF131313541FFEEF5407
9000ABF0EE700743DF0143E70122EEB4
010743DF0243E70222EEB4020643DF04
43E70422EF8FF553B4EF22020B88FFFF
FFFFFF020AE1FFFFFFFFFF020A3ABB01
0689828A83E0225002E722BBFE02E322
89828A83E49322BB010CE58229F582E5
833AF583E0225006E92582F8E622BBFE
06E92582F8E222E58229F582E5833AF5
83E49322BB010689828A83F0225002F7
22BBFE01F322F8BB010DE58229F582E5
833AF583E8F0225006E92582C8F622BB
FE05E92582C8F222C5F0F8A3E028F0C5
F0F8E582158270021583E038F022A3F8
E0C5F025F0F0E582158270021583E0C8
38F0E822EF2BFFEE3AFEED39FDEC38FC
22E88FF0A4CC8BF0A42CFCE98EF0A42C
FC8AF0EDA42CFCEA8EF0A4CDA8F08BF0
A42DCC3825F0FDE98FF0A42CCD35F0FC
EB8EF0A4FEA9F0EB8FF0A4CFC5F02ECD
39FEE43CFCEAA42DCE35F0FDE43CFC22
75F008758200EF2FFFEE33FECD33CDCC
33CCC58233C5829BED9AEC99E5829840
0CF582EE9BFEED9AFDEC99FC0FD5F0D6
E4CEFBE4CDFAE4CCF9A88222B800C1B9
0059BA002DEC8BF084CFCECDFCE5F0CB
F97818EF2FFFEE33FEED33FDEC33FCEB
33FB10D703994004EB99FB0FD8E5E4F9
FA227818EF2FFFEE33FEED33FDEC33FC
C933C910D7059BE99A4007EC9BFCE99A
F90FD8E0E4C9FAE4CCFB2275F010EF2F
FFEE33FEED33FDCC33CCC833C810D707
9BEC9AE899400AED9BFDEC9AFCE899F8
0FD5F0DAE4CDFBE4CCFAE4C8F922EF4B
FFEE4AFEED49FDEC48FC22EB9FF5F0EA
9E42F0E99D42F0E89C45F022E8600FEC
C313FCED13FDEE13FEEF13FFD8F122E8
600FEFC333FFEE33FEED33FDEC33FCD8
F122BB010DE58229F582E5833AF58302
02F25007E92582F802040BBBFE07E925
82F8020417E58229F582E5833AF58302
0423E0FCA3E0FDA3E0FEA3E0FF22E0F8
A3E0F9A3E0FAA3E0FB227401FF3395E0
FEFDFCA3A3A3E0CF2FF0E58215827002
1583E0CE3EF0E582158270021583E0CD
3DF0E582158270021583E0CC3CF022EC
F0A3EDF0A3EEF0A3EFF022A8828583F0
D083D082120362120362120362120362
E473E493A3C583C5F0C583C8C582C8F0
A3C583C5F0C583C8C582C822E0FBA3E0
FAA3E0F922F8E0FBA3A3E0F925F0F0E5
82158270021583E0FA38F022EBF0A3EA
F0A3E9F022D083D082F8E49370127401
93700DA3A393F8740193F5828883E473
7402936860EFA3A3A380DFD083D082E4
937012740193700DA3A393F8740193F5
828883E4737402936C70127403936D70
0C7404936E70067405936F60DDA3A3A3
A3A3A380CA8A838982E473E6FC08E6FD
08E6FE08E6FF22E2FC08E2FD08E2FE08
E2FF22E493FC740193FD740293FE7403
93FF229000AB12033F9000AF12034B00
00000043F804E5F830E5FB9091AAE0FF
E4FCFDFE78101202AFC004C005C006C0
07A3E0FFE4FCFDFE78181202AFD003D0
02D001D00012027EC004C005C006C007
9091A9E0FFE4FCFDFE78081202AFD003
D002D001D00012027EA804A905AA06AB
079091A8E0FFE4FCFDFE12027E9000FA
12033F7FC07E0A7D707C019000FA1202
FED312028B50167F407E617D6C7C0190
00FA1202FEC312028B4002801274FFFF
FEFDFC9000FA1202FEC312028B700C90
00AF12034B02DC6C008015E47F02FEFD
FC9000FA1202FE1201619000AF12033F
9000AB1202F21203CB053F00B71B0005
3700F42400052F016E36000000053775
EE01E47B02800E75EE02E47B03800675
EE03E47B04FAF9F89000AF1202F21201
EC9000FE12033F53F8FE53D9F822C0E0
C0F0C083C082C0D075D000C000C001C0
02C003C004C005C006C0077F0C12115D
EF700302064190C900E054FEF07D017F
08120ECD7F02120D61E5AD20E2FBE5F6
30E0FB75F6011200369000BDEEF0A3EF
F09000C1E0FEA3E0FF9000C4E02FFF90
00C3E03EFEC39000BEE09F9000BDE09E
4046A3E094FF9000BDE0947F503A90C9
0AE0E4F0A3E0E4F09000C875F0011201
289000C8E07004A3E0640270447D017F
0A120ECD7D017F0B120ECD9000C77401
F0A3E4F0A3F080299000C3E0FEA3E0FF
C39000BEE09F9000BDE09E50149000C8
E4F0A3F0FD7F0A120ECDE4FD7F0B120E
CDE4FD7F08120ECD90C900E04401F07F
0C12111BD007D006D005D004D003D002
D001D000D0D0D082D083D0F0D0E03244
00FE000000004400FA000000004200BD
00004200C500004200C300644200C100
324200BF00004200C800004200BB0000
4100C700604800630000000000000000
00000000000000000000000000000000
00000000000000000000000000000000
00000000000000000000000000000000
00000000000000000000000000000000
41010200430103000000430106000000
4900D60000000000000000004900DF00
00000000000000004900E80000000000
000000004C00CA000000000000000000
000000410109004900F1000000000000
00000041001B00410004004400000000
0000420005000042005D000242005F00
004200610000C102C101C10000AC07EF
131313541F9000ABF0EF5407A3F0ED60
60EC75F003A42463F582E43400F58312
039CD2AFD2A812111B9000ABE0FF7011
A3E0FE7401A806088002C333D8FC42E9
22EFB401139000ACE0FF7401A8070880
02C333D8FC42EA229000ABE06402705C
A3E0FF7401A807088002C333D8FC42EB
22C2A89000ABE0FF7012A3E0FE7401A8
06088002C333D8FCF452E922EFB40114
9000ACE0FF7401A807088002C333D8FC
F452EA229000ABE0B40211A3E0FF7401
A807088002C333D8FCF452EB22EF1313
13541FFEEF5407FFED604FEE701690C0
00C083C082E0FE7401A807088002C333
D8FC8033EEB4011690C001C083C082E0
FE7401A807088002C333D8FC8019EE64
02706D90C002C083C082E0FE7401A807
088002C333D8FC4E8051EE701890C000
C083C082E0FE7401A807088002C333D8
FCF45E8036EEB4011890C001C083C082
E0FE7401A807088002C333D8FCF45E80
1AEEB4021B90C002C083C082E0FE7401
A807088002C333D8FCF45ED082D083F0
22C0E0C0F0C083C082C0D075D000C000
C001C002C003C004C005C006C00790C8
09E030E01790C808E030E010A37401F0
9000CA12037CE94A605D805890C809E0
30E11790C808E030E110A37402F09000
CD12037CE94A603F803A90C809E030E2
1790C808E030E210A37404F09000D012
037CE94A6021801C90C809E030E31890
C808E030E311A37408F09000D312037C
E94A6003120405D007D006D005D004D0
03D002D001D000D0D0D082D083D0F0D0
E0329000AB12039C90C9057407F0EF64
01704FED24FE601C14602E2402703D90
00AB12037C9000D612039C90C904E044
01F080289000AB12037C9000D912039C
90C904E04402F080139000AB12037C90
00DC12039C90C904E04404F0D2AF43B8
0122ED24FE601B14602C2402703B9000
AB12037C9000D612039C90C904E044FE
F0229000AB12037C9000D912039C90C9
04E044FDF0229000AB12037C9000DC12
039C90C904E044FBF022C0E0C0F0C083
C082C0D075D000C000C001C002C003C0
04C005C006C00790C905E030E01C90C9
04E030E0159000D612037CE94A600312
040590C9057401F0804C90C905E030E1
1C90C904E030E1159000D912037CE94A
600312040590C9057402F0802990C905
E030E21C90C904E030E2159000DC1203
7CE94A600312040590C9057404F08006
90C9057407F0D007D006D005D004D003
D002D001D000D0D0D082D083D0F0D0E0
32C0E0C0F0C083C082C0D075D000C000
C001C002C003C004C005C006C00790CA
05E030E01C90CA04E030E0159000DF12
037CE94A600312040590CA057401F080
4C90CA05E030E11C90CA04E030E11590
00E212037CE94A600312040590CA0574
02F0802990CA05E030E21C90CA04E030
E2159000E512037CE94A600312040590
CA057404F0800690CA057407F0D007D0
06D005D004D003D002D001D000D0D0D0
82D083D0F0D0E032C0E0C0F0C083C082
C0D075D000C000C001C002C003C004C0
05C006C00790CB05E030E01C90CB04E0
30E0159000E812037CE94A6003120405
90CB057401F0804C90CB05E030E11C90
CB04E030E1159000EB12037CE94A6003
12040590CB057402F0802990CB05E030
E21C90CB04E030E2159000EE12037CE9
4A600312040590CB057404F0800690CB
057407F0D007D006D005D004D003D002
D001D000D0D0D082D083D0F0D0E03290
C018E4F07F08120066E4FD7F08120DDB
E4FD7F08120E547D017F08120ECD90C0
1AE4F07F0A120066E4FD7F0A120DDBE4
FD7F0A120E547D017F0A120ECD90C01B
E4F07F0B120066E4FD7F0B120DDBE4FD
7F0B120E54E4FD7F0B120ECD7F0C1200
667D017F0C120DDBE4FD7F0C120E547D
017F0C12082D7BFF7A0079217D017F0C
12076D53B0FD43B00190C01C7420F0A3
E4F07F0D1200667D017F0D120DDB7D01
7F0D02082D787FE4F6D8FD758120020D
1C021034E493A3F8E493A34003F68001
F208DFF48029E493A3F85407240CC8C3
33C4540F4420C8834004F456800146F6
DFE4800B010204081020408090066FE4
7E019360BCA3FF543F30E509541FFEE4
93A360010ECF54C025E060A840B8E493
A3FAE493A3F8E493A3C8C582C8CAC583
CAF0A3C8C582C8CAC583CADFE9DEE780
BEEF1203A50D81010D8B020D95040D9F
080DA9100DB3200DBD400DC78000000D
D1E5B454F04401F5B48049E5B454F044
02F5B4803FE5B454F04403F5B48035E5
B454F04404F5B4802BE5B454F04405F5
B48021E5B454F04406F5B48017E5B454
F04407F5B4800DE5B454F04408F5B480
0353B4F053ADFB43AD0422EF13131354
1FFEEF5407FFED6034EE700D04A80708
8002C333D8FC42F922EEB4010E7401A8
07088002C333D8FC42FA22EE64027043
04A807088002C333D8FC42FB22EE700E
04A807088002C333D8FCF452F922EEB4
010F7401A807088002C333D8FCF452FA
22EEB4020E7401A807088002C333D8FC
F452FB22EF131313541FFEEF5407FFED
6034EE700D04A807088002C333D8FC42
9722EEB4010E7401A807088002C333D8
FC42E522EE6402704304A807088002C3
33D8FC42FC22EE700E04A807088002C3
33D8FCF4529722EEB4010F7401A80708
8002C333D8FCF452E522EEB4020E7401
A807088002C333D8FCF452FC22EF1313
13541FFEEF5407FFED6034EE700D04A8
07088002C333D8FC428022EEB4010E74
01A807088002C333D8FC429022EE6402
704304A807088002C333D8FC42A022EE
700E04A807088002C333D8FCF4528022
EEB4010F7401A807088002C333D8FCF4
529022EEB4020E7401A807088002C333
D8FCF452A0229000AF12033FE47F10FE
FDFC9000B31202FE1201619000B71203
3FE47B02FAF9F89000B71202F21201EC
9000AF1202FE1201549000B71202FE12
01EC9000B712033F9000B71202FEC3E4
9BFF74049AFEE499FDE498FC9000B712
033F9000B71202F2780812029CAB0790
00B71202F2EB5403F5BA8FAA22C0E0C0
F0C083C082C0D075D000C000C001C002
C003C004C005C006C007E5C830E11053
C8FD9000F112037CE94A6003120405E5
C930E11053C9FD9000F412037CE94A60
03120405E5CA30E11053CAFD9000F712
037CE94A6003120405D007D006D005D0
04D003D002D001D000D0D0D082D083D0
F0D0E0321212EC120C2F12127E7D0F7C
007FB87E0B1211987BFF7A1279977D01
7F011209921212F79000AF7401F07B04
7A00E4FD7F011212087F031200067F06
120094E4FF1212BD7F011212AB7F0112
12E080FEC0E0C0F0C083C082C0D075D0
00C000C001C002C003C004C005C006C0
07E5F630E00D90010612037CE94A6003
12040575F601D007D006D005D004D003
D002D001D000D0D0D082D083D0F0D0E0
32C0E0C0F0C083C082C0D075D000C000
C001C002C003C004C005C006C0073098
0F90010312037CE94A6003120405C298
D007D006D005D004D003D002D001D000
D0D0D082D083D0F0D0E032EF13131354
1FFEEF5407FFEE700E04A807088002C3
33D8FCF452E122EEB4010F7401A80708
8002C333D8FCF452E222EEB4020E7401
A807088002C333D8FCF452E322EF1313
13541FFEEF5407FFEE700DE5E1A80708
8002C313D8FC801CEEB4010DE5E2A807
088002C313D8FC800BE5E3A807088002
C313D8FC5401FF22AB07AA0643DF0843
E70890C900E04440F0EC90C90DF0ED90
C90CF0EB24FFEA34FF90C90FF0EB1490
C90EF090C9067401F090C905E04401F0
229000AB12033F43DE0143E601439E01
E4900102F0C29FD29EC299C2989000AB
1202F29000B312033F9000FE1202F212
0F46D29C53F33F229000AFE064017027
43DE1043E610EFC4333354C0FFE5AC54
BF4FF5ACE4F5FEF5FFEBF5FEEAF5FFE5
FD54FE4DF5FD2253DEEF53E6EF221200
2690005FE475F00112013EFC741C25F0
F58274003CF583EFF090005C7401F022
C0E0C083C082E5A630E3099001097401
F075A32075A3FFD082D083D0E032E490
005CF0FF7EC27D01FC1211D17BFF7A12
793E7F010212CFE4FD7F0A120ECDE4FD
7F0B120ECDE49000C7F022EFB4010753
ADFE53ADFD2243AD0243AD012243AC20
EF700553ACFD800343AC0253B5FE22EF
B4010AD2AFD2AC90010302039CC2AC22
EFB4010443AC012253ACFE227F007E36
7D6E7C0102043390C900E04401F022FF

---------- Code Information -----------
Code Entrance:      0x00000000 
Code Run Entrance:  0x00000000 
Code Size:          0x00001300 
Code CRC Value:     0xDDC2 
