020A6E020AFA120FCC120EA5120FA2E4
FB7DF47C017F807E3E12006612002680
FEFFFF020E1943CA0122FF020D55AF99
22FFFF020DCC12002E90005FE475F001
120128FC741C25F0F58274003CF583EF
F090005C7401F022FFFFFF020F84FFFF
FFFFFF0207C89000C4EEF0A3EFF090C0
1C7402F0EB700543CA40800353CABFED
F5CFECF5C79000C4E0FEA3E0F5C1EEF5
C243CA8022FFFFFFFFFFFF0209C7FFFF
FFFFFF020920FFFFFFFFFF020879BB01
0689828A83E0225002E722BBFE02E322
89828A83E49322BB010CE58229F582E5
833AF583E0225006E92582F8E622BBFE
06E92582F8E222E58229F582E5833AF5
83E49322BB010689828A83F0225002F7
22BBFE01F322F8BB010DE58229F582E5
833AF583E8F0225006E92582C8F622BB
FE05E92582C8F222A3F8E0C5F025F0F0
E582158270021583E0C838F0E822EF2B
FFEE3AFEED39FDEC38FC22E88FF0A4CC
8BF0A42CFCE98EF0A42CFC8AF0EDA42C
FCEA8EF0A4CDA8F08BF0A42DCC3825F0
FDE98FF0A42CCD35F0FCEB8EF0A4FEA9
F0EB8FF0A4CFC5F02ECD39FEE43CFCEA
A42DCE35F0FDE43CFC2275F008758200
EF2FFFEE33FECD33CDCC33CCC58233C5
829BED9AEC99E58298400CF582EE9BFE
ED9AFDEC99FC0FD5F0D6E4CEFBE4CDFA
E4CCF9A88222B800C1B90059BA002DEC
8BF084CFCECDFCE5F0CBF97818EF2FFF
EE33FEED33FDEC33FCEB33FB10D70399
4004EB99FB0FD8E5E4F9FA227818EF2F
FFEE33FEED33FDEC33FCC933C910D705
9BE99A4007EC9BFCE99AF90FD8E0E4C9
FAE4CCFB2275F010EF2FFFEE33FEED33
FDCC33CCC833C810D7079BEC9AE89940
0AED9BFDEC9AFCE899F80FD5F0DAE4CD
FBE4CCFAE4C8F922EF4BFFEE4AFEED49
FDEC48FC22EB9FF5F0EA9E42F0E99D42
F0E89C45F022E8600FECC313FCED13FD
EE13FEEF13FFD8F122E8600FEFC333FF
EE33FEED33FDEC33FCD8F122BB010DE5
8229F582E5833AF5830202DC5007E925
82F80203F5BBFE07E92582F8020401E5
8229F582E5833AF58302040DE0FCA3E0
FDA3E0FEA3E0FF22E0F8A3E0F9A3E0FA
A3E0FB227401FF3395E0FEFDFCA3A3A3
E0CF2FF0E582158270021583E0CE3EF0
E582158270021583E0CD3DF0E5821582
70021583E0CC3CF022ECF0A3EDF0A3EE
F0A3EFF022A8828583F0D083D0821203
4C12034C12034C12034CE473E493A3C5
83C5F0C583C8C582C8F0A3C583C5F0C5
83C8C582C822E0FBA3E0FAA3E0F922F8
E0FBA3A3E0F925F0F0E5821582700215
83E0FA38F022EBF0A3EAF0A3E9F022D0
83D082F8E4937012740193700DA3A393
F8740193F5828883E4737402936860EF
A3A3A380DFD083D082E4937012740193
700DA3A393F8740193F5828883E47374
02936C70127403936D700C7404936E70
067405936F60DDA3A3A3A3A3A380CA8A
838982E473E6FC08E6FD08E6FE08E6FF
22E2FC08E2FD08E2FE08E2FF22E493FC
740193FD740293FE740393FF229000C4
1203299000C81203350000000043F804
E5F830E5FB9091AAE0FFE4FCFDFE7810
120299C004C005C006C007A3E0FFE4FC
FDFE7818120299D003D002D001D00012
0268C004C005C006C0079091A9E0FFE4
FCFDFE7808120299D003D002D001D000
120268A804A905AA06AB079091A8E0FF
E4FCFDFE1202689001051203297FC07E
0A7D707C019001051202E8D312027550
167F407E617D6C7C019001051202E8C3
1202754002801274FFFFFEFDFC900105
1202E8C3120275700C9000C812033502
DC6C008015E47F02FEFDFC9001051202
E812014B9000C81203299000C41202DC
1203B5052900B71B00052100F4240005
19016E36000000052175EE01E47B0280
0E75EE02E47B03800675EE03E47B04FA
F9F89000C81202DC1201D69001091203
2953F8FE53D9F8224401090000000044
0105000000004200C21F404200BAFA00
4200B100004200B300004200AD000042
00AB00004400BC000000004200B50000
4200C000004200AF0000C103C1044200
B700004100B900604800630000000000
00000000000000000000000000000000
00000000000000000000000000000000
00000000000000000000000000000000
00000000000000000000000000000000
00000041010D0043010E000000430111
0000004900E100000000000000000049
00EA0000000000000000004900F30000
000000000000004C00D5000000000000
000000000000410114004900FC000000
00000000000041001B00410004004400
0000000000420005000042005D000242
005F00004200610000C102C101C10000
EF131313541FFEEF5407FFED604FEE70
1690C000C083C082E0FE7401A8070880
02C333D8FC8033EEB4011690C001C083
C082E0FE7401A807088002C333D8FC80
19EE6402706D90C002C083C082E0FE74
01A807088002C333D8FC4E8051EE7018
90C000C083C082E0FE7401A807088002
C333D8FCF45E8036EEB4011890C001C0
83C082E0FE7401A807088002C333D8FC
F45E801AEEB4021B90C002C083C082E0
FE7401A807088002C333D8FCF45ED082
D083F022EF131313541FFEEF5407FFED
604FEE701690C005C083C082E0FE7401
A807088002C333D8FC8033EEB4011690
C006C083C082E0FE7401A807088002C3
33D8FC8019EE6402706D90C007C083C0
82E0FE7401A807088002C333D8FC4E80
51EE701890C005C083C082E0FE7401A8
07088002C333D8FCF45E8036EEB40118
90C006C083C082E0FE7401A807088002
C333D8FCF45E801AEEB4021B90C007C0
83C082E0FE7401A807088002C333D8FC
F45ED082D083F022C0E0C0F0C083C082
C0D075D000C000C001C002C003C004C0
05C006C00790C809E030E01790C808E0
30E010A37401F09000D5120366E94A60
5D805890C809E030E11790C808E030E1
10A37402F09000D8120366E94A603F80
3A90C809E030E21790C808E030E210A3
7404F09000DB120366E94A6021801C90
C809E030E31890C808E030E311A37408
F09000DE120366E94A60031203EFD007
D006D005D004D003D002D001D000D0D0
D082D083D0F0D0E032C0E0C0F0C083C0
82C0D075D000C000C001C002C003C004
C005C006C00790C905E030E01C90C904
E030E0159000E1120366E94A60031203
EF90C9057401F0804C90C905E030E11C
90C904E030E1159000E4120366E94A60
031203EF90C9057402F0802990C905E0
30E21C90C904E030E2159000E7120366
E94A60031203EF90C9057404F0800690
C9057407F0D007D006D005D004D003D0
02D001D000D0D0D082D083D0F0D0E032
C0E0C0F0C083C082C0D075D000C000C0
01C002C003C004C005C006C00790CA05
E030E01C90CA04E030E0159000EA1203
66E94A60031203EF90CA057401F0804C
90CA05E030E11C90CA04E030E1159000
ED120366E94A60031203EF90CA057402
F0802990CA05E030E21C90CA04E030E2
159000F0120366E94A60031203EF90CA
057404F0800690CA057407F0D007D006
D005D004D003D002D001D000D0D0D082
D083D0F0D0E032C0E0C0F0C083C082C0
D075D000C000C001C002C003C004C005
C006C00790CB05E030E01C90CB04E030
E0159000F3120366E94A60031203EF90
CB057401F0804C90CB05E030E11C90CB
04E030E1159000F6120366E94A600312
03EF90CB057402F0802990CB05E030E2
1C90CB04E030E2159000F9120366E94A
60031203EF90CB057404F0800690CB05
7407F0D007D006D005D004D003D002D0
01D000D0D0D082D083D0F0D0E032787F
E4F6D8FD758120020AB5020006E493A3
F8E493A34003F68001F208DFF48029E4
93A3F85407240CC8C333C4540F4420C8
834004F456800146F6DFE4800B010204
0810204080900548E47E019360BCA3FF
543F30E509541FFEE493A360010ECF54
C025E060A840B8E493A3FAE493A3F8E4
93A3C8C582C8CAC583CAF0A3C8C582C8
CAC583CADFE9DEE780BEC0E0C0F0C083
C082C0D075D000C000C001C002C003C0
04C005C006C0079000D4E4F0F09000D4
E0FFC394185031120EE4BF01239000D4
E075F003A42463F582E43400F5831203
66E94A60031203EF9000D4E0FF120E63
9000D4E004F080C5D007D006D005D004
D003D002D001D000D0D0D082D083D0F0
D0E032EF131313541FFEEF5407FFED60
34EE700D04A807088002C333D8FC42F9
22EEB4010E7401A807088002C333D8FC
42FA22EE6402704304A807088002C333
D8FC42FB22EE700E04A807088002C333
D8FCF452F922EEB4010F7401A8070880
02C333D8FCF452FA22EEB4020E7401A8
07088002C333D8FCF452FB22EF131313
541FFEEF5407FFED6034EE700D04A807
088002C333D8FC429722EEB4010E7401
A807088002C333D8FC42E522EE640270
4304A807088002C333D8FC42FC22EE70
0E04A807088002C333D8FCF4529722EE
B4010F7401A807088002C333D8FCF452
E522EEB4020E7401A807088002C333D8
FCF452FC22EF131313541FFEEF5407FF
ED6034EE700D04A807088002C333D8FC
428022EEB4010E7401A807088002C333
D8FC429022EE6402704304A807088002
C333D8FC42A022EE700E04A807088002
C333D8FCF4528022EEB4010F7401A807
088002C333D8FCF4529022EEB4020E74
01A807088002C333D8FCF452A0229000
C8120329E47F10FEFDFC9000CC1202E8
12014B9000D0120329E47B02FAF9F890
00D01202DC1201D69000C81202E81201
3E9000D01202E81201D69000D0120329
9000D01202E8C3E49BFF74049AFEE499
FDE498FC9000D01203299000D01202DC
7808120286AB079000D01202DCEB5403
F5BA8FAA22C0E0C0F0C083C082C0D075
D000C000C001C002C003C004C005C006
C007E5C830E11053C8FD9000FC120366
E94A60031203EFE5C930E11053C9FD90
00FF120366E94A60031203EFE5CA30E1
1053CAFD900102120366E94A60031203
EFD007D006D005D004D003D002D001D0
00D0D0D082D083D0F0D0E032C0E0C0F0
C083C082C0D075D000C000C001C002C0
03C004C005C006C007E5F630E00D9001
11120366E94A60031203EF75F601D007
D006D005D004D003D002D001D000D0D0
D082D083D0F0D0E032C0E0C0F0C083C0
82C0D075D000C000C001C002C003C004
C005C006C00730980F90010E120366E9
4A60031203EFC298D007D006D005D004
D003D002D001D000D0D0D082D083D0F0
D0E032EF131313541FFEEF5407FFEE70
0E04A807088002C333D8FCF452E122EE
B4010F7401A807088002C333D8FCF452
E222EEB4020E7401A807088002C333D8
FCF452E3227F0B120F56E4FD7F0B120B
73E4FD7F0B120BEC7D017F0B120C6590
C01C7420F0E4FD7F0C12071490C01DE4
F07F0D120F567D017F0D120B737D017F
0D020660EF131313541FFEEF5407FFEE
700DE5E1A807088002C313D8FC801CEE
B4010DE5E2A807088002C313D8FC800B
E5E3A807088002C313D8FC5401FF2290
00C412032943DE0143E601439E01E490
010DF0C29FD29EC299C2989000C41202
DC9000CC1203299001091202DC120CDE
D29C53F33F22EF131313541FFEEF5407
9000C4F0EE700743DF0143E70122EEB4
010743DF0243E70222EEB4020643DF04
43E70422C0E0C083C082E5A630E30990
01147401F075A32075A3FFD082D083D0
E032E490005CF0FF7EC27D01FC120F1F
7BFF7A0079367F01020FBBEFB4010AD2
AFD2AC90010E020386C2AC227F007E24
7DF47C0002041DFF

---------- Code Information -----------
Code Entrance:      0x00000000 
Code Run Entrance:  0x00000000 
Code Size:          0x00000FD8 
Code CRC Value:     0xB427 
