020E42020433E4FD7F0A12103AE4FD7F
0812103AE4FD7F0B12103AE49000CCF0
2222FF02123EAF9922FFFF02112AFFFF
FFFFFF0211F1E5B7540FFEAFB6D3EF94
01EE9400400774052FFFE43EFED3EF94
FFEE940F40047E0F7FFF220213CDFFFF
FFFFFF020A52EF131313541FFEEF5407
9000D1F0EE700743DF0143E70122EEB4
010743DF0243E70222EEB4020643DF04
43E70422EF8FF553B4EF22020CF9FFFF
FFFFFF020C52FFFFFFFFFF020BABBB01
0689828A83E0225002E722BBFE02E322
89828A83E49322BB010CE58229F582E5
833AF583E0225006E92582F8E622BBFE
06E92582F8E222E58229F582E5833AF5
83E49322BB010689828A83F0225002F7
22BBFE01F322F8BB010DE58229F582E5
833AF583E8F0225006E92582C8F622BB
FE05E92582C8F222C5F0F8A3E028F0C5
F0F8E582158270021583E038F022A3F8
E0C5F025F0F0E582158270021583E0C8
38F0E822EF2BFFEE3AFEED39FDEC38FC
22E88FF0A4CC8BF0A42CFCE98EF0A42C
FC8AF0EDA42CFCEA8EF0A4CDA8F08BF0
A42DCC3825F0FDE98FF0A42CCD35F0FC
EB8EF0A4FEA9F0EB8FF0A4CFC5F02ECD
39FEE43CFCEAA42DCE35F0FDE43CFC22
75F008758200EF2FFFEE33FECD33CDCC
33CCC58233C5829BED9AEC99E5829840
0CF582EE9BFEED9AFDEC99FC0FD5F0D6
E4CEFBE4CDFAE4CCF9A88222B800C1B9
0059BA002DEC8BF084CFCECDFCE5F0CB
F97818EF2FFFEE33FEED33FDEC33FCEB
33FB10D703994004EB99FB0FD8E5E4F9
FA227818EF2FFFEE33FEED33FDEC33FC
C933C910D7059BE99A4007EC9BFCE99A
F90FD8E0E4C9FAE4CCFB2275F010EF2F
FFEE33FEED33FDCC33CCC833C810D707
9BEC9AE899400AED9BFDEC9AFCE899F8
0FD5F0DAE4CDFBE4CCFAE4C8F922EF4B
FFEE4AFEED49FDEC48FC22EB9FF5F0EA
9E42F0E99D42F0E89C45F022E8600FEC
C313FCED13FDEE13FEEF13FFD8F122E8
600FEFC333FFEE33FEED33FDEC33FCD8
F122BB010DE58229F582E5833AF58302
02F25007E92582F802040BBBFE07E925
82F8020417E58229F582E5833AF58302
0423E0FCA3E0FDA3E0FEA3E0FF22E0F8
A3E0F9A3E0FAA3E0FB227401FF3395E0
FEFDFCA3A3A3E0CF2FF0E58215827002
1583E0CE3EF0E582158270021583E0CD
3DF0E582158270021583E0CC3CF022EC
F0A3EDF0A3EEF0A3EFF022A8828583F0
D083D082120362120362120362120362
E473E493A3C583C5F0C583C8C582C8F0
A3C583C5F0C583C8C582C822E0FBA3E0
FAA3E0F922F8E0FBA3A3E0F925F0F0E5
82158270021583E0FA38F022EBF0A3EA
F0A3E9F022D083D082F8E49370127401
93700DA3A393F8740193F5828883E473
7402936860EFA3A3A380DFD083D082E4
937012740193700DA3A393F8740193F5
828883E4737402936C70127403936D70
0C7404936E70067405936F60DDA3A3A3
A3A3A380CA8A838982E473E6FC08E6FD
08E6FE08E6FF22E2FC08E2FD08E2FE08
E2FF22E493FC740193FD740293FE7403
93FF22C0E0C0F0C083C082C0D075D000
C000C001C002C003C004C005C006C007
7F0C1212CAEF700302065290C900E054
FEF07F04120ECEE5AD20E2FBE5F630E0
FB75F6011200369000C5EEF0A3EFF0C3
9000C6E094AC9000C5E0940D4019A3E0
94FF9000C5E0940F500D9000C37409F0
A374C4F0020590C39000C6E094809000
C5E0940C4019A3E094AC9000C5E0940D
500D9000C37407F0A374D0F0020590C3
9000C6E094B89000C5E0940B4018A3E0
94809000C5E0940C500C9000C37407F0
A304F0020590C39000C6E0948C9000C5
E0940A4018A3E094B89000C5E0940B50
0C9000C37406F0A37440F08073C39000
C6E094C49000C5E094094018A3E0948C
9000C5E0940A500C9000C37405F0A374
78F0804CC39000C6E094989000C5E094
084018A3E094C49000C5E09409500C90
00C37404F0A374B0F08025C39000C6E0
94D09000C5E094074016A3E094989000
C5E09408500A9000C37403F0A374E8F0
7F02120ECEE5AD20E2FBE5F630E0FB75
F6011200369000B5EEF0A3EFF07F0212
0ECEE5AD20E2FBE5F630E0FB75F60112
00369000B5EEF0A3EFF07F02120ECEE5
AD20E2FBE5F630E0FB75F60112003690
00B5EEF0A3EFF09000C3E0FEA3E0FFC3
9000B6E09F9000B5E09E40569000CCE0
14604504704C9000CDE475F001120128
9000CDE07004A3E06402703690C90AE0
E4F0A3E0E4F07D017F0A12103A7D017F
0812103A7D017F0B12103A9000CC7401
F0A3E4F0A3F0800A90C90AE0E4F0A3E0
E4F090C900E04401F07F0C121288D007
D006D005D004D003D002D001D000D0D0
D082D083D0F0D0E03244011500000000
440111000000004200CF1F404200BCFA
004200B300004200B500004200C50000
4200C300644400C7000000004200AF00
004200AD00004400BF000000004200B7
00004200CD00004200B10000C103C104
4200B900004100BB004100CB004200AB
00004100CC004100BE00604800630000
00000000000000000000000000000000
00000000000000000000000000000000
00000000000000000000000000000000
00000000000000000000000000000000
0000000000004101190043011A000000
43011D0000004900ED00000000000000
00004900F60000000000000000004900
FF0000000000000000004C00E1000000
00000000000000000041012000490108
00000000000000000041001B00410004
0044000000000000420005000042005D
000242005F00004200610000C102C101
C100009000D112033F9000D512034B00
00000043F804E5F830E5FB9091AAE0FF
E4FCFDFE78101202AFC004C005C006C0
07A3E0FFE4FCFDFE78181202AFD003D0
02D001D00012027EC004C005C006C007
9091A9E0FFE4FCFDFE78081202AFD003
D002D001D00012027EA804A905AA06AB
079091A8E0FFE4FCFDFE12027E900111
12033F7FC07E0A7D707C019001111202
FED312028B50167F407E617D6C7C0190
01111202FEC312028B4002801274FFFF
FEFDFC9001111202FEC312028B700C90
00D512034B02DC6C008015E47F02FEFD
FC9001111202FE1201619000D512033F
9000D11202F21203CB08BF00B71B0008
B700F4240008AF016E3600000008B775
EE01E47B02800E75EE02E47B03800675
EE03E47B04FAF9F89000D51202F21201
EC90011512033F53F8FE53D9F822AC07
EF131313541F9000D1F0EF5407A3F0ED
6060EC75F003A42463F582E43400F583
12039CD2AFD2A81212889000D1E0FF70
11A3E0FE7401A806088002C333D8FC42
E922EFB401139000D2E0FF7401A80708
8002C333D8FC42EA229000D1E0640270
5CA3E0FF7401A807088002C333D8FC42
EB22C2A89000D1E0FF7012A3E0FE7401
A806088002C333D8FCF452E922EFB401
149000D2E0FF7401A807088002C333D8
FCF452EA229000D1E0B40211A3E0FF74
01A807088002C333D8FCF452EB22EF13
1313541FFEEF5407FFED604FEE701690
C000C083C082E0FE7401A807088002C3
33D8FC8033EEB4011690C001C083C082
E0FE7401A807088002C333D8FC8019EE
6402706D90C002C083C082E0FE7401A8
07088002C333D8FC4E8051EE701890C0
00C083C082E0FE7401A807088002C333
D8FCF45E8036EEB4011890C001C083C0
82E0FE7401A807088002C333D8FCF45E
801AEEB4021B90C002C083C082E0FE74
01A807088002C333D8FCF45ED082D083
F022C0E0C0F0C083C082C0D075D000C0
00C001C002C003C004C005C006C00790
C809E030E01790C808E030E010A37401
F09000E112037CE94A605D805890C809
E030E11790C808E030E110A37402F090
00E412037CE94A603F803A90C809E030
E21790C808E030E210A37404F09000E7
12037CE94A6021801C90C809E030E318
90C808E030E311A37408F09000EA1203
7CE94A6003120405D007D006D005D004
D003D002D001D000D0D0D082D083D0F0
D0E0329000D112039C90C9057407F0EF
6401704FED24FE601C14602E2402703D
9000D112037C9000ED12039C90C904E0
4401F080289000D112037C9000F01203
9C90C904E04402F080139000D112037C
9000F312039C90C904E04404F0D2AF43
B80122ED24FE601B14602C2402703B90
00D112037C9000ED12039C90C904E044
FEF0229000D112037C9000F012039C90
C904E044FDF0229000D112037C9000F3
12039C90C904E044FBF022C0E0C0F0C0
83C082C0D075D000C000C001C002C003
C004C005C006C00790C905E030E01C90
C904E030E0159000ED12037CE94A6003
12040590C9057401F0804C90C905E030
E11C90C904E030E1159000F012037CE9
4A600312040590C9057402F0802990C9
05E030E21C90C904E030E2159000F312
037CE94A600312040590C9057404F080
0690C9057407F0D007D006D005D004D0
03D002D001D000D0D0D082D083D0F0D0
E032C0E0C0F0C083C082C0D075D000C0
00C001C002C003C004C005C006C00790
CA05E030E01C90CA04E030E0159000F6
12037CE94A600312040590CA057401F0
804C90CA05E030E11C90CA04E030E115
9000F912037CE94A600312040590CA05
7402F0802990CA05E030E21C90CA04E0
30E2159000FC12037CE94A6003120405
90CA057404F0800690CA057407F0D007
D006D005D004D003D002D001D000D0D0
D082D083D0F0D0E032C0E0C0F0C083C0
82C0D075D000C000C001C002C003C004
C005C006C00790CB05E030E01C90CB04
E030E0159000FF12037CE94A60031204
0590CB057401F0804C90CB05E030E11C
90CB04E030E11590010212037CE94A60
0312040590CB057402F0802990CB05E0
30E21C90CB04E030E21590010512037C
E94A600312040590CB057404F0800690
CB057407F0D007D006D005D004D003D0
02D001D000D0D0D082D083D0F0D0E032
90C018E4F07F08120066E4FD7F08120F
48E4FD7F08120FC17D017F0812103A90
C01AE4F07F0A120066E4FD7F0A120F48
E4FD7F0A120FC17D017F0A12103A90C0
1BE4F07F0B120066E4FD7F0B120F48E4
FD7F0B120FC1E4FD7F0B12103A7F0C12
00667D017F0C120F48E4FD7F0C120FC1
7D017F0C12099E7BFF7A0079217D017F
0C1208DE53B0FE43B00190C01DE4F07F
0D1200667D017F0D120F487D017F0D02
099E787FE4F6D8FD758120020E890211
A1E493A3F8E493A34003F68001F208DF
F48029E493A3F85407240CC8C333C454
0F4420C8834004F456800146F6DFE480
0B0102040810204080900679E47E0193
60BCA3FF543F30E509541FFEE493A360
010ECF54C025E060A840B8E493A3FAE4
93A3F8E493A3C8C582C8CAC583CAF0A3
C8C582C8CAC583CADFE9DEE780BEEF12
03A50EEE010EF8020F02040F0C080F16
100F20200F2A400F348000000F3EE5B4
54F04401F5B48049E5B454F04402F5B4
803FE5B454F04403F5B48035E5B454F0
4404F5B4802BE5B454F04405F5B48021
E5B454F04406F5B48017E5B454F04407
F5B4800DE5B454F04408F5B4800353B4
F053ADFB43AD0422EF131313541FFEEF
5407FFED6034EE700D04A807088002C3
33D8FC42F922EEB4010E7401A8070880
02C333D8FC42FA22EE6402704304A807
088002C333D8FC42FB22EE700E04A807
088002C333D8FCF452F922EEB4010F74
01A807088002C333D8FCF452FA22EEB4
020E7401A807088002C333D8FCF452FB
22EF131313541FFEEF5407FFED6034EE
700D04A807088002C333D8FC429722EE
B4010E7401A807088002C333D8FC42E5
22EE6402704304A807088002C333D8FC
42FC22EE700E04A807088002C333D8FC
F4529722EEB4010F7401A807088002C3
33D8FCF452E522EEB4020E7401A80708
8002C333D8FCF452FC22EF131313541F
FEEF5407FFED6034EE700D04A8070880
02C333D8FC428022EEB4010E7401A807
088002C333D8FC429022EE6402704304
A807088002C333D8FC42A022EE700E04
A807088002C333D8FCF4528022EEB401
0F7401A807088002C333D8FCF4529022
EEB4020E7401A807088002C333D8FCF4
52A0229000D512033FE47F10FEFDFC90
00D91202FE1201619000DD12033FE47B
02FAF9F89000DD1202F21201EC9000D5
1202FE1201549000DD1202FE1201EC90
00DD12033F9000DD1202FEC3E49BFF74
049AFEE499FDE498FC9000DD12033F90
00DD1202F2780812029CAB079000DD12
02F2EB5403F5BA8FAA22C0E0C0F0C083
C082C0D075D000C000C001C002C003C0
04C005C006C007E5C830E11053C8FD90
010812037CE94A6003120405E5C930E1
1053C9FD90010B12037CE94A60031204
05E5CA30E11053CAFD90010E12037CE9
4A6003120405D007D006D005D004D003
D002D001D000D0D0D082D083D0F0D0E0
32121460120DA01214069000D57401F0
7B047A00E4FD7F011213757F031213EB
7F06120094E4FF1214317F0112141F7F
011214547D0F7C007F4C7E0412130512
146B7BFF7A0079067D017F01120B0380
FEC0E0C0F0C083C082C0D075D000C000
C001C002C003C004C005C006C007E5F6
30E00D90011D12037CE94A6003120405
75F601D007D006D005D004D003D002D0
01D000D0D0D082D083D0F0D0E032C0E0
C0F0C083C082C0D075D000C000C001C0
02C003C004C005C006C00730980F9001
1A12037CE94A6003120405C298D007D0
06D005D004D003D002D001D000D0D0D0
82D083D0F0D0E032EF131313541FFEEF
5407FFEE700E04A807088002C333D8FC
F452E122EEB4010F7401A807088002C3
33D8FCF452E222EEB4020E7401A80708
8002C333D8FCF452E322EF131313541F
FEEF5407FFEE700DE5E1A807088002C3
13D8FC801CEEB4010DE5E2A807088002
C313D8FC800BE5E3A807088002C313D8
FC5401FF22AB07AA0643DF0843E70890
C900E04440F0EC90C90DF0ED90C90CF0
EB24FFEA34FF90C90FF0EB1490C90EF0
90C9067401F090C905E04401F0229000
D112033F43DE0143E601439E01E49001
19F0C29FD29EC299C2989000D11202F2
9000D912033F9001151202F21210B3D2
9C53F33F229000D5E06401702743DE10
43E610EFC4333354C0FFE5AC54BF4FF5
ACE4F5FEF5FFEBF5FEEAF5FFE5FD54FE
4DF5FD2253DEEF53E6EF221200269000
5FE475F00112013EFC741C25F0F58274
003CF583EFF090005C7401F022C0E0C0
83C082E5A630E3099001207401F075A3
2075A3FFD082D083D0E03253F7F8EF24
FC600B14600C2402700B43F7032243F7
042243F70522E490005CF0FF7EC27D01
FC12133E7BFF7A1379AB7F01021443EF
B4010753ADFE53ADFD2243AD0243AD01
2243AC20EF700553ACFD800343AC0253
B5FE22EFB4010AD2AFD2AC90011A0203
9CC2AC22EFB4010443AC012253ACFE22
7F007E247DF47C000207B390C900E044
01F022FF

---------- Code Information -----------
Code Entrance:      0x00000000 
Code Run Entrance:  0x00000000 
Code Size:          0x00001474 
Code CRC Value:     0xCF7B 
