020CB002065753F7F8EF24FC600B1460
0C2402700B43F7032243F7042243F705
2222FF0210ACAF9922FFFF020F98FFFF
FFFFFF02105FE5B7540FFEAFB6D3EF94
01EE9400400774052FFFE43EFED3EF94
FFEE940F40047E0F7FFF2202123BFFFF
FFFFFF0208BCEF131313541FFEEF5407
9000ABF0EE700743DF0143E70122EEB4
010743DF0243E70222EEB4020643DF04
43E70422EF8FF553B4EF22020B63FFFF
FFFFFF020ABCFFFFFFFFFF020A15BB01
0689828A83E0225002E722BBFE02E322
89828A83E49322BB010CE58229F582E5
833AF583E0225006E92582F8E622BBFE
06E92582F8E222E58229F582E5833AF5
83E49322BB010689828A83F0225002F7
22BBFE01F322F8BB010DE58229F582E5
833AF583E8F0225006E92582C8F622BB
FE05E92582C8F222C5F0F8A3E028F0C5
F0F8E582158270021583E038F022A3F8
E0C5F025F0F0E582158270021583E0C8
38F0E822EF2BFFEE3AFEED39FDEC38FC
22E88FF0A4CC8BF0A42CFCE98EF0A42C
FC8AF0EDA42CFCEA8EF0A4CDA8F08BF0
A42DCC3825F0FDE98FF0A42CCD35F0FC
EB8EF0A4FEA9F0EB8FF0A4CFC5F02ECD
39FEE43CFCEAA42DCE35F0FDE43CFC22
75F008758200EF2FFFEE33FECD33CDCC
33CCC58233C5829BED9AEC99E5829840
0CF582EE9BFEED9AFDEC99FC0FD5F0D6
E4CEFBE4CDFAE4CCF9A88222B800C1B9
0059BA002DEC8BF084CFCECDFCE5F0CB
F97818EF2FFFEE33FEED33FDEC33FCEB
33FB10D703994004EB99FB0FD8E5E4F9
FA227818EF2FFFEE33FEED33FDEC33FC
C933C910D7059BE99A4007EC9BFCE99A
F90FD8E0E4C9FAE4CCFB2275F010EF2F
FFEE33FEED33FDCC33CCC833C810D707
9BEC9AE899400AED9BFDEC9AFCE899F8
0FD5F0DAE4CDFBE4CCFAE4C8F922EF4B
FFEE4AFEED49FDEC48FC22EB9FF5F0EA
9E42F0E99D42F0E89C45F022E8600FEC
C313FCED13FDEE13FEEF13FFD8F122E8
600FEFC333FFEE33FEED33FDEC33FCD8
F122BB010DE58229F582E5833AF58302
02F25007E92582F802040BBBFE07E925
82F8020417E58229F582E5833AF58302
0423E0FCA3E0FDA3E0FEA3E0FF22E0F8
A3E0F9A3E0FAA3E0FB227401FF3395E0
FEFDFCA3A3A3E0CF2FF0E58215827002
1583E0CE3EF0E582158270021583E0CD
3DF0E582158270021583E0CC3CF022EC
F0A3EDF0A3EEF0A3EFF022A8828583F0
D083D082120362120362120362120362
E473E493A3C583C5F0C583C8C582C8F0
A3C583C5F0C583C8C582C822E0FBA3E0
FAA3E0F922F8E0FBA3A3E0F925F0F0E5
82158270021583E0FA38F022EBF0A3EA
F0A3E9F022D083D082F8E49370127401
93700DA3A393F8740193F5828883E473
7402936860EFA3A3A380DFD083D082E4
937012740193700DA3A393F8740193F5
828883E4737402936C70127403936D70
0C7404936E70067405936F60DDA3A3A3
A3A3A380CA8A838982E473E6FC08E6FD
08E6FE08E6FF22E2FC08E2FD08E2FE08
E2FF22E493FC740193FD740293FE7403
93FF229000AB12033F9000AF12034B00
00000043F804E5F830E5FB9091AAE0FF
E4FCFDFE78101202AFC004C005C006C0
07A3E0FFE4FCFDFE78181202AFD003D0
02D001D00012027EC004C005C006C007
9091A9E0FFE4FCFDFE78081202AFD003
D002D001D00012027EA804A905AA06AB
079091A8E0FFE4FCFDFE12027E9000F8
12033F7FC07E0A7D707C019000F81202
FED312028B50167F407E617D6C7C0190
00F81202FEC312028B4002801274FFFF
FEFDFC9000F81202FEC312028B700C90
00AF12034B02DC6C008015E47F02FEFD
FC9000F81202FE1201619000AF12033F
9000AB1202F21203CB053F00B71B0005
3700F42400052F016E36000000053775
EE01E47B02800E75EE02E47B03800675
EE03E47B04FAF9F89000AF1202F21201
EC9000FC12033F53F8FE53D9F8224400
FC000000004400F8000000004200BD00
004200C300004200C100644200BF0000
4200C600004200BB00004100C5006048
00630000000000000000000000000000
00000000000000000000000000000000
00000000000000000000000000000000
00000000000000000000000000000000
00000000000000000000410100004301
010000004301040000004900D4000000
0000000000004900DD00000000000000
00004900E60000000000000000004C00
C8000000000000000000000000410107
004900EF00000000000000000041001B
00410004004400000000000042000500
0042005D000242005F00004200610000
C102C101C10000C0E0C0F0C083C082C0
D075D000C000C001C002C003C004C005
C006C0077F0C121138EF700302071A90
C900E054FEF07D017F08120EA87F0212
0D3CE5AD20E2FBE5F630E0FB75F60112
00369000BDEEF0A3EFF09000C1E0FEA3
E0FFC39000BEE09F9000BDE09E405BA3
E094FF9000BDE0947F504F9000C5E014
603E0470459000C6E475F00112012890
00C6E07004A3E06402702F90C90AE0E4
F0A3E0E4F07D017F0A120EA87D017F0B
120EA89000C57401F0A3E4F0A3F0800A
90C90AE0E4F0A3E0E4F0E4FD7F08120E
A890C900E04401F07F0C1210F6D007D0
06D005D004D003D002D001D000D0D0D0
82D083D0F0D0E032AC07EF131313541F
9000ABF0EF5407A3F0ED6060EC75F003
A42463F582E43400F58312039CD2AFD2
A81210F69000ABE0FF7011A3E0FE7401
A806088002C333D8FC42E922EFB40113
9000ACE0FF7401A807088002C333D8FC
42EA229000ABE06402705CA3E0FF7401
A807088002C333D8FC42EB22C2A89000
ABE0FF7012A3E0FE7401A806088002C3
33D8FCF452E922EFB401149000ACE0FF
7401A807088002C333D8FCF452EA2290
00ABE0B40211A3E0FF7401A807088002
C333D8FCF452EB22EF131313541FFEEF
5407FFED604FEE701690C000C083C082
E0FE7401A807088002C333D8FC8033EE
B4011690C001C083C082E0FE7401A807
088002C333D8FC8019EE6402706D90C0
02C083C082E0FE7401A807088002C333
D8FC4E8051EE701890C000C083C082E0
FE7401A807088002C333D8FCF45E8036
EEB4011890C001C083C082E0FE7401A8
07088002C333D8FCF45E801AEEB4021B
90C002C083C082E0FE7401A807088002
C333D8FCF45ED082D083F022C0E0C0F0
C083C082C0D075D000C000C001C002C0
03C004C005C006C00790C809E030E017
90C808E030E010A37401F09000C81203
7CE94A605D805890C809E030E11790C8
08E030E110A37402F09000CB12037CE9
4A603F803A90C809E030E21790C808E0
30E210A37404F09000CE12037CE94A60
21801C90C809E030E31890C808E030E3
11A37408F09000D112037CE94A600312
0405D007D006D005D004D003D002D001
D000D0D0D082D083D0F0D0E0329000AB
12039C90C9057407F0EF6401704FED24
FE601C14602E2402703D9000AB12037C
9000D412039C90C904E04401F0802890
00AB12037C9000D712039C90C904E044
02F080139000AB12037C9000DA12039C
90C904E04404F0D2AF43B80122ED24FE
601B14602C2402703B9000AB12037C90
00D412039C90C904E044FEF0229000AB
12037C9000D712039C90C904E044FDF0
229000AB12037C9000DA12039C90C904
E044FBF022C0E0C0F0C083C082C0D075
D000C000C001C002C003C004C005C006
C00790C905E030E01C90C904E030E015
9000D412037CE94A600312040590C905
7401F0804C90C905E030E11C90C904E0
30E1159000D712037CE94A6003120405
90C9057402F0802990C905E030E21C90
C904E030E2159000DA12037CE94A6003
12040590C9057404F0800690C9057407
F0D007D006D005D004D003D002D001D0
00D0D0D082D083D0F0D0E032C0E0C0F0
C083C082C0D075D000C000C001C002C0
03C004C005C006C00790CA05E030E01C
90CA04E030E0159000DD12037CE94A60
0312040590CA057401F0804C90CA05E0
30E11C90CA04E030E1159000E012037C
E94A600312040590CA057402F0802990
CA05E030E21C90CA04E030E2159000E3
12037CE94A600312040590CA057404F0
800690CA057407F0D007D006D005D004
D003D002D001D000D0D0D082D083D0F0
D0E032C0E0C0F0C083C082C0D075D000
C000C001C002C003C004C005C006C007
90CB05E030E01C90CB04E030E0159000
E612037CE94A600312040590CB057401
F0804C90CB05E030E11C90CB04E030E1
159000E912037CE94A600312040590CB
057402F0802990CB05E030E21C90CB04
E030E2159000EC12037CE94A60031204
0590CB057404F0800690CB057407F0D0
07D006D005D004D003D002D001D000D0
D0D082D083D0F0D0E03290C018E4F07F
08120066E4FD7F08120DB6E4FD7F0812
0E2F7D017F08120EA890C01AE4F07F0A
120066E4FD7F0A120DB6E4FD7F0A120E
2F7D017F0A120EA890C01BE4F07F0B12
0066E4FD7F0B120DB6E4FD7F0B120E2F
E4FD7F0B120EA87F0C1200667D017F0C
120DB6E4FD7F0C120E2F7D017F0C1208
087BFF7A0079217D017F0C12074853B0
FD43B00190C01C7420F0A3E4F07F0D12
00667D017F0D120DB67D017F0D020808
787FE4F6D8FD758120020CF702100FE4
93A3F8E493A34003F68001F208DFF480
29E493A3F85407240CC8C333C4540F44
20C8834004F456800146F6DFE4800B01
0204081020408090055EE47E019360BC
A3FF543F30E509541FFEE493A360010E
CF54C025E060A840B8E493A3FAE493A3
F8E493A3C8C582C8CAC583CAF0A3C8C5
82C8CAC583CADFE9DEE780BEEF1203A5
0D5C010D66020D70040D7A080D84100D
8E200D98400DA28000000DACE5B454F0
4401F5B48049E5B454F04402F5B4803F
E5B454F04403F5B48035E5B454F04404
F5B4802BE5B454F04405F5B48021E5B4
54F04406F5B48017E5B454F04407F5B4
800DE5B454F04408F5B4800353B4F053
ADFB43AD0422EF131313541FFEEF5407
FFED6034EE700D04A807088002C333D8
FC42F922EEB4010E7401A807088002C3
33D8FC42FA22EE6402704304A8070880
02C333D8FC42FB22EE700E04A8070880
02C333D8FCF452F922EEB4010F7401A8
07088002C333D8FCF452FA22EEB4020E
7401A807088002C333D8FCF452FB22EF
131313541FFEEF5407FFED6034EE700D
04A807088002C333D8FC429722EEB401
0E7401A807088002C333D8FC42E522EE
6402704304A807088002C333D8FC42FC
22EE700E04A807088002C333D8FCF452
9722EEB4010F7401A807088002C333D8
FCF452E522EEB4020E7401A807088002
C333D8FCF452FC22EF131313541FFEEF
5407FFED6034EE700D04A807088002C3
33D8FC428022EEB4010E7401A8070880
02C333D8FC429022EE6402704304A807
088002C333D8FC42A022EE700E04A807
088002C333D8FCF4528022EEB4010F74
01A807088002C333D8FCF4529022EEB4
020E7401A807088002C333D8FCF452A0
229000AF12033FE47F10FEFDFC9000B3
1202FE1201619000B712033FE47B02FA
F9F89000B71202F21201EC9000AF1202
FE1201549000B71202FE1201EC9000B7
12033F9000B71202FEC3E49BFF74049A
FEE499FDE498FC9000B712033F9000B7
1202F2780812029CAB079000B71202F2
EB5403F5BA8FAA22C0E0C0F0C083C082
C0D075D000C000C001C002C003C004C0
05C006C007E5C830E11053C8FD9000EF
12037CE94A6003120405E5C930E11053
C9FD9000F212037CE94A6003120405E5
CA30E11053CAFD9000F512037CE94A60
03120405D007D006D005D004D003D002
D001D000D0D0D082D083D0F0D0E03212
12C7120C0A1212597D0F7C007FB87E0B
1211737BFF7A1279727D017F0112096D
1212D29000AF7401F07B047A00E4FD7F
011211E37F031200067F06120094E4FF
1212987F011212867F011212BB80FEC0
E0C0F0C083C082C0D075D000C000C001
C002C003C004C005C006C007E5F630E0
0D90010412037CE94A600312040575F6
01D007D006D005D004D003D002D001D0
00D0D0D082D083D0F0D0E032C0E0C0F0
C083C082C0D075D000C000C001C002C0
03C004C005C006C00730980F90010112
037CE94A6003120405C298D007D006D0
05D004D003D002D001D000D0D0D082D0
83D0F0D0E032EF131313541FFEEF5407
FFEE700E04A807088002C333D8FCF452
E122EEB4010F7401A807088002C333D8
FCF452E222EEB4020E7401A807088002
C333D8FCF452E322EF131313541FFEEF
5407FFEE700DE5E1A807088002C313D8
FC801CEEB4010DE5E2A807088002C313
D8FC800BE5E3A807088002C313D8FC54
01FF22AB07AA0643DF0843E70890C900
E04440F0EC90C90DF0ED90C90CF0EB24
FFEA34FF90C90FF0EB1490C90EF090C9
067401F090C905E04401F0229000AB12
033F43DE0143E601439E01E4900100F0
C29FD29EC299C2989000AB1202F29000
B312033F9000FC1202F2120F21D29C53
F33F229000AFE06401702743DE1043E6
10EFC4333354C0FFE5AC54BF4FF5ACE4
F5FEF5FFEBF5FEEAF5FFE5FD54FE4DF5
FD2253DEEF53E6EF2212002690005FE4
75F00112013EFC741C25F0F58274003C
F583EFF090005C7401F022C0E0C083C0
82E5A630E3099001077401F075A32075
A3FFD082D083D0E032E490005CF0FF7E
C27D01FC1211AC7BFF7A1279197F0102
12AAE4FD7F0A120EA8E4FD7F0B120EA8
E49000C5F022EFB4010753ADFE53ADFD
2243AD0243AD012243AC20EF700553AC
FD800343AC0253B5FE22EFB4010AD2AF
D2AC90010102039CC2AC22EFB4010443
AC012253ACFE227F007E367D6E7C0102
043390C900E04401F022FFFF

---------- Code Information -----------
Code Entrance:      0x00000000 
Code Run Entrance:  0x00000000 
Code Size:          0x000012DC 
Code CRC Value:     0x9F8C 
