020F8702043353F7F8EF24FC600B1460
0C2402700B43F7032243F7042243F705
222222021333AF9922FFFF02126FFFFF
FFFFFF0212E6E5B7540FFEAFB6D3EF94
01EE9400400774052FFFE43EFED3EF94
FFEE940F40047E0F7FFF220214FBFFFF
FFFFFF020B01EF131313541FFEEF5407
9000CEF0EE700743DF0143E70122EEB4
010743DF0243E70222EEB4020643DF04
43E70422EF8FF553B4EF22020E50FFFF
FFFFFF020DA9FFFFFFFFFF020D02BB01
0689828A83E0225002E722BBFE02E322
89828A83E49322BB010CE58229F582E5
833AF583E0225006E92582F8E622BBFE
06E92582F8E222E58229F582E5833AF5
83E49322BB010689828A83F0225002F7
22BBFE01F322F8BB010DE58229F582E5
833AF583E8F0225006E92582C8F622BB
FE05E92582C8F222C5F0F8A3E028F0C5
F0F8E582158270021583E038F022A3F8
E0C5F025F0F0E582158270021583E0C8
38F0E822EF2BFFEE3AFEED39FDEC38FC
22E88FF0A4CC8BF0A42CFCE98EF0A42C
FC8AF0EDA42CFCEA8EF0A4CDA8F08BF0
A42DCC3825F0FDE98FF0A42CCD35F0FC
EB8EF0A4FEA9F0EB8FF0A4CFC5F02ECD
39FEE43CFCEAA42DCE35F0FDE43CFC22
75F008758200EF2FFFEE33FECD33CDCC
33CCC58233C5829BED9AEC99E5829840
0CF582EE9BFEED9AFDEC99FC0FD5F0D6
E4CEFBE4CDFAE4CCF9A88222B800C1B9
0059BA002DEC8BF084CFCECDFCE5F0CB
F97818EF2FFFEE33FEED33FDEC33FCEB
33FB10D703994004EB99FB0FD8E5E4F9
FA227818EF2FFFEE33FEED33FDEC33FC
C933C910D7059BE99A4007EC9BFCE99A
F90FD8E0E4C9FAE4CCFB2275F010EF2F
FFEE33FEED33FDCC33CCC833C810D707
9BEC9AE899400AED9BFDEC9AFCE899F8
0FD5F0DAE4CDFBE4CCFAE4C8F922EF4B
FFEE4AFEED49FDEC48FC22EB9FF5F0EA
9E42F0E99D42F0E89C45F022E8600FEC
C313FCED13FDEE13FEEF13FFD8F122E8
600FEFC333FFEE33FEED33FDEC33FCD8
F122BB010DE58229F582E5833AF58302
02F25007E92582F802040BBBFE07E925
82F8020417E58229F582E5833AF58302
0423E0FCA3E0FDA3E0FEA3E0FF22E0F8
A3E0F9A3E0FAA3E0FB227401FF3395E0
FEFDFCA3A3A3E0CF2FF0E58215827002
1583E0CE3EF0E582158270021583E0CD
3DF0E582158270021583E0CC3CF022EC
F0A3EDF0A3EEF0A3EFF022A8828583F0
D083D082120362120362120362120362
E473E493A3C583C5F0C583C8C582C8F0
A3C583C5F0C583C8C582C822E0FBA3E0
FAA3E0F922F8E0FBA3A3E0F925F0F0E5
82158270021583E0FA38F022EBF0A3EA
F0A3E9F022D083D082F8E49370127401
93700DA3A393F8740193F5828883E473
7402936860EFA3A3A380DFD083D082E4
937012740193700DA3A393F8740193F5
828883E4737402936C70127403936D70
0C7404936E70067405936F60DDA3A3A3
A3A3A380CA8A838982E473E6FC08E6FD
08E6FE08E6FF22E2FC08E2FD08E2FE08
E2FF22E493FC740193FD740293FE7403
93FF22C0E0C0F0C083C082C0D075D000
C000C001C002C003C004C005C006C007
7F0B1213BFEF70030205567F02121013
E5AD20E2FBE5F630E0FB75F6019000C4
1202FEC000C001C002C003120036E4FC
FDD003D002D001D0001201549000C412
033F7F02121013E5AD20E2FBE5F630E0
FB75F6019000C41202FEC000C001C002
C003120036E4FCFDD003D002D001D000
1201549000C412033FE47B02FAF9F890
00C41202F21201EC9000B5EEF0FAA3EF
F0FB9000C412034B00000000D39000C3
E09B9000C2E09A505DC39000B6E094FF
9000B5E0947F504E9000C9E014603D04
70449000CAE475F0011201289000CAE0
7004A3E06402702E7D017F0A12117F7D
017F0812117F90C90AE0E4F0A3E0E4F0
9000C904F0A3E4F0A3F0800A90C90AE0
E4F0A3E0E4F07F0B12137DD007D006D0
05D004D003D002D001D000D0D0D082D0
83D0F0D0E0324401120000000044010E
000000004200CC1F404200BCFA004200
B300004200B500004400C40000000042
00AF00004200AD00004200C200644400
BE000000004200B700004200CA000042
00B10000C103C1044200B900004100BB
004100C8004200AB00004100C9006048
00630000000000000000000000000000
00000000000000000000000000000000
00000000000000000000000000000000
00000000000000000000000000000000
00000000000000000000410116004301
1700000043011A0000004900EA000000
0000000000004900F300000000000000
00004900FC0000000000000000004C00
DE00000000000000000000000041011D
0049010500000000000000000041001B
00410004004400000000000042000500
0042005D000242005F00004200610000
C102C101C100009000CE12033F9000D2
12034B0000000043F804E5F830E5FB90
91AAE0FFE4FCFDFE78101202AFC004C0
05C006C007A3E0FFE4FCFDFE78181202
AFD003D002D001D00012027EC004C005
C006C0079091A9E0FFE4FCFDFE780812
02AFD003D002D001D00012027EA804A9
05AA06AB079091A8E0FFE4FCFDFE1202
7E90010E12033F7FC07E0A7D707C0190
010E1202FED312028B50167F407E617D
6C7C0190010E1202FEC312028B400280
1274FFFFFEFDFC90010E1202FEC31202
8B700C9000D212034B02DC6C008015E4
7F02FEFDFC90010E1202FE1201619000
D212033F9000CE1202F21203CB07B300
B71B0007AB00F4240007A3016E360000
0007AB75EE01E47B02800E75EE02E47B
03800675EE03E47B04FAF9F89000D212
02F21201EC90011212033F53F8FE53D9
F822121587120EF71215197D0F7C007F
987E081213FA7BFF7A1579327D017F01
120BB21215927D0F7C007F647E001214
337BFF7A0079217D017F01120C5A1215
9A9000D27401F07B047A00E4FD7F0112
14A37F031200067F06120094E4FF1215
587F011215467F0112157B7F04121013
E5AD20E2FBE5F630E0FB75F601120036
9000B5EEF0A3EFF0C394ACEE940D4014
E094FF9000B5E0940F5009E49000C2F0
A3F080C79000B5E0FEA3E0FFC394B8EE
940B4014EF94ACEE940D500C9000C274
03F0A374E8F080A3C3EF94C4EE940940
14EF94B8EE940B500C9000C27407F0A3
74D0F08086C3EF94D0EE940750030208
3BEF94C4EE9409400302083B9000C274
0BF0A374B8F002083BAC07EF13131354
1F9000CEF0EF5407A3F0ED6060EC75F0
03A42463F582E43400F58312039CD2AF
D2A812137D9000CEE0FF7011A3E0FE74
01A806088002C333D8FC42E922EFB401
139000CFE0FF7401A807088002C333D8
FC42EA229000CEE06402705CA3E0FF74
01A807088002C333D8FC42EB22C2A890
00CEE0FF7012A3E0FE7401A806088002
C333D8FCF452E922EFB401149000CFE0
FF7401A807088002C333D8FCF452EA22
9000CEE0B40211A3E0FF7401A8070880
02C333D8FCF452EB22EF131313541FFE
EF5407FFED604FEE701690C000C083C0
82E0FE7401A807088002C333D8FC8033
EEB4011690C001C083C082E0FE7401A8
07088002C333D8FC8019EE6402706D90
C002C083C082E0FE7401A807088002C3
33D8FC4E8051EE701890C000C083C082
E0FE7401A807088002C333D8FCF45E80
36EEB4011890C001C083C082E0FE7401
A807088002C333D8FCF45E801AEEB402
1B90C002C083C082E0FE7401A8070880
02C333D8FCF45ED082D083F022EF1313
13541FFEEF5407FFED604FEE701690C0
05C083C082E0FE7401A807088002C333
D8FC8033EEB4011690C006C083C082E0
FE7401A807088002C333D8FC8019EE64
02706D90C007C083C082E0FE7401A807
088002C333D8FC4E8051EE701890C005
C083C082E0FE7401A807088002C333D8
FCF45E8036EEB4011890C006C083C082
E0FE7401A807088002C333D8FCF45E80
1AEEB4021B90C007C083C082E0FE7401
A807088002C333D8FCF45ED082D083F0
22C0E0C0F0C083C082C0D075D000C000
C001C002C003C004C005C006C00790C8
09E030E01790C808E030E010A37401F0
9000DE12037CE94A605D805890C809E0
30E11790C808E030E110A37402F09000
E112037CE94A603F803A90C809E030E2
1790C808E030E210A37404F09000E412
037CE94A6021801C90C809E030E31890
C808E030E311A37408F09000E712037C
E94A6003120405D007D006D005D004D0
03D002D001D000D0D0D082D083D0F0D0
E0329000CE12039C90C9057407F0EF64
01704FED24FE601C14602E2402703D90
00CE12037C9000EA12039C90C904E044
01F080289000CE12037C9000ED12039C
90C904E04402F080139000CE12037C90
00F012039C90C904E04404F0D2AF43B8
0122ED24FE601B14602C2402703B9000
CE12037C9000EA12039C90C904E044FE
F0229000CE12037C9000ED12039C90C9
04E044FDF0229000CE12037C9000F012
039C90C904E044FBF0229000CE12039C
90CA057407F0EF6401704FED24FE601C
14602E2402703D9000CE12037C9000F3
12039C90CA04E04401F080289000CE12
037C9000F612039C90CA04E04402F080
139000CE12037C9000F912039C90CA04
E04404F0D2AF43B80422ED24FE601B14
602C2402703B9000CE12037C9000F312
039C90CA04E044FEF0229000CE12037C
9000F612039C90CA04E044FDF0229000
CE12037C9000F912039C90CA04E044FB
F022C0E0C0F0C083C082C0D075D000C0
00C001C002C003C004C005C006C00790
C905E030E01C90C904E030E0159000EA
12037CE94A600312040590C9057401F0
804C90C905E030E11C90C904E030E115
9000ED12037CE94A600312040590C905
7402F0802990C905E030E21C90C904E0
30E2159000F012037CE94A6003120405
90C9057404F0800690C9057407F0D007
D006D005D004D003D002D001D000D0D0
D082D083D0F0D0E032C0E0C0F0C083C0
82C0D075D000C000C001C002C003C004
C005C006C00790CA05E030E01C90CA04
E030E0159000F312037CE94A60031204
0590CA057401F0804C90CA05E030E11C
90CA04E030E1159000F612037CE94A60
0312040590CA057402F0802990CA05E0
30E21C90CA04E030E2159000F912037C
E94A600312040590CA057404F0800690
CA057407F0D007D006D005D004D003D0
02D001D000D0D0D082D083D0F0D0E032
C0E0C0F0C083C082C0D075D000C000C0
01C002C003C004C005C006C00790CB05
E030E01C90CB04E030E0159000FC1203
7CE94A600312040590CB057401F0804C
90CB05E030E11C90CB04E030E1159000
FF12037CE94A600312040590CB057402
F0802990CB05E030E21C90CB04E030E2
1590010212037CE94A600312040590CB
057404F0800690CB057407F0D007D006
D005D004D003D002D001D000D0D0D082
D083D0F0D0E03290C018E4F07F081200
66E4FD7F0812108DE4FD7F081211067D
017F0812117F90C01AE4F07F0A120066
E4FD7F0A12108DE4FD7F0A1211067D01
7F0A12117F7F0B1200667D017F0B1210
8DE4FD7F0B1211067D017F0B1209997B
FF7A0079227D017F0B1208D953AE7F43
AE4090C01C7420F0E4FD7F0C120A4D90
C01DE4F07F0D1200667D017F0D12108D
7D017F0D020999787FE4F6D8FD758120
020FCE0207D2E493A3F8E493A34003F6
8001F208DFF48029E493A3F85407240C
C8C333C4540F4420C8834004F4568001
46F6DFE4800B01020408102040809005
76E47E019360BCA3FF543F30E509541F
FEE493A360010ECF54C025E060A840B8
E493A3FAE493A3F8E493A3C8C582C8CA
C583CAF0A3C8C582C8CAC583CADFE9DE
E780BEEF1203A5103301103D02104704
105108105B10106520106F4010798000
001083E5B454F04401F5B48049E5B454
F04402F5B4803FE5B454F04403F5B480
35E5B454F04404F5B4802BE5B454F044
05F5B48021E5B454F04406F5B48017E5
B454F04407F5B4800DE5B454F04408F5
B4800353B4F053ADFB43AD0422EF1313
13541FFEEF5407FFED6034EE700D04A8
07088002C333D8FC42F922EEB4010E74
01A807088002C333D8FC42FA22EE6402
704304A807088002C333D8FC42FB22EE
700E04A807088002C333D8FCF452F922
EEB4010F7401A807088002C333D8FCF4
52FA22EEB4020E7401A807088002C333
D8FCF452FB22EF131313541FFEEF5407
FFED6034EE700D04A807088002C333D8
FC429722EEB4010E7401A807088002C3
33D8FC42E522EE6402704304A8070880
02C333D8FC42FC22EE700E04A8070880
02C333D8FCF4529722EEB4010F7401A8
07088002C333D8FCF452E522EEB4020E
7401A807088002C333D8FCF452FC22EF
131313541FFEEF5407FFED6034EE700D
04A807088002C333D8FC428022EEB401
0E7401A807088002C333D8FC429022EE
6402704304A807088002C333D8FC42A0
22EE700E04A807088002C333D8FCF452
8022EEB4010F7401A807088002C333D8
FCF4529022EEB4020E7401A807088002
C333D8FCF452A0229000D212033FE47F
10FEFDFC9000D61202FE1201619000DA
12033FE47B02FAF9F89000DA1202F212
01EC9000D21202FE1201549000DA1202
FE1201EC9000DA12033F9000DA1202FE
C3E49BFF74049AFEE499FDE498FC9000
DA12033F9000DA1202F2780812029CAB
079000DA1202F2EB5403F5BA8FAA22C0
E0C0F0C083C082C0D075D000C000C001
C002C003C004C005C006C007E5C830E1
1053C8FD90010512037CE94A60031204
05E5C930E11053C9FD90010812037CE9
4A6003120405E5CA30E11053CAFD9001
0B12037CE94A6003120405D007D006D0
05D004D003D002D001D000D0D0D082D0
83D0F0D0E032C0E0C0F0C083C082C0D0
75D000C000C001C002C003C004C005C0
06C007E5F630E00D90011A12037CE94A
600312040575F601D007D006D005D004
D003D002D001D000D0D0D082D083D0F0
D0E032C0E0C0F0C083C082C0D075D000
C000C001C002C003C004C005C006C007
30980F90011712037CE94A6003120405
C298D007D006D005D004D003D002D001
D000D0D0D082D083D0F0D0E032EF1313
13541FFEEF5407FFEE700E04A8070880
02C333D8FCF452E122EEB4010F7401A8
07088002C333D8FCF452E222EEB4020E
7401A807088002C333D8FCF452E322EF
131313541FFEEF5407FFEE700DE5E1A8
07088002C313D8FC801CEEB4010DE5E2
A807088002C313D8FC800BE5E3A80708
8002C313D8FC5401FF22AB07AA0643DF
0843E70890C900E04440F0EC90C90DF0
ED90C90CF0EB24FFEA34FF90C90FF0EB
1490C90EF090C9067401F090C905E044
01F022AB07AA0643DF2043E72090CA00
E04440F0EC90CA0DF0ED90CA0CF0EB24
FFEA34FF90CA0FF0EB1490CA0EF090CA
067401F090CA05E04401F0229000CE12
033F43DE0143E601439E01E4900116F0
C29FD29EC299C2989000CE1202F29000
D612033F9001121202F21211F8D29C53
F33F229000D2E06401702743DE1043E6
10EFC4333354C0FFE5AC54BF4FF5ACE4
F5FEF5FFEBF5FEEAF5FFE5FD54FE4DF5
FD2253DEEF53E6EF2212002690005FE4
75F00112013EFC741C25F0F58274003C
F583EFF090005C7401F022C0E0C083C0
82E5A630E30990011D7401F075A32075
A3FFD082D083D0E032E490005CF0FF7E
C27D01FC12146C7BFF7A1479D97F0102
156AE4FD7F0A12117FE4FD7F0812117F
E49000C9F022EFB4010753ADFE53ADFD
2243AD0243AD012243AC20EF700553AC
FD800343AC0253B5FE22EFB4010AD2AF
D2AC90011702039CC2AC22EFB4010443
AC012253ACFE227F007E247DF47C0002
06A790C900E04401F02290CA00E04401
F022FFFF

---------- Code Information -----------
Code Entrance:      0x00000000 
Code Run Entrance:  0x00000000 
Code Size:          0x000015A4 
Code CRC Value:     0x8151 
