020C1E020DA153F7F8EF24FC600B1460
0C2402700B43F7032243F7042243F705
22FFFF0210C0AF9922FFFF020FFCFFFF
FFFFFF021073E5B7540FFEAFB6D3EF94
01EE9400400774052FFFE43EFED3EF94
FFEE940F40047E0F7FFF2202124FFFFF
FFFFFF0208D0EF131313541FFEEF5407
9000C4F0EE700743DF0143E70122EEB4
010743DF0243E70222EEB4020643DF04
43E70422EF8FF553B4EF22020B77FFFF
FFFFFF020AD0FFFFFFFFFF020A29BB01
0689828A83E0225002E722BBFE02E322
89828A83E49322BB010CE58229F582E5
833AF583E0225006E92582F8E622BBFE
06E92582F8E222E58229F582E5833AF5
83E49322BB010689828A83F0225002F7
22BBFE01F322F8BB010DE58229F582E5
833AF583E8F0225006E92582C8F622BB
FE05E92582C8F222C5F0F8A3E028F0C5
F0F8E582158270021583E038F022A3F8
E0C5F025F0F0E582158270021583E0C8
38F0E822EF2BFFEE3AFEED39FDEC38FC
22E88FF0A4CC8BF0A42CFCE98EF0A42C
FC8AF0EDA42CFCEA8EF0A4CDA8F08BF0
A42DCC3825F0FDE98FF0A42CCD35F0FC
EB8EF0A4FEA9F0EB8FF0A4CFC5F02ECD
39FEE43CFCEAA42DCE35F0FDE43CFC22
75F008758200EF2FFFEE33FECD33CDCC
33CCC58233C5829BED9AEC99E5829840
0CF582EE9BFEED9AFDEC99FC0FD5F0D6
E4CEFBE4CDFAE4CCF9A88222B800C1B9
0059BA002DEC8BF084CFCECDFCE5F0CB
F97818EF2FFFEE33FEED33FDEC33FCEB
33FB10D703994004EB99FB0FD8E5E4F9
FA227818EF2FFFEE33FEED33FDEC33FC
C933C910D7059BE99A4007EC9BFCE99A
F90FD8E0E4C9FAE4CCFB2275F010EF2F
FFEE33FEED33FDCC33CCC833C810D707
9BEC9AE899400AED9BFDEC9AFCE899F8
0FD5F0DAE4CDFBE4CCFAE4C8F922EF4B
FFEE4AFEED49FDEC48FC22EB9FF5F0EA
9E42F0E99D42F0E89C45F022E8600FEC
C313FCED13FDEE13FEEF13FFD8F122E8
600FEFC333FFEE33FEED33FDEC33FCD8
F122BB010DE58229F582E5833AF58302
02F25007E92582F802040BBBFE07E925
82F8020417E58229F582E5833AF58302
0423E0FCA3E0FDA3E0FEA3E0FF22E0F8
A3E0F9A3E0FAA3E0FB227401FF3395E0
FEFDFCA3A3A3E0CF2FF0E58215827002
1583E0CE3EF0E582158270021583E0CD
3DF0E582158270021583E0CC3CF022EC
F0A3EDF0A3EEF0A3EFF022A8828583F0
D083D082120362120362120362120362
E473E493A3C583C5F0C583C8C582C8F0
A3C583C5F0C583C8C582C822E0FBA3E0
FAA3E0F922F8E0FBA3A3E0F925F0F0E5
82158270021583E0FA38F022EBF0A3EA
F0A3E9F022D083D082F8E49370127401
93700DA3A393F8740193F5828883E473
7402936860EFA3A3A380DFD083D082E4
937012740193700DA3A393F8740193F5
828883E4737402936C70127403936D70
0C7404936E70067405936F60DDA3A3A3
A3A3A380CA8A838982E473E6FC08E6FD
08E6FE08E6FF22E2FC08E2FD08E2FE08
E2FF22E493FC740193FD740293FE7403
93FF229000C412033F9000C812034B00
00000043F804E5F830E5FB9091AAE0FF
E4FCFDFE78101202AFC004C005C006C0
07A3E0FFE4FCFDFE78181202AFD003D0
02D001D00012027EC004C005C006C007
9091A9E0FFE4FCFDFE78081202AFD003
D002D001D00012027EA804A905AA06AB
079091A8E0FFE4FCFDFE12027E900105
12033F7FC07E0A7D707C019001051202
FED312028B50167F407E617D6C7C0190
01051202FEC312028B4002801274FFFF
FEFDFC9001051202FEC312028B700C90
00C812034B02DC6C008015E47F02FEFD
FC9001051202FE1201619000C812033F
9000C41202F21203CB053F00B71B0005
3700F42400052F016E36000000053775
EE01E47B02800E75EE02E47B03800675
EE03E47B04FAF9F89000C81202F21201
EC90010912033F53F8FE53D9F8224401
0900000000440105000000004200C21F
404200BAFA004200B100004200B30000
4200AD00004200AB00004400BC000000
004200B500004200C000004200AF0000
C103C1044200B700004100B900604800
63000000000000000000000000000000
00000000000000000000000000000000
00000000000000000000000000000000
00000000000000000000000000000000
00000000000000000041010D0043010E
0000004301110000004900E100000000
00000000004900EA0000000000000000
004900F30000000000000000004C00D5
00000000000000000000000041011400
4900FC00000000000000000041001B00
41000400440000000000004200050000
42005D000242005F00004200610000C1
02C101C100001212DC120CAA12126D7D
C37C097F107E001211877BFF7A127986
7D017F011209811212E79000C87401F0
7B047A00E4FD7F011211F77F03120006
7F06120094E4FF1212AD7F0112129B7F
011212D07F04120D27E5AD20E2FBE5F6
30E0FB75F6011200369000B3EEF0A3EF
F0C394B8EE940B4012E094FF9000B3E0
947F5007E4FD7F0B120F0C7F02120D27
E5AD20E2FBE5F630E0FB75F601120036
9000B3EEF0A3EFF0C394B8EE940B40A4
E094FF9000B3E0947F50999000C0E475
F0011201289000C0E07004A3E0640270
839000C0F0A3F090C90AE0E4F0A3E0E4
F0FD7F0B120F0CE4FD7F08120F0C7D01
7F0A120F0C0206C4EF131313541FFEEF
5407FFED604FEE701690C000C083C082
E0FE7401A807088002C333D8FC8033EE
B4011690C001C083C082E0FE7401A807
088002C333D8FC8019EE6402706D90C0
02C083C082E0FE7401A807088002C333
D8FC4E8051EE701890C000C083C082E0
FE7401A807088002C333D8FCF45E8036
EEB4011890C001C083C082E0FE7401A8
07088002C333D8FCF45E801AEEB4021B
90C002C083C082E0FE7401A807088002
C333D8FCF45ED082D083F022EF131313
541FFEEF5407FFED604FEE701690C005
C083C082E0FE7401A807088002C333D8
FC8033EEB4011690C006C083C082E0FE
7401A807088002C333D8FC8019EE6402
706D90C007C083C082E0FE7401A80708
8002C333D8FC4E8051EE701890C005C0
83C082E0FE7401A807088002C333D8FC
F45E8036EEB4011890C006C083C082E0
FE7401A807088002C333D8FCF45E801A
EEB4021B90C007C083C082E0FE7401A8
07088002C333D8FCF45ED082D083F022
C0E0C0F0C083C082C0D075D000C000C0
01C002C003C004C005C006C00790C809
E030E01790C808E030E010A37401F090
00D512037CE94A605D805890C809E030
E11790C808E030E110A37402F09000D8
12037CE94A603F803A90C809E030E217
90C808E030E210A37404F09000DB1203
7CE94A6021801C90C809E030E31890C8
08E030E311A37408F09000DE12037CE9
4A6003120405D007D006D005D004D003
D002D001D000D0D0D082D083D0F0D0E0
329000C412039C90C9057407F0EF6401
704FED24FE601C14602E2402703D9000
C412037C9000E112039C90C904E04401
F080289000C412037C9000E412039C90
C904E04402F080139000C412037C9000
E712039C90C904E04404F0D2AF43B801
22ED24FE601B14602C2402703B9000C4
12037C9000E112039C90C904E044FEF0
229000C412037C9000E412039C90C904
E044FDF0229000C412037C9000E71203
9C90C904E044FBF022C0E0C0F0C083C0
82C0D075D000C000C001C002C003C004
C005C006C00790C905E030E01C90C904
E030E0159000E112037CE94A60031204
0590C9057401F0804C90C905E030E11C
90C904E030E1159000E412037CE94A60
0312040590C9057402F0802990C905E0
30E21C90C904E030E2159000E712037C
E94A600312040590C9057404F0800690
C9057407F0D007D006D005D004D003D0
02D001D000D0D0D082D083D0F0D0E032
C0E0C0F0C083C082C0D075D000C000C0
01C002C003C004C005C006C00790CA05
E030E01C90CA04E030E0159000EA1203
7CE94A600312040590CA057401F0804C
90CA05E030E11C90CA04E030E1159000
ED12037CE94A600312040590CA057402
F0802990CA05E030E21C90CA04E030E2
159000F012037CE94A600312040590CA
057404F0800690CA057407F0D007D006
D005D004D003D002D001D000D0D0D082
D083D0F0D0E032C0E0C0F0C083C082C0
D075D000C000C001C002C003C004C005
C006C00790CB05E030E01C90CB04E030
E0159000F312037CE94A600312040590
CB057401F0804C90CB05E030E11C90CB
04E030E1159000F612037CE94A600312
040590CB057402F0802990CB05E030E2
1C90CB04E030E2159000F912037CE94A
600312040590CB057404F0800690CB05
7407F0D007D006D005D004D003D002D0
01D000D0D0D082D083D0F0D0E032787F
E4F6D8FD758120020C65020676E493A3
F8E493A34003F68001F208DFF48029E4
93A3F85407240CC8C333C4540F4420C8
834004F456800146F6DFE4800B010204
081020408090055EE47E019360BCA3FF
543F30E509541FFEE493A360010ECF54
C025E060A840B8E493A3FAE493A3F8E4
93A3C8C582C8CAC583CAF0A3C8C582C8
CAC583CADFE9DEE780BE90C018E4F07F
08120066E4FD7F08120E1AE4FD7F0812
0E937D017F08120F0C90C01AE4F07F0A
120066E4FD7F0A120E1AE4FD7F0A120E
937D017F0A120F0C7F0B120066E4FD7F
0B120E1AE4FD7F0B120E937D017F0B12
0F0C90C01C7420F0E4FD7F0C12081C90
C01DE4F07F0D1200667D017F0D120E1A
7D017F0D020768EF1203A50D47010D51
020D5B040D65080D6F100D79200D8340
0D8D8000000D97E5B454F04401F5B480
49E5B454F04402F5B4803FE5B454F044
03F5B48035E5B454F04404F5B4802BE5
B454F04405F5B48021E5B454F04406F5
B48017E5B454F04407F5B4800DE5B454
F04408F5B4800353B4F053ADFB43AD04
22C0E0C0F0C083C082C0D075D000C000
C001C002C003C004C005C006C0079000
D4E4F0F09000D4E0FFC3941850311211
4CBF01239000D4E075F003A42463F582
E43400F58312037CE94A600312040590
00D4E0FF12110A9000D4E004F080C5D0
07D006D005D004D003D002D001D000D0
D0D082D083D0F0D0E032EF131313541F
FEEF5407FFED6034EE700D04A8070880
02C333D8FC42F922EEB4010E7401A807
088002C333D8FC42FA22EE6402704304
A807088002C333D8FC42FB22EE700E04
A807088002C333D8FCF452F922EEB401
0F7401A807088002C333D8FCF452FA22
EEB4020E7401A807088002C333D8FCF4
52FB22EF131313541FFEEF5407FFED60
34EE700D04A807088002C333D8FC4297
22EEB4010E7401A807088002C333D8FC
42E522EE6402704304A807088002C333
D8FC42FC22EE700E04A807088002C333
D8FCF4529722EEB4010F7401A8070880
02C333D8FCF452E522EEB4020E7401A8
07088002C333D8FCF452FC22EF131313
541FFEEF5407FFED6034EE700D04A807
088002C333D8FC428022EEB4010E7401
A807088002C333D8FC429022EE640270
4304A807088002C333D8FC42A022EE70
0E04A807088002C333D8FCF4528022EE
B4010F7401A807088002C333D8FCF452
9022EEB4020E7401A807088002C333D8
FCF452A0229000C812033FE47F10FEFD
FC9000CC1202FE1201619000D012033F
E47B02FAF9F89000D01202F21201EC90
00C81202FE1201549000D01202FE1201
EC9000D012033F9000D01202FEC3E49B
FF74049AFEE499FDE498FC9000D01203
3F9000D01202F2780812029CAB079000
D01202F2EB5403F5BA8FAA22C0E0C0F0
C083C082C0D075D000C000C001C002C0
03C004C005C006C007E5C830E11053C8
FD9000FC12037CE94A6003120405E5C9
30E11053C9FD9000FF12037CE94A6003
120405E5CA30E11053CAFD9001021203
7CE94A6003120405D007D006D005D004
D003D002D001D000D0D0D082D083D0F0
D0E032C0E0C0F0C083C082C0D075D000
C000C001C002C003C004C005C006C007
E5F630E00D90011112037CE94A600312
040575F601D007D006D005D004D003D0
02D001D000D0D0D082D083D0F0D0E032
C0E0C0F0C083C082C0D075D000C000C0
01C002C003C004C005C006C00730980F
90010E12037CE94A6003120405C298D0
07D006D005D004D003D002D001D000D0
D0D082D083D0F0D0E032EF131313541F
FEEF5407FFEE700E04A807088002C333
D8FCF452E122EEB4010F7401A8070880
02C333D8FCF452E222EEB4020E7401A8
07088002C333D8FCF452E322EF131313
541FFEEF5407FFEE700DE5E1A8070880
02C313D8FC801CEEB4010DE5E2A80708
8002C313D8FC800BE5E3A807088002C3
13D8FC5401FF22AB07AA0643DF0843E7
0890C900E04440F0EC90C90DF0ED90C9
0CF0EB24FFEA34FF90C90FF0EB1490C9
0EF090C9067401F090C905E04401F022
9000C412033F43DE0143E601439E01E4
90010DF0C29FD29EC299C2989000C412
02F29000CC12033F9001091202F2120F
85D29C53F33F229000C8E06401702743
DE1043E610EFC4333354C0FFE5AC54BF
4FF5ACE4F5FEF5FFEBF5FEEAF5FFE5FD
54FE4DF5FD2253DEEF53E6EF22120026
90005FE475F00112013EFC741C25F0F5
8274003CF583EFF090005C7401F022C0
E0C083C082E5A630E3099001147401F0
75A32075A3FFD082D083D0E032E49000
5CF0FF7EC27D01FC1211C07BFF7A1279
2D7F010212BF7D017F0B120F0C7D017F
08120F0CE4FD7F0A020F0CEFB4010753
ADFE53ADFD2243AD0243AD012243AC20
EF700553ACFD800343AC0253B5FE22EF
B4010AD2AFD2AC90010E02039CC2AC22
EFB4010443AC012253ACFE227F007E24
7DF47C0002043390C900E04401F022FF

---------- Code Information -----------
Code Entrance:      0x00000000 
Code Run Entrance:  0x00000000 
Code Size:          0x000012F0 
Code CRC Value:     0x5125 
