0209F17D0F7C007F967E00120ECE90C9
04E4F0A37407F090C90AE4F0A3F00211
83FFFF020E00FFFFFFFFFF020CD9FFFF
FFFFFF020DB3E5B7540FFEAFB6D3EF94
01EE9400400774052FFFE43EFED3EF94
FFEE940F40047E0F7FFF22021101FFFF
FFFFFF02074B9000B2E0FEA3E0FFC390
00BAE09FFF9000B9E09EFEC3EF9432EE
94004015E49000BFF09000B7F09000B6
E06006E4F0FF120F3F22FF02094AFFFF
FFFFFF0208A3FFFFFFFFFF0207FCBB01
0689828A83E0225002E722BBFE02E322
89828A83E49322BB010CE58229F582E5
833AF583E0225006E92582F8E622BBFE
06E92582F8E222E58229F582E5833AF5
83E49322BB010689828A83F0225002F7
22BBFE01F322F8BB010DE58229F582E5
833AF583E8F0225006E92582C8F622BB
FE05E92582C8F222C5F0F8A3E028F0C5
F0F8E582158270021583E038F022A3F8
E0C5F025F0F0E582158270021583E0C8
38F0E822EF2BFFEE3AFEED39FDEC38FC
22C3EF9BFFEE9AFEED99FDEC98FC22E8
8FF0A4CC8BF0A42CFCE98EF0A42CFC8A
F0EDA42CFCEA8EF0A4CDA8F08BF0A42D
CC3825F0FDE98FF0A42CCD35F0FCEB8E
F0A4FEA9F0EB8FF0A4CFC5F02ECD39FE
E43CFCEAA42DCE35F0FDE43CFC2275F0
08758200EF2FFFEE33FECD33CDCC33CC
C58233C5829BED9AEC99E58298400CF5
82EE9BFEED9AFDEC99FC0FD5F0D6E4CE
FBE4CDFAE4CCF9A88222B800C1B90059
BA002DEC8BF084CFCECDFCE5F0CBF978
18EF2FFFEE33FEED33FDEC33FCEB33FB
10D703994004EB99FB0FD8E5E4F9FA22
7818EF2FFFEE33FEED33FDEC33FCC933
C910D7059BE99A4007EC9BFCE99AF90F
D8E0E4C9FAE4CCFB2275F010EF2FFFEE
33FEED33FDCC33CCC833C810D7079BEC
9AE899400AED9BFDEC9AFCE899F80FD5
F0DAE4CDFBE4CCFAE4C8F922EF4BFFEE
4AFEED49FDEC48FC22EB9FF5F0EA9E42
F0E99D42F0E89C45F022E8600FECC313
FCED13FDEE13FEEF13FFD8F122E8600F
EFC333FFEE33FEED33FDEC33FCD8F122
BB010DE58229F582E5833AF583020300
5007E92582F8020419BBFE07E92582F8
020425E58229F582E5833AF583020431
E0FCA3E0FDA3E0FEA3E0FF22E0F8A3E0
F9A3E0FAA3E0FB227401FF3395E0FEFD
FCA3A3A3E0CF2FF0E582158270021583
E0CE3EF0E582158270021583E0CD3DF0
E582158270021583E0CC3CF022ECF0A3
EDF0A3EEF0A3EFF022A8828583F0D083
D082120370120370120370120370E473
E493A3C583C5F0C583C8C582C8F0A3C5
83C5F0C583C8C582C822E0FBA3E0FAA3
E0F922F8E0FBA3A3E0F925F0F0E58215
8270021583E0FA38F022EBF0A3EAF0A3
E9F022D083D082F8E493701274019370
0DA3A393F8740193F5828883E4737402
936860EFA3A3A380DFD083D082E49370
12740193700DA3A393F8740193F58288
83E4737402936C70127403936D700C74
04936E70067405936F60DDA3A3A3A3A3
A380CA8A838982E473E6FC08E6FD08E6
FE08E6FF22E2FC08E2FD08E2FE08E2FF
22E493FC740193FD740293FE740393FF
229000C012034D9000C4120359000000
0043F804E5F830E5FB9091AAE0FFE4FC
FDFE78101202BDC004C005C006C007A3
E0FFE4FCFDFE78181202BDD003D002D0
01D00012028CC004C005C006C0079091
A9E0FFE4FCFDFE78081202BDD003D002
D001D00012028CA804A905AA06AB0790
91A8E0FFE4FCFDFE12028C9001001203
4D7FC07E0A7D707C0190010012030CD3
12029950167F407E617D6C7C01900100
12030CC31202994002801274FFFFFEFD
FC90010012030CC3120299700C9000C4
12035902DC6C008015E47F02FEFDFC90
010012030C12016F9000C412034D9000
C01203001203D9054D00B71B00054500
F42400053D016E36000000054575EE01
E47B02800E75EE02E47B03800675EE03
E47B04FAF9F89000C41203001201FA90
010412034D53F8FE53D9F82244010400
000000440100000000004200B9000042
00BB00004200AC00004200B405144400
AE000028A04100B8004100B6004100AB
004100B7004100BF004200B200004200
BD000060480063000000000000000000
00000000000000000000000000000000
00000000000000000000000000000000
00000000000000000000000000000000
00000000000000000000000000000041
01080043010900000043010C00000049
00DC0000000000000000004900E50000
000000000000004900EE000000000000
0000004C00D000000000000000000000
000041010F004900F700000000000000
000041001B0041000400440000000000
00420005000042005D000242005F0000
4200610000C102C101C100007F041210
E09000ACEEF0A3EFF0120E909000C0EE
F0A3EFF09000B8E0702404F09000C0E0
FAA3E0FBFFAE02E4FCFD78031202BD90
00AE12034D9000B4EAF0A3EBF0229000
AE120300C004C005C006C0079000AE12
030078031202AAA804A905AA06AB07D0
07D006D005D0041201619000AE12034D
9000AE12030C9000C0E0FEA3E0FFE4FC
FD1201549000AE12034D9000AE120300
78031202AA9000B4EEF0A3EFF0C39000
B5E0948A9000B4E0940250087402F0A3
748AF022D39000B5E094F09000B4E094
0A4007740AF0A374F0F022C0E0C0F0C0
83C082C0D075D000C000C001C002C003
C004C005C006C00790C809E030E01790
C808E030E010A37401F09000D012038A
E94A605D805890C809E030E11790C808
E030E110A37402F09000D312038AE94A
603F803A90C809E030E21790C808E030
E210A37404F09000D612038AE94A6021
801C90C809E030E31890C808E030E311
A37408F09000D912038AE94A60031204
13D007D006D005D004D003D002D001D0
00D0D0D082D083D0F0D0E032C0E0C0F0
C083C082C0D075D000C000C001C002C0
03C004C005C006C00790C905E030E01C
90C904E030E0159000DC12038AE94A60
0312041390C9057401F0804C90C905E0
30E11C90C904E030E1159000DF12038A
E94A600312041390C9057402F0802990
C905E030E21C90C904E030E2159000E2
12038AE94A600312041390C9057404F0
800690C9057407F0D007D006D005D004
D003D002D001D000D0D0D082D083D0F0
D0E032C0E0C0F0C083C082C0D075D000
C000C001C002C003C004C005C006C007
90CA05E030E01C90CA04E030E0159000
E512038AE94A600312041390CA057401
F0804C90CA05E030E11C90CA04E030E1
159000E812038AE94A600312041390CA
057402F0802990CA05E030E21C90CA04
E030E2159000EB12038AE94A60031204
1390CA057404F0800690CA057407F0D0
07D006D005D004D003D002D001D000D0
D0D082D083D0F0D0E032C0E0C0F0C083
C082C0D075D000C000C001C002C003C0
04C005C006C00790CB05E030E01C90CB
04E030E0159000EE12038AE94A600312
041390CB057401F0804C90CB05E030E1
1C90CB04E030E1159000F112038AE94A
600312041390CB057402F0802990CB05
E030E21C90CB04E030E2159000F41203
8AE94A600312041390CB057404F08006
90CB057407F0D007D006D005D004D003
D002D001D000D0D0D082D083D0F0D0E0
32787FE4F6D8FD758120020A380210BF
E493A3F8E493A34003F68001F208DFF4
8029E493A3F85407240CC8C333C4540F
4420C8834004F456800146F6DFE4800B
010204081020408090056CE47E019360
BCA3FF543F30E509541FFEE493A36001
0ECF54C025E060A840B8E493A3FAE493
A3F8E493A3C8C582C8CAC583CAF0A3C8
C582C8CAC583CADFE9DEE780BEEF1203
B30A9D010AA7020AB1040ABB080AC510
0ACF200AD9400AE38000000AEDE5B454
F04401F5B48049E5B454F04402F5B480
3FE5B454F04403F5B48035E5B454F044
04F5B4802BE5B454F04405F5B48021E5
B454F04406F5B48017E5B454F04407F5
B4800DE5B454F04408F5B4800353B4F0
53ADFB43AD0422EF131313541FFEEF54
07FFED6034EE700D04A807088002C333
D8FC42F922EEB4010E7401A807088002
C333D8FC42FA22EE6402704304A80708
8002C333D8FC42FB22EE700E04A80708
8002C333D8FCF452F922EEB4010F7401
A807088002C333D8FCF452FA22EEB402
0E7401A807088002C333D8FCF452FB22
EF131313541FFEEF5407FFED6034EE70
0D04A807088002C333D8FC429722EEB4
010E7401A807088002C333D8FC42E522
EE6402704304A807088002C333D8FC42
FC22EE700E04A807088002C333D8FCF4
529722EEB4010F7401A807088002C333
D8FCF452E522EEB4020E7401A8070880
02C333D8FCF452FC22EF131313541FFE
EF5407FFED6034EE700D04A807088002
C333D8FC428022EEB4010E7401A80708
8002C333D8FC429022EE6402704304A8
07088002C333D8FC42A022EE700E04A8
07088002C333D8FCF4528022EEB4010F
7401A807088002C333D8FCF4529022EE
B4020E7401A807088002C333D8FCF452
A0229000C412034DE47F10FEFDFC9000
C812030C12016F9000CC12034DE47B02
FAF9F89000CC1203001201FA9000C412
030C1201549000CC12030C1201FA9000
CC12034D9000CC12030CC3E49BFF7404
9AFEE499FDE498FC9000CC12034D9000
CC12030078081202AAAB079000CC1203
00EB5403F5BA8FAA22C0E0C0F0C083C0
82C0D075D000C000C001C002C003C004
C005C006C007E5C830E11053C8FD9000
F712038AE94A6003120413E5C930E110
53C9FD9000FA12038AE94A6003120413
E5CA30E11053CAFD9000FD12038AE94A
6003120413D007D006D005D004D003D0
02D001D000D0D0D082D083D0F0D0E032
90C018E4F07F08121014E4FD7F08120A
F7E4FD7F08120B70E4FD7F08120BE990
C01AE4F07F0A121014E4FD7F0A120AF7
E4FD7F0A120B707D017F0A120BE990C0
1BE4F07F0B121014E4FD7F0B120AF7E4
FD7F0B120B70E4FD7F0B120BE990C01D
E4F022C0E0C0F0C083C082C0D075D000
C000C001C002C003C004C005C006C007
E5F630E00D90010C12038AE94A600312
041375F601D007D006D005D004D003D0
02D001D000D0D0D082D083D0F0D0E032
C0E0C0F0C083C082C0D075D000C000C0
01C002C003C004C005C006C00730980F
90010912038AE94A6003120413C298D0
07D006D005D004D003D002D001D000D0
D0D082D083D0F0D0E0327F021210E090
00C0EEF0A3EFF09000BBEEF0A3EFF090
00B7E070179000C0E0FEA3E0FF121098
EF601C9000B77401F0020FE39000C0E0
FEA3E0FF121042EF6005E49000B7F022
AB07AA06D3EB94FFEA940F40047A0F7B
FF9000C212035900000866AE02AF03E4
FCFD9000C212030C12016FE47BFF7A0F
F9F81201FAEF248AFFEE3402FE22AB07
AA0643DF0843E70890C900E04440F0EC
90C90DF0ED90C90CF0EB24FFEA34FF90
C90FF0EB1490C90EF090C9067401F090
C905E04401F02290C905E030E0307401
F09000B9E475F0011201281200669000
BDE475F001120128C39000BEE094F490
00BDE094014007E4F0A3F012067C2290
00C2EFF07F0060027F019000C3EFF060
047D018002E4FD7F08120BE99000C2E0
60047D018002E4FD7F0B120BE99000C3
E09000ABF0229000C012034D43DE0143
E601439E01E4900108F0C29FD29EC299
C2989000C01203009000C812034D9001
04120300120C62D29C53F33F229000C4
E06401702743DE1043E610EFC4333354
C0FFE5AC54BF4FF5ACE4F5FEF5FFEBF5
FEEAF5FFE5FD54FE4DF5FD2253DEEF53
E6EF229000B9E0FFA3E09000B2CFF0A3
EFF09000BFE0C394FF5003E004F09000
BFE0C39402400C9000B6E0700604F0FF
120F3F22EF131313541FFEEF54079000
C0F0EE700743DF0143E70122EEB40107
43DF0243E70222EEB4020643DF0443E7
0422D39000B5E094509000B4E0940040
0EA3E024B0FD9000B4E034FFFC8003E4
FCFDD3EF9DEE9C7F0050027F01229000
C47401F07B047A00E4FD7F01120FAD7F
0312111F7F0612118BE4FF12114C7F01
12113A7F0102116C9000B5E02450FD90
00B4E03400FCD3ED94FFEC940F40047C
0F7DFFC3EF9DEE9C7F0040027F012212
1178120D5012115E12106E1200031206
7CC2AFE4FF120F3F120F07120E4A80F8
120A7DE5AD20E2FBE5F630E0FB75F601
120036D3EF94FFEE940F40047E0F7FFF
22C0E0C083C082E5A630E30990010F74
01F075A32075A3FFD082D083D0E03253
F7F8EF24FC600B14600C2402700B43F7
032243F7042243F70522EFB4010753AD
FE53ADFD2243AD0243AD012243AC20EF
700553ACFD800343AC0253B5FE22E490
005CF0FF7EC27D01FC020F76EFB40104
43AC012253ACFE227F007E367D6E7C01
02044190C900E04401F022EF8FF553B4
EF22FFFF

---------- Code Information -----------
Code Entrance:      0x00000000 
Code Run Entrance:  0x00000000 
Code Size:          0x00001194 
Code CRC Value:     0x82D4 
