020D3D02110753F7F8EF24FC600B1460
0C2402700B43F7032243F7042243F705
2222FF021207AF9922FFFF021025FFFF
FFFFFF0211BAE5B7540FFEAFB6D3EF94
01EE9400400774052FFFE43EFED3EF94
FFEE940F40047E0F7FFF220213CFFFFF
FFFFFF0208B7EF131313541FFEEF5407
9000CEF0EE700743DF0143E70122EEB4
010743DF0243E70222EEB4020643DF04
43E70422EF8FF553B4EF22020C06FFFF
FFFFFF020B5FFFFFFFFFFF020AB8BB01
0689828A83E0225002E722BBFE02E322
89828A83E49322BB010CE58229F582E5
833AF583E0225006E92582F8E622BBFE
06E92582F8E222E58229F582E5833AF5
83E49322BB010689828A83F0225002F7
22BBFE01F322F8BB010DE58229F582E5
833AF583E8F0225006E92582C8F622BB
FE05E92582C8F222C5F0F8A3E028F0C5
F0F8E582158270021583E038F022A3F8
E0C5F025F0F0E582158270021583E0C8
38F0E822EF2BFFEE3AFEED39FDEC38FC
22E88FF0A4CC8BF0A42CFCE98EF0A42C
FC8AF0EDA42CFCEA8EF0A4CDA8F08BF0
A42DCC3825F0FDE98FF0A42CCD35F0FC
EB8EF0A4FEA9F0EB8FF0A4CFC5F02ECD
39FEE43CFCEAA42DCE35F0FDE43CFC22
75F008758200EF2FFFEE33FECD33CDCC
33CCC58233C5829BED9AEC99E5829840
0CF582EE9BFEED9AFDEC99FC0FD5F0D6
E4CEFBE4CDFAE4CCF9A88222B800C1B9
0059BA002DEC8BF084CFCECDFCE5F0CB
F97818EF2FFFEE33FEED33FDEC33FCEB
33FB10D703994004EB99FB0FD8E5E4F9
FA227818EF2FFFEE33FEED33FDEC33FC
C933C910D7059BE99A4007EC9BFCE99A
F90FD8E0E4C9FAE4CCFB2275F010EF2F
FFEE33FEED33FDCC33CCC833C810D707
9BEC9AE899400AED9BFDEC9AFCE899F8
0FD5F0DAE4CDFBE4CCFAE4C8F922EF4B
FFEE4AFEED49FDEC48FC22EB9FF5F0EA
9E42F0E99D42F0E89C45F022E8600FEC
C313FCED13FDEE13FEEF13FFD8F122E8
600FEFC333FFEE33FEED33FDEC33FCD8
F122BB010DE58229F582E5833AF58302
02F25007E92582F802040BBBFE07E925
82F8020417E58229F582E5833AF58302
0423E0FCA3E0FDA3E0FEA3E0FF22E0F8
A3E0F9A3E0FAA3E0FB227401FF3395E0
FEFDFCA3A3A3E0CF2FF0E58215827002
1583E0CE3EF0E582158270021583E0CD
3DF0E582158270021583E0CC3CF022EC
F0A3EDF0A3EEF0A3EFF022A8828583F0
D083D082120362120362120362120362
E473E493A3C583C5F0C583C8C582C8F0
A3C583C5F0C583C8C582C822E0FBA3E0
FAA3E0F922F8E0FBA3A3E0F925F0F0E5
82158270021583E0FA38F022EBF0A3EA
F0A3E9F022D083D082F8E49370127401
93700DA3A393F8740193F5828883E473
7402936860EFA3A3A380DFD083D082E4
937012740193700DA3A393F8740193F5
828883E4737402936C70127403936D70
0C7404936E70067405936F60DDA3A3A3
A3A3A380CA8A838982E473E6FC08E6FD
08E6FE08E6FF22E2FC08E2FD08E2FE08
E2FF22E493FC740193FD740293FE7403
93FF224401120000000044010E000000
004200CC1F404200C0FA004200B70000
4200B900004200B300004200B1000042
00C603E84400C2000000004200BB0000
4200CA00004200B50000C103C1044200
BD00004100BF004100C8004200AF0000
4100C9004400AB000000006048006300
00000000000000000000000000000000
00000000000000000000000000000000
00000000000000000000000000000000
00000000000000000000000000000000
00000000000000410116004301170000
0043011A0000004900EA000000000000
0000004900F300000000000000000049
00FC0000000000000000004C00DE0000
0000000000000000000041011D004901
0500000000000000000041001B004100
04004400000000000042000500004200
5D000242005F00004200610000C102C1
01C100009000CE12033F9000D212034B
0000000043F804E5F830E5FB9091AAE0
FFE4FCFDFE78101202AFC004C005C006
C007A3E0FFE4FCFDFE78181202AFD003
D002D001D00012027EC004C005C006C0
079091A9E0FFE4FCFDFE78081202AFD0
03D002D001D00012027EA804A905AA06
AB079091A8E0FFE4FCFDFE12027E9001
0E12033F7FC07E0A7D707C0190010E12
02FED312028B50167F407E617D6C7C01
90010E1202FEC312028B4002801274FF
FFFEFDFC90010E1202FEC312028B700C
9000D212034B02DC6C008015E47F02FE
FDFC90010E1202FE1201619000D21203
3F9000CE1202F21203CB067000B71B00
066800F424000660016E360000000668
75EE01E47B02800E75EE02E47B038006
75EE03E47B04FAF9F89000D21202F212
01EC90011212033F53F8FE53D9F822AC
07EF131313541F9000CEF0EF5407A3F0
ED6060EC75F003A42463F582E43400F5
8312039CD2AFD2A81212519000CEE0FF
7011A3E0FE7401A806088002C333D8FC
42E922EFB401139000CFE0FF7401A807
088002C333D8FC42EA229000CEE06402
705CA3E0FF7401A807088002C333D8FC
42EB22C2A89000CEE0FF7012A3E0FE74
01A806088002C333D8FCF452E922EFB4
01149000CFE0FF7401A807088002C333
D8FCF452EA229000CEE0B40211A3E0FF
7401A807088002C333D8FCF452EB22EF
131313541FFEEF5407FFED604FEE7016
90C000C083C082E0FE7401A807088002
C333D8FC8033EEB4011690C001C083C0
82E0FE7401A807088002C333D8FC8019
EE6402706D90C002C083C082E0FE7401
A807088002C333D8FC4E8051EE701890
C000C083C082E0FE7401A807088002C3
33D8FCF45E8036EEB4011890C001C083
C082E0FE7401A807088002C333D8FCF4
5E801AEEB4021B90C002C083C082E0FE
7401A807088002C333D8FCF45ED082D0
83F022EF131313541FFEEF5407FFED60
4FEE701690C005C083C082E0FE7401A8
07088002C333D8FC8033EEB4011690C0
06C083C082E0FE7401A807088002C333
D8FC8019EE6402706D90C007C083C082
E0FE7401A807088002C333D8FC4E8051
EE701890C005C083C082E0FE7401A807
088002C333D8FCF45E8036EEB4011890
C006C083C082E0FE7401A807088002C3
33D8FCF45E801AEEB4021B90C007C083
C082E0FE7401A807088002C333D8FCF4
5ED082D083F022C0E0C0F0C083C082C0
D075D000C000C001C002C003C004C005
C006C00790C809E030E01790C808E030
E010A37401F09000DE12037CE94A605D
805890C809E030E11790C808E030E110
A37402F09000E112037CE94A603F803A
90C809E030E21790C808E030E210A374
04F09000E412037CE94A6021801C90C8
09E030E31890C808E030E311A37408F0
9000E712037CE94A6003120405D007D0
06D005D004D003D002D001D000D0D0D0
82D083D0F0D0E0329000CE12039C90C9
057407F0EF6401704FED24FE601C1460
2E2402703D9000CE12037C9000EA1203
9C90C904E04401F080289000CE12037C
9000ED12039C90C904E04402F0801390
00CE12037C9000F012039C90C904E044
04F0D2AF43B80122ED24FE601B14602C
2402703B9000CE12037C9000EA12039C
90C904E044FEF0229000CE12037C9000
ED12039C90C904E044FDF0229000CE12
037C9000F012039C90C904E044FBF022
9000CE12039C90CA057407F0EF640170
4FED24FE601C14602E2402703D9000CE
12037C9000F312039C90CA04E04401F0
80289000CE12037C9000F612039C90CA
04E04402F080139000CE12037C9000F9
12039C90CA04E04404F0D2AF43B80422
ED24FE601B14602C2402703B9000CE12
037C9000F312039C90CA04E044FEF022
9000CE12037C9000F612039C90CA04E0
44FDF0229000CE12037C9000F912039C
90CA04E044FBF022C0E0C0F0C083C082
C0D075D000C000C001C002C003C004C0
05C006C00790C905E030E01C90C904E0
30E0159000EA12037CE94A6003120405
90C9057401F0804C90C905E030E11C90
C904E030E1159000ED12037CE94A6003
12040590C9057402F0802990C905E030
E21C90C904E030E2159000F012037CE9
4A600312040590C9057404F0800690C9
057407F0D007D006D005D004D003D002
D001D000D0D0D082D083D0F0D0E032C0
E0C0F0C083C082C0D075D000C000C001
C002C003C004C005C006C00790CA05E0
30E01C90CA04E030E0159000F312037C
E94A600312040590CA057401F0804C90
CA05E030E11C90CA04E030E1159000F6
12037CE94A600312040590CA057402F0
802990CA05E030E21C90CA04E030E215
9000F912037CE94A600312040590CA05
7404F0800690CA057407F0D007D006D0
05D004D003D002D001D000D0D0D082D0
83D0F0D0E032C0E0C0F0C083C082C0D0
75D000C000C001C002C003C004C005C0
06C00790CB05E030E01C90CB04E030E0
159000FC12037CE94A600312040590CB
057401F0804C90CB05E030E11C90CB04
E030E1159000FF12037CE94A60031204
0590CB057402F0802990CB05E030E21C
90CB04E030E21590010212037CE94A60
0312040590CB057404F0800690CB0574
07F0D007D006D005D004D003D002D001
D000D0D0D082D083D0F0D0E03290C018
E4F07F08120066E4FD7F08120E43E4FD
7F08120EBC7D017F08120F3590C01AE4
F07F0A120066E4FD7F0A120E43E4FD7F
0A120EBC7D017F0A120F357F0B120066
7D017F0B120E43E4FD7F0B120EBC7D01
7F0B12074F7BFF7A0079217D017F0B12
068F53AE7F43AE4090C01C7420F0E4FD
7F0C12080390C01DE4F07F0D1200667D
017F0D120E437D017F0D02074F787FE4
F6D8FD758120020D8402109CE493A3F8
E493A34003F68001F208DFF48029E493
A3F85407240CC8C333C4540F4420C883
4004F456800146F6DFE4800B01020408
10204080900433E47E019360BCA3FF54
3F30E509541FFEE493A360010ECF54C0
25E060A840B8E493A3FAE493A3F8E493
A3C8C582C8CAC583CAF0A3C8C582C8CA
C583CADFE9DEE780BEEF1203A50DE901
0DF3020DFD040E07080E11100E1B200E
25400E2F8000000E39E5B454F04401F5
B48049E5B454F04402F5B4803FE5B454
F04403F5B48035E5B454F04404F5B480
2BE5B454F04405F5B48021E5B454F044
06F5B48017E5B454F04407F5B4800DE5
B454F04408F5B4800353B4F053ADFB43
AD0422EF131313541FFEEF5407FFED60
34EE700D04A807088002C333D8FC42F9
22EEB4010E7401A807088002C333D8FC
42FA22EE6402704304A807088002C333
D8FC42FB22EE700E04A807088002C333
D8FCF452F922EEB4010F7401A8070880
02C333D8FCF452FA22EEB4020E7401A8
07088002C333D8FCF452FB22EF131313
541FFEEF5407FFED6034EE700D04A807
088002C333D8FC429722EEB4010E7401
A807088002C333D8FC42E522EE640270
4304A807088002C333D8FC42FC22EE70
0E04A807088002C333D8FCF4529722EE
B4010F7401A807088002C333D8FCF452
E522EEB4020E7401A807088002C333D8
FCF452FC22EF131313541FFEEF5407FF
ED6034EE700D04A807088002C333D8FC
428022EEB4010E7401A807088002C333
D8FC429022EE6402704304A807088002
C333D8FC42A022EE700E04A807088002
C333D8FCF4528022EEB4010F7401A807
088002C333D8FCF4529022EEB4020E74
01A807088002C333D8FCF452A0229000
D212033FE47F10FEFDFC9000D61202FE
1201619000DA12033FE47B02FAF9F890
00DA1202F21201EC9000D21202FE1201
549000DA1202FE1201EC9000DA12033F
9000DA1202FEC3E49BFF74049AFEE499
FDE498FC9000DA12033F9000DA1202F2
780812029CAB079000DA1202F2EB5403
F5BA8FAA22C0E0C0F0C083C082C0D075
D000C000C001C002C003C004C005C006
C007E5C830E11053C8FD90010512037C
E94A6003120405E5C930E11053C9FD90
010812037CE94A6003120405E5CA30E1
1053CAFD90010B12037CE94A60031204
05D007D006D005D004D003D002D001D0
00D0D0D082D083D0F0D0E03212144712
0CAD1213ED7D0F7C007F647E001212CE
7BFF7A1179697D017F0112096812145C
7D0F7C007F647E001213077BFF7A1479
527D017F01120A101214649000D27401
F07B047A00E4FD7F011213777F031200
067F06120094E4FF1214187F01121406
7F0112143B80FEC0E0C0F0C083C082C0
D075D000C000C001C002C003C004C005
C006C0077F0B121293EF601D7F02120D
C9E5AD20E2FBE5F630E0FB75F6011200
369000B9EEF0A3EFF07F0B121251D007
D006D005D004D003D002D001D000D0D0
D082D083D0F0D0E0329000AB1202F2EF
2401FFE43EFEE43DFDE43CFC9000AB12
033FE47F107E27FDFC9000AB1202FEC3
12028B70249000AB12034B0000000090
00C8E0F4F060047D018002E4FD7F0812
0F357D017F0A120F3522C0E0C0F0C083
C082C0D075D000C000C001C002C003C0
04C005C006C007E5F630E00D90011A12
037CE94A600312040575F601D007D006
D005D004D003D002D001D000D0D0D082
D083D0F0D0E032C0E0C0F0C083C082C0
D075D000C000C001C002C003C004C005
C006C00730980F90011712037CE94A60
03120405C298D007D006D005D004D003
D002D001D000D0D0D082D083D0F0D0E0
32EF131313541FFEEF5407FFEE700E04
A807088002C333D8FCF452E122EEB401
0F7401A807088002C333D8FCF452E222
EEB4020E7401A807088002C333D8FCF4
52E322EF131313541FFEEF5407FFEE70
0DE5E1A807088002C313D8FC801CEEB4
010DE5E2A807088002C313D8FC800BE5
E3A807088002C313D8FC5401FF22AB07
AA0643DF0843E70890C900E04440F0EC
90C90DF0ED90C90CF0EB24FFEA34FF90
C90FF0EB1490C90EF090C9067401F090
C905E04401F022AB07AA0643DF2043E7
2090CA00E04440F0EC90CA0DF0ED90CA
0CF0EB24FFEA34FF90CA0FF0EB1490CA
0EF090CA067401F090CA05E04401F022
9000CE12033F43DE0143E601439E01E4
900116F0C29FD29EC299C2989000CE12
02F29000D612033F9001121202F2120F
AED29C53F33F229000D2E06401702743
DE1043E610EFC4333354C0FFE5AC54BF
4FF5ACE4F5FEF5FFEBF5FEEAF5FFE5FD
54FE4DF5FD2253DEEF53E6EF22120026
90005FE475F00112013EFC741C25F0F5
8274003CF583EFF090005C7401F022C0
E0C083C082E5A630E30990011D7401F0
75A32075A3FFD082D083D0E032E49000
5CF0FF7EC27D01FC1213407BFF7A1379
AD7F0102142AEFB4010753ADFE53ADFD
2243AD0243AD012243AC20EF700553AC
FD800343AC0253B5FE22EFB4010AD2AF
D2AC90011702039CC2AC22EFB4010443
AC012253ACFE227F007E247DF47C0002
05649000AFE475F00102012890C900E0
4401F02290CA00E04401F022

---------- Code Information -----------
Code Entrance:      0x00000000 
Code Run Entrance:  0x00000000 
Code Size:          0x0000146C 
Code CRC Value:     0x1B4A 
